[2025-12-01 14:18:37,538][_client.py][line:1025][INFO] HTTP Request: HEAD https://huggingface.co/bert-base-multilingual-cased/resolve/main/tokenizer_config.json "HTTP/1.1 200 OK"
[2025-12-01 14:18:37,731][_client.py][line:1025][INFO] HTTP Request: HEAD https://huggingface.co/bert-base-multilingual-cased/resolve/main/tokenizer.json "HTTP/1.1 200 OK"
[2025-12-01 14:18:37,921][_client.py][line:1025][INFO] HTTP Request: GET https://huggingface.co/api/models/bert-base-multilingual-cased/tree/main/additional_chat_templates?recursive=false&expand=false "HTTP/1.1 307 Temporary Redirect"
[2025-12-01 14:18:38,116][_client.py][line:1025][INFO] HTTP Request: GET https://huggingface.co/api/models/google-bert/bert-base-multilingual-cased/tree/main/additional_chat_templates?recursive=false&expand=false "HTTP/1.1 404 Not Found"
[2025-12-01 14:18:38,308][_client.py][line:1025][INFO] HTTP Request: GET https://huggingface.co/api/models/bert-base-multilingual-cased/tree/main?recursive=true&expand=false "HTTP/1.1 307 Temporary Redirect"
[2025-12-01 14:18:38,506][_client.py][line:1025][INFO] HTTP Request: GET https://huggingface.co/api/models/google-bert/bert-base-multilingual-cased/tree/main?recursive=true&expand=false "HTTP/1.1 200 OK"
[2025-12-01 14:18:38,861][_client.py][line:1025][INFO] HTTP Request: HEAD https://huggingface.co/bert-base-multilingual-cased/resolve/main/config.json "HTTP/1.1 200 OK"
[2025-12-01 14:18:39,063][_client.py][line:1025][INFO] HTTP Request: HEAD https://huggingface.co/bert-base-multilingual-cased/resolve/main/model.safetensors "HTTP/1.1 302 Found"
[2025-12-01 14:18:41,407][run_task2&3_trainer_multilingual.py][line:980][INFO] initial optimizer......
[2025-12-01 14:18:41,407][run_task2&3_trainer_multilingual.py][line:998][INFO] New model and optimizer from epoch 1
[2025-12-01 14:18:41,407][run_task2&3_trainer_multilingual.py][line:1007][INFO] begin training......
[2025-12-01 14:18:48,437][run_task2&3_trainer_multilingual.py][line:1137][INFO] Epoch:[1/1]	 Batch:[10/2792.0]	 Loss Sum:89.4648	forward Loss:17.2027;17.6484	 backward Loss:15.6652;16.6722	 Sentiment Loss:6.4108	Valence Loss:40.6433	 Arousal Loss:38.684	
[2025-12-01 14:18:55,087][run_task2&3_trainer_multilingual.py][line:1137][INFO] Epoch:[1/1]	 Batch:[20/2792.0]	 Loss Sum:61.5485	forward Loss:11.1543;10.8684	 backward Loss:10.6043;11.3154	 Sentiment Loss:6.036	Valence Loss:26.9338	 Arousal Loss:30.9166	
[2025-12-01 14:19:01,684][run_task2&3_trainer_multilingual.py][line:1137][INFO] Epoch:[1/1]	 Batch:[30/2792.0]	 Loss Sum:65.0416	forward Loss:11.0755;9.7567	 backward Loss:9.7442;9.7394	 Sentiment Loss:5.1781	Valence Loss:50.4683	 Arousal Loss:47.2707	
[2025-12-01 14:19:08,271][run_task2&3_trainer_multilingual.py][line:1137][INFO] Epoch:[1/1]	 Batch:[40/2792.0]	 Loss Sum:165.1532	forward Loss:35.8382;34.6796	 backward Loss:37.8756;36.6335	 Sentiment Loss:5.1353	Valence Loss:37.3024	 Arousal Loss:37.6531	
[2025-12-01 14:19:14,828][run_task2&3_trainer_multilingual.py][line:1137][INFO] Epoch:[1/1]	 Batch:[50/2792.0]	 Loss Sum:68.9852	forward Loss:18.0047;9.8272	 backward Loss:8.3992;10.4951	 Sentiment Loss:4.4618	Valence Loss:42.4664	 Arousal Loss:46.5201	
[2025-12-01 14:19:21,358][run_task2&3_trainer_multilingual.py][line:1137][INFO] Epoch:[1/1]	 Batch:[60/2792.0]	 Loss Sum:72.6591	forward Loss:13.5408;14.3665	 backward Loss:15.8598;13.0556	 Sentiment Loss:5.0692	Valence Loss:28.8729	 Arousal Loss:24.9635	
[2025-12-01 14:19:27,895][run_task2&3_trainer_multilingual.py][line:1137][INFO] Epoch:[1/1]	 Batch:[70/2792.0]	 Loss Sum:79.9897	forward Loss:16.456;12.5533	 backward Loss:25.8899;9.3478	 Sentiment Loss:3.7386	Valence Loss:31.4351	 Arousal Loss:28.5852	
[2025-12-01 14:19:34,546][run_task2&3_trainer_multilingual.py][line:1137][INFO] Epoch:[1/1]	 Batch:[80/2792.0]	 Loss Sum:54.5808	forward Loss:8.6139;9.907	 backward Loss:15.8381;9.9093	 Sentiment Loss:3.2218	Valence Loss:20.903	 Arousal Loss:14.5512	
[2025-12-01 14:19:41,073][run_task2&3_trainer_multilingual.py][line:1137][INFO] Epoch:[1/1]	 Batch:[90/2792.0]	 Loss Sum:37.9084	forward Loss:7.6434;7.9922	 backward Loss:8.069;9.1485	 Sentiment Loss:2.7944	Valence Loss:6.8618	 Arousal Loss:4.4425	
[2025-12-01 14:19:47,751][run_task2&3_trainer_multilingual.py][line:1137][INFO] Epoch:[1/1]	 Batch:[100/2792.0]	 Loss Sum:39.0295	forward Loss:9.0003;8.6488	 backward Loss:8.8927;8.6812	 Sentiment Loss:2.5843	Valence Loss:4.2451	 Arousal Loss:1.8656	
[2025-12-01 14:19:54,325][run_task2&3_trainer_multilingual.py][line:1137][INFO] Epoch:[1/1]	 Batch:[110/2792.0]	 Loss Sum:37.3641	forward Loss:7.1231;10.2691	 backward Loss:9.8476;8.4087	 Sentiment Loss:1.5405	Valence Loss:0.7299	 Arousal Loss:0.1455	
[2025-12-01 14:20:00,949][run_task2&3_trainer_multilingual.py][line:1137][INFO] Epoch:[1/1]	 Batch:[120/2792.0]	 Loss Sum:51.0906	forward Loss:15.1212;9.5059	 backward Loss:15.6876;9.0051	 Sentiment Loss:1.7272	Valence Loss:0.1526	 Arousal Loss:0.066	
[2025-12-01 14:20:07,539][run_task2&3_trainer_multilingual.py][line:1137][INFO] Epoch:[1/1]	 Batch:[130/2792.0]	 Loss Sum:35.8603	forward Loss:7.5119;9.0659	 backward Loss:8.2224;8.4871	 Sentiment Loss:2.1728	Valence Loss:1.3754	 Arousal Loss:0.6253	
[2025-12-01 14:20:14,108][run_task2&3_trainer_multilingual.py][line:1137][INFO] Epoch:[1/1]	 Batch:[140/2792.0]	 Loss Sum:50.639	forward Loss:9.2527;9.0509	 backward Loss:22.5768;6.9713	 Sentiment Loss:2.403	Valence Loss:1.4436	 Arousal Loss:0.4777	
[2025-12-01 14:20:20,638][run_task2&3_trainer_multilingual.py][line:1137][INFO] Epoch:[1/1]	 Batch:[150/2792.0]	 Loss Sum:37.4262	forward Loss:5.8992;11.3137	 backward Loss:10.7191;6.979	 Sentiment Loss:1.6283	Valence Loss:2.4129	 Arousal Loss:2.0216	
[2025-12-01 14:20:27,217][run_task2&3_trainer_multilingual.py][line:1137][INFO] Epoch:[1/1]	 Batch:[160/2792.0]	 Loss Sum:32.1709	forward Loss:9.307;5.1962	 backward Loss:9.6382;5.5817	 Sentiment Loss:2.3733	Valence Loss:0.2838	 Arousal Loss:0.0883	
[2025-12-01 14:20:33,796][run_task2&3_trainer_multilingual.py][line:1137][INFO] Epoch:[1/1]	 Batch:[170/2792.0]	 Loss Sum:30.9498	forward Loss:7.8211;6.2077	 backward Loss:8.1377;5.052	 Sentiment Loss:2.8864	Valence Loss:3.873	 Arousal Loss:0.3512	
[2025-12-01 14:20:40,365][run_task2&3_trainer_multilingual.py][line:1137][INFO] Epoch:[1/1]	 Batch:[180/2792.0]	 Loss Sum:28.1225	forward Loss:6.3105;5.1192	 backward Loss:8.9253;4.3667	 Sentiment Loss:3.0823	Valence Loss:1.3069	 Arousal Loss:0.2854	
[2025-12-01 14:20:46,918][run_task2&3_trainer_multilingual.py][line:1137][INFO] Epoch:[1/1]	 Batch:[190/2792.0]	 Loss Sum:23.2061	forward Loss:4.7559;6.0723	 backward Loss:5.5374;4.2125	 Sentiment Loss:2.5214	Valence Loss:0.2026	 Arousal Loss:0.3304	
[2025-12-01 14:20:53,497][run_task2&3_trainer_multilingual.py][line:1137][INFO] Epoch:[1/1]	 Batch:[200/2792.0]	 Loss Sum:48.1509	forward Loss:8.7467;11.2918	 backward Loss:14.0261;5.8749	 Sentiment Loss:6.9537	Valence Loss:4.8587	 Arousal Loss:1.4301	
[2025-12-01 14:21:00,119][run_task2&3_trainer_multilingual.py][line:1137][INFO] Epoch:[1/1]	 Batch:[210/2792.0]	 Loss Sum:25.0905	forward Loss:2.6425;4.4478	 backward Loss:4.3901;3.3665	 Sentiment Loss:10.1648	Valence Loss:0.2676	 Arousal Loss:0.1264	
[2025-12-01 14:21:06,766][run_task2&3_trainer_multilingual.py][line:1137][INFO] Epoch:[1/1]	 Batch:[220/2792.0]	 Loss Sum:28.8555	forward Loss:3.2059;7.7261	 backward Loss:11.163;4.0447	 Sentiment Loss:2.6319	Valence Loss:0.1726	 Arousal Loss:0.2471	
[2025-12-01 14:21:13,275][run_task2&3_trainer_multilingual.py][line:1137][INFO] Epoch:[1/1]	 Batch:[230/2792.0]	 Loss Sum:15.3671	forward Loss:2.242;3.5699	 backward Loss:4.7406;2.3239	 Sentiment Loss:2.3468	Valence Loss:0.2299	 Arousal Loss:0.4895	
[2025-12-01 14:21:19,866][run_task2&3_trainer_multilingual.py][line:1137][INFO] Epoch:[1/1]	 Batch:[240/2792.0]	 Loss Sum:16.3492	forward Loss:2.6565;3.9179	 backward Loss:3.8877;3.0112	 Sentiment Loss:2.4872	Valence Loss:0.8365	 Arousal Loss:1.1071	
[2025-12-01 14:21:26,427][run_task2&3_trainer_multilingual.py][line:1137][INFO] Epoch:[1/1]	 Batch:[250/2792.0]	 Loss Sum:43.8055	forward Loss:12.175;9.2673	 backward Loss:13.7725;5.9011	 Sentiment Loss:2.2034	Valence Loss:1.778	 Arousal Loss:0.6528	
[2025-12-01 14:21:33,035][run_task2&3_trainer_multilingual.py][line:1137][INFO] Epoch:[1/1]	 Batch:[260/2792.0]	 Loss Sum:43.6759	forward Loss:17.5079;7.3146	 backward Loss:9.2923;6.0767	 Sentiment Loss:3.3363	Valence Loss:0.2467	 Arousal Loss:0.4937	
[2025-12-01 14:21:39,611][run_task2&3_trainer_multilingual.py][line:1137][INFO] Epoch:[1/1]	 Batch:[270/2792.0]	 Loss Sum:28.2957	forward Loss:6.1309;3.7875	 backward Loss:7.6664;5.1391	 Sentiment Loss:5.3339	Valence Loss:1.0148	 Arousal Loss:0.1747	
[2025-12-01 14:21:46,190][run_task2&3_trainer_multilingual.py][line:1137][INFO] Epoch:[1/1]	 Batch:[280/2792.0]	 Loss Sum:22.5677	forward Loss:4.7276;4.401	 backward Loss:5.4449;5.7069	 Sentiment Loss:2.0492	Valence Loss:0.9456	 Arousal Loss:0.2445	
[2025-12-01 14:21:52,758][run_task2&3_trainer_multilingual.py][line:1137][INFO] Epoch:[1/1]	 Batch:[290/2792.0]	 Loss Sum:20.3444	forward Loss:3.2924;5.4537	 backward Loss:6.0251;2.9196	 Sentiment Loss:2.3532	Valence Loss:1.3624	 Arousal Loss:0.1396	
[2025-12-01 14:21:59,325][run_task2&3_trainer_multilingual.py][line:1137][INFO] Epoch:[1/1]	 Batch:[300/2792.0]	 Loss Sum:19.5899	forward Loss:4.7086;5.0734	 backward Loss:4.9256;2.1262	 Sentiment Loss:2.1498	Valence Loss:2.3981	 Arousal Loss:0.6343	
[2025-12-01 14:22:05,891][run_task2&3_trainer_multilingual.py][line:1137][INFO] Epoch:[1/1]	 Batch:[310/2792.0]	 Loss Sum:26.642	forward Loss:3.2036;6.0141	 backward Loss:8.8895;4.1048	 Sentiment Loss:4.1255	Valence Loss:1.4341	 Arousal Loss:0.0886	
[2025-12-01 14:22:12,389][run_task2&3_trainer_multilingual.py][line:1137][INFO] Epoch:[1/1]	 Batch:[320/2792.0]	 Loss Sum:22.2171	forward Loss:2.0385;6.8507	 backward Loss:8.6753;2.6855	 Sentiment Loss:1.6345	Valence Loss:1.4492	 Arousal Loss:0.2137	
[2025-12-01 14:22:18,962][run_task2&3_trainer_multilingual.py][line:1137][INFO] Epoch:[1/1]	 Batch:[330/2792.0]	 Loss Sum:18.5702	forward Loss:3.2603;4.112	 backward Loss:2.8195;3.483	 Sentiment Loss:4.8569	Valence Loss:0.0666	 Arousal Loss:0.1257	
[2025-12-01 14:22:25,552][run_task2&3_trainer_multilingual.py][line:1137][INFO] Epoch:[1/1]	 Batch:[340/2792.0]	 Loss Sum:18.3051	forward Loss:2.3023;5.7116	 backward Loss:5.2552;1.6728	 Sentiment Loss:3.2776	Valence Loss:0.274	 Arousal Loss:0.1539	
[2025-12-01 14:22:32,246][run_task2&3_trainer_multilingual.py][line:1137][INFO] Epoch:[1/1]	 Batch:[350/2792.0]	 Loss Sum:23.4456	forward Loss:4.4345;4.5959	 backward Loss:3.6825;7.8991	 Sentiment Loss:2.5654	Valence Loss:0.4141	 Arousal Loss:0.927	
[2025-12-01 14:22:38,870][run_task2&3_trainer_multilingual.py][line:1137][INFO] Epoch:[1/1]	 Batch:[360/2792.0]	 Loss Sum:19.8888	forward Loss:3.1055;5.1997	 backward Loss:6.3148;2.9646	 Sentiment Loss:1.8406	Valence Loss:1.5828	 Arousal Loss:0.7353	
[2025-12-01 14:22:45,481][run_task2&3_trainer_multilingual.py][line:1137][INFO] Epoch:[1/1]	 Batch:[370/2792.0]	 Loss Sum:25.3174	forward Loss:1.1255;6.4941	 backward Loss:10.3961;1.5651	 Sentiment Loss:5.5928	Valence Loss:0.6071	 Arousal Loss:0.112	
[2025-12-01 14:22:52,029][run_task2&3_trainer_multilingual.py][line:1137][INFO] Epoch:[1/1]	 Batch:[380/2792.0]	 Loss Sum:37.1323	forward Loss:9.1973;7.7656	 backward Loss:12.9466;5.9021	 Sentiment Loss:0.9825	Valence Loss:1.0226	 Arousal Loss:0.6676	
[2025-12-01 14:22:58,553][run_task2&3_trainer_multilingual.py][line:1137][INFO] Epoch:[1/1]	 Batch:[390/2792.0]	 Loss Sum:12.2168	forward Loss:2.9148;2.4368	 backward Loss:2.1654;3.0412	 Sentiment Loss:1.5542	Valence Loss:0.1227	 Arousal Loss:0.3987	
[2025-12-01 14:23:05,123][run_task2&3_trainer_multilingual.py][line:1137][INFO] Epoch:[1/1]	 Batch:[400/2792.0]	 Loss Sum:17.4575	forward Loss:5.7072;2.8584	 backward Loss:3.9625;3.1863	 Sentiment Loss:1.6488	Valence Loss:0.3803	 Arousal Loss:0.0907	
[2025-12-01 14:23:11,680][run_task2&3_trainer_multilingual.py][line:1137][INFO] Epoch:[1/1]	 Batch:[410/2792.0]	 Loss Sum:8.2891	forward Loss:1.1719;1.9921	 backward Loss:1.9617;1.4978	 Sentiment Loss:1.2553	Valence Loss:1.9187	 Arousal Loss:0.1324	
[2025-12-01 14:23:18,223][run_task2&3_trainer_multilingual.py][line:1137][INFO] Epoch:[1/1]	 Batch:[420/2792.0]	 Loss Sum:34.4451	forward Loss:5.6251;8.3837	 backward Loss:10.0379;7.2485	 Sentiment Loss:2.3394	Valence Loss:2.3993	 Arousal Loss:1.6531	
[2025-12-01 14:23:24,912][run_task2&3_trainer_multilingual.py][line:1137][INFO] Epoch:[1/1]	 Batch:[430/2792.0]	 Loss Sum:11.6086	forward Loss:1.2283;3.3734	 backward Loss:2.0432;1.6673	 Sentiment Loss:2.5533	Valence Loss:1.1225	 Arousal Loss:2.5927	
[2025-12-01 14:23:31,483][run_task2&3_trainer_multilingual.py][line:1137][INFO] Epoch:[1/1]	 Batch:[440/2792.0]	 Loss Sum:26.9239	forward Loss:5.0626;3.3248	 backward Loss:11.2514;2.9013	 Sentiment Loss:4.2067	Valence Loss:0.6383	 Arousal Loss:0.247	
[2025-12-01 14:23:38,047][run_task2&3_trainer_multilingual.py][line:1137][INFO] Epoch:[1/1]	 Batch:[450/2792.0]	 Loss Sum:22.0296	forward Loss:4.9503;3.038	 backward Loss:3.8356;7.9679	 Sentiment Loss:1.4127	Valence Loss:2.8867	 Arousal Loss:1.2384	
[2025-12-01 14:23:44,661][run_task2&3_trainer_multilingual.py][line:1137][INFO] Epoch:[1/1]	 Batch:[460/2792.0]	 Loss Sum:53.9562	forward Loss:11.923;11.8966	 backward Loss:15.9071;11.3297	 Sentiment Loss:2.0296	Valence Loss:3.9575	 Arousal Loss:0.393	
[2025-12-01 14:23:51,286][run_task2&3_trainer_multilingual.py][line:1137][INFO] Epoch:[1/1]	 Batch:[470/2792.0]	 Loss Sum:8.6277	forward Loss:0.721;2.093	 backward Loss:1.3982;1.5403	 Sentiment Loss:2.1954	Valence Loss:1.2686	 Arousal Loss:2.1302	
[2025-12-01 14:23:57,819][run_task2&3_trainer_multilingual.py][line:1137][INFO] Epoch:[1/1]	 Batch:[480/2792.0]	 Loss Sum:31.7957	forward Loss:10.6526;7.942	 backward Loss:8.1918;3.0666	 Sentiment Loss:1.8456	Valence Loss:0.0976	 Arousal Loss:0.3876	
[2025-12-01 14:24:04,346][run_task2&3_trainer_multilingual.py][line:1137][INFO] Epoch:[1/1]	 Batch:[490/2792.0]	 Loss Sum:28.9347	forward Loss:6.0582;5.9441	 backward Loss:9.2599;4.6992	 Sentiment Loss:2.5231	Valence Loss:1.9381	 Arousal Loss:0.3129	
[2025-12-01 14:24:10,943][run_task2&3_trainer_multilingual.py][line:1137][INFO] Epoch:[1/1]	 Batch:[500/2792.0]	 Loss Sum:8.8043	forward Loss:1.1744;2.1111	 backward Loss:1.6465;1.6443	 Sentiment Loss:2.1417	Valence Loss:0.1285	 Arousal Loss:0.3031	
[2025-12-01 14:24:17,536][run_task2&3_trainer_multilingual.py][line:1137][INFO] Epoch:[1/1]	 Batch:[510/2792.0]	 Loss Sum:14.157	forward Loss:3.3346;1.8965	 backward Loss:1.6645;3.799	 Sentiment Loss:2.5374	Valence Loss:3.1371	 Arousal Loss:1.4882	
[2025-12-01 14:24:24,042][run_task2&3_trainer_multilingual.py][line:1137][INFO] Epoch:[1/1]	 Batch:[520/2792.0]	 Loss Sum:18.7066	forward Loss:2.5742;3.1799	 backward Loss:7.9145;1.8316	 Sentiment Loss:2.8663	Valence Loss:1.095	 Arousal Loss:0.6056	
[2025-12-01 14:24:30,580][run_task2&3_trainer_multilingual.py][line:1137][INFO] Epoch:[1/1]	 Batch:[530/2792.0]	 Loss Sum:28.473	forward Loss:2.5681;6.1002	 backward Loss:12.3322;4.7225	 Sentiment Loss:2.1558	Valence Loss:1.8361	 Arousal Loss:1.1353	
[2025-12-01 14:24:37,085][run_task2&3_trainer_multilingual.py][line:1137][INFO] Epoch:[1/1]	 Batch:[540/2792.0]	 Loss Sum:38.2288	forward Loss:4.1782;14.1017	 backward Loss:7.9011;4.7358	 Sentiment Loss:6.5552	Valence Loss:2.8004	 Arousal Loss:0.9833	
[2025-12-01 14:24:43,675][run_task2&3_trainer_multilingual.py][line:1137][INFO] Epoch:[1/1]	 Batch:[550/2792.0]	 Loss Sum:13.0489	forward Loss:1.218;3.7178	 backward Loss:2.6562;1.9899	 Sentiment Loss:3.0259	Valence Loss:1.7714	 Arousal Loss:0.4338	
[2025-12-01 14:24:50,195][run_task2&3_trainer_multilingual.py][line:1137][INFO] Epoch:[1/1]	 Batch:[560/2792.0]	 Loss Sum:19.1113	forward Loss:2.2512;4.03	 backward Loss:5.9936;4.0361	 Sentiment Loss:2.6385	Valence Loss:0.2104	 Arousal Loss:0.5995	
[2025-12-01 14:24:56,879][run_task2&3_trainer_multilingual.py][line:1137][INFO] Epoch:[1/1]	 Batch:[570/2792.0]	 Loss Sum:41.6541	forward Loss:2.5535;17.0367	 backward Loss:12.9021;5.5908	 Sentiment Loss:2.1788	Valence Loss:5.7746	 Arousal Loss:1.1864	
[2025-12-01 14:25:03,571][run_task2&3_trainer_multilingual.py][line:1137][INFO] Epoch:[1/1]	 Batch:[580/2792.0]	 Loss Sum:11.2274	forward Loss:1.3714;2.4524	 backward Loss:2.0829;3.4135	 Sentiment Loss:1.754	Valence Loss:0.246	 Arousal Loss:0.5203	
[2025-12-01 14:25:10,135][run_task2&3_trainer_multilingual.py][line:1137][INFO] Epoch:[1/1]	 Batch:[590/2792.0]	 Loss Sum:25.2439	forward Loss:10.1345;5.2922	 backward Loss:4.7327;3.0207	 Sentiment Loss:1.9511	Valence Loss:0.3453	 Arousal Loss:0.2182	
[2025-12-01 14:25:16,713][run_task2&3_trainer_multilingual.py][line:1137][INFO] Epoch:[1/1]	 Batch:[600/2792.0]	 Loss Sum:11.0947	forward Loss:3.2832;1.1311	 backward Loss:3.3539;1.821	 Sentiment Loss:1.0416	Valence Loss:0.0724	 Arousal Loss:2.2471	
