[2025-11-17 17:10:56,989][_client.py][line:1025][INFO] HTTP Request: HEAD https://huggingface.co/bert-base-multilingual-cased/resolve/main/tokenizer_config.json "HTTP/1.1 200 OK"
[2025-11-17 17:10:57,199][_client.py][line:1025][INFO] HTTP Request: GET https://huggingface.co/api/models/bert-base-multilingual-cased/tree/main/additional_chat_templates?recursive=false&expand=false "HTTP/1.1 307 Temporary Redirect"
[2025-11-17 17:10:57,391][_client.py][line:1025][INFO] HTTP Request: GET https://huggingface.co/api/models/google-bert/bert-base-multilingual-cased/tree/main/additional_chat_templates?recursive=false&expand=false "HTTP/1.1 404 Not Found"
[2025-11-17 17:10:58,331][run_task2&3_trainer_multilingual.py][line:967][INFO] initial optimizer......
[2025-11-17 17:10:58,332][run_task2&3_trainer_multilingual.py][line:985][INFO] New model and optimizer from epoch 1
[2025-11-17 17:10:58,332][run_task2&3_trainer_multilingual.py][line:994][INFO] begin training......
[2025-11-17 17:11:02,460][run_task2&3_trainer_multilingual.py][line:1124][INFO] Epoch:[1/1]	 Batch:[10/2792.0]	 Loss Sum:75.1805	forward Loss:15.5251;12.5968	 backward Loss:14.2603;11.4815	 Sentiment Loss:5.6671	Valence Loss:41.8084	 Arousal Loss:36.4405	
[2025-11-17 17:11:06,101][run_task2&3_trainer_multilingual.py][line:1124][INFO] Epoch:[1/1]	 Batch:[20/2792.0]	 Loss Sum:218.8606	forward Loss:59.2686;50.3898	 backward Loss:45.2513;40.7184	 Sentiment Loss:5.5548	Valence Loss:45.1804	 Arousal Loss:43.2079	
[2025-11-17 17:11:09,754][run_task2&3_trainer_multilingual.py][line:1124][INFO] Epoch:[1/1]	 Batch:[30/2792.0]	 Loss Sum:94.4921	forward Loss:22.3974;18.0951	 backward Loss:18.5146;16.4415	 Sentiment Loss:5.3983	Valence Loss:36.2714	 Arousal Loss:31.9552	
[2025-11-17 17:11:13,400][run_task2&3_trainer_multilingual.py][line:1124][INFO] Epoch:[1/1]	 Batch:[40/2792.0]	 Loss Sum:79.7608	forward Loss:18.7348;15.8606	 backward Loss:13.4193;13.5435	 Sentiment Loss:5.1648	Valence Loss:33.3778	 Arousal Loss:31.8108	
[2025-11-17 17:11:17,060][run_task2&3_trainer_multilingual.py][line:1124][INFO] Epoch:[1/1]	 Batch:[50/2792.0]	 Loss Sum:59.3938	forward Loss:9.6246;8.531	 backward Loss:17.1146;8.2181	 Sentiment Loss:4.7207	Valence Loss:30.6897	 Arousal Loss:25.2344	
[2025-11-17 17:11:20,697][run_task2&3_trainer_multilingual.py][line:1124][INFO] Epoch:[1/1]	 Batch:[60/2792.0]	 Loss Sum:57.2844	forward Loss:10.9116;8.787	 backward Loss:11.9913;8.5461	 Sentiment Loss:4.517	Valence Loss:31.6133	 Arousal Loss:31.0439	
[2025-11-17 17:11:24,350][run_task2&3_trainer_multilingual.py][line:1124][INFO] Epoch:[1/1]	 Batch:[70/2792.0]	 Loss Sum:58.1149	forward Loss:10.3304;11.8127	 backward Loss:10.5494;9.2903	 Sentiment Loss:3.8984	Valence Loss:30.3466	 Arousal Loss:30.8225	
[2025-11-17 17:11:28,002][run_task2&3_trainer_multilingual.py][line:1124][INFO] Epoch:[1/1]	 Batch:[80/2792.0]	 Loss Sum:45.1795	forward Loss:10.334;10.0159	 backward Loss:7.3645;11.1487	 Sentiment Loss:3.3771	Valence Loss:4.3872	 Arousal Loss:10.3099	
[2025-11-17 17:11:31,646][run_task2&3_trainer_multilingual.py][line:1124][INFO] Epoch:[1/1]	 Batch:[90/2792.0]	 Loss Sum:66.4911	forward Loss:11.7673;12.0382	 backward Loss:23.444;13.7	 Sentiment Loss:3.1411	Valence Loss:9.5836	 Arousal Loss:2.4189	
[2025-11-17 17:11:35,296][run_task2&3_trainer_multilingual.py][line:1124][INFO] Epoch:[1/1]	 Batch:[100/2792.0]	 Loss Sum:63.675	forward Loss:16.3185;11.6306	 backward Loss:21.834;9.8383	 Sentiment Loss:2.2321	Valence Loss:6.3152	 Arousal Loss:2.7925	
[2025-11-17 17:11:38,955][run_task2&3_trainer_multilingual.py][line:1124][INFO] Epoch:[1/1]	 Batch:[110/2792.0]	 Loss Sum:52.789	forward Loss:10.5967;11.8703	 backward Loss:18.3323;9.348	 Sentiment Loss:2.0981	Valence Loss:2.4662	 Arousal Loss:0.2518	
[2025-11-17 17:11:42,628][run_task2&3_trainer_multilingual.py][line:1124][INFO] Epoch:[1/1]	 Batch:[120/2792.0]	 Loss Sum:31.5184	forward Loss:6.1116;9.2934	 backward Loss:6.8888;6.2634	 Sentiment Loss:2.6372	Valence Loss:1.3319	 Arousal Loss:0.2884	
[2025-11-17 17:11:46,281][run_task2&3_trainer_multilingual.py][line:1124][INFO] Epoch:[1/1]	 Batch:[130/2792.0]	 Loss Sum:39.5492	forward Loss:7.7486;8.5239	 backward Loss:13.404;7.4853	 Sentiment Loss:1.3531	Valence Loss:3.2536	 Arousal Loss:1.9189	
[2025-11-17 17:11:49,936][run_task2&3_trainer_multilingual.py][line:1124][INFO] Epoch:[1/1]	 Batch:[140/2792.0]	 Loss Sum:32.4102	forward Loss:6.417;9.1473	 backward Loss:5.7082;4.4469	 Sentiment Loss:4.5123	Valence Loss:5.9818	 Arousal Loss:4.911	
[2025-11-17 17:11:53,598][run_task2&3_trainer_multilingual.py][line:1124][INFO] Epoch:[1/1]	 Batch:[150/2792.0]	 Loss Sum:42.339	forward Loss:11.3084;9.118	 backward Loss:12.8852;6.8243	 Sentiment Loss:2.1138	Valence Loss:0.1705	 Arousal Loss:0.2759	
[2025-11-17 17:11:57,262][run_task2&3_trainer_multilingual.py][line:1124][INFO] Epoch:[1/1]	 Batch:[160/2792.0]	 Loss Sum:39.2024	forward Loss:8.2898;7.8532	 backward Loss:10.9841;9.0025	 Sentiment Loss:2.5416	Valence Loss:1.1737	 Arousal Loss:1.4822	
[2025-11-17 17:12:00,928][run_task2&3_trainer_multilingual.py][line:1124][INFO] Epoch:[1/1]	 Batch:[170/2792.0]	 Loss Sum:31.3079	forward Loss:5.6867;8.1053	 backward Loss:5.9069;4.2522	 Sentiment Loss:7.291	Valence Loss:0.2128	 Arousal Loss:0.1166	
[2025-11-17 17:12:04,592][run_task2&3_trainer_multilingual.py][line:1124][INFO] Epoch:[1/1]	 Batch:[180/2792.0]	 Loss Sum:43.1533	forward Loss:13.0134;7.9453	 backward Loss:11.3346;7.4417	 Sentiment Loss:2.352	Valence Loss:4.1526	 Arousal Loss:1.1787	
[2025-11-17 17:12:08,263][run_task2&3_trainer_multilingual.py][line:1124][INFO] Epoch:[1/1]	 Batch:[190/2792.0]	 Loss Sum:21.7117	forward Loss:3.7464;6.4925	 backward Loss:4.4991;4.5784	 Sentiment Loss:1.697	Valence Loss:2.5355	 Arousal Loss:0.9562	
[2025-11-17 17:12:11,922][run_task2&3_trainer_multilingual.py][line:1124][INFO] Epoch:[1/1]	 Batch:[200/2792.0]	 Loss Sum:18.4438	forward Loss:2.9775;4.4323	 backward Loss:6.3003;3.4513	 Sentiment Loss:1.1882	Valence Loss:0.2154	 Arousal Loss:0.2561	
[2025-11-17 17:12:15,592][run_task2&3_trainer_multilingual.py][line:1124][INFO] Epoch:[1/1]	 Batch:[210/2792.0]	 Loss Sum:28.7237	forward Loss:4.9671;6.0788	 backward Loss:7.031;7.5865	 Sentiment Loss:2.1709	Valence Loss:3.9732	 Arousal Loss:0.4737	
[2025-11-17 17:12:19,255][run_task2&3_trainer_multilingual.py][line:1124][INFO] Epoch:[1/1]	 Batch:[220/2792.0]	 Loss Sum:26.4306	forward Loss:6.2561;4.2953	 backward Loss:3.8189;6.0848	 Sentiment Loss:5.6844	Valence Loss:1.1645	 Arousal Loss:0.2906	
[2025-11-17 17:12:22,926][run_task2&3_trainer_multilingual.py][line:1124][INFO] Epoch:[1/1]	 Batch:[230/2792.0]	 Loss Sum:39.4457	forward Loss:7.3159;7.058	 backward Loss:7.1681;6.786	 Sentiment Loss:10.156	Valence Loss:4.4598	 Arousal Loss:0.3482	
[2025-11-17 17:12:26,596][run_task2&3_trainer_multilingual.py][line:1124][INFO] Epoch:[1/1]	 Batch:[240/2792.0]	 Loss Sum:22.6348	forward Loss:6.3087;3.0324	 backward Loss:6.2876;3.0763	 Sentiment Loss:3.1964	Valence Loss:2.0922	 Arousal Loss:1.5748	
[2025-11-17 17:12:30,256][run_task2&3_trainer_multilingual.py][line:1124][INFO] Epoch:[1/1]	 Batch:[250/2792.0]	 Loss Sum:41.1889	forward Loss:4.7605;9.5964	 backward Loss:20.3117;4.9251	 Sentiment Loss:1.3583	Valence Loss:0.783	 Arousal Loss:0.4012	
[2025-11-17 17:12:33,929][run_task2&3_trainer_multilingual.py][line:1124][INFO] Epoch:[1/1]	 Batch:[260/2792.0]	 Loss Sum:20.8285	forward Loss:4.9013;4.08	 backward Loss:5.3574;3.2194	 Sentiment Loss:2.9291	Valence Loss:0.8793	 Arousal Loss:0.8268	
[2025-11-17 17:12:37,605][run_task2&3_trainer_multilingual.py][line:1124][INFO] Epoch:[1/1]	 Batch:[270/2792.0]	 Loss Sum:23.9779	forward Loss:2.3098;7.1678	 backward Loss:6.9732;2.6739	 Sentiment Loss:4.049	Valence Loss:2.8166	 Arousal Loss:1.2043	
[2025-11-17 17:12:41,284][run_task2&3_trainer_multilingual.py][line:1124][INFO] Epoch:[1/1]	 Batch:[280/2792.0]	 Loss Sum:38.6209	forward Loss:11.7301;5.7732	 backward Loss:8.8549;8.8005	 Sentiment Loss:3.1262	Valence Loss:1.5569	 Arousal Loss:0.1228	
[2025-11-17 17:12:44,965][run_task2&3_trainer_multilingual.py][line:1124][INFO] Epoch:[1/1]	 Batch:[290/2792.0]	 Loss Sum:33.9635	forward Loss:5.1674;3.6369	 backward Loss:10.8071;4.6281	 Sentiment Loss:6.9547	Valence Loss:13.489	 Arousal Loss:0.3574	
[2025-11-17 17:12:48,631][run_task2&3_trainer_multilingual.py][line:1124][INFO] Epoch:[1/1]	 Batch:[300/2792.0]	 Loss Sum:15.2398	forward Loss:2.091;3.9584	 backward Loss:2.9235;3.2469	 Sentiment Loss:1.8208	Valence Loss:5.0728	 Arousal Loss:0.9236	
[2025-11-17 17:12:52,308][run_task2&3_trainer_multilingual.py][line:1124][INFO] Epoch:[1/1]	 Batch:[310/2792.0]	 Loss Sum:24.9083	forward Loss:4.0412;5.8434	 backward Loss:6.4136;6.3774	 Sentiment Loss:1.994	Valence Loss:0.6923	 Arousal Loss:0.5003	
[2025-11-17 17:12:55,982][run_task2&3_trainer_multilingual.py][line:1124][INFO] Epoch:[1/1]	 Batch:[320/2792.0]	 Loss Sum:18.1375	forward Loss:3.6619;1.9296	 backward Loss:2.3887;4.2587	 Sentiment Loss:5.0905	Valence Loss:3.5495	 Arousal Loss:0.4917	
[2025-11-17 17:12:59,653][run_task2&3_trainer_multilingual.py][line:1124][INFO] Epoch:[1/1]	 Batch:[330/2792.0]	 Loss Sum:31.7088	forward Loss:4.7156;6.409	 backward Loss:7.8236;5.1072	 Sentiment Loss:7.4666	Valence Loss:0.3306	 Arousal Loss:0.6042	
[2025-11-17 17:13:03,336][run_task2&3_trainer_multilingual.py][line:1124][INFO] Epoch:[1/1]	 Batch:[340/2792.0]	 Loss Sum:33.3189	forward Loss:6.1366;5.0307	 backward Loss:13.9261;3.5908	 Sentiment Loss:4.3172	Valence Loss:1.4344	 Arousal Loss:0.1536	
[2025-11-17 17:13:07,017][run_task2&3_trainer_multilingual.py][line:1124][INFO] Epoch:[1/1]	 Batch:[350/2792.0]	 Loss Sum:18.8824	forward Loss:1.792;2.345	 backward Loss:8.3558;3.2382	 Sentiment Loss:2.9804	Valence Loss:0.5372	 Arousal Loss:0.3177	
[2025-11-17 17:13:10,682][run_task2&3_trainer_multilingual.py][line:1124][INFO] Epoch:[1/1]	 Batch:[360/2792.0]	 Loss Sum:27.3926	forward Loss:3.5991;7.6481	 backward Loss:5.8424;6.0382	 Sentiment Loss:3.4191	Valence Loss:2.133	 Arousal Loss:2.0952	
[2025-11-17 17:13:14,365][run_task2&3_trainer_multilingual.py][line:1124][INFO] Epoch:[1/1]	 Batch:[370/2792.0]	 Loss Sum:19.0305	forward Loss:2.1561;4.155	 backward Loss:6.1403;2.5406	 Sentiment Loss:3.8471	Valence Loss:0.1619	 Arousal Loss:0.7949	
[2025-11-17 17:13:18,040][run_task2&3_trainer_multilingual.py][line:1124][INFO] Epoch:[1/1]	 Batch:[380/2792.0]	 Loss Sum:16.3576	forward Loss:4.1359;2.5757	 backward Loss:2.5921;3.518	 Sentiment Loss:2.3235	Valence Loss:5.5038	 Arousal Loss:0.5577	
[2025-11-17 17:13:21,715][run_task2&3_trainer_multilingual.py][line:1124][INFO] Epoch:[1/1]	 Batch:[390/2792.0]	 Loss Sum:29.9909	forward Loss:4.5945;6.7806	 backward Loss:7.7764;5.1829	 Sentiment Loss:5.4818	Valence Loss:0.0833	 Arousal Loss:0.7903	
[2025-11-17 17:13:25,391][run_task2&3_trainer_multilingual.py][line:1124][INFO] Epoch:[1/1]	 Batch:[400/2792.0]	 Loss Sum:16.0055	forward Loss:1.5424;4.0709	 backward Loss:2.9304;4.278	 Sentiment Loss:2.8544	Valence Loss:0.8034	 Arousal Loss:0.8438	
[2025-11-17 17:13:29,074][run_task2&3_trainer_multilingual.py][line:1124][INFO] Epoch:[1/1]	 Batch:[410/2792.0]	 Loss Sum:18.6859	forward Loss:5.0198;3.7051	 backward Loss:2.4109;5.2195	 Sentiment Loss:2.2679	Valence Loss:0.1625	 Arousal Loss:0.1504	
[2025-11-17 17:13:32,744][run_task2&3_trainer_multilingual.py][line:1124][INFO] Epoch:[1/1]	 Batch:[420/2792.0]	 Loss Sum:21.5003	forward Loss:3.4951;5.4838	 backward Loss:5.9768;3.6479	 Sentiment Loss:2.7367	Valence Loss:0.4611	 Arousal Loss:0.3388	
[2025-11-17 17:13:36,410][run_task2&3_trainer_multilingual.py][line:1124][INFO] Epoch:[1/1]	 Batch:[430/2792.0]	 Loss Sum:27.109	forward Loss:6.0539;3.392	 backward Loss:7.2338;4.944	 Sentiment Loss:5.2313	Valence Loss:0.9145	 Arousal Loss:0.3558	
[2025-11-17 17:13:40,087][run_task2&3_trainer_multilingual.py][line:1124][INFO] Epoch:[1/1]	 Batch:[440/2792.0]	 Loss Sum:57.9001	forward Loss:11.603;12.8749	 backward Loss:26.3657;3.975	 Sentiment Loss:2.715	Valence Loss:1.5495	 Arousal Loss:0.2829	
[2025-11-17 17:13:43,763][run_task2&3_trainer_multilingual.py][line:1124][INFO] Epoch:[1/1]	 Batch:[450/2792.0]	 Loss Sum:27.1227	forward Loss:6.2623;2.743	 backward Loss:3.2531;4.4811	 Sentiment Loss:7.9803	Valence Loss:10.5172	 Arousal Loss:1.4973	
[2025-11-17 17:13:47,432][run_task2&3_trainer_multilingual.py][line:1124][INFO] Epoch:[1/1]	 Batch:[460/2792.0]	 Loss Sum:34.2925	forward Loss:3.2681;12.1581	 backward Loss:11.3068;2.6868	 Sentiment Loss:4.8172	Valence Loss:0.1641	 Arousal Loss:0.1137	
[2025-11-17 17:13:51,101][run_task2&3_trainer_multilingual.py][line:1124][INFO] Epoch:[1/1]	 Batch:[470/2792.0]	 Loss Sum:15.3191	forward Loss:2.3918;2.8946	 backward Loss:1.6845;3.1991	 Sentiment Loss:4.9274	Valence Loss:0.2172	 Arousal Loss:0.8914	
[2025-11-17 17:13:54,768][run_task2&3_trainer_multilingual.py][line:1124][INFO] Epoch:[1/1]	 Batch:[480/2792.0]	 Loss Sum:16.5994	forward Loss:2.3957;2.551	 backward Loss:6.5674;3.5332	 Sentiment Loss:1.232	Valence Loss:0.7868	 Arousal Loss:0.8144	
[2025-11-17 17:13:58,447][run_task2&3_trainer_multilingual.py][line:1124][INFO] Epoch:[1/1]	 Batch:[490/2792.0]	 Loss Sum:29.5555	forward Loss:4.5072;6.4616	 backward Loss:12.4004;2.0239	 Sentiment Loss:4.0707	Valence Loss:0.0837	 Arousal Loss:0.3751	
[2025-11-17 17:14:02,114][run_task2&3_trainer_multilingual.py][line:1124][INFO] Epoch:[1/1]	 Batch:[500/2792.0]	 Loss Sum:17.366	forward Loss:4.3708;2.296	 backward Loss:1.2965;4.9761	 Sentiment Loss:2.6868	Valence Loss:6.5704	 Arousal Loss:2.1281	
[2025-11-17 17:14:05,791][run_task2&3_trainer_multilingual.py][line:1124][INFO] Epoch:[1/1]	 Batch:[510/2792.0]	 Loss Sum:15.6166	forward Loss:2.7582;3.4928	 backward Loss:3.0695;3.1284	 Sentiment Loss:2.5518	Valence Loss:3.0127	 Arousal Loss:0.0668	
[2025-11-17 17:14:09,472][run_task2&3_trainer_multilingual.py][line:1124][INFO] Epoch:[1/1]	 Batch:[520/2792.0]	 Loss Sum:29.7476	forward Loss:0.9198;10.7956	 backward Loss:11.727;2.1378	 Sentiment Loss:1.7996	Valence Loss:7.3568	 Arousal Loss:4.4825	
[2025-11-17 17:14:13,143][run_task2&3_trainer_multilingual.py][line:1124][INFO] Epoch:[1/1]	 Batch:[530/2792.0]	 Loss Sum:33.023	forward Loss:4.0305;4.2792	 backward Loss:17.1363;5.2273	 Sentiment Loss:1.7404	Valence Loss:2.2137	 Arousal Loss:0.8328	
[2025-11-17 17:14:16,809][run_task2&3_trainer_multilingual.py][line:1124][INFO] Epoch:[1/1]	 Batch:[540/2792.0]	 Loss Sum:20.5254	forward Loss:4.0806;4.8547	 backward Loss:4.2447;2.887	 Sentiment Loss:4.3533	Valence Loss:0.098	 Arousal Loss:0.4277	
[2025-11-17 17:14:20,476][run_task2&3_trainer_multilingual.py][line:1124][INFO] Epoch:[1/1]	 Batch:[550/2792.0]	 Loss Sum:13.0934	forward Loss:1.857;2.938	 backward Loss:3.6835;2.0653	 Sentiment Loss:2.3697	Valence Loss:0.4227	 Arousal Loss:0.4767	
[2025-11-17 17:14:24,153][run_task2&3_trainer_multilingual.py][line:1124][INFO] Epoch:[1/1]	 Batch:[560/2792.0]	 Loss Sum:10.9459	forward Loss:1.1905;3.5254	 backward Loss:2.7817;1.1782	 Sentiment Loss:1.8926	Valence Loss:1.2516	 Arousal Loss:0.6366	
[2025-11-17 17:14:27,824][run_task2&3_trainer_multilingual.py][line:1124][INFO] Epoch:[1/1]	 Batch:[570/2792.0]	 Loss Sum:36.2728	forward Loss:8.4004;7.6391	 backward Loss:11.2387;4.0289	 Sentiment Loss:4.7569	Valence Loss:0.2676	 Arousal Loss:0.7766	
[2025-11-17 17:14:31,503][run_task2&3_trainer_multilingual.py][line:1124][INFO] Epoch:[1/1]	 Batch:[580/2792.0]	 Loss Sum:25.7071	forward Loss:7.0692;3.179	 backward Loss:7.4139;3.9823	 Sentiment Loss:3.9475	Valence Loss:0.2187	 Arousal Loss:0.3566	
[2025-11-17 17:14:35,171][run_task2&3_trainer_multilingual.py][line:1124][INFO] Epoch:[1/1]	 Batch:[590/2792.0]	 Loss Sum:27.3141	forward Loss:3.3682;9.1815	 backward Loss:11.1908;1.2957	 Sentiment Loss:1.7669	Valence Loss:2.4357	 Arousal Loss:0.1189	
[2025-11-17 17:14:38,840][run_task2&3_trainer_multilingual.py][line:1124][INFO] Epoch:[1/1]	 Batch:[600/2792.0]	 Loss Sum:64.3649	forward Loss:19.8028;4.3423	 backward Loss:9.2045;26.9903	 Sentiment Loss:3.9323	Valence Loss:0.4184	 Arousal Loss:0.0456	
[2025-11-17 17:14:42,514][run_task2&3_trainer_multilingual.py][line:1124][INFO] Epoch:[1/1]	 Batch:[610/2792.0]	 Loss Sum:31.5404	forward Loss:5.6766;5.5292	 backward Loss:13.1034;3.9055	 Sentiment Loss:3.2079	Valence Loss:0.4344	 Arousal Loss:0.1547	
[2025-11-17 17:14:46,194][run_task2&3_trainer_multilingual.py][line:1124][INFO] Epoch:[1/1]	 Batch:[620/2792.0]	 Loss Sum:8.9867	forward Loss:0.7527;2.1459	 backward Loss:1.8896;1.1653	 Sentiment Loss:2.9998	Valence Loss:0.0724	 Arousal Loss:0.0944	
[2025-11-17 17:14:49,864][run_task2&3_trainer_multilingual.py][line:1124][INFO] Epoch:[1/1]	 Batch:[630/2792.0]	 Loss Sum:14.6854	forward Loss:1.5041;5.0847	 backward Loss:4.8744;2.0594	 Sentiment Loss:1.0871	Valence Loss:0.2022	 Arousal Loss:0.1766	
[2025-11-17 17:14:53,535][run_task2&3_trainer_multilingual.py][line:1124][INFO] Epoch:[1/1]	 Batch:[640/2792.0]	 Loss Sum:42.3205	forward Loss:3.5837;10.8644	 backward Loss:19.1724;4.839	 Sentiment Loss:2.9098	Valence Loss:4.4859	 Arousal Loss:0.2701	
[2025-11-17 17:14:57,205][run_task2&3_trainer_multilingual.py][line:1124][INFO] Epoch:[1/1]	 Batch:[650/2792.0]	 Loss Sum:43.3453	forward Loss:8.2697;5.6919	 backward Loss:19.45;4.024	 Sentiment Loss:5.2129	Valence Loss:2.8232	 Arousal Loss:0.6608	
[2025-11-17 17:15:00,884][run_task2&3_trainer_multilingual.py][line:1124][INFO] Epoch:[1/1]	 Batch:[660/2792.0]	 Loss Sum:32.815	forward Loss:6.8751;11.3611	 backward Loss:8.0312;4.5103	 Sentiment Loss:1.103	Valence Loss:1.7277	 Arousal Loss:2.9442	
[2025-11-17 17:15:04,560][run_task2&3_trainer_multilingual.py][line:1124][INFO] Epoch:[1/1]	 Batch:[670/2792.0]	 Loss Sum:7.7561	forward Loss:2.6639;0.7393	 backward Loss:1.0969;0.8876	 Sentiment Loss:2.1922	Valence Loss:0.3598	 Arousal Loss:0.5212	
[2025-11-17 17:15:08,229][run_task2&3_trainer_multilingual.py][line:1124][INFO] Epoch:[1/1]	 Batch:[680/2792.0]	 Loss Sum:35.5641	forward Loss:6.3038;5.3743	 backward Loss:16.5182;5.1939	 Sentiment Loss:1.995	Valence Loss:0.1378	 Arousal Loss:0.7565	
[2025-11-17 17:15:11,903][run_task2&3_trainer_multilingual.py][line:1124][INFO] Epoch:[1/1]	 Batch:[690/2792.0]	 Loss Sum:32.3789	forward Loss:3.9479;10.0601	 backward Loss:13.3281;2.5009	 Sentiment Loss:1.8124	Valence Loss:3.5706	 Arousal Loss:0.0767	
[2025-11-17 17:15:15,587][run_task2&3_trainer_multilingual.py][line:1124][INFO] Epoch:[1/1]	 Batch:[700/2792.0]	 Loss Sum:60.5197	forward Loss:19.1044;3.6146	 backward Loss:17.7866;12.5038	 Sentiment Loss:7.3759	Valence Loss:0.6132	 Arousal Loss:0.0586	
[2025-11-17 17:15:19,256][run_task2&3_trainer_multilingual.py][line:1124][INFO] Epoch:[1/1]	 Batch:[710/2792.0]	 Loss Sum:33.5673	forward Loss:7.1995;5.374	 backward Loss:12.1713;3.1162	 Sentiment Loss:5.2236	Valence Loss:2.1004	 Arousal Loss:0.3137	
[2025-11-17 17:15:22,932][run_task2&3_trainer_multilingual.py][line:1124][INFO] Epoch:[1/1]	 Batch:[720/2792.0]	 Loss Sum:9.0177	forward Loss:0.9327;1.8744	 backward Loss:3.0544;1.4937	 Sentiment Loss:1.4786	Valence Loss:0.3048	 Arousal Loss:0.615	
[2025-11-17 17:15:26,616][run_task2&3_trainer_multilingual.py][line:1124][INFO] Epoch:[1/1]	 Batch:[730/2792.0]	 Loss Sum:13.2211	forward Loss:1.2499;4.9852	 backward Loss:3.7335;1.6073	 Sentiment Loss:1.4067	Valence Loss:0.8392	 Arousal Loss:0.3531	
[2025-11-17 17:15:30,287][run_task2&3_trainer_multilingual.py][line:1124][INFO] Epoch:[1/1]	 Batch:[740/2792.0]	 Loss Sum:13.5768	forward Loss:4.0539;1.1762	 backward Loss:1.9851;2.2598	 Sentiment Loss:3.8994	Valence Loss:0.5132	 Arousal Loss:0.4989	
[2025-11-17 17:15:33,963][run_task2&3_trainer_multilingual.py][line:1124][INFO] Epoch:[1/1]	 Batch:[750/2792.0]	 Loss Sum:5.0016	forward Loss:0.9815;0.6602	 backward Loss:0.4752;0.9514	 Sentiment Loss:1.903	Valence Loss:0.0752	 Arousal Loss:0.076	
[2025-11-17 17:15:37,636][run_task2&3_trainer_multilingual.py][line:1124][INFO] Epoch:[1/1]	 Batch:[760/2792.0]	 Loss Sum:38.4577	forward Loss:9.1548;4.8299	 backward Loss:15.8791;5.0764	 Sentiment Loss:3.0776	Valence Loss:2.1057	 Arousal Loss:0.0939	
[2025-11-17 17:15:41,312][run_task2&3_trainer_multilingual.py][line:1124][INFO] Epoch:[1/1]	 Batch:[770/2792.0]	 Loss Sum:11.3767	forward Loss:1.4167;2.7653	 backward Loss:2.7219;1.9788	 Sentiment Loss:2.2739	Valence Loss:0.2047	 Arousal Loss:0.8955	
[2025-11-17 17:15:44,979][run_task2&3_trainer_multilingual.py][line:1124][INFO] Epoch:[1/1]	 Batch:[780/2792.0]	 Loss Sum:23.046	forward Loss:5.3614;5.9075	 backward Loss:5.2904;4.8312	 Sentiment Loss:1.4363	Valence Loss:0.8386	 Arousal Loss:0.2569	
[2025-11-17 17:15:48,652][run_task2&3_trainer_multilingual.py][line:1124][INFO] Epoch:[1/1]	 Batch:[790/2792.0]	 Loss Sum:16.8432	forward Loss:1.9554;4.3859	 backward Loss:6.7401;1.4673	 Sentiment Loss:2.032	Valence Loss:1.221	 Arousal Loss:0.0911	
[2025-11-17 17:15:52,328][run_task2&3_trainer_multilingual.py][line:1124][INFO] Epoch:[1/1]	 Batch:[800/2792.0]	 Loss Sum:19.0826	forward Loss:1.0994;5.6897	 backward Loss:7.1546;3.3055	 Sentiment Loss:1.7438	Valence Loss:0.1067	 Arousal Loss:0.3416	
[2025-11-17 17:15:56,001][run_task2&3_trainer_multilingual.py][line:1124][INFO] Epoch:[1/1]	 Batch:[810/2792.0]	 Loss Sum:20.7758	forward Loss:5.5356;2.537	 backward Loss:5.4344;4.0883	 Sentiment Loss:2.9092	Valence Loss:0.5712	 Arousal Loss:0.7854	
[2025-11-17 17:15:59,680][run_task2&3_trainer_multilingual.py][line:1124][INFO] Epoch:[1/1]	 Batch:[820/2792.0]	 Loss Sum:20.31	forward Loss:2.5788;8.5967	 backward Loss:3.2186;3.5017	 Sentiment Loss:2.307	Valence Loss:0.4508	 Arousal Loss:0.0847	
[2025-11-17 17:16:03,630][run_task2&3_trainer_multilingual.py][line:1124][INFO] Epoch:[1/1]	 Batch:[830/2792.0]	 Loss Sum:15.0332	forward Loss:3.1217;3.3588	 backward Loss:3.2016;3.2407	 Sentiment Loss:1.917	Valence Loss:0.7382	 Arousal Loss:0.2292	
[2025-11-17 17:16:07,308][run_task2&3_trainer_multilingual.py][line:1124][INFO] Epoch:[1/1]	 Batch:[840/2792.0]	 Loss Sum:20.4024	forward Loss:8.4857;1.2513	 backward Loss:4.8209;4.7658	 Sentiment Loss:0.9491	Valence Loss:0.5925	 Arousal Loss:0.0554	
[2025-11-17 17:16:10,984][run_task2&3_trainer_multilingual.py][line:1124][INFO] Epoch:[1/1]	 Batch:[850/2792.0]	 Loss Sum:12.6822	forward Loss:0.6278;1.8656	 backward Loss:2.7356;1.6702	 Sentiment Loss:5.5192	Valence Loss:0.2235	 Arousal Loss:1.0952	
[2025-11-17 17:16:14,658][run_task2&3_trainer_multilingual.py][line:1124][INFO] Epoch:[1/1]	 Batch:[860/2792.0]	 Loss Sum:32.804	forward Loss:6.2832;6.2491	 backward Loss:14.5022;3.0913	 Sentiment Loss:2.5006	Valence Loss:0.4359	 Arousal Loss:0.4526	
[2025-11-17 17:16:18,331][run_task2&3_trainer_multilingual.py][line:1124][INFO] Epoch:[1/1]	 Batch:[870/2792.0]	 Loss Sum:6.6253	forward Loss:0.7982;1.0048	 backward Loss:1.1712;1.0163	 Sentiment Loss:1.9004	Valence Loss:3.1885	 Arousal Loss:0.4835	
[2025-11-17 17:16:22,003][run_task2&3_trainer_multilingual.py][line:1124][INFO] Epoch:[1/1]	 Batch:[880/2792.0]	 Loss Sum:49.1435	forward Loss:19.4704;3.9791	 backward Loss:6.7958;14.6177	 Sentiment Loss:3.6656	Valence Loss:2.9718	 Arousal Loss:0.1031	
[2025-11-17 17:16:25,689][run_task2&3_trainer_multilingual.py][line:1124][INFO] Epoch:[1/1]	 Batch:[890/2792.0]	 Loss Sum:39.3982	forward Loss:4.8298;7.4821	 backward Loss:13.6138;4.2246	 Sentiment Loss:8.7006	Valence Loss:1.7224	 Arousal Loss:1.0141	
[2025-11-17 17:16:29,363][run_task2&3_trainer_multilingual.py][line:1124][INFO] Epoch:[1/1]	 Batch:[900/2792.0]	 Loss Sum:28.4854	forward Loss:4.8163;5.9835	 backward Loss:4.9301;9.523	 Sentiment Loss:2.9422	Valence Loss:1.3761	 Arousal Loss:0.0753	
[2025-11-17 17:16:33,032][run_task2&3_trainer_multilingual.py][line:1124][INFO] Epoch:[1/1]	 Batch:[910/2792.0]	 Loss Sum:35.4379	forward Loss:6.8036;5.7042	 backward Loss:13.9292;6.2442	 Sentiment Loss:2.5977	Valence Loss:0.1829	 Arousal Loss:0.6116	
[2025-11-17 17:16:36,713][run_task2&3_trainer_multilingual.py][line:1124][INFO] Epoch:[1/1]	 Batch:[920/2792.0]	 Loss Sum:30.4305	forward Loss:8.833;3.2517	 backward Loss:10.139;5.1175	 Sentiment Loss:3.0166	Valence Loss:0.0771	 Arousal Loss:0.2865	
[2025-11-17 17:16:40,385][run_task2&3_trainer_multilingual.py][line:1124][INFO] Epoch:[1/1]	 Batch:[930/2792.0]	 Loss Sum:29.314	forward Loss:4.7604;5.7532	 backward Loss:13.5977;3.0171	 Sentiment Loss:2.1229	Valence Loss:0.1843	 Arousal Loss:0.1286	
[2025-11-17 17:16:44,070][run_task2&3_trainer_multilingual.py][line:1124][INFO] Epoch:[1/1]	 Batch:[940/2792.0]	 Loss Sum:25.2098	forward Loss:5.4485;3.5364	 backward Loss:9.8658;3.3762	 Sentiment Loss:2.3755	Valence Loss:2.8893	 Arousal Loss:0.1484	
[2025-11-17 17:16:47,751][run_task2&3_trainer_multilingual.py][line:1124][INFO] Epoch:[1/1]	 Batch:[950/2792.0]	 Loss Sum:19.3709	forward Loss:8.2532;2.7502	 backward Loss:4.1914;2.1603	 Sentiment Loss:1.7085	Valence Loss:1.3656	 Arousal Loss:0.1713	
[2025-11-17 17:16:51,420][run_task2&3_trainer_multilingual.py][line:1124][INFO] Epoch:[1/1]	 Batch:[960/2792.0]	 Loss Sum:17.9519	forward Loss:0.7269;8.5459	 backward Loss:6.9101;0.391	 Sentiment Loss:1.2502	Valence Loss:0.3955	 Arousal Loss:0.2439	
[2025-11-17 17:16:55,094][run_task2&3_trainer_multilingual.py][line:1124][INFO] Epoch:[1/1]	 Batch:[970/2792.0]	 Loss Sum:13.9635	forward Loss:4.1915;1.6901	 backward Loss:2.3757;0.9722	 Sentiment Loss:4.6432	Valence Loss:0.3716	 Arousal Loss:0.0819	
[2025-11-17 17:16:58,773][run_task2&3_trainer_multilingual.py][line:1124][INFO] Epoch:[1/1]	 Batch:[980/2792.0]	 Loss Sum:12.1561	forward Loss:1.101;3.5333	 backward Loss:3.9474;2.0196	 Sentiment Loss:1.2299	Valence Loss:0.7924	 Arousal Loss:0.8324	
[2025-11-17 17:17:02,458][run_task2&3_trainer_multilingual.py][line:1124][INFO] Epoch:[1/1]	 Batch:[990/2792.0]	 Loss Sum:9.733	forward Loss:1.5275;1.8514	 backward Loss:1.3534;1.9361	 Sentiment Loss:2.5865	Valence Loss:2.2467	 Arousal Loss:0.1431	
[2025-11-17 17:17:06,138][run_task2&3_trainer_multilingual.py][line:1124][INFO] Epoch:[1/1]	 Batch:[1000/2792.0]	 Loss Sum:9.7919	forward Loss:0.6988;2.2384	 backward Loss:4.1025;0.9274	 Sentiment Loss:1.5528	Valence Loss:0.7977	 Arousal Loss:0.5622	
[2025-11-17 17:17:09,821][run_task2&3_trainer_multilingual.py][line:1124][INFO] Epoch:[1/1]	 Batch:[1010/2792.0]	 Loss Sum:8.9198	forward Loss:2.6565;0.8584	 backward Loss:0.6427;1.5616	 Sentiment Loss:3.158	Valence Loss:0.1336	 Arousal Loss:0.0798	
[2025-11-17 17:17:13,492][run_task2&3_trainer_multilingual.py][line:1124][INFO] Epoch:[1/1]	 Batch:[1020/2792.0]	 Loss Sum:27.6256	forward Loss:4.8942;3.5506	 backward Loss:5.6714;3.1964	 Sentiment Loss:9.6732	Valence Loss:2.9995	 Arousal Loss:0.1992	
[2025-11-17 17:17:17,158][run_task2&3_trainer_multilingual.py][line:1124][INFO] Epoch:[1/1]	 Batch:[1030/2792.0]	 Loss Sum:7.3388	forward Loss:0.8118;2.3646	 backward Loss:1.6953;1.7853	 Sentiment Loss:0.5051	Valence Loss:0.1939	 Arousal Loss:0.6898	
[2025-11-17 17:17:20,835][run_task2&3_trainer_multilingual.py][line:1124][INFO] Epoch:[1/1]	 Batch:[1040/2792.0]	 Loss Sum:21.8893	forward Loss:6.3648;4.3426	 backward Loss:4.9347;3.8015	 Sentiment Loss:1.587	Valence Loss:2.3265	 Arousal Loss:1.9674	
[2025-11-17 17:17:24,522][run_task2&3_trainer_multilingual.py][line:1124][INFO] Epoch:[1/1]	 Batch:[1050/2792.0]	 Loss Sum:22.829	forward Loss:6.0824;2.8749	 backward Loss:5.4426;3.6483	 Sentiment Loss:4.0622	Valence Loss:3.4977	 Arousal Loss:0.0953	
[2025-11-17 17:17:28,212][run_task2&3_trainer_multilingual.py][line:1124][INFO] Epoch:[1/1]	 Batch:[1060/2792.0]	 Loss Sum:17.1853	forward Loss:0.6243;2.4179	 backward Loss:8.0026;1.1057	 Sentiment Loss:4.978	Valence Loss:0.2186	 Arousal Loss:0.0653	
[2025-11-17 17:17:31,886][run_task2&3_trainer_multilingual.py][line:1124][INFO] Epoch:[1/1]	 Batch:[1070/2792.0]	 Loss Sum:13.9834	forward Loss:1.6486;4.3287	 backward Loss:4.6467;2.223	 Sentiment Loss:0.8522	Valence Loss:0.5918	 Arousal Loss:0.8286	
[2025-11-17 17:17:35,557][run_task2&3_trainer_multilingual.py][line:1124][INFO] Epoch:[1/1]	 Batch:[1080/2792.0]	 Loss Sum:25.9064	forward Loss:5.6938;3.0857	 backward Loss:2.4391;9.1182	 Sentiment Loss:5.5103	Valence Loss:0.2233	 Arousal Loss:0.073	
[2025-11-17 17:17:39,235][run_task2&3_trainer_multilingual.py][line:1124][INFO] Epoch:[1/1]	 Batch:[1090/2792.0]	 Loss Sum:13.5013	forward Loss:0.9593;2.4574	 backward Loss:5.9396;2.2987	 Sentiment Loss:1.4299	Valence Loss:1.1488	 Arousal Loss:0.933	
[2025-11-17 17:17:42,908][run_task2&3_trainer_multilingual.py][line:1124][INFO] Epoch:[1/1]	 Batch:[1100/2792.0]	 Loss Sum:5.5194	forward Loss:0.3775;2.1271	 backward Loss:1.0155;0.3333	 Sentiment Loss:1.5547	Valence Loss:0.1226	 Arousal Loss:0.4335	
[2025-11-17 17:17:46,581][run_task2&3_trainer_multilingual.py][line:1124][INFO] Epoch:[1/1]	 Batch:[1110/2792.0]	 Loss Sum:16.2496	forward Loss:2.4845;5.0914	 backward Loss:4.94;0.7232	 Sentiment Loss:2.2417	Valence Loss:3.3265	 Arousal Loss:0.5172	
[2025-11-17 17:17:50,268][run_task2&3_trainer_multilingual.py][line:1124][INFO] Epoch:[1/1]	 Batch:[1120/2792.0]	 Loss Sum:6.9961	forward Loss:0.9871;1.7339	 backward Loss:2.0801;0.7348	 Sentiment Loss:1.4243	Valence Loss:0.1031	 Arousal Loss:0.0765	
[2025-11-17 17:17:53,951][run_task2&3_trainer_multilingual.py][line:1124][INFO] Epoch:[1/1]	 Batch:[1130/2792.0]	 Loss Sum:15.0185	forward Loss:0.5416;2.9272	 backward Loss:4.012;0.7023	 Sentiment Loss:6.5304	Valence Loss:1.3158	 Arousal Loss:0.2091	
[2025-11-17 17:17:57,630][run_task2&3_trainer_multilingual.py][line:1124][INFO] Epoch:[1/1]	 Batch:[1140/2792.0]	 Loss Sum:37.0535	forward Loss:13.3993;2.4408	 backward Loss:11.1876;4.1408	 Sentiment Loss:4.7329	Valence Loss:5.3142	 Arousal Loss:0.4464	
[2025-11-17 17:18:01,301][run_task2&3_trainer_multilingual.py][line:1124][INFO] Epoch:[1/1]	 Batch:[1150/2792.0]	 Loss Sum:10.8598	forward Loss:1.0643;3.5995	 backward Loss:2.8828;0.8461	 Sentiment Loss:1.9076	Valence Loss:0.782	 Arousal Loss:2.0155	
[2025-11-17 17:18:04,976][run_task2&3_trainer_multilingual.py][line:1124][INFO] Epoch:[1/1]	 Batch:[1160/2792.0]	 Loss Sum:18.4649	forward Loss:4.6514;2.5714	 backward Loss:5.2452;1.2552	 Sentiment Loss:4.4794	Valence Loss:0.3233	 Arousal Loss:0.9881	
[2025-11-17 17:18:08,645][run_task2&3_trainer_multilingual.py][line:1124][INFO] Epoch:[1/1]	 Batch:[1170/2792.0]	 Loss Sum:13.3926	forward Loss:4.4017;0.9	 backward Loss:1.2937;2.8387	 Sentiment Loss:3.693	Valence Loss:1.198	 Arousal Loss:0.1298	
[2025-11-17 17:18:12,312][run_task2&3_trainer_multilingual.py][line:1124][INFO] Epoch:[1/1]	 Batch:[1180/2792.0]	 Loss Sum:10.9961	forward Loss:2.9423;1.7353	 backward Loss:1.1269;3.8254	 Sentiment Loss:0.6201	Valence Loss:2.9682	 Arousal Loss:0.763	
[2025-11-17 17:18:15,987][run_task2&3_trainer_multilingual.py][line:1124][INFO] Epoch:[1/1]	 Batch:[1190/2792.0]	 Loss Sum:20.8468	forward Loss:5.8822;2.1161	 backward Loss:3.9204;3.9007	 Sentiment Loss:4.1632	Valence Loss:3.8917	 Arousal Loss:0.4288	
[2025-11-17 17:18:19,672][run_task2&3_trainer_multilingual.py][line:1124][INFO] Epoch:[1/1]	 Batch:[1200/2792.0]	 Loss Sum:25.866	forward Loss:3.6909;5.6979	 backward Loss:13.6433;1.2401	 Sentiment Loss:0.974	Valence Loss:2.795	 Arousal Loss:0.3051	
[2025-11-17 17:18:23,348][run_task2&3_trainer_multilingual.py][line:1124][INFO] Epoch:[1/1]	 Batch:[1210/2792.0]	 Loss Sum:17.6982	forward Loss:1.2557;6.4256	 backward Loss:6.5223;2.0387	 Sentiment Loss:0.9636	Valence Loss:2.3676	 Arousal Loss:0.0938	
[2025-11-17 17:18:27,027][run_task2&3_trainer_multilingual.py][line:1124][INFO] Epoch:[1/1]	 Batch:[1220/2792.0]	 Loss Sum:41.7152	forward Loss:1.4305;16.7687	 backward Loss:15.1691;2.1077	 Sentiment Loss:5.1675	Valence Loss:5.2666	 Arousal Loss:0.0917	
[2025-11-17 17:18:30,696][run_task2&3_trainer_multilingual.py][line:1124][INFO] Epoch:[1/1]	 Batch:[1230/2792.0]	 Loss Sum:14.4039	forward Loss:0.2897;5.5663	 backward Loss:5.7329;0.302	 Sentiment Loss:2.282	Valence Loss:0.4808	 Arousal Loss:0.6741	
[2025-11-17 17:18:34,363][run_task2&3_trainer_multilingual.py][line:1124][INFO] Epoch:[1/1]	 Batch:[1240/2792.0]	 Loss Sum:41.3055	forward Loss:8.3712;6.9911	 backward Loss:11.7527;11.453	 Sentiment Loss:2.3271	Valence Loss:0.8128	 Arousal Loss:1.2391	
[2025-11-17 17:18:38,039][run_task2&3_trainer_multilingual.py][line:1124][INFO] Epoch:[1/1]	 Batch:[1250/2792.0]	 Loss Sum:8.9966	forward Loss:4.7138;1.0577	 backward Loss:2.0644;0.7989	 Sentiment Loss:0.2414	Valence Loss:0.4476	 Arousal Loss:0.1543	
[2025-11-17 17:18:41,716][run_task2&3_trainer_multilingual.py][line:1124][INFO] Epoch:[1/1]	 Batch:[1260/2792.0]	 Loss Sum:7.1794	forward Loss:2.05;1.7261	 backward Loss:1.5252;1.3353	 Sentiment Loss:0.4652	Valence Loss:0.337	 Arousal Loss:0.0518	
[2025-11-17 17:18:45,388][run_task2&3_trainer_multilingual.py][line:1124][INFO] Epoch:[1/1]	 Batch:[1270/2792.0]	 Loss Sum:35.9113	forward Loss:11.7668;7.5979	 backward Loss:10.5056;5.1069	 Sentiment Loss:0.7695	Valence Loss:0.1311	 Arousal Loss:0.6912	
[2025-11-17 17:18:49,054][run_task2&3_trainer_multilingual.py][line:1124][INFO] Epoch:[1/1]	 Batch:[1280/2792.0]	 Loss Sum:23.3871	forward Loss:3.0662;6.9733	 backward Loss:8.8895;1.69	 Sentiment Loss:1.8664	Valence Loss:2.6414	 Arousal Loss:1.8674	
[2025-11-17 17:18:52,728][run_task2&3_trainer_multilingual.py][line:1124][INFO] Epoch:[1/1]	 Batch:[1290/2792.0]	 Loss Sum:17.5532	forward Loss:6.0776;1.9547	 backward Loss:2.7614;2.4586	 Sentiment Loss:3.3269	Valence Loss:2.8591	 Arousal Loss:2.0103	
[2025-11-17 17:18:56,405][run_task2&3_trainer_multilingual.py][line:1124][INFO] Epoch:[1/1]	 Batch:[1300/2792.0]	 Loss Sum:21.794	forward Loss:3.2939;2.1638	 backward Loss:6.7114;4.0462	 Sentiment Loss:5.2672	Valence Loss:1.3396	 Arousal Loss:0.2179	
[2025-11-17 17:19:00,085][run_task2&3_trainer_multilingual.py][line:1124][INFO] Epoch:[1/1]	 Batch:[1310/2792.0]	 Loss Sum:12.6531	forward Loss:2.3985;2.4751	 backward Loss:5.0576;1.8366	 Sentiment Loss:0.4605	Valence Loss:0.689	 Arousal Loss:1.434	
[2025-11-17 17:19:03,771][run_task2&3_trainer_multilingual.py][line:1124][INFO] Epoch:[1/1]	 Batch:[1320/2792.0]	 Loss Sum:9.3247	forward Loss:1.5939;1.5237	 backward Loss:4.3107;1.0066	 Sentiment Loss:0.3836	Valence Loss:2.3121	 Arousal Loss:0.2193	
[2025-11-17 17:19:07,467][run_task2&3_trainer_multilingual.py][line:1124][INFO] Epoch:[1/1]	 Batch:[1330/2792.0]	 Loss Sum:28.1522	forward Loss:2.5516;10.3454	 backward Loss:8.4624;1.8705	 Sentiment Loss:4.8585	Valence Loss:0.19	 Arousal Loss:0.1292	
[2025-11-17 17:19:11,150][run_task2&3_trainer_multilingual.py][line:1124][INFO] Epoch:[1/1]	 Batch:[1340/2792.0]	 Loss Sum:11.3912	forward Loss:3.6381;1.996	 backward Loss:3.7684;0.6536	 Sentiment Loss:0.3382	Valence Loss:4.9725	 Arousal Loss:0.0121	
[2025-11-17 17:19:14,841][run_task2&3_trainer_multilingual.py][line:1124][INFO] Epoch:[1/1]	 Batch:[1350/2792.0]	 Loss Sum:40.2939	forward Loss:9.1711;6.2474	 backward Loss:16.8587;3.5938	 Sentiment Loss:4.1424	Valence Loss:0.394	 Arousal Loss:1.0082	
[2025-11-17 17:19:18,521][run_task2&3_trainer_multilingual.py][line:1124][INFO] Epoch:[1/1]	 Batch:[1360/2792.0]	 Loss Sum:22.157	forward Loss:5.1664;2.5258	 backward Loss:6.4611;4.9638	 Sentiment Loss:2.7087	Valence Loss:0.9711	 Arousal Loss:0.6847	
[2025-11-17 17:19:22,204][run_task2&3_trainer_multilingual.py][line:1124][INFO] Epoch:[1/1]	 Batch:[1370/2792.0]	 Loss Sum:78.0434	forward Loss:23.5196;15.7904	 backward Loss:23.9447;9.6215	 Sentiment Loss:4.6563	Valence Loss:2.3322	 Arousal Loss:0.2215	
[2025-11-17 17:19:25,883][run_task2&3_trainer_multilingual.py][line:1124][INFO] Epoch:[1/1]	 Batch:[1380/2792.0]	 Loss Sum:10.9261	forward Loss:1.839;2.9813	 backward Loss:3.3158;1.4698	 Sentiment Loss:1.0423	Valence Loss:1.213	 Arousal Loss:0.1762	
[2025-11-17 17:19:29,559][run_task2&3_trainer_multilingual.py][line:1124][INFO] Epoch:[1/1]	 Batch:[1390/2792.0]	 Loss Sum:25.994	forward Loss:7.9854;3.8351	 backward Loss:10.2005;3.3288	 Sentiment Loss:0.4812	Valence Loss:0.6409	 Arousal Loss:0.1747	
[2025-11-17 17:19:33,241][run_task2&3_trainer_multilingual.py][line:1124][INFO] Epoch:[1/1]	 Batch:[1400/2792.0]	 Loss Sum:29.7882	forward Loss:8.867;1.9326	 backward Loss:11.3616;2.4927	 Sentiment Loss:4.741	Valence Loss:1.2328	 Arousal Loss:0.7332	
[2025-11-17 17:19:36,930][run_task2&3_trainer_multilingual.py][line:1124][INFO] Epoch:[1/1]	 Batch:[1410/2792.0]	 Loss Sum:38.3304	forward Loss:5.4299;4.106	 backward Loss:21.0696;3.5532	 Sentiment Loss:2.0867	Valence Loss:6.3835	 Arousal Loss:4.0416	
[2025-11-17 17:19:40,608][run_task2&3_trainer_multilingual.py][line:1124][INFO] Epoch:[1/1]	 Batch:[1420/2792.0]	 Loss Sum:7.6665	forward Loss:2.5353;0.7168	 backward Loss:1.5717;0.8587	 Sentiment Loss:1.4406	Valence Loss:1.7196	 Arousal Loss:0.9974	
[2025-11-17 17:19:44,286][run_task2&3_trainer_multilingual.py][line:1124][INFO] Epoch:[1/1]	 Batch:[1430/2792.0]	 Loss Sum:22.6901	forward Loss:9.9392;0.6549	 backward Loss:1.0171;6.3446	 Sentiment Loss:4.196	Valence Loss:1.3955	 Arousal Loss:1.2957	
[2025-11-17 17:19:47,968][run_task2&3_trainer_multilingual.py][line:1124][INFO] Epoch:[1/1]	 Batch:[1440/2792.0]	 Loss Sum:22.8973	forward Loss:3.4098;3.0977	 backward Loss:12.2227;3.2181	 Sentiment Loss:0.4262	Valence Loss:1.0076	 Arousal Loss:1.6068	
[2025-11-17 17:19:51,638][run_task2&3_trainer_multilingual.py][line:1124][INFO] Epoch:[1/1]	 Batch:[1450/2792.0]	 Loss Sum:11.8619	forward Loss:4.7857;2.0738	 backward Loss:2.2298;2.0383	 Sentiment Loss:0.6608	Valence Loss:0.1973	 Arousal Loss:0.1694	
[2025-11-17 17:19:55,321][run_task2&3_trainer_multilingual.py][line:1124][INFO] Epoch:[1/1]	 Batch:[1460/2792.0]	 Loss Sum:16.4872	forward Loss:2.4039;4.2489	 backward Loss:7.5494;1.1925	 Sentiment Loss:0.9504	Valence Loss:0.5471	 Arousal Loss:0.1632	
[2025-11-17 17:19:58,994][run_task2&3_trainer_multilingual.py][line:1124][INFO] Epoch:[1/1]	 Batch:[1470/2792.0]	 Loss Sum:10.0063	forward Loss:2.0509;1.7733	 backward Loss:2.6646;1.2457	 Sentiment Loss:1.8277	Valence Loss:1.3166	 Arousal Loss:0.9039	
[2025-11-17 17:20:02,665][run_task2&3_trainer_multilingual.py][line:1124][INFO] Epoch:[1/1]	 Batch:[1480/2792.0]	 Loss Sum:21.7923	forward Loss:2.3928;2.9619	 backward Loss:1.7207;1.432	 Sentiment Loss:12.8623	Valence Loss:1.8524	 Arousal Loss:0.2605	
[2025-11-17 17:20:06,343][run_task2&3_trainer_multilingual.py][line:1124][INFO] Epoch:[1/1]	 Batch:[1490/2792.0]	 Loss Sum:29.8329	forward Loss:3.5088;6.8119	 backward Loss:16.3521;1.801	 Sentiment Loss:0.9182	Valence Loss:1.5714	 Arousal Loss:0.6322	
[2025-11-17 17:20:10,029][run_task2&3_trainer_multilingual.py][line:1124][INFO] Epoch:[1/1]	 Batch:[1500/2792.0]	 Loss Sum:19.6407	forward Loss:3.0193;1.8856	 backward Loss:3.8448;1.304	 Sentiment Loss:6.2581	Valence Loss:15.3362	 Arousal Loss:1.3087	
[2025-11-17 17:20:13,699][run_task2&3_trainer_multilingual.py][line:1124][INFO] Epoch:[1/1]	 Batch:[1510/2792.0]	 Loss Sum:7.8772	forward Loss:1.5231;1.1271	 backward Loss:2.3784;0.3006	 Sentiment Loss:2.3572	Valence Loss:0.7313	 Arousal Loss:0.2231	
[2025-11-17 17:20:17,368][run_task2&3_trainer_multilingual.py][line:1124][INFO] Epoch:[1/1]	 Batch:[1520/2792.0]	 Loss Sum:24.8706	forward Loss:2.2499;8.6302	 backward Loss:8.6538;2.2253	 Sentiment Loss:2.1214	Valence Loss:4.311	 Arousal Loss:0.6397	
[2025-11-17 17:20:21,040][run_task2&3_trainer_multilingual.py][line:1124][INFO] Epoch:[1/1]	 Batch:[1530/2792.0]	 Loss Sum:11.2173	forward Loss:0.8385;2.749	 backward Loss:2.8324;0.9708	 Sentiment Loss:3.5246	Valence Loss:1.422	 Arousal Loss:0.0884	
[2025-11-17 17:20:24,727][run_task2&3_trainer_multilingual.py][line:1124][INFO] Epoch:[1/1]	 Batch:[1540/2792.0]	 Loss Sum:62.9284	forward Loss:10.4869;8.0392	 backward Loss:37.2968;2.8086	 Sentiment Loss:3.757	Valence Loss:0.6464	 Arousal Loss:2.0533	
[2025-11-17 17:20:28,411][run_task2&3_trainer_multilingual.py][line:1124][INFO] Epoch:[1/1]	 Batch:[1550/2792.0]	 Loss Sum:28.5924	forward Loss:9.4705;3.1336	 backward Loss:9.6725;2.0674	 Sentiment Loss:2.7246	Valence Loss:7.3658	 Arousal Loss:0.2535	
[2025-11-17 17:20:32,095][run_task2&3_trainer_multilingual.py][line:1124][INFO] Epoch:[1/1]	 Batch:[1560/2792.0]	 Loss Sum:22.2439	forward Loss:0.6457;7.8471	 backward Loss:8.2525;0.774	 Sentiment Loss:4.355	Valence Loss:1.4634	 Arousal Loss:0.3845	
[2025-11-17 17:20:35,776][run_task2&3_trainer_multilingual.py][line:1124][INFO] Epoch:[1/1]	 Batch:[1570/2792.0]	 Loss Sum:25.5252	forward Loss:8.9347;2.5857	 backward Loss:7.7869;2.2659	 Sentiment Loss:3.2329	Valence Loss:3.2791	 Arousal Loss:0.3159	
[2025-11-17 17:20:39,458][run_task2&3_trainer_multilingual.py][line:1124][INFO] Epoch:[1/1]	 Batch:[1580/2792.0]	 Loss Sum:10.9228	forward Loss:0.566;3.6102	 backward Loss:3.4324;2.9077	 Sentiment Loss:0.2265	Valence Loss:0.2202	 Arousal Loss:0.6802	
[2025-11-17 17:20:43,134][run_task2&3_trainer_multilingual.py][line:1124][INFO] Epoch:[1/1]	 Batch:[1590/2792.0]	 Loss Sum:27.2007	forward Loss:18.2574;2.0922	 backward Loss:2.5539;2.7447	 Sentiment Loss:1.4854	Valence Loss:0.1159	 Arousal Loss:0.2193	
[2025-11-17 17:20:46,813][run_task2&3_trainer_multilingual.py][line:1124][INFO] Epoch:[1/1]	 Batch:[1600/2792.0]	 Loss Sum:56.4851	forward Loss:8.2502;7.0127	 backward Loss:18.6434;20.8632	 Sentiment Loss:1.2416	Valence Loss:1.2031	 Arousal Loss:1.1671	
[2025-11-17 17:20:50,488][run_task2&3_trainer_multilingual.py][line:1124][INFO] Epoch:[1/1]	 Batch:[1610/2792.0]	 Loss Sum:47.5467	forward Loss:13.9652;9.2144	 backward Loss:14.284;4.1263	 Sentiment Loss:5.5117	Valence Loss:1.8482	 Arousal Loss:0.3773	
[2025-11-17 17:20:54,169][run_task2&3_trainer_multilingual.py][line:1124][INFO] Epoch:[1/1]	 Batch:[1620/2792.0]	 Loss Sum:14.6303	forward Loss:1.8159;4.209	 backward Loss:3.1443;2.7716	 Sentiment Loss:2.3918	Valence Loss:1.2295	 Arousal Loss:0.2594	
[2025-11-17 17:20:57,848][run_task2&3_trainer_multilingual.py][line:1124][INFO] Epoch:[1/1]	 Batch:[1630/2792.0]	 Loss Sum:36.7489	forward Loss:8.6459;5.6083	 backward Loss:16.2423;3.7509	 Sentiment Loss:2.1873	Valence Loss:0.907	 Arousal Loss:0.6637	
[2025-11-17 17:21:01,532][run_task2&3_trainer_multilingual.py][line:1124][INFO] Epoch:[1/1]	 Batch:[1640/2792.0]	 Loss Sum:25.6905	forward Loss:2.0954;12.5681	 backward Loss:5.3197;4.0108	 Sentiment Loss:1.017	Valence Loss:2.3621	 Arousal Loss:1.0353	
[2025-11-17 17:21:05,215][run_task2&3_trainer_multilingual.py][line:1124][INFO] Epoch:[1/1]	 Batch:[1650/2792.0]	 Loss Sum:9.21	forward Loss:5.1353;0.9584	 backward Loss:1.4797;0.4897	 Sentiment Loss:1.0032	Valence Loss:0.588	 Arousal Loss:0.1311	
[2025-11-17 17:21:08,899][run_task2&3_trainer_multilingual.py][line:1124][INFO] Epoch:[1/1]	 Batch:[1660/2792.0]	 Loss Sum:27.4694	forward Loss:2.16;8.7762	 backward Loss:7.1654;5.7174	 Sentiment Loss:3.1887	Valence Loss:1.3803	 Arousal Loss:0.9283	
[2025-11-17 17:21:12,590][run_task2&3_trainer_multilingual.py][line:1124][INFO] Epoch:[1/1]	 Batch:[1670/2792.0]	 Loss Sum:22.8291	forward Loss:7.7032;1.8602	 backward Loss:5.6578;2.5961	 Sentiment Loss:4.6487	Valence Loss:1.7553	 Arousal Loss:0.0592	
[2025-11-17 17:21:16,270][run_task2&3_trainer_multilingual.py][line:1124][INFO] Epoch:[1/1]	 Batch:[1680/2792.0]	 Loss Sum:4.3847	forward Loss:0.8587;0.4894	 backward Loss:2.202;0.4088	 Sentiment Loss:0.2869	Valence Loss:0.2986	 Arousal Loss:0.3957	
[2025-11-17 17:21:19,952][run_task2&3_trainer_multilingual.py][line:1124][INFO] Epoch:[1/1]	 Batch:[1690/2792.0]	 Loss Sum:12.0907	forward Loss:0.4172;4.4206	 backward Loss:2.4685;0.2305	 Sentiment Loss:2.8229	Valence Loss:8.2709	 Arousal Loss:0.384	
[2025-11-17 17:21:23,641][run_task2&3_trainer_multilingual.py][line:1124][INFO] Epoch:[1/1]	 Batch:[1700/2792.0]	 Loss Sum:36.7424	forward Loss:12.6046;4.4036	 backward Loss:7.2768;5.748	 Sentiment Loss:5.915	Valence Loss:3.8948	 Arousal Loss:0.0768	
[2025-11-17 17:21:27,319][run_task2&3_trainer_multilingual.py][line:1124][INFO] Epoch:[1/1]	 Batch:[1710/2792.0]	 Loss Sum:27.4001	forward Loss:9.2245;2.4424	 backward Loss:12.6673;1.8077	 Sentiment Loss:1.2063	Valence Loss:0.2007	 Arousal Loss:0.0587	
[2025-11-17 17:21:30,999][run_task2&3_trainer_multilingual.py][line:1124][INFO] Epoch:[1/1]	 Batch:[1720/2792.0]	 Loss Sum:11.2649	forward Loss:2.6246;0.9949	 backward Loss:2.3835;2.8166	 Sentiment Loss:2.3262	Valence Loss:0.2691	 Arousal Loss:0.3264	
[2025-11-17 17:21:34,678][run_task2&3_trainer_multilingual.py][line:1124][INFO] Epoch:[1/1]	 Batch:[1730/2792.0]	 Loss Sum:31.705	forward Loss:12.2468;4.5185	 backward Loss:11.0058;3.0045	 Sentiment Loss:0.624	Valence Loss:1.3571	 Arousal Loss:0.1696	
[2025-11-17 17:21:38,358][run_task2&3_trainer_multilingual.py][line:1124][INFO] Epoch:[1/1]	 Batch:[1740/2792.0]	 Loss Sum:17.2832	forward Loss:6.0711;1.9173	 backward Loss:3.4931;2.2109	 Sentiment Loss:3.3393	Valence Loss:1.138	 Arousal Loss:0.1187	
[2025-11-17 17:21:42,033][run_task2&3_trainer_multilingual.py][line:1124][INFO] Epoch:[1/1]	 Batch:[1750/2792.0]	 Loss Sum:32.9963	forward Loss:10.4188;6.8751	 backward Loss:7.6435;5.3409	 Sentiment Loss:2.0126	Valence Loss:2.47	 Arousal Loss:1.0562	
[2025-11-17 17:21:45,712][run_task2&3_trainer_multilingual.py][line:1124][INFO] Epoch:[1/1]	 Batch:[1760/2792.0]	 Loss Sum:15.4575	forward Loss:1.7577;4.6016	 backward Loss:7.3839;0.3095	 Sentiment Loss:1.3003	Valence Loss:0.2004	 Arousal Loss:0.322	
[2025-11-17 17:21:49,394][run_task2&3_trainer_multilingual.py][line:1124][INFO] Epoch:[1/1]	 Batch:[1770/2792.0]	 Loss Sum:6.0805	forward Loss:0.7483;0.8158	 backward Loss:0.4209;1.1295	 Sentiment Loss:2.7544	Valence Loss:0.7865	 Arousal Loss:0.2718	
[2025-11-17 17:21:53,070][run_task2&3_trainer_multilingual.py][line:1124][INFO] Epoch:[1/1]	 Batch:[1780/2792.0]	 Loss Sum:5.4163	forward Loss:0.9974;0.4481	 backward Loss:1.0113;0.7039	 Sentiment Loss:1.24	Valence Loss:2.7167	 Arousal Loss:2.3615	
[2025-11-17 17:21:56,749][run_task2&3_trainer_multilingual.py][line:1124][INFO] Epoch:[1/1]	 Batch:[1790/2792.0]	 Loss Sum:19.998	forward Loss:8.9993;1.13	 backward Loss:8.2895;0.9257	 Sentiment Loss:0.5991	Valence Loss:0.145	 Arousal Loss:0.1265	
[2025-11-17 17:22:00,422][run_task2&3_trainer_multilingual.py][line:1124][INFO] Epoch:[1/1]	 Batch:[1800/2792.0]	 Loss Sum:24.8753	forward Loss:1.4907;5.6041	 backward Loss:16.74;0.6276	 Sentiment Loss:0.287	Valence Loss:0.1368	 Arousal Loss:0.4927	
[2025-11-17 17:22:04,104][run_task2&3_trainer_multilingual.py][line:1124][INFO] Epoch:[1/1]	 Batch:[1810/2792.0]	 Loss Sum:11.8653	forward Loss:6.0427;1.7114	 backward Loss:2.9523;0.8981	 Sentiment Loss:0.1381	Valence Loss:0.38	 Arousal Loss:0.233	
[2025-11-17 17:22:07,777][run_task2&3_trainer_multilingual.py][line:1124][INFO] Epoch:[1/1]	 Batch:[1820/2792.0]	 Loss Sum:11.5867	forward Loss:3.8933;0.963	 backward Loss:4.1188;1.2503	 Sentiment Loss:1.0742	Valence Loss:1.2267	 Arousal Loss:0.2087	
[2025-11-17 17:22:11,454][run_task2&3_trainer_multilingual.py][line:1124][INFO] Epoch:[1/1]	 Batch:[1830/2792.0]	 Loss Sum:18.2937	forward Loss:1.1614;5.5054	 backward Loss:3.7545;0.702	 Sentiment Loss:6.5498	Valence Loss:2.7854	 Arousal Loss:0.3173	
[2025-11-17 17:22:15,132][run_task2&3_trainer_multilingual.py][line:1124][INFO] Epoch:[1/1]	 Batch:[1840/2792.0]	 Loss Sum:33.542	forward Loss:16.5785;3.0194	 backward Loss:10.0969;2.4838	 Sentiment Loss:0.4148	Valence Loss:3.2833	 Arousal Loss:1.4599	
[2025-11-17 17:22:18,808][run_task2&3_trainer_multilingual.py][line:1124][INFO] Epoch:[1/1]	 Batch:[1850/2792.0]	 Loss Sum:19.2147	forward Loss:9.3399;2.3632	 backward Loss:5.2648;1.2775	 Sentiment Loss:0.8222	Valence Loss:0.5874	 Arousal Loss:0.1479	
[2025-11-17 17:22:22,484][run_task2&3_trainer_multilingual.py][line:1124][INFO] Epoch:[1/1]	 Batch:[1860/2792.0]	 Loss Sum:30.6886	forward Loss:7.7631;4.6309	 backward Loss:11.1802;2.8158	 Sentiment Loss:3.9498	Valence Loss:0.4094	 Arousal Loss:1.3343	
[2025-11-17 17:22:26,165][run_task2&3_trainer_multilingual.py][line:1124][INFO] Epoch:[1/1]	 Batch:[1870/2792.0]	 Loss Sum:14.2795	forward Loss:6.2485;2.0121	 backward Loss:3.159;1.3251	 Sentiment Loss:0.9954	Valence Loss:1.425	 Arousal Loss:1.2713	
[2025-11-17 17:22:29,847][run_task2&3_trainer_multilingual.py][line:1124][INFO] Epoch:[1/1]	 Batch:[1880/2792.0]	 Loss Sum:8.91	forward Loss:1.8502;2.5266	 backward Loss:1.7238;2.5446	 Sentiment Loss:0.14	Valence Loss:0.1878	 Arousal Loss:0.4352	
[2025-11-17 17:22:33,536][run_task2&3_trainer_multilingual.py][line:1124][INFO] Epoch:[1/1]	 Batch:[1890/2792.0]	 Loss Sum:4.5139	forward Loss:0.4922;1.6166	 backward Loss:0.5;0.6228	 Sentiment Loss:0.8563	Valence Loss:2.0546	 Arousal Loss:0.0754	
[2025-11-17 17:22:37,237][run_task2&3_trainer_multilingual.py][line:1124][INFO] Epoch:[1/1]	 Batch:[1900/2792.0]	 Loss Sum:24.6553	forward Loss:3.0128;5.5495	 backward Loss:9.2892;1.083	 Sentiment Loss:5.5538	Valence Loss:0.5939	 Arousal Loss:0.2417	
[2025-11-17 17:22:40,917][run_task2&3_trainer_multilingual.py][line:1124][INFO] Epoch:[1/1]	 Batch:[1910/2792.0]	 Loss Sum:9.9395	forward Loss:0.6116;2.0233	 backward Loss:1.5939;3.2829	 Sentiment Loss:2.3028	Valence Loss:0.3171	 Arousal Loss:0.3073	
[2025-11-17 17:22:44,607][run_task2&3_trainer_multilingual.py][line:1124][INFO] Epoch:[1/1]	 Batch:[1920/2792.0]	 Loss Sum:22.0947	forward Loss:2.606;8.5424	 backward Loss:6.8952;2.6565	 Sentiment Loss:1.3462	Valence Loss:0.0979	 Arousal Loss:0.1441	
[2025-11-17 17:22:48,293][run_task2&3_trainer_multilingual.py][line:1124][INFO] Epoch:[1/1]	 Batch:[1930/2792.0]	 Loss Sum:11.0187	forward Loss:1.2675;1.9831	 backward Loss:5.1046;1.8807	 Sentiment Loss:0.0911	Valence Loss:2.6986	 Arousal Loss:0.7594	
[2025-11-17 17:22:51,963][run_task2&3_trainer_multilingual.py][line:1124][INFO] Epoch:[1/1]	 Batch:[1940/2792.0]	 Loss Sum:4.003	forward Loss:0.2069;1.6625	 backward Loss:1.0726;0.447	 Sentiment Loss:0.059	Valence Loss:1.0906	 Arousal Loss:1.6839	
[2025-11-17 17:22:55,650][run_task2&3_trainer_multilingual.py][line:1124][INFO] Epoch:[1/1]	 Batch:[1950/2792.0]	 Loss Sum:7.8082	forward Loss:2.9069;0.8405	 backward Loss:3.0635;0.792	 Sentiment Loss:0.0784	Valence Loss:0.2685	 Arousal Loss:0.3655	
[2025-11-17 17:22:59,319][run_task2&3_trainer_multilingual.py][line:1124][INFO] Epoch:[1/1]	 Batch:[1960/2792.0]	 Loss Sum:10.5716	forward Loss:4.9564;0.6768	 backward Loss:1.4712;2.6749	 Sentiment Loss:0.5334	Valence Loss:1.1655	 Arousal Loss:0.1293	
[2025-11-17 17:23:02,991][run_task2&3_trainer_multilingual.py][line:1124][INFO] Epoch:[1/1]	 Batch:[1970/2792.0]	 Loss Sum:7.2729	forward Loss:0.4361;2.8702	 backward Loss:2.5875;0.2737	 Sentiment Loss:0.797	Valence Loss:0.1451	 Arousal Loss:1.3966	
[2025-11-17 17:23:06,668][run_task2&3_trainer_multilingual.py][line:1124][INFO] Epoch:[1/1]	 Batch:[1980/2792.0]	 Loss Sum:11.1295	forward Loss:1.6886;1.4118	 backward Loss:1.4922;1.2076	 Sentiment Loss:5.179	Valence Loss:0.1409	 Arousal Loss:0.6104	
[2025-11-17 17:23:10,341][run_task2&3_trainer_multilingual.py][line:1124][INFO] Epoch:[1/1]	 Batch:[1990/2792.0]	 Loss Sum:32.0867	forward Loss:9.654;7.3036	 backward Loss:11.0101;3.1941	 Sentiment Loss:0.8429	Valence Loss:0.1928	 Arousal Loss:0.2169	
[2025-11-17 17:23:14,019][run_task2&3_trainer_multilingual.py][line:1124][INFO] Epoch:[1/1]	 Batch:[2000/2792.0]	 Loss Sum:19.8149	forward Loss:6.2465;0.7579	 backward Loss:1.1966;4.273	 Sentiment Loss:7.1803	Valence Loss:0.1628	 Arousal Loss:0.64	
[2025-11-17 17:23:17,698][run_task2&3_trainer_multilingual.py][line:1124][INFO] Epoch:[1/1]	 Batch:[2010/2792.0]	 Loss Sum:6.7423	forward Loss:1.9135;0.9028	 backward Loss:2.7114;0.4745	 Sentiment Loss:0.3583	Valence Loss:1.7458	 Arousal Loss:0.1633	
[2025-11-17 17:23:21,374][run_task2&3_trainer_multilingual.py][line:1124][INFO] Epoch:[1/1]	 Batch:[2020/2792.0]	 Loss Sum:38.8195	forward Loss:5.1948;9.1119	 backward Loss:15.6846;5.5647	 Sentiment Loss:0.9177	Valence Loss:11.5866	 Arousal Loss:0.1431	
[2025-11-17 17:23:25,050][run_task2&3_trainer_multilingual.py][line:1124][INFO] Epoch:[1/1]	 Batch:[2030/2792.0]	 Loss Sum:20.1935	forward Loss:2.8494;2.7576	 backward Loss:9.1053;3.1065	 Sentiment Loss:2.2443	Valence Loss:0.3321	 Arousal Loss:0.3192	
[2025-11-17 17:23:28,729][run_task2&3_trainer_multilingual.py][line:1124][INFO] Epoch:[1/1]	 Batch:[2040/2792.0]	 Loss Sum:38.3344	forward Loss:1.9424;13.3376	 backward Loss:12.3612;4.3475	 Sentiment Loss:5.2204	Valence Loss:3.3085	 Arousal Loss:2.3176	
[2025-11-17 17:23:32,407][run_task2&3_trainer_multilingual.py][line:1124][INFO] Epoch:[1/1]	 Batch:[2050/2792.0]	 Loss Sum:22.4603	forward Loss:8.0286;2.3311	 backward Loss:5.6022;3.0005	 Sentiment Loss:3.3899	Valence Loss:0.4042	 Arousal Loss:0.1355	
[2025-11-17 17:23:36,078][run_task2&3_trainer_multilingual.py][line:1124][INFO] Epoch:[1/1]	 Batch:[2060/2792.0]	 Loss Sum:12.0442	forward Loss:1.3546;1.1785	 backward Loss:6.6563;2.628	 Sentiment Loss:0.1369	Valence Loss:0.143	 Arousal Loss:0.3064	
[2025-11-17 17:23:39,762][run_task2&3_trainer_multilingual.py][line:1124][INFO] Epoch:[1/1]	 Batch:[2070/2792.0]	 Loss Sum:5.0594	forward Loss:0.5494;0.848	 backward Loss:0.8709;0.5386	 Sentiment Loss:2.1757	Valence Loss:0.3184	 Arousal Loss:0.0658	
[2025-11-17 17:23:43,434][run_task2&3_trainer_multilingual.py][line:1124][INFO] Epoch:[1/1]	 Batch:[2080/2792.0]	 Loss Sum:18.8135	forward Loss:6.2936;1.5543	 backward Loss:7.9416;1.722	 Sentiment Loss:0.358	Valence Loss:4.5276	 Arousal Loss:0.1922	
[2025-11-17 17:23:47,110][run_task2&3_trainer_multilingual.py][line:1124][INFO] Epoch:[1/1]	 Batch:[2090/2792.0]	 Loss Sum:4.8393	forward Loss:1.2693;0.8628	 backward Loss:1.0419;0.8985	 Sentiment Loss:0.6301	Valence Loss:0.4172	 Arousal Loss:0.2662	
[2025-11-17 17:23:50,792][run_task2&3_trainer_multilingual.py][line:1124][INFO] Epoch:[1/1]	 Batch:[2100/2792.0]	 Loss Sum:1.6378	forward Loss:0.2266;0.3355	 backward Loss:0.6093;0.2172	 Sentiment Loss:0.0316	Valence Loss:0.8591	 Arousal Loss:0.229	
[2025-11-17 17:23:54,461][run_task2&3_trainer_multilingual.py][line:1124][INFO] Epoch:[1/1]	 Batch:[2110/2792.0]	 Loss Sum:10.8296	forward Loss:2.5225;2.4245	 backward Loss:4.0467;0.3898	 Sentiment Loss:1.4079	Valence Loss:0.1188	 Arousal Loss:0.0718	
[2025-11-17 17:23:58,132][run_task2&3_trainer_multilingual.py][line:1124][INFO] Epoch:[1/1]	 Batch:[2120/2792.0]	 Loss Sum:9.4215	forward Loss:3.0395;1.3527	 backward Loss:3.5525;0.4379	 Sentiment Loss:0.8545	Valence Loss:0.2028	 Arousal Loss:0.7191	
[2025-11-17 17:24:01,811][run_task2&3_trainer_multilingual.py][line:1124][INFO] Epoch:[1/1]	 Batch:[2130/2792.0]	 Loss Sum:20.4477	forward Loss:2.6473;6.6935	 backward Loss:6.131;1.9488	 Sentiment Loss:1.7426	Valence Loss:3.7162	 Arousal Loss:2.706	
[2025-11-17 17:24:05,486][run_task2&3_trainer_multilingual.py][line:1124][INFO] Epoch:[1/1]	 Batch:[2140/2792.0]	 Loss Sum:14.2115	forward Loss:2.2867;1.9501	 backward Loss:3.7843;2.5584	 Sentiment Loss:3.5214	Valence Loss:0.4341	 Arousal Loss:0.1181	
[2025-11-17 17:24:09,182][run_task2&3_trainer_multilingual.py][line:1124][INFO] Epoch:[1/1]	 Batch:[2150/2792.0]	 Loss Sum:10.2187	forward Loss:1.6169;1.3243	 backward Loss:5.0923;1.8476	 Sentiment Loss:0.0305	Valence Loss:1.4438	 Arousal Loss:0.0922	
[2025-11-17 17:24:12,865][run_task2&3_trainer_multilingual.py][line:1124][INFO] Epoch:[1/1]	 Batch:[2160/2792.0]	 Loss Sum:14.7396	forward Loss:1.3458;5.1392	 backward Loss:4.0839;0.6666	 Sentiment Loss:2.7478	Valence Loss:2.6236	 Arousal Loss:1.1581	
[2025-11-17 17:24:16,533][run_task2&3_trainer_multilingual.py][line:1124][INFO] Epoch:[1/1]	 Batch:[2170/2792.0]	 Loss Sum:4.9223	forward Loss:1.4265;0.658	 backward Loss:0.8894;1.5456	 Sentiment Loss:0.1162	Valence Loss:0.5229	 Arousal Loss:0.91	
[2025-11-17 17:24:20,209][run_task2&3_trainer_multilingual.py][line:1124][INFO] Epoch:[1/1]	 Batch:[2180/2792.0]	 Loss Sum:14.5033	forward Loss:1.9078;3.3723	 backward Loss:4.8575;3.0765	 Sentiment Loss:1.0169	Valence Loss:1.0348	 Arousal Loss:0.3264	
[2025-11-17 17:24:23,891][run_task2&3_trainer_multilingual.py][line:1124][INFO] Epoch:[1/1]	 Batch:[2190/2792.0]	 Loss Sum:17.8393	forward Loss:0.7337;2.942	 backward Loss:10.5281;0.7714	 Sentiment Loss:2.7605	Valence Loss:0.3457	 Arousal Loss:0.1721	
[2025-11-17 17:24:27,565][run_task2&3_trainer_multilingual.py][line:1124][INFO] Epoch:[1/1]	 Batch:[2200/2792.0]	 Loss Sum:7.2152	forward Loss:0.7016;2.7346	 backward Loss:2.3964;1.0844	 Sentiment Loss:0.0695	Valence Loss:0.9376	 Arousal Loss:0.206	
[2025-11-17 17:24:31,245][run_task2&3_trainer_multilingual.py][line:1124][INFO] Epoch:[1/1]	 Batch:[2210/2792.0]	 Loss Sum:7.8829	forward Loss:1.8464;2.1546	 backward Loss:1.0354;2.1603	 Sentiment Loss:0.627	Valence Loss:0.1961	 Arousal Loss:0.0997	
[2025-11-17 17:24:34,922][run_task2&3_trainer_multilingual.py][line:1124][INFO] Epoch:[1/1]	 Batch:[2220/2792.0]	 Loss Sum:18.6573	forward Loss:2.5222;2.5039	 backward Loss:11.0857;0.6966	 Sentiment Loss:1.5416	Valence Loss:0.7555	 Arousal Loss:0.7813	
[2025-11-17 17:24:38,599][run_task2&3_trainer_multilingual.py][line:1124][INFO] Epoch:[1/1]	 Batch:[2230/2792.0]	 Loss Sum:10.2974	forward Loss:0.9237;2.7706	 backward Loss:5.1913;0.9117	 Sentiment Loss:0.0745	Valence Loss:1.7378	 Arousal Loss:0.3909	
[2025-11-17 17:24:42,270][run_task2&3_trainer_multilingual.py][line:1124][INFO] Epoch:[1/1]	 Batch:[2240/2792.0]	 Loss Sum:2.6847	forward Loss:0.9368;0.5168	 backward Loss:0.3454;0.7236	 Sentiment Loss:0.058	Valence Loss:0.3356	 Arousal Loss:0.1848	
[2025-11-17 17:24:45,946][run_task2&3_trainer_multilingual.py][line:1124][INFO] Epoch:[1/1]	 Batch:[2250/2792.0]	 Loss Sum:9.3265	forward Loss:0.4086;3.0244	 backward Loss:3.1601;0.8557	 Sentiment Loss:1.724	Valence Loss:0.3527	 Arousal Loss:0.4162	
[2025-11-17 17:24:49,633][run_task2&3_trainer_multilingual.py][line:1124][INFO] Epoch:[1/1]	 Batch:[2260/2792.0]	 Loss Sum:43.2426	forward Loss:12.8522;3.6486	 backward Loss:15.195;4.5904	 Sentiment Loss:6.9437	Valence Loss:0.0311	 Arousal Loss:0.0327	
[2025-11-17 17:24:53,318][run_task2&3_trainer_multilingual.py][line:1124][INFO] Epoch:[1/1]	 Batch:[2270/2792.0]	 Loss Sum:21.6277	forward Loss:9.6131;2.2181	 backward Loss:6.0439;2.0661	 Sentiment Loss:1.4311	Valence Loss:1.1653	 Arousal Loss:0.112	
[2025-11-17 17:24:56,992][run_task2&3_trainer_multilingual.py][line:1124][INFO] Epoch:[1/1]	 Batch:[2280/2792.0]	 Loss Sum:19.7317	forward Loss:4.0874;7.1709	 backward Loss:6.9968;1.0781	 Sentiment Loss:0.1513	Valence Loss:0.7889	 Arousal Loss:0.4467	
[2025-11-17 17:25:00,664][run_task2&3_trainer_multilingual.py][line:1124][INFO] Epoch:[1/1]	 Batch:[2290/2792.0]	 Loss Sum:16.2654	forward Loss:4.5052;2.025	 backward Loss:2.4716;1.7307	 Sentiment Loss:5.1362	Valence Loss:1.4786	 Arousal Loss:0.5048	
[2025-11-17 17:25:04,338][run_task2&3_trainer_multilingual.py][line:1124][INFO] Epoch:[1/1]	 Batch:[2300/2792.0]	 Loss Sum:19.2544	forward Loss:3.8274;1.5982	 backward Loss:7.6933;1.4455	 Sentiment Loss:4.5896	Valence Loss:0.3443	 Arousal Loss:0.158	
[2025-11-17 17:25:08,018][run_task2&3_trainer_multilingual.py][line:1124][INFO] Epoch:[1/1]	 Batch:[2310/2792.0]	 Loss Sum:50.7076	forward Loss:16.5335;6.8275	 backward Loss:4.2734;18.165	 Sentiment Loss:4.5121	Valence Loss:1.835	 Arousal Loss:0.145	
[2025-11-17 17:25:11,695][run_task2&3_trainer_multilingual.py][line:1124][INFO] Epoch:[1/1]	 Batch:[2320/2792.0]	 Loss Sum:12.7498	forward Loss:4.4611;1.8119	 backward Loss:5.6948;0.3408	 Sentiment Loss:0.0269	Valence Loss:1.4205	 Arousal Loss:0.6505	
[2025-11-17 17:25:15,374][run_task2&3_trainer_multilingual.py][line:1124][INFO] Epoch:[1/1]	 Batch:[2330/2792.0]	 Loss Sum:21.7411	forward Loss:7.9248;2.7188	 backward Loss:5.7046;3.6702	 Sentiment Loss:1.099	Valence Loss:3.028	 Arousal Loss:0.0904	
[2025-11-17 17:25:19,050][run_task2&3_trainer_multilingual.py][line:1124][INFO] Epoch:[1/1]	 Batch:[2340/2792.0]	 Loss Sum:7.0117	forward Loss:0.4387;1.9452	 backward Loss:0.9042;0.2222	 Sentiment Loss:2.783	Valence Loss:2.2186	 Arousal Loss:1.3733	
[2025-11-17 17:25:22,730][run_task2&3_trainer_multilingual.py][line:1124][INFO] Epoch:[1/1]	 Batch:[2350/2792.0]	 Loss Sum:11.0565	forward Loss:3.0976;2.0179	 backward Loss:1.2613;3.9356	 Sentiment Loss:0.4839	Valence Loss:0.7874	 Arousal Loss:0.5137	
[2025-11-17 17:25:26,404][run_task2&3_trainer_multilingual.py][line:1124][INFO] Epoch:[1/1]	 Batch:[2360/2792.0]	 Loss Sum:27.0956	forward Loss:4.1613;5.4858	 backward Loss:8.9547;5.1177	 Sentiment Loss:3.2391	Valence Loss:0.1599	 Arousal Loss:0.5254	
[2025-11-17 17:25:30,083][run_task2&3_trainer_multilingual.py][line:1124][INFO] Epoch:[1/1]	 Batch:[2370/2792.0]	 Loss Sum:41.276	forward Loss:2.8116;9.7664	 backward Loss:18.5145;4.5469	 Sentiment Loss:3.262	Valence Loss:11.194	 Arousal Loss:0.6794	
[2025-11-17 17:25:33,767][run_task2&3_trainer_multilingual.py][line:1124][INFO] Epoch:[1/1]	 Batch:[2380/2792.0]	 Loss Sum:18.6916	forward Loss:3.8857;2.5875	 backward Loss:6.1571;5.5486	 Sentiment Loss:0.2845	Valence Loss:0.1537	 Arousal Loss:0.9872	
[2025-11-17 17:25:37,460][run_task2&3_trainer_multilingual.py][line:1124][INFO] Epoch:[1/1]	 Batch:[2390/2792.0]	 Loss Sum:20.0656	forward Loss:0.2271;7.4889	 backward Loss:9.4512;0.2298	 Sentiment Loss:2.5321	Valence Loss:0.5814	 Arousal Loss:0.1011	
[2025-11-17 17:25:41,131][run_task2&3_trainer_multilingual.py][line:1124][INFO] Epoch:[1/1]	 Batch:[2400/2792.0]	 Loss Sum:22.0567	forward Loss:2.1444;4.0707	 backward Loss:8.2026;3.5297	 Sentiment Loss:4.0287	Valence Loss:0.2736	 Arousal Loss:0.1295	
[2025-11-17 17:25:44,810][run_task2&3_trainer_multilingual.py][line:1124][INFO] Epoch:[1/1]	 Batch:[2410/2792.0]	 Loss Sum:16.6382	forward Loss:1.9731;2.7338	 backward Loss:9.9204;1.417	 Sentiment Loss:0.1797	Valence Loss:1.4291	 Arousal Loss:0.6416	
[2025-11-17 17:25:48,496][run_task2&3_trainer_multilingual.py][line:1124][INFO] Epoch:[1/1]	 Batch:[2420/2792.0]	 Loss Sum:11.4007	forward Loss:0.6933;2.4381	 backward Loss:6.81;0.4773	 Sentiment Loss:0.873	Valence Loss:0.3654	 Arousal Loss:0.1795	
[2025-11-17 17:25:52,180][run_task2&3_trainer_multilingual.py][line:1124][INFO] Epoch:[1/1]	 Batch:[2430/2792.0]	 Loss Sum:17.4064	forward Loss:5.6723;2.7457	 backward Loss:5.5085;2.3879	 Sentiment Loss:0.9635	Valence Loss:0.1942	 Arousal Loss:0.4483	
[2025-11-17 17:25:55,853][run_task2&3_trainer_multilingual.py][line:1124][INFO] Epoch:[1/1]	 Batch:[2440/2792.0]	 Loss Sum:27.2247	forward Loss:1.2754;8.9851	 backward Loss:14.6361;1.6438	 Sentiment Loss:0.5687	Valence Loss:0.0975	 Arousal Loss:0.4801	
[2025-11-17 17:25:59,536][run_task2&3_trainer_multilingual.py][line:1124][INFO] Epoch:[1/1]	 Batch:[2450/2792.0]	 Loss Sum:5.4545	forward Loss:0.26;1.506	 backward Loss:3.3226;0.1462	 Sentiment Loss:0.0881	Valence Loss:0.6192	 Arousal Loss:0.0387	
[2025-11-17 17:26:03,211][run_task2&3_trainer_multilingual.py][line:1124][INFO] Epoch:[1/1]	 Batch:[2460/2792.0]	 Loss Sum:16.756	forward Loss:1.6667;2.0419	 backward Loss:10.8025;0.7984	 Sentiment Loss:0.8793	Valence Loss:2.3319	 Arousal Loss:0.5044	
[2025-11-17 17:26:06,906][run_task2&3_trainer_multilingual.py][line:1124][INFO] Epoch:[1/1]	 Batch:[2470/2792.0]	 Loss Sum:10.6687	forward Loss:0.9021;2.7042	 backward Loss:6.0678;0.2374	 Sentiment Loss:0.5549	Valence Loss:0.2151	 Arousal Loss:0.7965	
[2025-11-17 17:26:10,580][run_task2&3_trainer_multilingual.py][line:1124][INFO] Epoch:[1/1]	 Batch:[2480/2792.0]	 Loss Sum:13.6229	forward Loss:1.6542;1.7579	 backward Loss:5.1155;1.3231	 Sentiment Loss:3.0433	Valence Loss:3.5715	 Arousal Loss:0.0729	
[2025-11-17 17:26:14,263][run_task2&3_trainer_multilingual.py][line:1124][INFO] Epoch:[1/1]	 Batch:[2490/2792.0]	 Loss Sum:10.774	forward Loss:0.5313;3.4145	 backward Loss:3.7521;0.9844	 Sentiment Loss:1.7105	Valence Loss:1.0723	 Arousal Loss:0.8335	
[2025-11-17 17:26:17,952][run_task2&3_trainer_multilingual.py][line:1124][INFO] Epoch:[1/1]	 Batch:[2500/2792.0]	 Loss Sum:11.7869	forward Loss:4.3226;1.2125	 backward Loss:3.008;0.7948	 Sentiment Loss:1.7625	Valence Loss:2.4051	 Arousal Loss:1.028	
[2025-11-17 17:26:21,634][run_task2&3_trainer_multilingual.py][line:1124][INFO] Epoch:[1/1]	 Batch:[2510/2792.0]	 Loss Sum:18.4764	forward Loss:0.6783;6.6807	 backward Loss:5.5291;4.4859	 Sentiment Loss:0.9571	Valence Loss:0.6088	 Arousal Loss:0.1184	
[2025-11-17 17:26:25,309][run_task2&3_trainer_multilingual.py][line:1124][INFO] Epoch:[1/1]	 Batch:[2520/2792.0]	 Loss Sum:13.5089	forward Loss:0.2986;5.1906	 backward Loss:6.3944;0.2778	 Sentiment Loss:1.1549	Valence Loss:0.8704	 Arousal Loss:0.0922	
[2025-11-17 17:26:28,988][run_task2&3_trainer_multilingual.py][line:1124][INFO] Epoch:[1/1]	 Batch:[2530/2792.0]	 Loss Sum:12.4371	forward Loss:3.0284;1.4106	 backward Loss:6.3362;1.4352	 Sentiment Loss:0.1368	Valence Loss:0.1911	 Arousal Loss:0.2578	
[2025-11-17 17:26:32,662][run_task2&3_trainer_multilingual.py][line:1124][INFO] Epoch:[1/1]	 Batch:[2540/2792.0]	 Loss Sum:3.3136	forward Loss:0.1967;0.8996	 backward Loss:1.2663;0.1787	 Sentiment Loss:0.3806	Valence Loss:1.5655	 Arousal Loss:0.3929	
[2025-11-17 17:26:36,343][run_task2&3_trainer_multilingual.py][line:1124][INFO] Epoch:[1/1]	 Batch:[2550/2792.0]	 Loss Sum:32.2615	forward Loss:11.0534;9.8423	 backward Loss:7.1421;2.9684	 Sentiment Loss:1.184	Valence Loss:0.0526	 Arousal Loss:0.3035	
[2025-11-17 17:26:40,024][run_task2&3_trainer_multilingual.py][line:1124][INFO] Epoch:[1/1]	 Batch:[2560/2792.0]	 Loss Sum:9.0093	forward Loss:2.794;1.317	 backward Loss:2.8152;1.7505	 Sentiment Loss:0.026	Valence Loss:0.8492	 Arousal Loss:0.6835	
[2025-11-17 17:26:43,703][run_task2&3_trainer_multilingual.py][line:1124][INFO] Epoch:[1/1]	 Batch:[2570/2792.0]	 Loss Sum:14.0595	forward Loss:4.5013;2.227	 backward Loss:6.0291;0.3681	 Sentiment Loss:0.6984	Valence Loss:0.317	 Arousal Loss:0.861	
[2025-11-17 17:26:47,382][run_task2&3_trainer_multilingual.py][line:1124][INFO] Epoch:[1/1]	 Batch:[2580/2792.0]	 Loss Sum:2.6204	forward Loss:0.0933;0.8875	 backward Loss:0.6879;0.0605	 Sentiment Loss:0.6181	Valence Loss:0.0847	 Arousal Loss:1.2806	
[2025-11-17 17:26:51,068][run_task2&3_trainer_multilingual.py][line:1124][INFO] Epoch:[1/1]	 Batch:[2590/2792.0]	 Loss Sum:19.2382	forward Loss:1.9804;8.2049	 backward Loss:6.5232;0.4567	 Sentiment Loss:1.636	Valence Loss:1.8926	 Arousal Loss:0.2916	
[2025-11-17 17:26:54,739][run_task2&3_trainer_multilingual.py][line:1124][INFO] Epoch:[1/1]	 Batch:[2600/2792.0]	 Loss Sum:7.3795	forward Loss:3.0882;0.8212	 backward Loss:1.0471;1.6718	 Sentiment Loss:0.1463	Valence Loss:2.8543	 Arousal Loss:0.1708	
[2025-11-17 17:26:58,432][run_task2&3_trainer_multilingual.py][line:1124][INFO] Epoch:[1/1]	 Batch:[2610/2792.0]	 Loss Sum:17.3645	forward Loss:2.8669;1.3613	 backward Loss:3.5966;0.5959	 Sentiment Loss:8.7827	Valence Loss:0.1858	 Arousal Loss:0.6198	
[2025-11-17 17:27:02,103][run_task2&3_trainer_multilingual.py][line:1124][INFO] Epoch:[1/1]	 Batch:[2620/2792.0]	 Loss Sum:14.9736	forward Loss:3.9621;3.3432	 backward Loss:3.553;0.6217	 Sentiment Loss:1.9141	Valence Loss:7.6052	 Arousal Loss:0.2924	
[2025-11-17 17:27:05,798][run_task2&3_trainer_multilingual.py][line:1124][INFO] Epoch:[1/1]	 Batch:[2630/2792.0]	 Loss Sum:64.5085	forward Loss:29.5662;3.5049	 backward Loss:16.0222;12.1311	 Sentiment Loss:3.0554	Valence Loss:0.6888	 Arousal Loss:0.4546	
[2025-11-17 17:27:09,489][run_task2&3_trainer_multilingual.py][line:1124][INFO] Epoch:[1/1]	 Batch:[2640/2792.0]	 Loss Sum:6.3918	forward Loss:0.2126;1.6923	 backward Loss:3.4733;0.1644	 Sentiment Loss:0.7693	Valence Loss:0.2344	 Arousal Loss:0.165	
[2025-11-17 17:27:13,168][run_task2&3_trainer_multilingual.py][line:1124][INFO] Epoch:[1/1]	 Batch:[2650/2792.0]	 Loss Sum:23.5702	forward Loss:5.5927;5.7967	 backward Loss:7.7971;3.1786	 Sentiment Loss:0.8308	Valence Loss:0.8777	 Arousal Loss:0.9937	
[2025-11-17 17:27:16,852][run_task2&3_trainer_multilingual.py][line:1124][INFO] Epoch:[1/1]	 Batch:[2660/2792.0]	 Loss Sum:27.7305	forward Loss:6.7617;4.0918	 backward Loss:8.5293;2.7182	 Sentiment Loss:5.525	Valence Loss:0.439	 Arousal Loss:0.0836	
[2025-11-17 17:27:20,537][run_task2&3_trainer_multilingual.py][line:1124][INFO] Epoch:[1/1]	 Batch:[2670/2792.0]	 Loss Sum:9.2181	forward Loss:5.3274;0.6003	 backward Loss:1.4015;1.1522	 Sentiment Loss:0.3986	Valence Loss:1.501	 Arousal Loss:0.1896	
[2025-11-17 17:27:24,217][run_task2&3_trainer_multilingual.py][line:1124][INFO] Epoch:[1/1]	 Batch:[2680/2792.0]	 Loss Sum:11.6148	forward Loss:0.989;3.7123	 backward Loss:5.2395;0.6373	 Sentiment Loss:0.9396	Valence Loss:0.283	 Arousal Loss:0.2019	
[2025-11-17 17:27:27,906][run_task2&3_trainer_multilingual.py][line:1124][INFO] Epoch:[1/1]	 Batch:[2690/2792.0]	 Loss Sum:18.4179	forward Loss:2.411;5.0613	 backward Loss:8.3481;1.4325	 Sentiment Loss:0.2406	Valence Loss:4.0327	 Arousal Loss:0.5897	
[2025-11-17 17:27:31,583][run_task2&3_trainer_multilingual.py][line:1124][INFO] Epoch:[1/1]	 Batch:[2700/2792.0]	 Loss Sum:16.7161	forward Loss:4.6971;4.5125	 backward Loss:3.7124;1.5026	 Sentiment Loss:1.9863	Valence Loss:1.3937	 Arousal Loss:0.1322	
[2025-11-17 17:27:35,262][run_task2&3_trainer_multilingual.py][line:1124][INFO] Epoch:[1/1]	 Batch:[2710/2792.0]	 Loss Sum:20.1538	forward Loss:0.834;6.5825	 backward Loss:6.7757;0.4499	 Sentiment Loss:5.3365	Valence Loss:0.787	 Arousal Loss:0.0894	
[2025-11-17 17:27:38,942][run_task2&3_trainer_multilingual.py][line:1124][INFO] Epoch:[1/1]	 Batch:[2720/2792.0]	 Loss Sum:7.3453	forward Loss:1.0641;1.6339	 backward Loss:2.6209;0.8196	 Sentiment Loss:1.1639	Valence Loss:0.0675	 Arousal Loss:0.1471	
[2025-11-17 17:27:42,618][run_task2&3_trainer_multilingual.py][line:1124][INFO] Epoch:[1/1]	 Batch:[2730/2792.0]	 Loss Sum:11.8433	forward Loss:1.4469;3.4196	 backward Loss:2.7732;1.1597	 Sentiment Loss:2.9359	Valence Loss:0.3465	 Arousal Loss:0.1933	
[2025-11-17 17:27:46,300][run_task2&3_trainer_multilingual.py][line:1124][INFO] Epoch:[1/1]	 Batch:[2740/2792.0]	 Loss Sum:3.8451	forward Loss:0.194;1.0771	 backward Loss:1.4351;0.0777	 Sentiment Loss:0.886	Valence Loss:0.3342	 Arousal Loss:0.5417	
[2025-11-17 17:27:49,980][run_task2&3_trainer_multilingual.py][line:1124][INFO] Epoch:[1/1]	 Batch:[2750/2792.0]	 Loss Sum:25.4456	forward Loss:4.298;7.1042	 backward Loss:9.4067;3.8253	 Sentiment Loss:0.6346	Valence Loss:0.0847	 Arousal Loss:0.7993	
[2025-11-17 17:27:53,667][run_task2&3_trainer_multilingual.py][line:1124][INFO] Epoch:[1/1]	 Batch:[2760/2792.0]	 Loss Sum:11.4019	forward Loss:0.2258;3.6056	 backward Loss:7.1492;0.2059	 Sentiment Loss:0.0123	Valence Loss:0.5521	 Arousal Loss:0.4635	
[2025-11-17 17:27:57,353][run_task2&3_trainer_multilingual.py][line:1124][INFO] Epoch:[1/1]	 Batch:[2770/2792.0]	 Loss Sum:9.7925	forward Loss:1.4541;3.2592	 backward Loss:2.245;1.1475	 Sentiment Loss:1.6285	Valence Loss:0.1346	 Arousal Loss:0.1566	
[2025-11-17 17:28:01,034][run_task2&3_trainer_multilingual.py][line:1124][INFO] Epoch:[1/1]	 Batch:[2780/2792.0]	 Loss Sum:18.8625	forward Loss:3.3861;5.9957	 backward Loss:5.9569;0.5509	 Sentiment Loss:2.7196	Valence Loss:0.9405	 Arousal Loss:0.326	
[2025-11-17 17:28:04,717][run_task2&3_trainer_multilingual.py][line:1124][INFO] Epoch:[1/1]	 Batch:[2790/2792.0]	 Loss Sum:18.4313	forward Loss:5.5163;3.16	 backward Loss:2.694;1.0863	 Sentiment Loss:4.3692	Valence Loss:5.9267	 Arousal Loss:2.1009	
[2025-11-17 17:28:05,426][run_task2&3_trainer_multilingual.py][line:1136][INFO] dev
[2025-11-17 17:28:33,125][run_task2&3_trainer_multilingual.py][line:470][INFO] Triplet - Precision: 0.3438395412188734	Recall: 0.26885735603520733	F1: 0.3017597754677109
[2025-11-17 17:28:33,125][run_task2&3_trainer_multilingual.py][line:475][INFO] Aspect - Precision: 0.7619542611622097	Recall: 0.6412948375841689	F1: 0.6964365576672592
[2025-11-17 17:28:33,125][run_task2&3_trainer_multilingual.py][line:480][INFO] Opinion - Precision: 0.619047618406783	Recall: 0.4795509218287482	F1: 0.5404423453503694
[2025-11-17 17:28:33,125][run_task2&3_trainer_multilingual.py][line:486][INFO] Aspect-Category - Precision: 0.487878787385981	Recall: 0.3870192304591192	F1: 0.4316348949996893
[2025-11-17 17:28:33,126][run_task2&3_trainer_multilingual.py][line:494][INFO] Aspect-Opinion - Precision: 0.525310410195501	Recall: 0.4107542939426779	F1: 0.4610221391227035
[2025-11-17 17:28:33,127][run_task2&3_trainer_multilingual.py][line:1142][INFO] Model saved after epoch 1
[2025-11-17 17:28:34,630][run_task2&3_trainer_multilingual.py][line:1153][INFO] loading model......
[2025-11-17 17:28:35,855][run_task2&3_trainer_multilingual.py][line:1156][INFO] inference......
