[2025-11-17 17:38:58,790][_client.py][line:1025][INFO] HTTP Request: HEAD https://huggingface.co/bert-base-chinese/resolve/main/tokenizer_config.json "HTTP/1.1 200 OK"
[2025-11-17 17:38:58,980][_client.py][line:1025][INFO] HTTP Request: GET https://huggingface.co/api/models/bert-base-chinese/tree/main/additional_chat_templates?recursive=false&expand=false "HTTP/1.1 307 Temporary Redirect"
[2025-11-17 17:38:59,178][_client.py][line:1025][INFO] HTTP Request: GET https://huggingface.co/api/models/google-bert/bert-base-chinese/tree/main/additional_chat_templates?recursive=false&expand=false "HTTP/1.1 404 Not Found"
[2025-11-17 17:38:59,628][run_task2&3_trainer_multilingual.py][line:967][INFO] initial optimizer......
[2025-11-17 17:38:59,629][run_task2&3_trainer_multilingual.py][line:985][INFO] New model and optimizer from epoch 1
[2025-11-17 17:38:59,629][run_task2&3_trainer_multilingual.py][line:994][INFO] begin training......
[2025-11-17 17:39:03,610][run_task2&3_trainer_multilingual.py][line:1124][INFO] Epoch:[1/1]	 Batch:[10/2792.0]	 Loss Sum:86.1601	forward Loss:16.292;12.5283	 backward Loss:16.397;13.9799	 Sentiment Loss:6.4536	Valence Loss:51.2393	 Arousal Loss:51.3075	
[2025-11-17 17:39:07,108][run_task2&3_trainer_multilingual.py][line:1124][INFO] Epoch:[1/1]	 Batch:[20/2792.0]	 Loss Sum:66.6055	forward Loss:11.5268;11.4527	 backward Loss:11.8558;14.142	 Sentiment Loss:5.3942	Valence Loss:33.8772	 Arousal Loss:27.2927	
[2025-11-17 17:39:10,598][run_task2&3_trainer_multilingual.py][line:1124][INFO] Epoch:[1/1]	 Batch:[30/2792.0]	 Loss Sum:440.9771	forward Loss:120.4108;91.1757	 backward Loss:92.9365;115.7974	 Sentiment Loss:5.3937	Valence Loss:41.7952	 Arousal Loss:34.5204	
[2025-11-17 17:39:14,084][run_task2&3_trainer_multilingual.py][line:1124][INFO] Epoch:[1/1]	 Batch:[40/2792.0]	 Loss Sum:52.2513	forward Loss:7.3407;9.9585	 backward Loss:10.6544;9.6653	 Sentiment Loss:4.1528	Valence Loss:28.7983	 Arousal Loss:23.6001	
[2025-11-17 17:39:17,573][run_task2&3_trainer_multilingual.py][line:1124][INFO] Epoch:[1/1]	 Batch:[50/2792.0]	 Loss Sum:75.9491	forward Loss:16.5069;16.4195	 backward Loss:16.8363;16.7635	 Sentiment Loss:6.2949	Valence Loss:5.8403	 Arousal Loss:9.7993	
[2025-11-17 17:39:21,069][run_task2&3_trainer_multilingual.py][line:1124][INFO] Epoch:[1/1]	 Batch:[60/2792.0]	 Loss Sum:42.0461	forward Loss:7.2614;9.5455	 backward Loss:7.554;8.5888	 Sentiment Loss:4.492	Valence Loss:9.4359	 Arousal Loss:13.5858	
[2025-11-17 17:39:24,567][run_task2&3_trainer_multilingual.py][line:1124][INFO] Epoch:[1/1]	 Batch:[70/2792.0]	 Loss Sum:46.4038	forward Loss:12.8986;7.827	 backward Loss:11.4717;6.5953	 Sentiment Loss:3.218	Valence Loss:11.7617	 Arousal Loss:10.2043	
[2025-11-17 17:39:28,063][run_task2&3_trainer_multilingual.py][line:1124][INFO] Epoch:[1/1]	 Batch:[80/2792.0]	 Loss Sum:44.84	forward Loss:10.2115;10.8102	 backward Loss:9.4926;9.9412	 Sentiment Loss:3.681	Valence Loss:0.0168	 Arousal Loss:3.5007	
[2025-11-17 17:39:31,554][run_task2&3_trainer_multilingual.py][line:1124][INFO] Epoch:[1/1]	 Batch:[90/2792.0]	 Loss Sum:33.1175	forward Loss:5.3371;9.3195	 backward Loss:7.3402;7.7702	 Sentiment Loss:1.3435	Valence Loss:4.4901	 Arousal Loss:5.5443	
[2025-11-17 17:39:35,060][run_task2&3_trainer_multilingual.py][line:1124][INFO] Epoch:[1/1]	 Batch:[100/2792.0]	 Loss Sum:42.8906	forward Loss:11.8435;8.9166	 backward Loss:12.5957;8.4144	 Sentiment Loss:0.9997	Valence Loss:0.4728	 Arousal Loss:0.1311	
[2025-11-17 17:39:38,557][run_task2&3_trainer_multilingual.py][line:1124][INFO] Epoch:[1/1]	 Batch:[110/2792.0]	 Loss Sum:81.7527	forward Loss:19.303;15.3543	 backward Loss:28.1072;14.6186	 Sentiment Loss:2.5112	Valence Loss:8.106	 Arousal Loss:1.186	
[2025-11-17 17:39:42,048][run_task2&3_trainer_multilingual.py][line:1124][INFO] Epoch:[1/1]	 Batch:[120/2792.0]	 Loss Sum:39.4809	forward Loss:10.8234;8.3748	 backward Loss:9.922;8.1568	 Sentiment Loss:2.024	Valence Loss:0.1224	 Arousal Loss:0.7775	
[2025-11-17 17:39:45,540][run_task2&3_trainer_multilingual.py][line:1124][INFO] Epoch:[1/1]	 Batch:[130/2792.0]	 Loss Sum:48.7691	forward Loss:8.1494;13.5809	 backward Loss:17.2956;8.4202	 Sentiment Loss:1.0444	Valence Loss:0.2265	 Arousal Loss:1.1665	
[2025-11-17 17:39:49,040][run_task2&3_trainer_multilingual.py][line:1124][INFO] Epoch:[1/1]	 Batch:[140/2792.0]	 Loss Sum:67.9973	forward Loss:23.0929;10.5645	 backward Loss:16.9968;13.0248	 Sentiment Loss:4.1973	Valence Loss:0.308	 Arousal Loss:0.2976	
[2025-11-17 17:39:52,534][run_task2&3_trainer_multilingual.py][line:1124][INFO] Epoch:[1/1]	 Batch:[150/2792.0]	 Loss Sum:39.1439	forward Loss:8.8486;8.1113	 backward Loss:7.8827;9.3068	 Sentiment Loss:4.7989	Valence Loss:0.8038	 Arousal Loss:0.174	
[2025-11-17 17:39:56,021][run_task2&3_trainer_multilingual.py][line:1124][INFO] Epoch:[1/1]	 Batch:[160/2792.0]	 Loss Sum:24.5856	forward Loss:4.5471;6.3022	 backward Loss:6.5642;4.9816	 Sentiment Loss:1.7949	Valence Loss:0.631	 Arousal Loss:1.347	
[2025-11-17 17:39:59,513][run_task2&3_trainer_multilingual.py][line:1124][INFO] Epoch:[1/1]	 Batch:[170/2792.0]	 Loss Sum:53.8305	forward Loss:19.5034;6.8791	 backward Loss:13.4845;11.6461	 Sentiment Loss:1.6102	Valence Loss:3.4524	 Arousal Loss:0.0837	
[2025-11-17 17:40:03,009][run_task2&3_trainer_multilingual.py][line:1124][INFO] Epoch:[1/1]	 Batch:[180/2792.0]	 Loss Sum:22.7428	forward Loss:3.8114;6.5213	 backward Loss:5.2568;3.1306	 Sentiment Loss:3.6293	Valence Loss:1.619	 Arousal Loss:0.3476	
[2025-11-17 17:40:06,499][run_task2&3_trainer_multilingual.py][line:1124][INFO] Epoch:[1/1]	 Batch:[190/2792.0]	 Loss Sum:34.9332	forward Loss:6.0126;5.5201	 backward Loss:16.5314;4.9699	 Sentiment Loss:1.1536	Valence Loss:2.2175	 Arousal Loss:1.5097	
[2025-11-17 17:40:09,990][run_task2&3_trainer_multilingual.py][line:1124][INFO] Epoch:[1/1]	 Batch:[200/2792.0]	 Loss Sum:20.2124	forward Loss:4.3598;4.3333	 backward Loss:4.613;4.5363	 Sentiment Loss:2.2825	Valence Loss:0.1939	 Arousal Loss:0.244	
[2025-11-17 17:40:13,488][run_task2&3_trainer_multilingual.py][line:1124][INFO] Epoch:[1/1]	 Batch:[210/2792.0]	 Loss Sum:26.1106	forward Loss:6.6156;5.6373	 backward Loss:7.4437;4.149	 Sentiment Loss:2.1042	Valence Loss:0.0714	 Arousal Loss:0.7322	
[2025-11-17 17:40:16,988][run_task2&3_trainer_multilingual.py][line:1124][INFO] Epoch:[1/1]	 Batch:[220/2792.0]	 Loss Sum:53.5015	forward Loss:10.0132;9.0657	 backward Loss:15.9323;8.1685	 Sentiment Loss:9.3055	Valence Loss:5.0383	 Arousal Loss:0.0433	
[2025-11-17 17:40:20,485][run_task2&3_trainer_multilingual.py][line:1124][INFO] Epoch:[1/1]	 Batch:[230/2792.0]	 Loss Sum:27.5816	forward Loss:7.3627;5.4688	 backward Loss:8.0831;5.1145	 Sentiment Loss:1.4465	Valence Loss:0.4263	 Arousal Loss:0.1034	
[2025-11-17 17:40:23,982][run_task2&3_trainer_multilingual.py][line:1124][INFO] Epoch:[1/1]	 Batch:[240/2792.0]	 Loss Sum:15.4169	forward Loss:4.2212;2.3507	 backward Loss:2.3719;3.6993	 Sentiment Loss:2.7047	Valence Loss:0.1339	 Arousal Loss:0.2114	
[2025-11-17 17:40:27,483][run_task2&3_trainer_multilingual.py][line:1124][INFO] Epoch:[1/1]	 Batch:[250/2792.0]	 Loss Sum:44.4075	forward Loss:9.9705;9.2789	 backward Loss:12.1272;10.252	 Sentiment Loss:2.6808	Valence Loss:0.4411	 Arousal Loss:0.0492	
[2025-11-17 17:40:30,980][run_task2&3_trainer_multilingual.py][line:1124][INFO] Epoch:[1/1]	 Batch:[260/2792.0]	 Loss Sum:14.4705	forward Loss:4.4492;1.0415	 backward Loss:0.9466;5.4985	 Sentiment Loss:2.1051	Valence Loss:0.6282	 Arousal Loss:1.5201	
[2025-11-17 17:40:34,471][run_task2&3_trainer_multilingual.py][line:1124][INFO] Epoch:[1/1]	 Batch:[270/2792.0]	 Loss Sum:41.3617	forward Loss:5.6444;10.9516	 backward Loss:14.3348;4.5911	 Sentiment Loss:5.7398	Valence Loss:0.4071	 Arousal Loss:0.0927	
[2025-11-17 17:40:37,976][run_task2&3_trainer_multilingual.py][line:1124][INFO] Epoch:[1/1]	 Batch:[280/2792.0]	 Loss Sum:25.7447	forward Loss:2.1328;5.373	 backward Loss:5.3008;1.8747	 Sentiment Loss:10.7567	Valence Loss:0.7835	 Arousal Loss:0.7505	
[2025-11-17 17:40:41,476][run_task2&3_trainer_multilingual.py][line:1124][INFO] Epoch:[1/1]	 Batch:[290/2792.0]	 Loss Sum:31.5311	forward Loss:4.0042;7.391	 backward Loss:13.61;4.4207	 Sentiment Loss:1.8761	Valence Loss:0.9561	 Arousal Loss:0.1895	
[2025-11-17 17:40:44,976][run_task2&3_trainer_multilingual.py][line:1124][INFO] Epoch:[1/1]	 Batch:[300/2792.0]	 Loss Sum:52.8318	forward Loss:15.3962;7.9986	 backward Loss:19.9933;5.6893	 Sentiment Loss:3.1514	Valence Loss:2.04	 Arousal Loss:0.9752	
[2025-11-17 17:40:48,479][run_task2&3_trainer_multilingual.py][line:1124][INFO] Epoch:[1/1]	 Batch:[310/2792.0]	 Loss Sum:33.0105	forward Loss:9.1217;5.5825	 backward Loss:7.5521;5.6315	 Sentiment Loss:4.8239	Valence Loss:0.481	 Arousal Loss:1.0129	
[2025-11-17 17:40:51,980][run_task2&3_trainer_multilingual.py][line:1124][INFO] Epoch:[1/1]	 Batch:[320/2792.0]	 Loss Sum:33.9193	forward Loss:3.4061;11.9048	 backward Loss:12.1366;2.7691	 Sentiment Loss:3.2313	Valence Loss:1.3375	 Arousal Loss:1.0194	
[2025-11-17 17:40:55,478][run_task2&3_trainer_multilingual.py][line:1124][INFO] Epoch:[1/1]	 Batch:[330/2792.0]	 Loss Sum:40.0562	forward Loss:6.9762;8.3396	 backward Loss:6.7284;8.0858	 Sentiment Loss:9.0521	Valence Loss:4.335	 Arousal Loss:0.0347	
[2025-11-17 17:40:58,987][run_task2&3_trainer_multilingual.py][line:1124][INFO] Epoch:[1/1]	 Batch:[340/2792.0]	 Loss Sum:57.2629	forward Loss:17.3689;11.3091	 backward Loss:14.9326;11.4186	 Sentiment Loss:2.1961	Valence Loss:0.1355	 Arousal Loss:0.0519	
[2025-11-17 17:41:02,486][run_task2&3_trainer_multilingual.py][line:1124][INFO] Epoch:[1/1]	 Batch:[350/2792.0]	 Loss Sum:56.8992	forward Loss:7.963;15.4082	 backward Loss:19.4227;7.7497	 Sentiment Loss:5.5376	Valence Loss:3.555	 Arousal Loss:0.5349	
[2025-11-17 17:41:05,991][run_task2&3_trainer_multilingual.py][line:1124][INFO] Epoch:[1/1]	 Batch:[360/2792.0]	 Loss Sum:33.9815	forward Loss:13.6385;4.2197	 backward Loss:10.2665;4.3218	 Sentiment Loss:1.4213	Valence Loss:0.2233	 Arousal Loss:0.345	
[2025-11-17 17:41:09,503][run_task2&3_trainer_multilingual.py][line:1124][INFO] Epoch:[1/1]	 Batch:[370/2792.0]	 Loss Sum:73.4183	forward Loss:20.4796;11.3664	 backward Loss:30.6459;8.0862	 Sentiment Loss:2.1349	Valence Loss:2.5856	 Arousal Loss:0.9412	
[2025-11-17 17:41:12,995][run_task2&3_trainer_multilingual.py][line:1124][INFO] Epoch:[1/1]	 Batch:[380/2792.0]	 Loss Sum:42.3611	forward Loss:6.0803;4.3295	 backward Loss:19.2398;3.3773	 Sentiment Loss:9.2041	Valence Loss:0.3036	 Arousal Loss:0.347	
[2025-11-17 17:41:16,493][run_task2&3_trainer_multilingual.py][line:1124][INFO] Epoch:[1/1]	 Batch:[390/2792.0]	 Loss Sum:15.2124	forward Loss:1.5785;6.2662	 backward Loss:3.2644;3.1622	 Sentiment Loss:0.789	Valence Loss:0.0761	 Arousal Loss:0.6849	
[2025-11-17 17:41:19,987][run_task2&3_trainer_multilingual.py][line:1124][INFO] Epoch:[1/1]	 Batch:[400/2792.0]	 Loss Sum:42.032	forward Loss:17.3526;7.6928	 backward Loss:6.7416;8.152	 Sentiment Loss:0.9435	Valence Loss:4.3454	 Arousal Loss:1.4022	
[2025-11-17 17:41:23,480][run_task2&3_trainer_multilingual.py][line:1124][INFO] Epoch:[1/1]	 Batch:[410/2792.0]	 Loss Sum:19.8543	forward Loss:3.1595;5.6329	 backward Loss:6.0194;3.5265	 Sentiment Loss:1.1267	Valence Loss:0.8139	 Arousal Loss:1.1326	
[2025-11-17 17:41:26,969][run_task2&3_trainer_multilingual.py][line:1124][INFO] Epoch:[1/1]	 Batch:[420/2792.0]	 Loss Sum:17.5418	forward Loss:3.9677;2.6189	 backward Loss:4.6181;5.0134	 Sentiment Loss:1.2354	Valence Loss:0.362	 Arousal Loss:0.0798	
[2025-11-17 17:41:30,466][run_task2&3_trainer_multilingual.py][line:1124][INFO] Epoch:[1/1]	 Batch:[430/2792.0]	 Loss Sum:23.5977	forward Loss:3.7388;8.7556	 backward Loss:7.2647;3.2672	 Sentiment Loss:0.4253	Valence Loss:0.0756	 Arousal Loss:0.6549	
[2025-11-17 17:41:33,965][run_task2&3_trainer_multilingual.py][line:1124][INFO] Epoch:[1/1]	 Batch:[440/2792.0]	 Loss Sum:9.6332	forward Loss:1.2408;2.4454	 backward Loss:2.6172;1.6248	 Sentiment Loss:1.4614	Valence Loss:0.3244	 Arousal Loss:0.8935	
[2025-11-17 17:41:37,459][run_task2&3_trainer_multilingual.py][line:1124][INFO] Epoch:[1/1]	 Batch:[450/2792.0]	 Loss Sum:49.3181	forward Loss:9.9611;12.7324	 backward Loss:15.4823;6.0157	 Sentiment Loss:5.0585	Valence Loss:0.1286	 Arousal Loss:0.2114	
[2025-11-17 17:41:40,962][run_task2&3_trainer_multilingual.py][line:1124][INFO] Epoch:[1/1]	 Batch:[460/2792.0]	 Loss Sum:19.1144	forward Loss:3.5062;3.7888	 backward Loss:5.9823;4.6243	 Sentiment Loss:1.0597	Valence Loss:0.4733	 Arousal Loss:0.2919	
[2025-11-17 17:41:44,463][run_task2&3_trainer_multilingual.py][line:1124][INFO] Epoch:[1/1]	 Batch:[470/2792.0]	 Loss Sum:16.8059	forward Loss:1.3619;6.6221	 backward Loss:5.997;1.566	 Sentiment Loss:1.1595	Valence Loss:0.4197	 Arousal Loss:0.0775	
[2025-11-17 17:41:47,955][run_task2&3_trainer_multilingual.py][line:1124][INFO] Epoch:[1/1]	 Batch:[480/2792.0]	 Loss Sum:16.2791	forward Loss:1.3963;6.3697	 backward Loss:6.0244;0.9869	 Sentiment Loss:0.8486	Valence Loss:2.1845	 Arousal Loss:1.0816	
[2025-11-17 17:41:51,457][run_task2&3_trainer_multilingual.py][line:1124][INFO] Epoch:[1/1]	 Batch:[490/2792.0]	 Loss Sum:14.5504	forward Loss:4.656;3.3648	 backward Loss:2.7125;3.3822	 Sentiment Loss:0.0714	Valence Loss:1.7436	 Arousal Loss:0.0746	
[2025-11-17 17:41:54,953][run_task2&3_trainer_multilingual.py][line:1124][INFO] Epoch:[1/1]	 Batch:[500/2792.0]	 Loss Sum:33.9096	forward Loss:8.1285;4.7416	 backward Loss:12.1705;3.8517	 Sentiment Loss:4.5948	Valence Loss:1.031	 Arousal Loss:1.0816	
[2025-11-17 17:41:58,453][run_task2&3_trainer_multilingual.py][line:1124][INFO] Epoch:[1/1]	 Batch:[510/2792.0]	 Loss Sum:6.5486	forward Loss:0.3173;1.6365	 backward Loss:1.2966;2.6932	 Sentiment Loss:0.3325	Valence Loss:0.7797	 Arousal Loss:0.583	
[2025-11-17 17:42:01,951][run_task2&3_trainer_multilingual.py][line:1124][INFO] Epoch:[1/1]	 Batch:[520/2792.0]	 Loss Sum:12.5547	forward Loss:2.031;1.5667	 backward Loss:1.4181;1.7849	 Sentiment Loss:5.3529	Valence Loss:0.2437	 Arousal Loss:1.7621	
[2025-11-17 17:42:05,452][run_task2&3_trainer_multilingual.py][line:1124][INFO] Epoch:[1/1]	 Batch:[530/2792.0]	 Loss Sum:39.129	forward Loss:11.4457;4.556	 backward Loss:6.0505;9.5713	 Sentiment Loss:6.1701	Valence Loss:5.3588	 Arousal Loss:1.3178	
[2025-11-17 17:42:08,949][run_task2&3_trainer_multilingual.py][line:1124][INFO] Epoch:[1/1]	 Batch:[540/2792.0]	 Loss Sum:31.5173	forward Loss:4.1618;10.7373	 backward Loss:10.8499;2.0146	 Sentiment Loss:3.6514	Valence Loss:0.3908	 Arousal Loss:0.1208	
[2025-11-17 17:42:12,447][run_task2&3_trainer_multilingual.py][line:1124][INFO] Epoch:[1/1]	 Batch:[550/2792.0]	 Loss Sum:20.9378	forward Loss:4.2336;3.9971	 backward Loss:7.9838;3.6664	 Sentiment Loss:1.0313	Valence Loss:0.0258	 Arousal Loss:0.1019	
[2025-11-17 17:42:15,947][run_task2&3_trainer_multilingual.py][line:1124][INFO] Epoch:[1/1]	 Batch:[560/2792.0]	 Loss Sum:26.2998	forward Loss:0.6586;11.0448	 backward Loss:11.8009;0.9223	 Sentiment Loss:1.6449	Valence Loss:0.4283	 Arousal Loss:0.7131	
[2025-11-17 17:42:19,445][run_task2&3_trainer_multilingual.py][line:1124][INFO] Epoch:[1/1]	 Batch:[570/2792.0]	 Loss Sum:32.4074	forward Loss:2.3955;7.5313	 backward Loss:15.4627;2.4937	 Sentiment Loss:3.3528	Valence Loss:5.5077	 Arousal Loss:0.3495	
[2025-11-17 17:42:22,947][run_task2&3_trainer_multilingual.py][line:1124][INFO] Epoch:[1/1]	 Batch:[580/2792.0]	 Loss Sum:41.3526	forward Loss:5.1778;12.3053	 backward Loss:15.6966;5.3957	 Sentiment Loss:2.1569	Valence Loss:2.3951	 Arousal Loss:0.7062	
[2025-11-17 17:42:26,444][run_task2&3_trainer_multilingual.py][line:1124][INFO] Epoch:[1/1]	 Batch:[590/2792.0]	 Loss Sum:7.7074	forward Loss:0.3905;3.1767	 backward Loss:2.061;0.4741	 Sentiment Loss:0.8532	Valence Loss:1.3507	 Arousal Loss:2.4085	
[2025-11-17 17:42:29,945][run_task2&3_trainer_multilingual.py][line:1124][INFO] Epoch:[1/1]	 Batch:[600/2792.0]	 Loss Sum:23.6536	forward Loss:1.4407;4.8707	 backward Loss:12.9282;3.3519	 Sentiment Loss:0.8194	Valence Loss:0.4441	 Arousal Loss:0.7687	
[2025-11-17 17:42:33,442][run_task2&3_trainer_multilingual.py][line:1124][INFO] Epoch:[1/1]	 Batch:[610/2792.0]	 Loss Sum:25.2523	forward Loss:4.9588;4.0588	 backward Loss:4.6867;8.486	 Sentiment Loss:2.2771	Valence Loss:0.2637	 Arousal Loss:3.6608	
[2025-11-17 17:42:36,945][run_task2&3_trainer_multilingual.py][line:1124][INFO] Epoch:[1/1]	 Batch:[620/2792.0]	 Loss Sum:7.798	forward Loss:1.9215;2.3318	 backward Loss:1.1526;1.2315	 Sentiment Loss:1.0762	Valence Loss:0.1883	 Arousal Loss:0.2335	
[2025-11-17 17:42:40,439][run_task2&3_trainer_multilingual.py][line:1124][INFO] Epoch:[1/1]	 Batch:[630/2792.0]	 Loss Sum:35.7266	forward Loss:1.9847;11.9064	 backward Loss:19.4995;1.3459	 Sentiment Loss:0.9236	Valence Loss:0.0797	 Arousal Loss:0.253	
[2025-11-17 17:42:43,936][run_task2&3_trainer_multilingual.py][line:1124][INFO] Epoch:[1/1]	 Batch:[640/2792.0]	 Loss Sum:26.1458	forward Loss:4.0366;3.5937	 backward Loss:5.4981;5.6753	 Sentiment Loss:7.0042	Valence Loss:1.2152	 Arousal Loss:0.4742	
[2025-11-17 17:42:47,438][run_task2&3_trainer_multilingual.py][line:1124][INFO] Epoch:[1/1]	 Batch:[650/2792.0]	 Loss Sum:21.2993	forward Loss:8.1738;3.4185	 backward Loss:3.5434;4.7775	 Sentiment Loss:1.2659	Valence Loss:0.3218	 Arousal Loss:0.2794	
[2025-11-17 17:42:50,948][run_task2&3_trainer_multilingual.py][line:1124][INFO] Epoch:[1/1]	 Batch:[660/2792.0]	 Loss Sum:19.3729	forward Loss:3.3009;3.4662	 backward Loss:2.0156;3.9018	 Sentiment Loss:6.2411	Valence Loss:2.1763	 Arousal Loss:0.0598	
[2025-11-17 17:42:54,447][run_task2&3_trainer_multilingual.py][line:1124][INFO] Epoch:[1/1]	 Batch:[670/2792.0]	 Loss Sum:12.9422	forward Loss:3.3147;1.6486	 backward Loss:6.8248;0.9018	 Sentiment Loss:0.1587	Valence Loss:0.3253	 Arousal Loss:0.1426	
[2025-11-17 17:42:57,954][run_task2&3_trainer_multilingual.py][line:1124][INFO] Epoch:[1/1]	 Batch:[680/2792.0]	 Loss Sum:17.5848	forward Loss:5.4372;3.2323	 backward Loss:2.1206;3.0856	 Sentiment Loss:3.5911	Valence Loss:0.0559	 Arousal Loss:0.5338	
[2025-11-17 17:43:01,438][run_task2&3_trainer_multilingual.py][line:1124][INFO] Epoch:[1/1]	 Batch:[690/2792.0]	 Loss Sum:14.9369	forward Loss:4.2515;3.6335	 backward Loss:5.1492;1.3696	 Sentiment Loss:0.1069	Valence Loss:1.2797	 Arousal Loss:0.8515	
[2025-11-17 17:43:04,932][run_task2&3_trainer_multilingual.py][line:1124][INFO] Epoch:[1/1]	 Batch:[700/2792.0]	 Loss Sum:24.4692	forward Loss:4.3544;5.3965	 backward Loss:5.8996;2.5546	 Sentiment Loss:5.6627	Valence Loss:2.6918	 Arousal Loss:0.3146	
[2025-11-17 17:43:08,437][run_task2&3_trainer_multilingual.py][line:1124][INFO] Epoch:[1/1]	 Batch:[710/2792.0]	 Loss Sum:29.9081	forward Loss:7.7476;6.4095	 backward Loss:6.4635;7.7596	 Sentiment Loss:1.1478	Valence Loss:0.5958	 Arousal Loss:1.3044	
[2025-11-17 17:43:11,929][run_task2&3_trainer_multilingual.py][line:1124][INFO] Epoch:[1/1]	 Batch:[720/2792.0]	 Loss Sum:26.1194	forward Loss:9.5784;1.9406	 backward Loss:2.8202;7.3529	 Sentiment Loss:4.1188	Valence Loss:1.2245	 Arousal Loss:0.3176	
[2025-11-17 17:43:15,416][run_task2&3_trainer_multilingual.py][line:1124][INFO] Epoch:[1/1]	 Batch:[730/2792.0]	 Loss Sum:22.0929	forward Loss:3.3215;5.7417	 backward Loss:4.9902;2.1952	 Sentiment Loss:5.181	Valence Loss:2.5344	 Arousal Loss:0.7821	
[2025-11-17 17:43:18,924][run_task2&3_trainer_multilingual.py][line:1124][INFO] Epoch:[1/1]	 Batch:[740/2792.0]	 Loss Sum:6.7008	forward Loss:0.3291;0.9135	 backward Loss:1.1368;2.4011	 Sentiment Loss:1.7238	Valence Loss:0.6356	 Arousal Loss:0.3467	
[2025-11-17 17:43:22,436][run_task2&3_trainer_multilingual.py][line:1124][INFO] Epoch:[1/1]	 Batch:[750/2792.0]	 Loss Sum:3.2182	forward Loss:1.388;0.2795	 backward Loss:0.3715;0.8354	 Sentiment Loss:0.3174	Valence Loss:0.0452	 Arousal Loss:0.0865	
[2025-11-17 17:43:25,940][run_task2&3_trainer_multilingual.py][line:1124][INFO] Epoch:[1/1]	 Batch:[760/2792.0]	 Loss Sum:17.8516	forward Loss:3.5063;3.0422	 backward Loss:2.4262;7.5975	 Sentiment Loss:0.1961	Valence Loss:4.1843	 Arousal Loss:1.2321	
[2025-11-17 17:43:29,448][run_task2&3_trainer_multilingual.py][line:1124][INFO] Epoch:[1/1]	 Batch:[770/2792.0]	 Loss Sum:29.6466	forward Loss:3.9861;8.6715	 backward Loss:8.2056;6.3904	 Sentiment Loss:0.9599	Valence Loss:5.9124	 Arousal Loss:1.253	
[2025-11-17 17:43:32,956][run_task2&3_trainer_multilingual.py][line:1124][INFO] Epoch:[1/1]	 Batch:[780/2792.0]	 Loss Sum:11.6985	forward Loss:0.5761;2.1539	 backward Loss:1.7415;4.2013	 Sentiment Loss:2.8232	Valence Loss:0.9384	 Arousal Loss:0.0743	
[2025-11-17 17:43:36,451][run_task2&3_trainer_multilingual.py][line:1124][INFO] Epoch:[1/1]	 Batch:[790/2792.0]	 Loss Sum:33.4973	forward Loss:1.0821;15.8209	 backward Loss:12.3612;2.2684	 Sentiment Loss:1.8217	Valence Loss:0.4683	 Arousal Loss:0.2466	
[2025-11-17 17:43:39,947][run_task2&3_trainer_multilingual.py][line:1124][INFO] Epoch:[1/1]	 Batch:[800/2792.0]	 Loss Sum:15.0037	forward Loss:2.1309;4.0352	 backward Loss:4.1361;2.9424	 Sentiment Loss:1.5496	Valence Loss:0.5851	 Arousal Loss:0.4624	
[2025-11-17 17:43:43,444][run_task2&3_trainer_multilingual.py][line:1124][INFO] Epoch:[1/1]	 Batch:[810/2792.0]	 Loss Sum:42.3682	forward Loss:16.2466;3.0927	 backward Loss:3.4451;15.8099	 Sentiment Loss:3.3753	Valence Loss:1.5984	 Arousal Loss:0.394	
[2025-11-17 17:43:46,940][run_task2&3_trainer_multilingual.py][line:1124][INFO] Epoch:[1/1]	 Batch:[820/2792.0]	 Loss Sum:11.5522	forward Loss:2.2949;2.6926	 backward Loss:4.1324;2.2724	 Sentiment Loss:0.0954	Valence Loss:0.2853	 Arousal Loss:0.0371	
[2025-11-17 17:43:50,719][run_task2&3_trainer_multilingual.py][line:1124][INFO] Epoch:[1/1]	 Batch:[830/2792.0]	 Loss Sum:20.5676	forward Loss:7.7483;1.9016	 backward Loss:5.0279;4.988	 Sentiment Loss:0.7992	Valence Loss:0.0541	 Arousal Loss:0.4589	
[2025-11-17 17:43:54,209][run_task2&3_trainer_multilingual.py][line:1124][INFO] Epoch:[1/1]	 Batch:[840/2792.0]	 Loss Sum:17.2104	forward Loss:4.5795;2.7691	 backward Loss:4.305;4.4828	 Sentiment Loss:0.3831	Valence Loss:2.4493	 Arousal Loss:1.005	
[2025-11-17 17:43:57,710][run_task2&3_trainer_multilingual.py][line:1124][INFO] Epoch:[1/1]	 Batch:[850/2792.0]	 Loss Sum:38.625	forward Loss:5.4831;10.6185	 backward Loss:11.626;5.3667	 Sentiment Loss:5.3113	Valence Loss:0.0349	 Arousal Loss:1.0626	
[2025-11-17 17:44:01,197][run_task2&3_trainer_multilingual.py][line:1124][INFO] Epoch:[1/1]	 Batch:[860/2792.0]	 Loss Sum:11.1868	forward Loss:3.8416;1.7702	 backward Loss:2.9797;1.1163	 Sentiment Loss:1.0083	Valence Loss:0.1344	 Arousal Loss:2.2188	
[2025-11-17 17:44:04,683][run_task2&3_trainer_multilingual.py][line:1124][INFO] Epoch:[1/1]	 Batch:[870/2792.0]	 Loss Sum:5.5305	forward Loss:1.2567;1.1015	 backward Loss:1.5522;1.4981	 Sentiment Loss:0.0108	Valence Loss:0.2467	 Arousal Loss:0.3092	
[2025-11-17 17:44:08,181][run_task2&3_trainer_multilingual.py][line:1124][INFO] Epoch:[1/1]	 Batch:[880/2792.0]	 Loss Sum:13.2573	forward Loss:3.3682;1.6911	 backward Loss:1.4028;4.2648	 Sentiment Loss:2.2097	Valence Loss:0.2108	 Arousal Loss:1.3932	
[2025-11-17 17:44:11,674][run_task2&3_trainer_multilingual.py][line:1124][INFO] Epoch:[1/1]	 Batch:[890/2792.0]	 Loss Sum:13.7549	forward Loss:2.6415;4.5605	 backward Loss:3.9851;1.8581	 Sentiment Loss:0.6372	Valence Loss:0.1842	 Arousal Loss:0.1787	
[2025-11-17 17:44:15,174][run_task2&3_trainer_multilingual.py][line:1124][INFO] Epoch:[1/1]	 Batch:[900/2792.0]	 Loss Sum:41.31	forward Loss:13.7654;5.064	 backward Loss:15.6177;4.6337	 Sentiment Loss:2.1526	Valence Loss:0.1716	 Arousal Loss:0.2115	
[2025-11-17 17:44:18,663][run_task2&3_trainer_multilingual.py][line:1124][INFO] Epoch:[1/1]	 Batch:[910/2792.0]	 Loss Sum:16.324	forward Loss:0.6852;8.057	 backward Loss:4.9871;1.7834	 Sentiment Loss:0.7469	Valence Loss:0.0677	 Arousal Loss:0.2543	
[2025-11-17 17:44:22,162][run_task2&3_trainer_multilingual.py][line:1124][INFO] Epoch:[1/1]	 Batch:[920/2792.0]	 Loss Sum:27.7399	forward Loss:8.4986;4.3323	 backward Loss:10.5586;3.3455	 Sentiment Loss:0.8946	Valence Loss:0.0724	 Arousal Loss:0.4786	
[2025-11-17 17:44:25,653][run_task2&3_trainer_multilingual.py][line:1124][INFO] Epoch:[1/1]	 Batch:[930/2792.0]	 Loss Sum:39.2122	forward Loss:12.8372;4.2027	 backward Loss:4.3009;12.0361	 Sentiment Loss:5.6244	Valence Loss:0.6597	 Arousal Loss:0.3949	
[2025-11-17 17:44:29,150][run_task2&3_trainer_multilingual.py][line:1124][INFO] Epoch:[1/1]	 Batch:[940/2792.0]	 Loss Sum:22.5748	forward Loss:1.8352;4.1872	 backward Loss:7.5013;1.4796	 Sentiment Loss:6.364	Valence Loss:4.8726	 Arousal Loss:1.165	
[2025-11-17 17:44:32,641][run_task2&3_trainer_multilingual.py][line:1124][INFO] Epoch:[1/1]	 Batch:[950/2792.0]	 Loss Sum:8.8984	forward Loss:0.667;1.2814	 backward Loss:3.3193;0.8201	 Sentiment Loss:2.1696	Valence Loss:1.6579	 Arousal Loss:1.5471	
[2025-11-17 17:44:36,133][run_task2&3_trainer_multilingual.py][line:1124][INFO] Epoch:[1/1]	 Batch:[960/2792.0]	 Loss Sum:11.9745	forward Loss:2.156;2.5837	 backward Loss:4.4262;1.0763	 Sentiment Loss:0.9981	Valence Loss:2.3951	 Arousal Loss:1.2751	
[2025-11-17 17:44:39,625][run_task2&3_trainer_multilingual.py][line:1124][INFO] Epoch:[1/1]	 Batch:[970/2792.0]	 Loss Sum:17.9216	forward Loss:5.3601;1.6269	 backward Loss:2.2416;6.8442	 Sentiment Loss:1.1031	Valence Loss:2.967	 Arousal Loss:0.7615	
[2025-11-17 17:44:43,121][run_task2&3_trainer_multilingual.py][line:1124][INFO] Epoch:[1/1]	 Batch:[980/2792.0]	 Loss Sum:15.8549	forward Loss:5.3765;2.4688	 backward Loss:4.1092;3.2824	 Sentiment Loss:0.5431	Valence Loss:0.2797	 Arousal Loss:0.0949	
[2025-11-17 17:44:46,614][run_task2&3_trainer_multilingual.py][line:1124][INFO] Epoch:[1/1]	 Batch:[990/2792.0]	 Loss Sum:32.3077	forward Loss:7.7691;3.5408	 backward Loss:7.0752;11.9988	 Sentiment Loss:1.8552	Valence Loss:0.2569	 Arousal Loss:0.0866	
[2025-11-17 17:44:50,112][run_task2&3_trainer_multilingual.py][line:1124][INFO] Epoch:[1/1]	 Batch:[1000/2792.0]	 Loss Sum:21.8548	forward Loss:6.912;3.1894	 backward Loss:6.6063;4.5276	 Sentiment Loss:0.3923	Valence Loss:0.1543	 Arousal Loss:0.9809	
[2025-11-17 17:44:53,602][run_task2&3_trainer_multilingual.py][line:1124][INFO] Epoch:[1/1]	 Batch:[1010/2792.0]	 Loss Sum:42.236	forward Loss:7.1368;14.6589	 backward Loss:9.6765;8.0392	 Sentiment Loss:2.6519	Valence Loss:0.2828	 Arousal Loss:0.0807	
[2025-11-17 17:44:57,089][run_task2&3_trainer_multilingual.py][line:1124][INFO] Epoch:[1/1]	 Batch:[1020/2792.0]	 Loss Sum:9.3591	forward Loss:4.0721;0.8363	 backward Loss:1.8934;2.3936	 Sentiment Loss:0.0527	Valence Loss:0.3613	 Arousal Loss:0.1938	
[2025-11-17 17:45:00,582][run_task2&3_trainer_multilingual.py][line:1124][INFO] Epoch:[1/1]	 Batch:[1030/2792.0]	 Loss Sum:21.2624	forward Loss:6.789;2.89	 backward Loss:2.079;5.2985	 Sentiment Loss:3.9547	Valence Loss:0.4494	 Arousal Loss:0.8071	
[2025-11-17 17:45:04,071][run_task2&3_trainer_multilingual.py][line:1124][INFO] Epoch:[1/1]	 Batch:[1040/2792.0]	 Loss Sum:7.0296	forward Loss:1.6878;0.5045	 backward Loss:0.7245;2.8338	 Sentiment Loss:1.2459	Valence Loss:0.0953	 Arousal Loss:0.0704	
[2025-11-17 17:45:07,565][run_task2&3_trainer_multilingual.py][line:1124][INFO] Epoch:[1/1]	 Batch:[1050/2792.0]	 Loss Sum:9.0124	forward Loss:4.1967;1.0933	 backward Loss:2.3814;1.2675	 Sentiment Loss:0.0431	Valence Loss:0.0472	 Arousal Loss:0.1047	
[2025-11-17 17:45:11,065][run_task2&3_trainer_multilingual.py][line:1124][INFO] Epoch:[1/1]	 Batch:[1060/2792.0]	 Loss Sum:8.4866	forward Loss:1.2185;1.625	 backward Loss:3.2209;1.9994	 Sentiment Loss:0.3784	Valence Loss:0.1327	 Arousal Loss:0.0893	
[2025-11-17 17:45:14,556][run_task2&3_trainer_multilingual.py][line:1124][INFO] Epoch:[1/1]	 Batch:[1070/2792.0]	 Loss Sum:5.1989	forward Loss:0.5881;1.721	 backward Loss:1.8073;0.9326	 Sentiment Loss:0.0267	Valence Loss:0.457	 Arousal Loss:0.1593	
[2025-11-17 17:45:18,051][run_task2&3_trainer_multilingual.py][line:1124][INFO] Epoch:[1/1]	 Batch:[1080/2792.0]	 Loss Sum:11.5314	forward Loss:0.888;2.7491	 backward Loss:1.0427;5.7199	 Sentiment Loss:1.0095	Valence Loss:0.1191	 Arousal Loss:0.4923	
[2025-11-17 17:45:21,541][run_task2&3_trainer_multilingual.py][line:1124][INFO] Epoch:[1/1]	 Batch:[1090/2792.0]	 Loss Sum:7.9274	forward Loss:0.7593;2.443	 backward Loss:1.3962;0.835	 Sentiment Loss:1.2734	Valence Loss:3.4623	 Arousal Loss:2.6397	
[2025-11-17 17:45:25,029][run_task2&3_trainer_multilingual.py][line:1124][INFO] Epoch:[1/1]	 Batch:[1100/2792.0]	 Loss Sum:13.2253	forward Loss:1.0171;7.2802	 backward Loss:2.7406;2.0557	 Sentiment Loss:0.0952	Valence Loss:0.1151	 Arousal Loss:0.0678	
[2025-11-17 17:45:28,527][run_task2&3_trainer_multilingual.py][line:1124][INFO] Epoch:[1/1]	 Batch:[1110/2792.0]	 Loss Sum:7.5287	forward Loss:0.581;1.7217	 backward Loss:2.688;0.3252	 Sentiment Loss:2.1043	Valence Loss:0.422	 Arousal Loss:0.1208	
[2025-11-17 17:45:32,022][run_task2&3_trainer_multilingual.py][line:1124][INFO] Epoch:[1/1]	 Batch:[1120/2792.0]	 Loss Sum:3.5346	forward Loss:0.4557;0.7194	 backward Loss:0.5036;0.5788	 Sentiment Loss:0.3154	Valence Loss:3.9797	 Arousal Loss:0.8287	
[2025-11-17 17:45:35,515][run_task2&3_trainer_multilingual.py][line:1124][INFO] Epoch:[1/1]	 Batch:[1130/2792.0]	 Loss Sum:26.7969	forward Loss:3.8179;5.4649	 backward Loss:11.8065;1.1183	 Sentiment Loss:4.466	Valence Loss:0.2247	 Arousal Loss:0.3921	
[2025-11-17 17:45:39,022][run_task2&3_trainer_multilingual.py][line:1124][INFO] Epoch:[1/1]	 Batch:[1140/2792.0]	 Loss Sum:15.1644	forward Loss:3.08;2.2785	 backward Loss:5.3524;3.5756	 Sentiment Loss:0.8349	Valence Loss:0.1706	 Arousal Loss:0.0443	
[2025-11-17 17:45:42,516][run_task2&3_trainer_multilingual.py][line:1124][INFO] Epoch:[1/1]	 Batch:[1150/2792.0]	 Loss Sum:12.6831	forward Loss:3.587;2.6103	 backward Loss:1.1505;4.8662	 Sentiment Loss:0.1332	Valence Loss:1.4427	 Arousal Loss:0.2357	
[2025-11-17 17:45:46,019][run_task2&3_trainer_multilingual.py][line:1124][INFO] Epoch:[1/1]	 Batch:[1160/2792.0]	 Loss Sum:49.0602	forward Loss:10.669;6.175	 backward Loss:28.0818;3.1705	 Sentiment Loss:0.7648	Valence Loss:0.0843	 Arousal Loss:0.9117	
[2025-11-17 17:45:49,517][run_task2&3_trainer_multilingual.py][line:1124][INFO] Epoch:[1/1]	 Batch:[1170/2792.0]	 Loss Sum:12.4435	forward Loss:2.1921;3.6401	 backward Loss:5.7496;0.37	 Sentiment Loss:0.4316	Valence Loss:0.2568	 Arousal Loss:0.0434	
[2025-11-17 17:45:53,010][run_task2&3_trainer_multilingual.py][line:1124][INFO] Epoch:[1/1]	 Batch:[1180/2792.0]	 Loss Sum:10.3527	forward Loss:2.8971;0.8901	 backward Loss:1.3047;3.821	 Sentiment Loss:1.3987	Valence Loss:0.1128	 Arousal Loss:0.093	
[2025-11-17 17:45:56,498][run_task2&3_trainer_multilingual.py][line:1124][INFO] Epoch:[1/1]	 Batch:[1190/2792.0]	 Loss Sum:32.775	forward Loss:10.9091;4.7535	 backward Loss:13.239;2.6332	 Sentiment Loss:0.6548	Valence Loss:1.9671	 Arousal Loss:0.9607	
[2025-11-17 17:45:59,997][run_task2&3_trainer_multilingual.py][line:1124][INFO] Epoch:[1/1]	 Batch:[1200/2792.0]	 Loss Sum:15.1336	forward Loss:4.393;2.5241	 backward Loss:6.4146;1.4821	 Sentiment Loss:0.0523	Valence Loss:1.3071	 Arousal Loss:0.03	
[2025-11-17 17:46:03,488][run_task2&3_trainer_multilingual.py][line:1124][INFO] Epoch:[1/1]	 Batch:[1210/2792.0]	 Loss Sum:21.3953	forward Loss:9.0352;2.6609	 backward Loss:4.3849;4.9741	 Sentiment Loss:0.1173	Valence Loss:0.0657	 Arousal Loss:1.0493	
[2025-11-17 17:46:06,976][run_task2&3_trainer_multilingual.py][line:1124][INFO] Epoch:[1/1]	 Batch:[1220/2792.0]	 Loss Sum:9.5431	forward Loss:3.2298;0.5233	 backward Loss:2.4627;3.0465	 Sentiment Loss:0.0168	Valence Loss:0.1295	 Arousal Loss:1.1901	
[2025-11-17 17:46:10,478][run_task2&3_trainer_multilingual.py][line:1124][INFO] Epoch:[1/1]	 Batch:[1230/2792.0]	 Loss Sum:49.6523	forward Loss:10.8894;7.1668	 backward Loss:19.042;8.1826	 Sentiment Loss:4.1434	Valence Loss:1.0768	 Arousal Loss:0.0634	
[2025-11-17 17:46:13,976][run_task2&3_trainer_multilingual.py][line:1124][INFO] Epoch:[1/1]	 Batch:[1240/2792.0]	 Loss Sum:14.1654	forward Loss:3.0159;1.8975	 backward Loss:6.1946;2.0925	 Sentiment Loss:0.8171	Valence Loss:0.7003	 Arousal Loss:0.0386	
[2025-11-17 17:46:17,467][run_task2&3_trainer_multilingual.py][line:1124][INFO] Epoch:[1/1]	 Batch:[1250/2792.0]	 Loss Sum:16.4002	forward Loss:6.4206;1.4533	 backward Loss:3.7873;2.9953	 Sentiment Loss:1.6704	Valence Loss:0.2429	 Arousal Loss:0.1235	
[2025-11-17 17:46:20,961][run_task2&3_trainer_multilingual.py][line:1124][INFO] Epoch:[1/1]	 Batch:[1260/2792.0]	 Loss Sum:16.9303	forward Loss:7.1042;1.4929	 backward Loss:4.8039;3.2915	 Sentiment Loss:0.1629	Valence Loss:0.1726	 Arousal Loss:0.2018	
[2025-11-17 17:46:24,466][run_task2&3_trainer_multilingual.py][line:1124][INFO] Epoch:[1/1]	 Batch:[1270/2792.0]	 Loss Sum:16.3312	forward Loss:4.0203;1.8718	 backward Loss:6.4085;1.9555	 Sentiment Loss:0.9835	Valence Loss:4.8718	 Arousal Loss:0.586	
[2025-11-17 17:46:27,970][run_task2&3_trainer_multilingual.py][line:1124][INFO] Epoch:[1/1]	 Batch:[1280/2792.0]	 Loss Sum:18.2747	forward Loss:3.9561;4.3935	 backward Loss:5.6827;3.741	 Sentiment Loss:0.4515	Valence Loss:0.0616	 Arousal Loss:0.1879	
[2025-11-17 17:46:31,465][run_task2&3_trainer_multilingual.py][line:1124][INFO] Epoch:[1/1]	 Batch:[1290/2792.0]	 Loss Sum:15.943	forward Loss:8.5067;1.9209	 backward Loss:1.2331;3.2876	 Sentiment Loss:0.7306	Valence Loss:0.2605	 Arousal Loss:1.0596	
[2025-11-17 17:46:34,952][run_task2&3_trainer_multilingual.py][line:1124][INFO] Epoch:[1/1]	 Batch:[1300/2792.0]	 Loss Sum:6.8611	forward Loss:4.3212;0.3155	 backward Loss:0.4096;1.4369	 Sentiment Loss:0.0389	Valence Loss:0.5375	 Arousal Loss:1.1574	
[2025-11-17 17:46:38,449][run_task2&3_trainer_multilingual.py][line:1124][INFO] Epoch:[1/1]	 Batch:[1310/2792.0]	 Loss Sum:26.8916	forward Loss:4.3147;4.0914	 backward Loss:12.9813;4.5739	 Sentiment Loss:0.294	Valence Loss:2.1224	 Arousal Loss:1.0589	
[2025-11-17 17:46:41,938][run_task2&3_trainer_multilingual.py][line:1124][INFO] Epoch:[1/1]	 Batch:[1320/2792.0]	 Loss Sum:19.1709	forward Loss:3.1404;6.9693	 backward Loss:4.6379;1.3246	 Sentiment Loss:2.846	Valence Loss:0.2332	 Arousal Loss:1.0304	
[2025-11-17 17:46:45,426][run_task2&3_trainer_multilingual.py][line:1124][INFO] Epoch:[1/1]	 Batch:[1330/2792.0]	 Loss Sum:27.7131	forward Loss:4.2604;6.77	 backward Loss:11.0798;3.3563	 Sentiment Loss:1.701	Valence Loss:1.036	 Arousal Loss:1.692	
[2025-11-17 17:46:48,931][run_task2&3_trainer_multilingual.py][line:1124][INFO] Epoch:[1/1]	 Batch:[1340/2792.0]	 Loss Sum:21.0055	forward Loss:4.0125;4.3779	 backward Loss:7.4727;4.5908	 Sentiment Loss:0.333	Valence Loss:0.1766	 Arousal Loss:0.9162	
[2025-11-17 17:46:52,425][run_task2&3_trainer_multilingual.py][line:1124][INFO] Epoch:[1/1]	 Batch:[1350/2792.0]	 Loss Sum:4.8614	forward Loss:0.6212;1.4325	 backward Loss:1.0442;1.3973	 Sentiment Loss:0.1778	Valence Loss:0.7216	 Arousal Loss:0.2204	
[2025-11-17 17:46:55,923][run_task2&3_trainer_multilingual.py][line:1124][INFO] Epoch:[1/1]	 Batch:[1360/2792.0]	 Loss Sum:28.9143	forward Loss:5.7405;4.2443	 backward Loss:13.7677;3.5447	 Sentiment Loss:1.5403	Valence Loss:0.2399	 Arousal Loss:0.1446	
[2025-11-17 17:46:59,421][run_task2&3_trainer_multilingual.py][line:1124][INFO] Epoch:[1/1]	 Batch:[1370/2792.0]	 Loss Sum:11.8219	forward Loss:3.4096;2.4222	 backward Loss:3.2235;2.6556	 Sentiment Loss:0.0762	Valence Loss:0.1251	 Arousal Loss:0.0487	
[2025-11-17 17:47:02,921][run_task2&3_trainer_multilingual.py][line:1124][INFO] Epoch:[1/1]	 Batch:[1380/2792.0]	 Loss Sum:13.6838	forward Loss:2.2709;1.5671	 backward Loss:7.5212;2.1828	 Sentiment Loss:0.0816	Valence Loss:0.1615	 Arousal Loss:0.1397	
[2025-11-17 17:47:06,419][run_task2&3_trainer_multilingual.py][line:1124][INFO] Epoch:[1/1]	 Batch:[1390/2792.0]	 Loss Sum:15.9674	forward Loss:8.9072;1.2479	 backward Loss:3.384;1.7382	 Sentiment Loss:0.2776	Valence Loss:1.2655	 Arousal Loss:0.7969	
[2025-11-17 17:47:09,917][run_task2&3_trainer_multilingual.py][line:1124][INFO] Epoch:[1/1]	 Batch:[1400/2792.0]	 Loss Sum:39.8881	forward Loss:12.3582;4.4802	 backward Loss:7.5301;14.7005	 Sentiment Loss:0.6912	Valence Loss:0.3527	 Arousal Loss:0.2875	
[2025-11-17 17:47:13,419][run_task2&3_trainer_multilingual.py][line:1124][INFO] Epoch:[1/1]	 Batch:[1410/2792.0]	 Loss Sum:17.0385	forward Loss:6.7635;3.0106	 backward Loss:4.1631;2.9379	 Sentiment Loss:0.0968	Valence Loss:0.1194	 Arousal Loss:0.2132	
[2025-11-17 17:47:16,910][run_task2&3_trainer_multilingual.py][line:1124][INFO] Epoch:[1/1]	 Batch:[1420/2792.0]	 Loss Sum:26.045	forward Loss:0.8471;3.7718	 backward Loss:7.1333;0.7067	 Sentiment Loss:13.4628	Valence Loss:0.5498	 Arousal Loss:0.0673	
[2025-11-17 17:47:20,406][run_task2&3_trainer_multilingual.py][line:1124][INFO] Epoch:[1/1]	 Batch:[1430/2792.0]	 Loss Sum:10.1076	forward Loss:3.3878;0.6965	 backward Loss:2.2292;3.1859	 Sentiment Loss:0.3661	Valence Loss:1.0345	 Arousal Loss:0.1759	
[2025-11-17 17:47:23,898][run_task2&3_trainer_multilingual.py][line:1124][INFO] Epoch:[1/1]	 Batch:[1440/2792.0]	 Loss Sum:21.8464	forward Loss:7.388;6.2459	 backward Loss:6.0288;1.9612	 Sentiment Loss:0.0748	Valence Loss:0.2563	 Arousal Loss:0.4823	
[2025-11-17 17:47:27,398][run_task2&3_trainer_multilingual.py][line:1124][INFO] Epoch:[1/1]	 Batch:[1450/2792.0]	 Loss Sum:22.5309	forward Loss:5.7942;4.6265	 backward Loss:6.0741;3.9964	 Sentiment Loss:1.9828	Valence Loss:0.1917	 Arousal Loss:0.0928	
[2025-11-17 17:47:30,894][run_task2&3_trainer_multilingual.py][line:1124][INFO] Epoch:[1/1]	 Batch:[1460/2792.0]	 Loss Sum:16.6893	forward Loss:3.376;4.1039	 backward Loss:4.1059;5.0047	 Sentiment Loss:0.0735	Valence Loss:0.0224	 Arousal Loss:0.1039	
[2025-11-17 17:47:34,388][run_task2&3_trainer_multilingual.py][line:1124][INFO] Epoch:[1/1]	 Batch:[1470/2792.0]	 Loss Sum:3.9125	forward Loss:0.5191;1.4946	 backward Loss:0.7665;0.878	 Sentiment Loss:0.0091	Valence Loss:0.4957	 Arousal Loss:0.7303	
[2025-11-17 17:47:37,880][run_task2&3_trainer_multilingual.py][line:1124][INFO] Epoch:[1/1]	 Batch:[1480/2792.0]	 Loss Sum:12.8019	forward Loss:0.6032;1.8035	 backward Loss:1.9723;0.9512	 Sentiment Loss:7.4189	Valence Loss:0.2156	 Arousal Loss:0.0488	
[2025-11-17 17:47:41,370][run_task2&3_trainer_multilingual.py][line:1124][INFO] Epoch:[1/1]	 Batch:[1490/2792.0]	 Loss Sum:12.1172	forward Loss:3.0767;2.9203	 backward Loss:3.2486;1.8251	 Sentiment Loss:0.9565	Valence Loss:0.387	 Arousal Loss:0.063	
[2025-11-17 17:47:44,862][run_task2&3_trainer_multilingual.py][line:1124][INFO] Epoch:[1/1]	 Batch:[1500/2792.0]	 Loss Sum:12.1693	forward Loss:4.6214;1.2838	 backward Loss:2.3467;3.7316	 Sentiment Loss:0.0986	Valence Loss:0.3998	 Arousal Loss:0.0363	
[2025-11-17 17:47:48,358][run_task2&3_trainer_multilingual.py][line:1124][INFO] Epoch:[1/1]	 Batch:[1510/2792.0]	 Loss Sum:11.7009	forward Loss:2.2027;3.2764	 backward Loss:0.6408;4.1552	 Sentiment Loss:1.0841	Valence Loss:0.8215	 Arousal Loss:0.8865	
[2025-11-17 17:47:51,854][run_task2&3_trainer_multilingual.py][line:1124][INFO] Epoch:[1/1]	 Batch:[1520/2792.0]	 Loss Sum:14.1013	forward Loss:2.2717;2.1288	 backward Loss:2.1339;1.1488	 Sentiment Loss:6.1086	Valence Loss:0.1554	 Arousal Loss:1.3929	
[2025-11-17 17:47:55,363][run_task2&3_trainer_multilingual.py][line:1124][INFO] Epoch:[1/1]	 Batch:[1530/2792.0]	 Loss Sum:6.9147	forward Loss:3.4083;0.3635	 backward Loss:0.8684;1.7114	 Sentiment Loss:0.0185	Valence Loss:2.6272	 Arousal Loss:0.0955	
[2025-11-17 17:47:58,862][run_task2&3_trainer_multilingual.py][line:1124][INFO] Epoch:[1/1]	 Batch:[1540/2792.0]	 Loss Sum:21.0774	forward Loss:7.9177;2.6923	 backward Loss:7.427;1.8344	 Sentiment Loss:0.9269	Valence Loss:0.4928	 Arousal Loss:0.9029	
[2025-11-17 17:48:02,360][run_task2&3_trainer_multilingual.py][line:1124][INFO] Epoch:[1/1]	 Batch:[1550/2792.0]	 Loss Sum:10.128	forward Loss:0.8459;3.8715	 backward Loss:4.1422;1.052	 Sentiment Loss:0.164	Valence Loss:0.1355	 Arousal Loss:0.1266	
[2025-11-17 17:48:05,856][run_task2&3_trainer_multilingual.py][line:1124][INFO] Epoch:[1/1]	 Batch:[1560/2792.0]	 Loss Sum:26.2116	forward Loss:8.4728;2.2467	 backward Loss:6.2811;8.108	 Sentiment Loss:0.9688	Valence Loss:0.3084	 Arousal Loss:0.3628	
[2025-11-17 17:48:09,356][run_task2&3_trainer_multilingual.py][line:1124][INFO] Epoch:[1/1]	 Batch:[1570/2792.0]	 Loss Sum:3.5464	forward Loss:0.4217;1.2519	 backward Loss:1.2444;0.4028	 Sentiment Loss:0.1908	Valence Loss:0.1386	 Arousal Loss:0.0357	
[2025-11-17 17:48:12,855][run_task2&3_trainer_multilingual.py][line:1124][INFO] Epoch:[1/1]	 Batch:[1580/2792.0]	 Loss Sum:10.144	forward Loss:1.2949;1.6678	 backward Loss:5.6235;0.8697	 Sentiment Loss:0.1524	Valence Loss:1.4964	 Arousal Loss:1.1822	
[2025-11-17 17:48:16,343][run_task2&3_trainer_multilingual.py][line:1124][INFO] Epoch:[1/1]	 Batch:[1590/2792.0]	 Loss Sum:12.9411	forward Loss:5.0467;1.5697	 backward Loss:1.2741;4.8541	 Sentiment Loss:0.0399	Valence Loss:0.4846	 Arousal Loss:0.298	
[2025-11-17 17:48:19,838][run_task2&3_trainer_multilingual.py][line:1124][INFO] Epoch:[1/1]	 Batch:[1600/2792.0]	 Loss Sum:23.3773	forward Loss:5.0983;2.7087	 backward Loss:9.7914;1.6226	 Sentiment Loss:4.1107	Valence Loss:0.1368	 Arousal Loss:0.0906	
[2025-11-17 17:48:23,342][run_task2&3_trainer_multilingual.py][line:1124][INFO] Epoch:[1/1]	 Batch:[1610/2792.0]	 Loss Sum:23.0059	forward Loss:3.1539;10.0369	 backward Loss:7.4636;1.1408	 Sentiment Loss:1.0393	Valence Loss:0.6945	 Arousal Loss:0.1622	
[2025-11-17 17:48:26,844][run_task2&3_trainer_multilingual.py][line:1124][INFO] Epoch:[1/1]	 Batch:[1620/2792.0]	 Loss Sum:12.7579	forward Loss:0.3831;4.8417	 backward Loss:3.8259;0.5294	 Sentiment Loss:3.1136	Valence Loss:0.2796	 Arousal Loss:0.0415	
[2025-11-17 17:48:30,339][run_task2&3_trainer_multilingual.py][line:1124][INFO] Epoch:[1/1]	 Batch:[1630/2792.0]	 Loss Sum:18.9524	forward Loss:3.2038;6.5148	 backward Loss:5.6354;1.3112	 Sentiment Loss:2.0475	Valence Loss:0.2006	 Arousal Loss:0.9977	
[2025-11-17 17:48:33,833][run_task2&3_trainer_multilingual.py][line:1124][INFO] Epoch:[1/1]	 Batch:[1640/2792.0]	 Loss Sum:20.3357	forward Loss:4.6238;4.9497	 backward Loss:3.3767;7.2087	 Sentiment Loss:0.059	Valence Loss:0.3689	 Arousal Loss:0.2208	
[2025-11-17 17:48:37,328][run_task2&3_trainer_multilingual.py][line:1124][INFO] Epoch:[1/1]	 Batch:[1650/2792.0]	 Loss Sum:10.2707	forward Loss:0.3247;5.618	 backward Loss:2.5432;1.6027	 Sentiment Loss:0.0356	Valence Loss:0.3992	 Arousal Loss:0.333	
[2025-11-17 17:48:40,827][run_task2&3_trainer_multilingual.py][line:1124][INFO] Epoch:[1/1]	 Batch:[1660/2792.0]	 Loss Sum:7.885	forward Loss:0.768;2.0342	 backward Loss:1.1058;1.9291	 Sentiment Loss:1.1102	Valence Loss:2.8647	 Arousal Loss:1.8241	
[2025-11-17 17:48:44,318][run_task2&3_trainer_multilingual.py][line:1124][INFO] Epoch:[1/1]	 Batch:[1670/2792.0]	 Loss Sum:27.7473	forward Loss:9.1848;3.6229	 backward Loss:10.055;3.7653	 Sentiment Loss:1.0113	Valence Loss:0.0832	 Arousal Loss:0.4573	
[2025-11-17 17:48:47,812][run_task2&3_trainer_multilingual.py][line:1124][INFO] Epoch:[1/1]	 Batch:[1680/2792.0]	 Loss Sum:22.0359	forward Loss:1.3549;3.6568	 backward Loss:11.7727;2.3867	 Sentiment Loss:2.8029	Valence Loss:0.1895	 Arousal Loss:0.1194	
[2025-11-17 17:48:51,310][run_task2&3_trainer_multilingual.py][line:1124][INFO] Epoch:[1/1]	 Batch:[1690/2792.0]	 Loss Sum:7.7521	forward Loss:2.7659;0.8353	 backward Loss:3.3874;0.7117	 Sentiment Loss:0.0234	Valence Loss:0.0503	 Arousal Loss:0.0917	
[2025-11-17 17:48:54,805][run_task2&3_trainer_multilingual.py][line:1124][INFO] Epoch:[1/1]	 Batch:[1700/2792.0]	 Loss Sum:24.4144	forward Loss:2.4911;4.4493	 backward Loss:9.4158;1.8856	 Sentiment Loss:6.1396	Valence Loss:0.122	 Arousal Loss:0.0431	
[2025-11-17 17:48:58,296][run_task2&3_trainer_multilingual.py][line:1124][INFO] Epoch:[1/1]	 Batch:[1710/2792.0]	 Loss Sum:21.7934	forward Loss:4.1307;2.1249	 backward Loss:3.4442;3.1192	 Sentiment Loss:8.7104	Valence Loss:1.2387	 Arousal Loss:0.0813	
[2025-11-17 17:49:01,787][run_task2&3_trainer_multilingual.py][line:1124][INFO] Epoch:[1/1]	 Batch:[1720/2792.0]	 Loss Sum:25.288	forward Loss:1.8177;5.108	 backward Loss:15.3959;1.8323	 Sentiment Loss:0.9342	Valence Loss:0.6389	 Arousal Loss:0.3604	
[2025-11-17 17:49:05,288][run_task2&3_trainer_multilingual.py][line:1124][INFO] Epoch:[1/1]	 Batch:[1730/2792.0]	 Loss Sum:10.4138	forward Loss:1.9452;1.6665	 backward Loss:2.5179;1.713	 Sentiment Loss:2.5367	Valence Loss:0.0772	 Arousal Loss:0.0957	
[2025-11-17 17:49:08,772][run_task2&3_trainer_multilingual.py][line:1124][INFO] Epoch:[1/1]	 Batch:[1740/2792.0]	 Loss Sum:13.2571	forward Loss:3.3391;3.4485	 backward Loss:2.9009;3.4586	 Sentiment Loss:0.0312	Valence Loss:0.3216	 Arousal Loss:0.0722	
[2025-11-17 17:49:12,267][run_task2&3_trainer_multilingual.py][line:1124][INFO] Epoch:[1/1]	 Batch:[1750/2792.0]	 Loss Sum:35.7045	forward Loss:8.6815;3.2803	 backward Loss:19.7126;3.3114	 Sentiment Loss:0.5916	Valence Loss:0.2057	 Arousal Loss:0.4301	
[2025-11-17 17:49:15,763][run_task2&3_trainer_multilingual.py][line:1124][INFO] Epoch:[1/1]	 Batch:[1760/2792.0]	 Loss Sum:7.0032	forward Loss:2.6515;1.1584	 backward Loss:0.7383;2.1961	 Sentiment Loss:0.2016	Valence Loss:0.1137	 Arousal Loss:0.1724	
[2025-11-17 17:49:19,253][run_task2&3_trainer_multilingual.py][line:1124][INFO] Epoch:[1/1]	 Batch:[1770/2792.0]	 Loss Sum:12.2889	forward Loss:6.4306;0.5237	 backward Loss:1.3463;3.2741	 Sentiment Loss:0.6146	Valence Loss:0.4636	 Arousal Loss:0.0344	
[2025-11-17 17:49:22,739][run_task2&3_trainer_multilingual.py][line:1124][INFO] Epoch:[1/1]	 Batch:[1780/2792.0]	 Loss Sum:6.7605	forward Loss:0.9765;2.4275	 backward Loss:2.4898;0.1145	 Sentiment Loss:0.7065	Valence Loss:0.1416	 Arousal Loss:0.0867	
[2025-11-17 17:49:26,233][run_task2&3_trainer_multilingual.py][line:1124][INFO] Epoch:[1/1]	 Batch:[1790/2792.0]	 Loss Sum:10.1765	forward Loss:4.2282;1.1481	 backward Loss:3.9046;0.5467	 Sentiment Loss:0.019	Valence Loss:0.6717	 Arousal Loss:0.9781	
[2025-11-17 17:49:29,729][run_task2&3_trainer_multilingual.py][line:1124][INFO] Epoch:[1/1]	 Batch:[1800/2792.0]	 Loss Sum:18.3199	forward Loss:5.6784;1.8487	 backward Loss:7.8146;2.1857	 Sentiment Loss:0.7523	Valence Loss:0.1306	 Arousal Loss:0.0704	
[2025-11-17 17:49:33,217][run_task2&3_trainer_multilingual.py][line:1124][INFO] Epoch:[1/1]	 Batch:[1810/2792.0]	 Loss Sum:31.0326	forward Loss:14.5528;4.3315	 backward Loss:5.6434;4.623	 Sentiment Loss:1.4959	Valence Loss:1.0059	 Arousal Loss:0.9236	
[2025-11-17 17:49:36,711][run_task2&3_trainer_multilingual.py][line:1124][INFO] Epoch:[1/1]	 Batch:[1820/2792.0]	 Loss Sum:3.743	forward Loss:0.6831;0.807	 backward Loss:1.2347;0.8862	 Sentiment Loss:0.0555	Valence Loss:0.2132	 Arousal Loss:0.169	
[2025-11-17 17:49:40,215][run_task2&3_trainer_multilingual.py][line:1124][INFO] Epoch:[1/1]	 Batch:[1830/2792.0]	 Loss Sum:28.7701	forward Loss:6.2601;2.8025	 backward Loss:5.8384;2.0877	 Sentiment Loss:11.7131	Valence Loss:0.2785	 Arousal Loss:0.0629	
[2025-11-17 17:49:43,705][run_task2&3_trainer_multilingual.py][line:1124][INFO] Epoch:[1/1]	 Batch:[1840/2792.0]	 Loss Sum:30.5717	forward Loss:6.4001;6.1428	 backward Loss:12.0431;4.5949	 Sentiment Loss:1.1262	Valence Loss:0.4682	 Arousal Loss:0.8552	
[2025-11-17 17:49:47,207][run_task2&3_trainer_multilingual.py][line:1124][INFO] Epoch:[1/1]	 Batch:[1850/2792.0]	 Loss Sum:4.0754	forward Loss:0.5618;0.836	 backward Loss:0.9625;0.5257	 Sentiment Loss:0.5596	Valence Loss:2.9594	 Arousal Loss:0.1895	
[2025-11-17 17:49:50,692][run_task2&3_trainer_multilingual.py][line:1124][INFO] Epoch:[1/1]	 Batch:[1860/2792.0]	 Loss Sum:9.5428	forward Loss:0.8147;3.0361	 backward Loss:4.5354;0.9984	 Sentiment Loss:0.052	Valence Loss:0.3342	 Arousal Loss:0.1969	
[2025-11-17 17:49:54,190][run_task2&3_trainer_multilingual.py][line:1124][INFO] Epoch:[1/1]	 Batch:[1870/2792.0]	 Loss Sum:4.6592	forward Loss:0.2989;1.0109	 backward Loss:1.6486;1.2274	 Sentiment Loss:0.4018	Valence Loss:0.2855	 Arousal Loss:0.0719	
[2025-11-17 17:49:57,691][run_task2&3_trainer_multilingual.py][line:1124][INFO] Epoch:[1/1]	 Batch:[1880/2792.0]	 Loss Sum:12.8345	forward Loss:2.4113;2.3893	 backward Loss:5.5986;1.9895	 Sentiment Loss:0.0072	Valence Loss:0.318	 Arousal Loss:1.8746	
[2025-11-17 17:50:01,181][run_task2&3_trainer_multilingual.py][line:1124][INFO] Epoch:[1/1]	 Batch:[1890/2792.0]	 Loss Sum:1.9205	forward Loss:0.2709;0.4942	 backward Loss:0.5002;0.1967	 Sentiment Loss:0.013	Valence Loss:1.8975	 Arousal Loss:0.3298	
[2025-11-17 17:50:04,672][run_task2&3_trainer_multilingual.py][line:1124][INFO] Epoch:[1/1]	 Batch:[1900/2792.0]	 Loss Sum:37.4875	forward Loss:28.6524;0.943	 backward Loss:4.8634;2.5053	 Sentiment Loss:0.4404	Valence Loss:0.1279	 Arousal Loss:0.287	
[2025-11-17 17:50:08,159][run_task2&3_trainer_multilingual.py][line:1124][INFO] Epoch:[1/1]	 Batch:[1910/2792.0]	 Loss Sum:7.393	forward Loss:2.7051;1.1067	 backward Loss:1.5751;1.4841	 Sentiment Loss:0.0198	Valence Loss:2.4418	 Arousal Loss:0.0693	
[2025-11-17 17:50:11,646][run_task2&3_trainer_multilingual.py][line:1124][INFO] Epoch:[1/1]	 Batch:[1920/2792.0]	 Loss Sum:9.6699	forward Loss:0.9342;2.0024	 backward Loss:2.3979;0.7552	 Sentiment Loss:3.2768	Valence Loss:1.3961	 Arousal Loss:0.1206	
[2025-11-17 17:50:15,143][run_task2&3_trainer_multilingual.py][line:1124][INFO] Epoch:[1/1]	 Batch:[1930/2792.0]	 Loss Sum:6.6683	forward Loss:0.4572;2.5071	 backward Loss:3.255;0.2636	 Sentiment Loss:0.1253	Valence Loss:0.1606	 Arousal Loss:0.1395	
[2025-11-17 17:50:18,651][run_task2&3_trainer_multilingual.py][line:1124][INFO] Epoch:[1/1]	 Batch:[1940/2792.0]	 Loss Sum:28.5264	forward Loss:6.19;2.834	 backward Loss:11.5897;7.2306	 Sentiment Loss:0.6032	Valence Loss:0.329	 Arousal Loss:0.0656	
[2025-11-17 17:50:22,141][run_task2&3_trainer_multilingual.py][line:1124][INFO] Epoch:[1/1]	 Batch:[1950/2792.0]	 Loss Sum:4.2064	forward Loss:0.2391;0.4993	 backward Loss:0.2556;3.1567	 Sentiment Loss:0.0152	Valence Loss:0.1048	 Arousal Loss:0.0975	
[2025-11-17 17:50:25,638][run_task2&3_trainer_multilingual.py][line:1124][INFO] Epoch:[1/1]	 Batch:[1960/2792.0]	 Loss Sum:6.167	forward Loss:1.4178;0.9686	 backward Loss:2.7227;0.8953	 Sentiment Loss:0.0845	Valence Loss:0.1166	 Arousal Loss:0.274	
[2025-11-17 17:50:29,131][run_task2&3_trainer_multilingual.py][line:1124][INFO] Epoch:[1/1]	 Batch:[1970/2792.0]	 Loss Sum:31.2133	forward Loss:2.5601;11.5447	 backward Loss:12.0099;2.0587	 Sentiment Loss:2.9784	Valence Loss:0.1101	 Arousal Loss:0.1976	
[2025-11-17 17:50:32,623][run_task2&3_trainer_multilingual.py][line:1124][INFO] Epoch:[1/1]	 Batch:[1980/2792.0]	 Loss Sum:14.8987	forward Loss:0.7099;5.6962	 backward Loss:7.3833;0.4498	 Sentiment Loss:0.5695	Valence Loss:0.3322	 Arousal Loss:0.1178	
[2025-11-17 17:50:36,115][run_task2&3_trainer_multilingual.py][line:1124][INFO] Epoch:[1/1]	 Batch:[1990/2792.0]	 Loss Sum:2.8376	forward Loss:0.0937;1.4628	 backward Loss:0.7332;0.1613	 Sentiment Loss:0.0255	Valence Loss:0.264	 Arousal Loss:1.5412	
[2025-11-17 17:50:39,618][run_task2&3_trainer_multilingual.py][line:1124][INFO] Epoch:[1/1]	 Batch:[2000/2792.0]	 Loss Sum:27.649	forward Loss:11.289;2.0015	 backward Loss:2.96;7.1302	 Sentiment Loss:4.1759	Valence Loss:0.2797	 Arousal Loss:0.1826	
[2025-11-17 17:50:43,109][run_task2&3_trainer_multilingual.py][line:1124][INFO] Epoch:[1/1]	 Batch:[2010/2792.0]	 Loss Sum:23.7934	forward Loss:6.3969;2.2622	 backward Loss:11.7573;1.1478	 Sentiment Loss:1.9045	Valence Loss:1.2323	 Arousal Loss:0.3908	
[2025-11-17 17:50:46,613][run_task2&3_trainer_multilingual.py][line:1124][INFO] Epoch:[1/1]	 Batch:[2020/2792.0]	 Loss Sum:7.7807	forward Loss:0.5697;1.9946	 backward Loss:4.9231;0.1836	 Sentiment Loss:0.0422	Valence Loss:0.117	 Arousal Loss:0.22	
[2025-11-17 17:50:50,100][run_task2&3_trainer_multilingual.py][line:1124][INFO] Epoch:[1/1]	 Batch:[2030/2792.0]	 Loss Sum:22.3885	forward Loss:1.4623;9.1595	 backward Loss:9.2298;2.1976	 Sentiment Loss:0.3017	Valence Loss:0.0938	 Arousal Loss:0.0943	
[2025-11-17 17:50:53,586][run_task2&3_trainer_multilingual.py][line:1124][INFO] Epoch:[1/1]	 Batch:[2040/2792.0]	 Loss Sum:10.3967	forward Loss:1.0927;1.3716	 backward Loss:2.3542;0.5985	 Sentiment Loss:4.8667	Valence Loss:0.2863	 Arousal Loss:0.2793	
[2025-11-17 17:50:57,073][run_task2&3_trainer_multilingual.py][line:1124][INFO] Epoch:[1/1]	 Batch:[2050/2792.0]	 Loss Sum:12.7717	forward Loss:3.6034;2.9052	 backward Loss:1.3568;4.1562	 Sentiment Loss:0.5593	Valence Loss:0.1793	 Arousal Loss:0.7746	
[2025-11-17 17:51:00,562][run_task2&3_trainer_multilingual.py][line:1124][INFO] Epoch:[1/1]	 Batch:[2060/2792.0]	 Loss Sum:15.0595	forward Loss:4.341;1.4716	 backward Loss:7.1641;1.6132	 Sentiment Loss:0.4164	Valence Loss:0.0859	 Arousal Loss:0.1803	
[2025-11-17 17:51:04,051][run_task2&3_trainer_multilingual.py][line:1124][INFO] Epoch:[1/1]	 Batch:[2070/2792.0]	 Loss Sum:10.9822	forward Loss:1.0086;3.0407	 backward Loss:4.6431;1.471	 Sentiment Loss:0.6855	Valence Loss:0.4009	 Arousal Loss:0.2652	
[2025-11-17 17:51:07,545][run_task2&3_trainer_multilingual.py][line:1124][INFO] Epoch:[1/1]	 Batch:[2080/2792.0]	 Loss Sum:8.4663	forward Loss:3.274;1.437	 backward Loss:1.3289;1.9878	 Sentiment Loss:0.4012	Valence Loss:0.0645	 Arousal Loss:0.1226	
[2025-11-17 17:51:11,029][run_task2&3_trainer_multilingual.py][line:1124][INFO] Epoch:[1/1]	 Batch:[2090/2792.0]	 Loss Sum:25.9881	forward Loss:0.832;8.0976	 backward Loss:8.3403;2.0698	 Sentiment Loss:6.6192	Valence Loss:0.1132	 Arousal Loss:0.0332	
[2025-11-17 17:51:14,530][run_task2&3_trainer_multilingual.py][line:1124][INFO] Epoch:[1/1]	 Batch:[2100/2792.0]	 Loss Sum:13.1646	forward Loss:3.793;1.5368	 backward Loss:5.7596;1.7043	 Sentiment Loss:0.0875	Valence Loss:0.248	 Arousal Loss:1.1691	
[2025-11-17 17:51:18,019][run_task2&3_trainer_multilingual.py][line:1124][INFO] Epoch:[1/1]	 Batch:[2110/2792.0]	 Loss Sum:19.1992	forward Loss:6.5664;3.1022	 backward Loss:3.8146;4.907	 Sentiment Loss:0.7218	Valence Loss:0.2458	 Arousal Loss:0.1902	
[2025-11-17 17:51:21,507][run_task2&3_trainer_multilingual.py][line:1124][INFO] Epoch:[1/1]	 Batch:[2120/2792.0]	 Loss Sum:9.1737	forward Loss:2.632;2.1526	 backward Loss:2.6641;1.242	 Sentiment Loss:0.0247	Valence Loss:1.4834	 Arousal Loss:0.8082	
[2025-11-17 17:51:25,004][run_task2&3_trainer_multilingual.py][line:1124][INFO] Epoch:[1/1]	 Batch:[2130/2792.0]	 Loss Sum:42.0786	forward Loss:9.3711;8.2006	 backward Loss:10.6061;12.2619	 Sentiment Loss:1.417	Valence Loss:0.7887	 Arousal Loss:0.3212	
[2025-11-17 17:51:28,494][run_task2&3_trainer_multilingual.py][line:1124][INFO] Epoch:[1/1]	 Batch:[2140/2792.0]	 Loss Sum:3.454	forward Loss:0.449;1.0388	 backward Loss:0.9692;0.0837	 Sentiment Loss:0.0091	Valence Loss:1.6818	 Arousal Loss:2.8395	
[2025-11-17 17:51:31,990][run_task2&3_trainer_multilingual.py][line:1124][INFO] Epoch:[1/1]	 Batch:[2150/2792.0]	 Loss Sum:7.9638	forward Loss:0.7055;3.3533	 backward Loss:3.1246;0.4672	 Sentiment Loss:0.1402	Valence Loss:0.3841	 Arousal Loss:0.4814	
[2025-11-17 17:51:35,483][run_task2&3_trainer_multilingual.py][line:1124][INFO] Epoch:[1/1]	 Batch:[2160/2792.0]	 Loss Sum:18.8565	forward Loss:1.6995;4.9001	 backward Loss:5.1486;4.4544	 Sentiment Loss:2.6262	Valence Loss:0.0497	 Arousal Loss:0.0891	
[2025-11-17 17:51:38,978][run_task2&3_trainer_multilingual.py][line:1124][INFO] Epoch:[1/1]	 Batch:[2170/2792.0]	 Loss Sum:18.2088	forward Loss:6.2899;3.8707	 backward Loss:4.322;3.0617	 Sentiment Loss:0.2845	Valence Loss:1.4194	 Arousal Loss:0.4805	
[2025-11-17 17:51:42,469][run_task2&3_trainer_multilingual.py][line:1124][INFO] Epoch:[1/1]	 Batch:[2180/2792.0]	 Loss Sum:11.4154	forward Loss:1.1446;3.2342	 backward Loss:2.9806;1.0375	 Sentiment Loss:2.1242	Valence Loss:3.3827	 Arousal Loss:1.0886	
[2025-11-17 17:51:45,969][run_task2&3_trainer_multilingual.py][line:1124][INFO] Epoch:[1/1]	 Batch:[2190/2792.0]	 Loss Sum:29.3056	forward Loss:7.0521;7.1831	 backward Loss:13.2052;1.4992	 Sentiment Loss:0.2562	Valence Loss:0.2675	 Arousal Loss:0.2813	
[2025-11-17 17:51:49,474][run_task2&3_trainer_multilingual.py][line:1124][INFO] Epoch:[1/1]	 Batch:[2200/2792.0]	 Loss Sum:18.0141	forward Loss:5.1356;3.9472	 backward Loss:8.1125;0.3831	 Sentiment Loss:0.3793	Valence Loss:0.1867	 Arousal Loss:0.0959	
[2025-11-17 17:51:52,961][run_task2&3_trainer_multilingual.py][line:1124][INFO] Epoch:[1/1]	 Batch:[2210/2792.0]	 Loss Sum:14.8598	forward Loss:2.4883;2.8414	 backward Loss:5.63;2.5178	 Sentiment Loss:1.3264	Valence Loss:0.2586	 Arousal Loss:0.021	
[2025-11-17 17:51:56,448][run_task2&3_trainer_multilingual.py][line:1124][INFO] Epoch:[1/1]	 Batch:[2220/2792.0]	 Loss Sum:8.684	forward Loss:2.4384;1.1252	 backward Loss:0.7278;1.6957	 Sentiment Loss:2.6703	Valence Loss:0.0506	 Arousal Loss:0.082	
[2025-11-17 17:51:59,940][run_task2&3_trainer_multilingual.py][line:1124][INFO] Epoch:[1/1]	 Batch:[2230/2792.0]	 Loss Sum:18.4873	forward Loss:3.9176;3.8711	 backward Loss:8.813;1.5963	 Sentiment Loss:0.1625	Valence Loss:0.5462	 Arousal Loss:0.0878	
[2025-11-17 17:52:03,433][run_task2&3_trainer_multilingual.py][line:1124][INFO] Epoch:[1/1]	 Batch:[2240/2792.0]	 Loss Sum:5.1786	forward Loss:1.1936;1.2016	 backward Loss:1.0813;0.7958	 Sentiment Loss:0.0768	Valence Loss:1.8182	 Arousal Loss:2.3293	
[2025-11-17 17:52:06,945][run_task2&3_trainer_multilingual.py][line:1124][INFO] Epoch:[1/1]	 Batch:[2250/2792.0]	 Loss Sum:36.3671	forward Loss:8.2879;5.7808	 backward Loss:6.7008;11.3876	 Sentiment Loss:3.9548	Valence Loss:0.3356	 Arousal Loss:0.9403	
[2025-11-17 17:52:10,453][run_task2&3_trainer_multilingual.py][line:1124][INFO] Epoch:[1/1]	 Batch:[2260/2792.0]	 Loss Sum:10.9214	forward Loss:3.3977;3.0353	 backward Loss:2.7954;1.5318	 Sentiment Loss:0.0703	Valence Loss:0.4099	 Arousal Loss:0.0452	
[2025-11-17 17:52:13,943][run_task2&3_trainer_multilingual.py][line:1124][INFO] Epoch:[1/1]	 Batch:[2270/2792.0]	 Loss Sum:7.4775	forward Loss:2.5893;0.4139	 backward Loss:0.7793;0.9267	 Sentiment Loss:2.6639	Valence Loss:0.3985	 Arousal Loss:0.1234	
[2025-11-17 17:52:17,429][run_task2&3_trainer_multilingual.py][line:1124][INFO] Epoch:[1/1]	 Batch:[2280/2792.0]	 Loss Sum:12.7252	forward Loss:4.2906;1.8789	 backward Loss:2.321;1.1617	 Sentiment Loss:2.7558	Valence Loss:0.1557	 Arousal Loss:1.43	
[2025-11-17 17:52:20,927][run_task2&3_trainer_multilingual.py][line:1124][INFO] Epoch:[1/1]	 Batch:[2290/2792.0]	 Loss Sum:16.2138	forward Loss:1.8363;6.815	 backward Loss:6.5374;0.6126	 Sentiment Loss:0.3666	Valence Loss:0.1561	 Arousal Loss:0.0733	
[2025-11-17 17:52:24,417][run_task2&3_trainer_multilingual.py][line:1124][INFO] Epoch:[1/1]	 Batch:[2300/2792.0]	 Loss Sum:22.7453	forward Loss:2.7248;3.1769	 backward Loss:14.6184;1.6258	 Sentiment Loss:0.0842	Valence Loss:2.172	 Arousal Loss:0.404	
[2025-11-17 17:52:27,917][run_task2&3_trainer_multilingual.py][line:1124][INFO] Epoch:[1/1]	 Batch:[2310/2792.0]	 Loss Sum:14.1356	forward Loss:2.0152;4.3179	 backward Loss:6.3363;0.5955	 Sentiment Loss:0.7905	Valence Loss:0.3296	 Arousal Loss:0.0722	
[2025-11-17 17:52:31,413][run_task2&3_trainer_multilingual.py][line:1124][INFO] Epoch:[1/1]	 Batch:[2320/2792.0]	 Loss Sum:6.9825	forward Loss:2.6942;0.4856	 backward Loss:2.5462;1.0523	 Sentiment Loss:0.0232	Valence Loss:0.4681	 Arousal Loss:0.4367	
[2025-11-17 17:52:34,904][run_task2&3_trainer_multilingual.py][line:1124][INFO] Epoch:[1/1]	 Batch:[2330/2792.0]	 Loss Sum:6.695	forward Loss:1.0484;2.0487	 backward Loss:1.7594;1.6887	 Sentiment Loss:0.03	Valence Loss:0.2361	 Arousal Loss:0.363	
[2025-11-17 17:52:38,405][run_task2&3_trainer_multilingual.py][line:1124][INFO] Epoch:[1/1]	 Batch:[2340/2792.0]	 Loss Sum:6.1825	forward Loss:0.559;3.4661	 backward Loss:1.3304;0.6562	 Sentiment Loss:0.1225	Valence Loss:0.1786	 Arousal Loss:0.0633	
[2025-11-17 17:52:41,905][run_task2&3_trainer_multilingual.py][line:1124][INFO] Epoch:[1/1]	 Batch:[2350/2792.0]	 Loss Sum:6.6228	forward Loss:2.8879;0.5448	 backward Loss:1.0176;1.3198	 Sentiment Loss:0.8038	Valence Loss:0.1045	 Arousal Loss:0.1399	
[2025-11-17 17:52:45,399][run_task2&3_trainer_multilingual.py][line:1124][INFO] Epoch:[1/1]	 Batch:[2360/2792.0]	 Loss Sum:7.8053	forward Loss:1.5128;0.5014	 backward Loss:4.2909;0.5897	 Sentiment Loss:0.8491	Valence Loss:0.1864	 Arousal Loss:0.1209	
[2025-11-17 17:52:48,898][run_task2&3_trainer_multilingual.py][line:1124][INFO] Epoch:[1/1]	 Batch:[2370/2792.0]	 Loss Sum:8.822	forward Loss:1.4226;3.0227	 backward Loss:2.8349;1.162	 Sentiment Loss:0.255	Valence Loss:0.3151	 Arousal Loss:0.3094	
[2025-11-17 17:52:52,397][run_task2&3_trainer_multilingual.py][line:1124][INFO] Epoch:[1/1]	 Batch:[2380/2792.0]	 Loss Sum:2.9077	forward Loss:0.6441;0.5168	 backward Loss:0.5615;0.9026	 Sentiment Loss:0.0592	Valence Loss:0.8153	 Arousal Loss:0.3021	
[2025-11-17 17:52:55,891][run_task2&3_trainer_multilingual.py][line:1124][INFO] Epoch:[1/1]	 Batch:[2390/2792.0]	 Loss Sum:4.3451	forward Loss:1.3219;0.7781	 backward Loss:1.3516;0.1646	 Sentiment Loss:0.4567	Valence Loss:0.3348	 Arousal Loss:1.0263	
[2025-11-17 17:52:59,381][run_task2&3_trainer_multilingual.py][line:1124][INFO] Epoch:[1/1]	 Batch:[2400/2792.0]	 Loss Sum:28.5695	forward Loss:2.0816;7.6909	 backward Loss:16.1485;2.1772	 Sentiment Loss:0.2223	Valence Loss:0.3162	 Arousal Loss:0.9281	
[2025-11-17 17:53:02,870][run_task2&3_trainer_multilingual.py][line:1124][INFO] Epoch:[1/1]	 Batch:[2410/2792.0]	 Loss Sum:21.1419	forward Loss:3.5863;8.501	 backward Loss:6.7716;1.7109	 Sentiment Loss:0.4024	Valence Loss:0.526	 Arousal Loss:0.3217	
[2025-11-17 17:53:06,368][run_task2&3_trainer_multilingual.py][line:1124][INFO] Epoch:[1/1]	 Batch:[2420/2792.0]	 Loss Sum:21.2207	forward Loss:7.5705;1.0207	 backward Loss:0.9969;7.9955	 Sentiment Loss:3.3581	Valence Loss:1.2224	 Arousal Loss:0.1727	
[2025-11-17 17:53:09,875][run_task2&3_trainer_multilingual.py][line:1124][INFO] Epoch:[1/1]	 Batch:[2430/2792.0]	 Loss Sum:7.869	forward Loss:1.9771;1.4591	 backward Loss:2.9671;1.3725	 Sentiment Loss:0.0471	Valence Loss:0.1517	 Arousal Loss:0.0788	
[2025-11-17 17:53:13,369][run_task2&3_trainer_multilingual.py][line:1124][INFO] Epoch:[1/1]	 Batch:[2440/2792.0]	 Loss Sum:24.3848	forward Loss:1.4462;5.6131	 backward Loss:14.6199;2.4102	 Sentiment Loss:0.1305	Valence Loss:0.5979	 Arousal Loss:0.2268	
[2025-11-17 17:53:16,862][run_task2&3_trainer_multilingual.py][line:1124][INFO] Epoch:[1/1]	 Batch:[2450/2792.0]	 Loss Sum:33.6264	forward Loss:9.7952;7.2831	 backward Loss:10.3012;5.2642	 Sentiment Loss:0.3465	Valence Loss:2.9799	 Arousal Loss:0.2014	
[2025-11-17 17:53:20,362][run_task2&3_trainer_multilingual.py][line:1124][INFO] Epoch:[1/1]	 Batch:[2460/2792.0]	 Loss Sum:9.2599	forward Loss:0.8099;0.6609	 backward Loss:0.8833;0.8384	 Sentiment Loss:6.0187	Valence Loss:0.0839	 Arousal Loss:0.1592	
[2025-11-17 17:53:23,849][run_task2&3_trainer_multilingual.py][line:1124][INFO] Epoch:[1/1]	 Batch:[2470/2792.0]	 Loss Sum:18.3249	forward Loss:6.9228;1.542	 backward Loss:2.1059;7.6125	 Sentiment Loss:0.0547	Valence Loss:0.3801	 Arousal Loss:0.0549	
[2025-11-17 17:53:27,340][run_task2&3_trainer_multilingual.py][line:1124][INFO] Epoch:[1/1]	 Batch:[2480/2792.0]	 Loss Sum:16.2263	forward Loss:6.9871;4.0886	 backward Loss:3.4621;1.5618	 Sentiment Loss:0.0667	Valence Loss:0.1825	 Arousal Loss:0.1173	
[2025-11-17 17:53:30,841][run_task2&3_trainer_multilingual.py][line:1124][INFO] Epoch:[1/1]	 Batch:[2490/2792.0]	 Loss Sum:6.6228	forward Loss:3.6217;0.9701	 backward Loss:0.8034;0.6868	 Sentiment Loss:0.5093	Valence Loss:0.1303	 Arousal Loss:0.0271	
[2025-11-17 17:53:34,343][run_task2&3_trainer_multilingual.py][line:1124][INFO] Epoch:[1/1]	 Batch:[2500/2792.0]	 Loss Sum:10.7016	forward Loss:2.6458;1.4555	 backward Loss:4.1966;1.8625	 Sentiment Loss:0.4713	Valence Loss:0.0828	 Arousal Loss:0.2661	
[2025-11-17 17:53:37,846][run_task2&3_trainer_multilingual.py][line:1124][INFO] Epoch:[1/1]	 Batch:[2510/2792.0]	 Loss Sum:7.4571	forward Loss:0.1554;1.4305	 backward Loss:5.294;0.2105	 Sentiment Loss:0.3228	Valence Loss:0.1066	 Arousal Loss:0.1126	
[2025-11-17 17:53:41,353][run_task2&3_trainer_multilingual.py][line:1124][INFO] Epoch:[1/1]	 Batch:[2520/2792.0]	 Loss Sum:10.1315	forward Loss:0.9565;2.4636	 backward Loss:4.7928;0.4888	 Sentiment Loss:1.1068	Valence Loss:1.1535	 Arousal Loss:0.4617	
[2025-11-17 17:53:44,851][run_task2&3_trainer_multilingual.py][line:1124][INFO] Epoch:[1/1]	 Batch:[2530/2792.0]	 Loss Sum:10.9013	forward Loss:5.2987;1.0967	 backward Loss:2.128;1.6367	 Sentiment Loss:0.0181	Valence Loss:1.6212	 Arousal Loss:1.9947	
[2025-11-17 17:53:48,342][run_task2&3_trainer_multilingual.py][line:1124][INFO] Epoch:[1/1]	 Batch:[2540/2792.0]	 Loss Sum:10.3699	forward Loss:2.6708;1.1547	 backward Loss:1.4436;2.009	 Sentiment Loss:2.5758	Valence Loss:2.5213	 Arousal Loss:0.0584	
[2025-11-17 17:53:51,831][run_task2&3_trainer_multilingual.py][line:1124][INFO] Epoch:[1/1]	 Batch:[2550/2792.0]	 Loss Sum:18.8673	forward Loss:8.2313;0.6917	 backward Loss:6.4178;2.6717	 Sentiment Loss:0.4504	Valence Loss:1.6513	 Arousal Loss:0.3699	
[2025-11-17 17:53:55,319][run_task2&3_trainer_multilingual.py][line:1124][INFO] Epoch:[1/1]	 Batch:[2560/2792.0]	 Loss Sum:23.0498	forward Loss:4.253;7.7848	 backward Loss:7.5238;2.1333	 Sentiment Loss:1.2459	Valence Loss:0.0889	 Arousal Loss:0.4555	
[2025-11-17 17:53:58,815][run_task2&3_trainer_multilingual.py][line:1124][INFO] Epoch:[1/1]	 Batch:[2570/2792.0]	 Loss Sum:9.7899	forward Loss:4.369;2.124	 backward Loss:1.5485;1.5806	 Sentiment Loss:0.019	Valence Loss:0.4476	 Arousal Loss:0.2968	
[2025-11-17 17:54:02,316][run_task2&3_trainer_multilingual.py][line:1124][INFO] Epoch:[1/1]	 Batch:[2580/2792.0]	 Loss Sum:4.9817	forward Loss:0.9864;0.9379	 backward Loss:0.465;2.4365	 Sentiment Loss:0.0763	Valence Loss:0.1654	 Arousal Loss:0.2325	
[2025-11-17 17:54:05,815][run_task2&3_trainer_multilingual.py][line:1124][INFO] Epoch:[1/1]	 Batch:[2590/2792.0]	 Loss Sum:22.5294	forward Loss:2.3969;4.2901	 backward Loss:2.7303;10.2171	 Sentiment Loss:2.7934	Valence Loss:0.4489	 Arousal Loss:0.0592	
[2025-11-17 17:54:09,315][run_task2&3_trainer_multilingual.py][line:1124][INFO] Epoch:[1/1]	 Batch:[2600/2792.0]	 Loss Sum:3.6334	forward Loss:0.3416;0.9543	 backward Loss:0.8097;0.6819	 Sentiment Loss:0.1718	Valence Loss:2.8081	 Arousal Loss:0.5633	
[2025-11-17 17:54:12,806][run_task2&3_trainer_multilingual.py][line:1124][INFO] Epoch:[1/1]	 Batch:[2610/2792.0]	 Loss Sum:11.9785	forward Loss:1.5656;2.0911	 backward Loss:1.5941;1.2127	 Sentiment Loss:5.3998	Valence Loss:0.5437	 Arousal Loss:0.032	
[2025-11-17 17:54:16,305][run_task2&3_trainer_multilingual.py][line:1124][INFO] Epoch:[1/1]	 Batch:[2620/2792.0]	 Loss Sum:13.1639	forward Loss:2.0163;2.5258	 backward Loss:5.5612;1.7016	 Sentiment Loss:1.2994	Valence Loss:0.088	 Arousal Loss:0.2102	
[2025-11-17 17:54:19,796][run_task2&3_trainer_multilingual.py][line:1124][INFO] Epoch:[1/1]	 Batch:[2630/2792.0]	 Loss Sum:6.8917	forward Loss:1.0361;1.9193	 backward Loss:2.5579;1.0399	 Sentiment Loss:0.0352	Valence Loss:1.0723	 Arousal Loss:0.4445	
[2025-11-17 17:54:23,289][run_task2&3_trainer_multilingual.py][line:1124][INFO] Epoch:[1/1]	 Batch:[2640/2792.0]	 Loss Sum:4.1971	forward Loss:0.7055;1.3878	 backward Loss:1.2421;0.6306	 Sentiment Loss:0.1741	Valence Loss:0.1397	 Arousal Loss:0.1453	
[2025-11-17 17:54:26,778][run_task2&3_trainer_multilingual.py][line:1124][INFO] Epoch:[1/1]	 Batch:[2650/2792.0]	 Loss Sum:20.1266	forward Loss:3.5592;6.0238	 backward Loss:3.9428;6.4571	 Sentiment Loss:0.1023	Valence Loss:0.1668	 Arousal Loss:0.04	
[2025-11-17 17:54:30,271][run_task2&3_trainer_multilingual.py][line:1124][INFO] Epoch:[1/1]	 Batch:[2660/2792.0]	 Loss Sum:19.4216	forward Loss:2.878;3.6694	 backward Loss:4.4794;6.0776	 Sentiment Loss:2.1512	Valence Loss:0.6927	 Arousal Loss:0.1374	
[2025-11-17 17:54:33,769][run_task2&3_trainer_multilingual.py][line:1124][INFO] Epoch:[1/1]	 Batch:[2670/2792.0]	 Loss Sum:38.0476	forward Loss:12.7917;1.8607	 backward Loss:6.0226;8.6465	 Sentiment Loss:8.6636	Valence Loss:0.2637	 Arousal Loss:0.0488	
[2025-11-17 17:54:37,263][run_task2&3_trainer_multilingual.py][line:1124][INFO] Epoch:[1/1]	 Batch:[2680/2792.0]	 Loss Sum:7.139	forward Loss:1.557;1.3655	 backward Loss:3.0217;0.8899	 Sentiment Loss:0.2434	Valence Loss:0.0908	 Arousal Loss:0.2159	
[2025-11-17 17:54:40,756][run_task2&3_trainer_multilingual.py][line:1124][INFO] Epoch:[1/1]	 Batch:[2690/2792.0]	 Loss Sum:7.6707	forward Loss:0.8539;0.585	 backward Loss:0.415;2.08	 Sentiment Loss:3.6833	Valence Loss:0.0545	 Arousal Loss:0.213	
[2025-11-17 17:54:44,251][run_task2&3_trainer_multilingual.py][line:1124][INFO] Epoch:[1/1]	 Batch:[2700/2792.0]	 Loss Sum:11.8199	forward Loss:2.1618;2.1936	 backward Loss:6.4416;0.8817	 Sentiment Loss:0.0236	Valence Loss:0.1181	 Arousal Loss:0.4697	
[2025-11-17 17:54:47,738][run_task2&3_trainer_multilingual.py][line:1124][INFO] Epoch:[1/1]	 Batch:[2710/2792.0]	 Loss Sum:16.4678	forward Loss:0.7429;5.5382	 backward Loss:5.5029;1.4125	 Sentiment Loss:1.3805	Valence Loss:3.4388	 Arousal Loss:6.0154	
[2025-11-17 17:54:51,246][run_task2&3_trainer_multilingual.py][line:1124][INFO] Epoch:[1/1]	 Batch:[2720/2792.0]	 Loss Sum:6.8508	forward Loss:2.9428;1.1171	 backward Loss:1.4691;1.0588	 Sentiment Loss:0.2297	Valence Loss:0.0723	 Arousal Loss:0.0941	
[2025-11-17 17:54:54,747][run_task2&3_trainer_multilingual.py][line:1124][INFO] Epoch:[1/1]	 Batch:[2730/2792.0]	 Loss Sum:12.4549	forward Loss:4.3161;1.6142	 backward Loss:3.1555;2.6627	 Sentiment Loss:0.5783	Valence Loss:0.1371	 Arousal Loss:0.5035	
[2025-11-17 17:54:58,253][run_task2&3_trainer_multilingual.py][line:1124][INFO] Epoch:[1/1]	 Batch:[2740/2792.0]	 Loss Sum:11.7692	forward Loss:0.2372;4.7072	 backward Loss:4.8159;1.8804	 Sentiment Loss:0.0621	Valence Loss:0.0837	 Arousal Loss:0.2483	
[2025-11-17 17:55:01,740][run_task2&3_trainer_multilingual.py][line:1124][INFO] Epoch:[1/1]	 Batch:[2750/2792.0]	 Loss Sum:14.1897	forward Loss:2.6294;1.7219	 backward Loss:2.7225;5.9572	 Sentiment Loss:0.4592	Valence Loss:2.355	 Arousal Loss:1.1422	
[2025-11-17 17:55:05,239][run_task2&3_trainer_multilingual.py][line:1124][INFO] Epoch:[1/1]	 Batch:[2760/2792.0]	 Loss Sum:15.4237	forward Loss:2.7081;5.4053	 backward Loss:6.1034;0.3279	 Sentiment Loss:0.568	Valence Loss:0.464	 Arousal Loss:1.0915	
[2025-11-17 17:55:08,733][run_task2&3_trainer_multilingual.py][line:1124][INFO] Epoch:[1/1]	 Batch:[2770/2792.0]	 Loss Sum:5.0872	forward Loss:0.8849;1.5921	 backward Loss:1.7186;0.8253	 Sentiment Loss:0.0051	Valence Loss:0.2694	 Arousal Loss:0.0365	
[2025-11-17 17:55:12,219][run_task2&3_trainer_multilingual.py][line:1124][INFO] Epoch:[1/1]	 Batch:[2780/2792.0]	 Loss Sum:4.9207	forward Loss:1.0914;1.94	 backward Loss:1.2374;0.3414	 Sentiment Loss:0.161	Valence Loss:0.1411	 Arousal Loss:0.6063	
[2025-11-17 17:55:15,703][run_task2&3_trainer_multilingual.py][line:1124][INFO] Epoch:[1/1]	 Batch:[2790/2792.0]	 Loss Sum:4.7239	forward Loss:1.1592;1.0956	 backward Loss:1.1188;0.8075	 Sentiment Loss:0.0799	Valence Loss:1.3129	 Arousal Loss:1.0016	
[2025-11-17 17:55:16,395][run_task2&3_trainer_multilingual.py][line:1136][INFO] dev
[2025-11-17 17:55:43,053][run_task2&3_trainer_multilingual.py][line:470][INFO] Triplet - Precision: 0.41281138753308594	Recall: 0.3465272588898228	F1: 0.37677579258300375
[2025-11-17 17:55:43,053][run_task2&3_trainer_multilingual.py][line:475][INFO] Aspect - Precision: 0.7712550599481224	Recall: 0.6666666660834062	F1: 0.7151567051653906
[2025-11-17 17:55:43,053][run_task2&3_trainer_multilingual.py][line:480][INFO] Opinion - Precision: 0.6540429880716039	Recall: 0.5124298311848998	F1: 0.5746397946227729
[2025-11-17 17:55:43,053][run_task2&3_trainer_multilingual.py][line:486][INFO] Aspect-Category - Precision: 0.5619678329593492	Recall: 0.475961538080159	F1: 0.5154008045048803
[2025-11-17 17:55:43,053][run_task2&3_trainer_multilingual.py][line:494][INFO] Aspect-Opinion - Precision: 0.5346975084210875	Recall: 0.4488424193809989	F1: 0.48802223991436394
[2025-11-17 17:55:43,054][run_task2&3_trainer_multilingual.py][line:1142][INFO] Model saved after epoch 1
[2025-11-17 17:55:43,870][run_task2&3_trainer_multilingual.py][line:1153][INFO] loading model......
[2025-11-17 17:55:44,527][run_task2&3_trainer_multilingual.py][line:1156][INFO] inference......
