[2025-12-01 14:29:01,039][_client.py][line:1025][INFO] HTTP Request: HEAD https://huggingface.co/bert-base-multilingual-cased/resolve/main/tokenizer_config.json "HTTP/1.1 200 OK"
[2025-12-01 14:29:01,242][_client.py][line:1025][INFO] HTTP Request: HEAD https://huggingface.co/bert-base-multilingual-cased/resolve/main/tokenizer.json "HTTP/1.1 200 OK"
[2025-12-01 14:29:01,522][_client.py][line:1025][INFO] HTTP Request: GET https://huggingface.co/api/models/bert-base-multilingual-cased/tree/main/additional_chat_templates?recursive=false&expand=false "HTTP/1.1 307 Temporary Redirect"
[2025-12-01 14:29:01,833][_client.py][line:1025][INFO] HTTP Request: GET https://huggingface.co/api/models/google-bert/bert-base-multilingual-cased/tree/main/additional_chat_templates?recursive=false&expand=false "HTTP/1.1 404 Not Found"
[2025-12-01 14:29:02,132][_client.py][line:1025][INFO] HTTP Request: GET https://huggingface.co/api/models/bert-base-multilingual-cased/tree/main?recursive=true&expand=false "HTTP/1.1 307 Temporary Redirect"
[2025-12-01 14:29:02,339][_client.py][line:1025][INFO] HTTP Request: GET https://huggingface.co/api/models/google-bert/bert-base-multilingual-cased/tree/main?recursive=true&expand=false "HTTP/1.1 200 OK"
[2025-12-01 14:29:02,852][_client.py][line:1025][INFO] HTTP Request: HEAD https://huggingface.co/bert-base-multilingual-cased/resolve/main/config.json "HTTP/1.1 200 OK"
[2025-12-01 14:29:03,175][_client.py][line:1025][INFO] HTTP Request: HEAD https://huggingface.co/bert-base-multilingual-cased/resolve/main/model.safetensors "HTTP/1.1 302 Found"
[2025-12-01 14:29:03,907][run_task2&3_trainer_multilingual.py][line:980][INFO] initial optimizer......
[2025-12-01 14:29:03,908][run_task2&3_trainer_multilingual.py][line:998][INFO] New model and optimizer from epoch 1
[2025-12-01 14:29:03,908][run_task2&3_trainer_multilingual.py][line:1007][INFO] begin training......
[2025-12-01 14:29:10,771][run_task2&3_trainer_multilingual.py][line:1137][INFO] Epoch:[1/1]	 Batch:[10/2792.0]	 Loss Sum:98.4391	forward Loss:18.0556;20.759	 backward Loss:20.8118;22.9014	 Sentiment Loss:5.9943	Valence Loss:17.6482	 Arousal Loss:31.937	
[2025-12-01 14:29:17,274][run_task2&3_trainer_multilingual.py][line:1137][INFO] Epoch:[1/1]	 Batch:[20/2792.0]	 Loss Sum:55.5826	forward Loss:6.2989;7.3488	 backward Loss:6.9252;7.112	 Sentiment Loss:5.9312	Valence Loss:54.3977	 Arousal Loss:55.4346	
[2025-12-01 14:29:23,885][run_task2&3_trainer_multilingual.py][line:1137][INFO] Epoch:[1/1]	 Batch:[30/2792.0]	 Loss Sum:99.7723	forward Loss:19.9902;19.1814	 backward Loss:20.6897;21.2277	 Sentiment Loss:5.4427	Valence Loss:36.393	 Arousal Loss:29.8093	
[2025-12-01 14:29:30,512][run_task2&3_trainer_multilingual.py][line:1137][INFO] Epoch:[1/1]	 Batch:[40/2792.0]	 Loss Sum:73.0472	forward Loss:12.0726;12.5014	 backward Loss:12.1337;14.0499	 Sentiment Loss:5.7214	Valence Loss:39.9198	 Arousal Loss:42.9215	
[2025-12-01 14:29:37,079][run_task2&3_trainer_multilingual.py][line:1137][INFO] Epoch:[1/1]	 Batch:[50/2792.0]	 Loss Sum:61.4073	forward Loss:13.7972;7.8821	 backward Loss:8.4184;8.6308	 Sentiment Loss:5.8139	Valence Loss:41.4124	 Arousal Loss:42.9121	
[2025-12-01 14:29:43,561][run_task2&3_trainer_multilingual.py][line:1137][INFO] Epoch:[1/1]	 Batch:[60/2792.0]	 Loss Sum:47.2483	forward Loss:5.9051;8.6056	 backward Loss:8.3952;6.9252	 Sentiment Loss:4.1484	Valence Loss:37.3549	 Arousal Loss:28.9888	
[2025-12-01 14:29:48,303][run_task2&3_trainer_multilingual.py][line:1137][INFO] Epoch:[1/1]	 Batch:[70/2792.0]	 Loss Sum:89.5789	forward Loss:16.516;17.7032	 backward Loss:25.7637;16.0903	 Sentiment Loss:4.3734	Valence Loss:22.363	 Arousal Loss:23.2987	
[2025-12-01 14:29:52,014][run_task2&3_trainer_multilingual.py][line:1137][INFO] Epoch:[1/1]	 Batch:[80/2792.0]	 Loss Sum:48.294	forward Loss:9.2428;11.8254	 backward Loss:11.1352;9.6206	 Sentiment Loss:3.0985	Valence Loss:9.4115	 Arousal Loss:7.4455	
[2025-12-01 14:29:55,740][run_task2&3_trainer_multilingual.py][line:1137][INFO] Epoch:[1/1]	 Batch:[90/2792.0]	 Loss Sum:51.2593	forward Loss:14.7379;8.92	 backward Loss:13.3885;8.8251	 Sentiment Loss:2.827	Valence Loss:6.8798	 Arousal Loss:5.9236	
[2025-12-01 14:29:59,465][run_task2&3_trainer_multilingual.py][line:1137][INFO] Epoch:[1/1]	 Batch:[100/2792.0]	 Loss Sum:45.4339	forward Loss:7.7039;10.7587	 backward Loss:10.1339;8.015	 Sentiment Loss:8.1922	Valence Loss:3.0341	 Arousal Loss:0.1168	
[2025-12-01 14:30:03,180][run_task2&3_trainer_multilingual.py][line:1137][INFO] Epoch:[1/1]	 Batch:[110/2792.0]	 Loss Sum:40.9263	forward Loss:11.8251;7.5444	 backward Loss:11.4874;7.8064	 Sentiment Loss:2.0678	Valence Loss:0.0803	 Arousal Loss:0.8957	
[2025-12-01 14:30:06,886][run_task2&3_trainer_multilingual.py][line:1137][INFO] Epoch:[1/1]	 Batch:[120/2792.0]	 Loss Sum:42.9216	forward Loss:10.3505;10.5895	 backward Loss:11.8117;8.0963	 Sentiment Loss:1.6199	Valence Loss:1.4068	 Arousal Loss:0.8616	
[2025-12-01 14:30:10,600][run_task2&3_trainer_multilingual.py][line:1137][INFO] Epoch:[1/1]	 Batch:[130/2792.0]	 Loss Sum:32.3154	forward Loss:5.6202;10.1893	 backward Loss:7.9102;5.989	 Sentiment Loss:2.5465	Valence Loss:0.1092	 Arousal Loss:0.1917	
[2025-12-01 14:30:14,307][run_task2&3_trainer_multilingual.py][line:1137][INFO] Epoch:[1/1]	 Batch:[140/2792.0]	 Loss Sum:42.6885	forward Loss:10.9783;8.3055	 backward Loss:9.4528;10.54	 Sentiment Loss:2.3114	Valence Loss:5.3251	 Arousal Loss:0.177	
[2025-12-01 14:30:18,028][run_task2&3_trainer_multilingual.py][line:1137][INFO] Epoch:[1/1]	 Batch:[150/2792.0]	 Loss Sum:38.0398	forward Loss:9.9408;6.6877	 backward Loss:11.6573;6.8558	 Sentiment Loss:2.82	Valence Loss:0.2222	 Arousal Loss:0.1685	
[2025-12-01 14:30:21,747][run_task2&3_trainer_multilingual.py][line:1137][INFO] Epoch:[1/1]	 Batch:[160/2792.0]	 Loss Sum:60.7421	forward Loss:11.6428;10.6917	 backward Loss:23.5138;8.5041	 Sentiment Loss:5.5158	Valence Loss:3.5763	 Arousal Loss:0.7936	
[2025-12-01 14:30:25,450][run_task2&3_trainer_multilingual.py][line:1137][INFO] Epoch:[1/1]	 Batch:[170/2792.0]	 Loss Sum:20.8326	forward Loss:2.7144;6.7779	 backward Loss:5.6968;2.7468	 Sentiment Loss:2.7744	Valence Loss:0.259	 Arousal Loss:0.3526	
[2025-12-01 14:30:29,154][run_task2&3_trainer_multilingual.py][line:1137][INFO] Epoch:[1/1]	 Batch:[180/2792.0]	 Loss Sum:25.6146	forward Loss:3.7661;8.2471	 backward Loss:8.1244;3.5929	 Sentiment Loss:1.818	Valence Loss:0.1816	 Arousal Loss:0.1482	
[2025-12-01 14:30:32,866][run_task2&3_trainer_multilingual.py][line:1137][INFO] Epoch:[1/1]	 Batch:[190/2792.0]	 Loss Sum:29.0448	forward Loss:6.3658;6.9871	 backward Loss:6.902;5.5091	 Sentiment Loss:3.2124	Valence Loss:0.2458	 Arousal Loss:0.0968	
[2025-12-01 14:30:36,584][run_task2&3_trainer_multilingual.py][line:1137][INFO] Epoch:[1/1]	 Batch:[200/2792.0]	 Loss Sum:22.4625	forward Loss:5.7075;4.1837	 backward Loss:5.6828;4.3736	 Sentiment Loss:2.3809	Valence Loss:0.174	 Arousal Loss:0.4958	
[2025-12-01 14:30:40,292][run_task2&3_trainer_multilingual.py][line:1137][INFO] Epoch:[1/1]	 Batch:[210/2792.0]	 Loss Sum:29.0485	forward Loss:3.7748;4.9557	 backward Loss:8.0805;6.0737	 Sentiment Loss:5.1794	Valence Loss:4.2805	 Arousal Loss:0.641	
[2025-12-01 14:30:43,997][run_task2&3_trainer_multilingual.py][line:1137][INFO] Epoch:[1/1]	 Batch:[220/2792.0]	 Loss Sum:26.2084	forward Loss:3.5588;6.8332	 backward Loss:8.8178;4.3531	 Sentiment Loss:1.5091	Valence Loss:2.8317	 Arousal Loss:2.8503	
[2025-12-01 14:30:47,709][run_task2&3_trainer_multilingual.py][line:1137][INFO] Epoch:[1/1]	 Batch:[230/2792.0]	 Loss Sum:50.0024	forward Loss:11.6377;7.9799	 backward Loss:17.6475;6.6674	 Sentiment Loss:4.5246	Valence Loss:6.5084	 Arousal Loss:1.218	
[2025-12-01 14:30:51,428][run_task2&3_trainer_multilingual.py][line:1137][INFO] Epoch:[1/1]	 Batch:[240/2792.0]	 Loss Sum:28.2371	forward Loss:7.151;3.4962	 backward Loss:8.8612;5.7256	 Sentiment Loss:1.9901	Valence Loss:3.1234	 Arousal Loss:1.9413	
[2025-12-01 14:30:55,129][run_task2&3_trainer_multilingual.py][line:1137][INFO] Epoch:[1/1]	 Batch:[250/2792.0]	 Loss Sum:54.6795	forward Loss:17.9365;8.4553	 backward Loss:14.5923;4.3243	 Sentiment Loss:8.8371	Valence Loss:2.339	 Arousal Loss:0.331	
[2025-12-01 14:30:58,843][run_task2&3_trainer_multilingual.py][line:1137][INFO] Epoch:[1/1]	 Batch:[260/2792.0]	 Loss Sum:71.233	forward Loss:10.5872;12.9499	 backward Loss:37.5942;6.2005	 Sentiment Loss:2.8807	Valence Loss:3.9072	 Arousal Loss:1.1952	
[2025-12-01 14:31:02,555][run_task2&3_trainer_multilingual.py][line:1137][INFO] Epoch:[1/1]	 Batch:[270/2792.0]	 Loss Sum:16.6644	forward Loss:4.1739;3.0172	 backward Loss:2.3189;4.5744	 Sentiment Loss:2.0176	Valence Loss:0.7107	 Arousal Loss:2.1007	
[2025-12-01 14:31:06,274][run_task2&3_trainer_multilingual.py][line:1137][INFO] Epoch:[1/1]	 Batch:[280/2792.0]	 Loss Sum:69.0865	forward Loss:17.6025;15.9078	 backward Loss:15.4134;11.47	 Sentiment Loss:6.7388	Valence Loss:9.718	 Arousal Loss:0.0523	
[2025-12-01 14:31:09,974][run_task2&3_trainer_multilingual.py][line:1137][INFO] Epoch:[1/1]	 Batch:[290/2792.0]	 Loss Sum:57.1222	forward Loss:15.8672;10.7193	 backward Loss:11.9713;12.7508	 Sentiment Loss:5.1728	Valence Loss:1.9229	 Arousal Loss:1.2806	
[2025-12-01 14:31:13,683][run_task2&3_trainer_multilingual.py][line:1137][INFO] Epoch:[1/1]	 Batch:[300/2792.0]	 Loss Sum:25.4804	forward Loss:10.6988;4.182	 backward Loss:5.3649;3.7819	 Sentiment Loss:1.3282	Valence Loss:0.2962	 Arousal Loss:0.3269	
[2025-12-01 14:31:17,392][run_task2&3_trainer_multilingual.py][line:1137][INFO] Epoch:[1/1]	 Batch:[310/2792.0]	 Loss Sum:13.6652	forward Loss:1.7556;4.4217	 backward Loss:2.8568;1.6634	 Sentiment Loss:2.8384	Valence Loss:0.1983	 Arousal Loss:0.4486	
[2025-12-01 14:31:21,097][run_task2&3_trainer_multilingual.py][line:1137][INFO] Epoch:[1/1]	 Batch:[320/2792.0]	 Loss Sum:14.5582	forward Loss:3.1297;4.4218	 backward Loss:2.0513;2.2371	 Sentiment Loss:1.9371	Valence Loss:3.4867	 Arousal Loss:0.4191	
[2025-12-01 14:31:24,798][run_task2&3_trainer_multilingual.py][line:1137][INFO] Epoch:[1/1]	 Batch:[330/2792.0]	 Loss Sum:37.6446	forward Loss:7.8628;13.5917	 backward Loss:9.1976;2.6728	 Sentiment Loss:3.9927	Valence Loss:0.8967	 Arousal Loss:0.7382	
[2025-12-01 14:31:28,508][run_task2&3_trainer_multilingual.py][line:1137][INFO] Epoch:[1/1]	 Batch:[340/2792.0]	 Loss Sum:20.7603	forward Loss:7.6355;3.7919	 backward Loss:3.2497;3.6171	 Sentiment Loss:1.6667	Valence Loss:2.3433	 Arousal Loss:1.6539	
[2025-12-01 14:31:32,216][run_task2&3_trainer_multilingual.py][line:1137][INFO] Epoch:[1/1]	 Batch:[350/2792.0]	 Loss Sum:28.2044	forward Loss:5.4015;5.797	 backward Loss:9.8692;3.1325	 Sentiment Loss:3.2217	Valence Loss:3.3552	 Arousal Loss:0.5578	
[2025-12-01 14:31:35,942][run_task2&3_trainer_multilingual.py][line:1137][INFO] Epoch:[1/1]	 Batch:[360/2792.0]	 Loss Sum:29.2985	forward Loss:7.0167;4.0663	 backward Loss:8.2636;7.6091	 Sentiment Loss:1.9197	Valence Loss:1.2277	 Arousal Loss:0.8876	
[2025-12-01 14:31:39,647][run_task2&3_trainer_multilingual.py][line:1137][INFO] Epoch:[1/1]	 Batch:[370/2792.0]	 Loss Sum:30.2618	forward Loss:3.1554;6.6022	 backward Loss:14.7247;4.1075	 Sentiment Loss:1.4281	Valence Loss:0.1106	 Arousal Loss:1.1085	
[2025-12-01 14:31:43,351][run_task2&3_trainer_multilingual.py][line:1137][INFO] Epoch:[1/1]	 Batch:[380/2792.0]	 Loss Sum:19.0448	forward Loss:5.6518;4.5125	 backward Loss:2.5245;2.9465	 Sentiment Loss:2.1724	Valence Loss:2.6719	 Arousal Loss:3.5143	
[2025-12-01 14:31:47,057][run_task2&3_trainer_multilingual.py][line:1137][INFO] Epoch:[1/1]	 Batch:[390/2792.0]	 Loss Sum:16.1263	forward Loss:4.4518;2.1455	 backward Loss:2.8304;3.0319	 Sentiment Loss:3.338	Valence Loss:0.8618	 Arousal Loss:0.7818	
[2025-12-01 14:31:50,779][run_task2&3_trainer_multilingual.py][line:1137][INFO] Epoch:[1/1]	 Batch:[400/2792.0]	 Loss Sum:16.7594	forward Loss:3.2871;3.6979	 backward Loss:3.9146;3.7721	 Sentiment Loss:1.9745	Valence Loss:0.4388	 Arousal Loss:0.1269	
[2025-12-01 14:31:54,492][run_task2&3_trainer_multilingual.py][line:1137][INFO] Epoch:[1/1]	 Batch:[410/2792.0]	 Loss Sum:26.9878	forward Loss:1.6279;8.7166	 backward Loss:10.102;1.8477	 Sentiment Loss:4.0529	Valence Loss:2.403	 Arousal Loss:0.801	
[2025-12-01 14:31:58,223][run_task2&3_trainer_multilingual.py][line:1137][INFO] Epoch:[1/1]	 Batch:[420/2792.0]	 Loss Sum:16.5721	forward Loss:3.9748;3.3156	 backward Loss:2.753;3.3121	 Sentiment Loss:2.417	Valence Loss:3.3	 Arousal Loss:0.6977	
[2025-12-01 14:32:01,945][run_task2&3_trainer_multilingual.py][line:1137][INFO] Epoch:[1/1]	 Batch:[430/2792.0]	 Loss Sum:31.7802	forward Loss:8.0256;9.033	 backward Loss:7.8203;5.4384	 Sentiment Loss:1.3712	Valence Loss:0.1582	 Arousal Loss:0.3003	
[2025-12-01 14:32:05,648][run_task2&3_trainer_multilingual.py][line:1137][INFO] Epoch:[1/1]	 Batch:[440/2792.0]	 Loss Sum:31.1738	forward Loss:6.4196;5.1528	 backward Loss:3.7675;9.9896	 Sentiment Loss:4.7865	Valence Loss:2.0587	 Arousal Loss:3.2301	
[2025-12-01 14:32:09,377][run_task2&3_trainer_multilingual.py][line:1137][INFO] Epoch:[1/1]	 Batch:[450/2792.0]	 Loss Sum:20.2346	forward Loss:2.8113;4.5918	 backward Loss:7.5911;2.2216	 Sentiment Loss:2.4081	Valence Loss:2.1628	 Arousal Loss:0.8906	
[2025-12-01 14:32:13,083][run_task2&3_trainer_multilingual.py][line:1137][INFO] Epoch:[1/1]	 Batch:[460/2792.0]	 Loss Sum:32.6973	forward Loss:8.8507;6.0333	 backward Loss:10.14;4.4364	 Sentiment Loss:2.1206	Valence Loss:4.2892	 Arousal Loss:1.2924	
[2025-12-01 14:32:16,794][run_task2&3_trainer_multilingual.py][line:1137][INFO] Epoch:[1/1]	 Batch:[470/2792.0]	 Loss Sum:32.8673	forward Loss:7.1351;4.5303	 backward Loss:9.3224;6.9501	 Sentiment Loss:4.5099	Valence Loss:1.8666	 Arousal Loss:0.2309	
[2025-12-01 14:32:20,497][run_task2&3_trainer_multilingual.py][line:1137][INFO] Epoch:[1/1]	 Batch:[480/2792.0]	 Loss Sum:12.6834	forward Loss:3.0439;3.0511	 backward Loss:3.4117;1.2274	 Sentiment Loss:1.9021	Valence Loss:0.1761	 Arousal Loss:0.06	
[2025-12-01 14:32:24,218][run_task2&3_trainer_multilingual.py][line:1137][INFO] Epoch:[1/1]	 Batch:[490/2792.0]	 Loss Sum:48.6901	forward Loss:11.0809;10.1249	 backward Loss:19.6466;4.3764	 Sentiment Loss:3.3689	Valence Loss:0.234	 Arousal Loss:0.2279	
[2025-12-01 14:32:27,930][run_task2&3_trainer_multilingual.py][line:1137][INFO] Epoch:[1/1]	 Batch:[500/2792.0]	 Loss Sum:15.1952	forward Loss:3.0627;3.6225	 backward Loss:1.7644;4.1618	 Sentiment Loss:1.7216	Valence Loss:2.9213	 Arousal Loss:1.3894	
[2025-12-01 14:32:31,638][run_task2&3_trainer_multilingual.py][line:1137][INFO] Epoch:[1/1]	 Batch:[510/2792.0]	 Loss Sum:16.815	forward Loss:1.6137;5.0729	 backward Loss:3.1751;1.9211	 Sentiment Loss:4.9479	Valence Loss:0.3618	 Arousal Loss:0.0595	
[2025-12-01 14:32:35,348][run_task2&3_trainer_multilingual.py][line:1137][INFO] Epoch:[1/1]	 Batch:[520/2792.0]	 Loss Sum:25.2119	forward Loss:2.3081;3.4668	 backward Loss:5.1594;1.7958	 Sentiment Loss:11.6843	Valence Loss:3.684	 Arousal Loss:0.3042	
[2025-12-01 14:32:39,061][run_task2&3_trainer_multilingual.py][line:1137][INFO] Epoch:[1/1]	 Batch:[530/2792.0]	 Loss Sum:50.0181	forward Loss:15.1879;8.3889	 backward Loss:5.2078;16.8956	 Sentiment Loss:3.9579	Valence Loss:1.7552	 Arousal Loss:0.1448	
[2025-12-01 14:32:42,774][run_task2&3_trainer_multilingual.py][line:1137][INFO] Epoch:[1/1]	 Batch:[540/2792.0]	 Loss Sum:19.4782	forward Loss:2.9243;4.6437	 backward Loss:6.3072;1.9561	 Sentiment Loss:3.5089	Valence Loss:0.2151	 Arousal Loss:0.4747	
[2025-12-01 14:32:46,489][run_task2&3_trainer_multilingual.py][line:1137][INFO] Epoch:[1/1]	 Batch:[550/2792.0]	 Loss Sum:19.5898	forward Loss:5.0935;2.4035	 backward Loss:4.2018;3.3041	 Sentiment Loss:3.4593	Valence Loss:3.2101	 Arousal Loss:2.4281	
[2025-12-01 14:32:50,197][run_task2&3_trainer_multilingual.py][line:1137][INFO] Epoch:[1/1]	 Batch:[560/2792.0]	 Loss Sum:12.2685	forward Loss:4.8104;1.0077	 backward Loss:1.7315;2.6916	 Sentiment Loss:1.7641	Valence Loss:1.0195	 Arousal Loss:0.2968	
[2025-12-01 14:32:53,916][run_task2&3_trainer_multilingual.py][line:1137][INFO] Epoch:[1/1]	 Batch:[570/2792.0]	 Loss Sum:8.3758	forward Loss:2.3298;1.5359	 backward Loss:1.6448;1.5259	 Sentiment Loss:1.2174	Valence Loss:0.1662	 Arousal Loss:0.4444	
[2025-12-01 14:32:57,645][run_task2&3_trainer_multilingual.py][line:1137][INFO] Epoch:[1/1]	 Batch:[580/2792.0]	 Loss Sum:36.7311	forward Loss:12.1321;9.0994	 backward Loss:5.666;7.9615	 Sentiment Loss:0.915	Valence Loss:4.7254	 Arousal Loss:0.0606	
[2025-12-01 14:33:01,358][run_task2&3_trainer_multilingual.py][line:1137][INFO] Epoch:[1/1]	 Batch:[590/2792.0]	 Loss Sum:26.1721	forward Loss:5.7475;3.7711	 backward Loss:5.1076;8.887	 Sentiment Loss:2.3872	Valence Loss:1.3129	 Arousal Loss:0.0454	
[2025-12-01 14:33:05,063][run_task2&3_trainer_multilingual.py][line:1137][INFO] Epoch:[1/1]	 Batch:[600/2792.0]	 Loss Sum:29.2047	forward Loss:5.7999;2.3992	 backward Loss:11.1164;4.8392	 Sentiment Loss:4.7757	Valence Loss:1.2312	 Arousal Loss:0.1404	
[2025-12-01 14:33:08,768][run_task2&3_trainer_multilingual.py][line:1137][INFO] Epoch:[1/1]	 Batch:[610/2792.0]	 Loss Sum:20.4583	forward Loss:5.3525;1.7921	 backward Loss:2.4776;3.6348	 Sentiment Loss:7.0045	Valence Loss:0.9301	 Arousal Loss:0.0538	
[2025-12-01 14:33:12,474][run_task2&3_trainer_multilingual.py][line:1137][INFO] Epoch:[1/1]	 Batch:[620/2792.0]	 Loss Sum:20.4889	forward Loss:5.2924;3.1929	 backward Loss:3.3337;5.0136	 Sentiment Loss:2.0992	Valence Loss:1.2309	 Arousal Loss:6.5553	
[2025-12-01 14:33:16,177][run_task2&3_trainer_multilingual.py][line:1137][INFO] Epoch:[1/1]	 Batch:[630/2792.0]	 Loss Sum:49.1136	forward Loss:2.0796;19.1591	 backward Loss:18.1374;2.7261	 Sentiment Loss:5.8199	Valence Loss:5.7395	 Arousal Loss:0.2171	
[2025-12-01 14:33:19,895][run_task2&3_trainer_multilingual.py][line:1137][INFO] Epoch:[1/1]	 Batch:[640/2792.0]	 Loss Sum:11.815	forward Loss:3.5217;1.3235	 backward Loss:2.7194;1.9864	 Sentiment Loss:2.1745	Valence Loss:0.2106	 Arousal Loss:0.2371	
[2025-12-01 14:33:23,594][run_task2&3_trainer_multilingual.py][line:1137][INFO] Epoch:[1/1]	 Batch:[650/2792.0]	 Loss Sum:19.6662	forward Loss:3.8873;4.0818	 backward Loss:5.5132;4.8844	 Sentiment Loss:1.2223	Valence Loss:0.3125	 Arousal Loss:0.0731	
[2025-12-01 14:33:27,311][run_task2&3_trainer_multilingual.py][line:1137][INFO] Epoch:[1/1]	 Batch:[660/2792.0]	 Loss Sum:44.4072	forward Loss:11.2713;2.8254	 backward Loss:15.4626;4.5765	 Sentiment Loss:9.6752	Valence Loss:2.5759	 Arousal Loss:0.4058	
[2025-12-01 14:33:31,023][run_task2&3_trainer_multilingual.py][line:1137][INFO] Epoch:[1/1]	 Batch:[670/2792.0]	 Loss Sum:11.9736	forward Loss:2.6097;2.6784	 backward Loss:1.4971;2.8324	 Sentiment Loss:2.0368	Valence Loss:1.1949	 Arousal Loss:0.4004	
[2025-12-01 14:33:34,737][run_task2&3_trainer_multilingual.py][line:1137][INFO] Epoch:[1/1]	 Batch:[680/2792.0]	 Loss Sum:30.0301	forward Loss:3.3404;9.0238	 backward Loss:13.0266;2.4753	 Sentiment Loss:1.6407	Valence Loss:2.5648	 Arousal Loss:0.0524	
[2025-12-01 14:33:38,445][run_task2&3_trainer_multilingual.py][line:1137][INFO] Epoch:[1/1]	 Batch:[690/2792.0]	 Loss Sum:23.6263	forward Loss:2.1875;3.0193	 backward Loss:9.1281;1.4536	 Sentiment Loss:7.6655	Valence Loss:0.7617	 Arousal Loss:0.0999	
[2025-12-01 14:33:42,156][run_task2&3_trainer_multilingual.py][line:1137][INFO] Epoch:[1/1]	 Batch:[700/2792.0]	 Loss Sum:16.9366	forward Loss:0.6202;5.0276	 backward Loss:8.1846;1.0661	 Sentiment Loss:1.904	Valence Loss:0.5262	 Arousal Loss:0.1437	
[2025-12-01 14:33:45,863][run_task2&3_trainer_multilingual.py][line:1137][INFO] Epoch:[1/1]	 Batch:[710/2792.0]	 Loss Sum:8.5102	forward Loss:0.8839;1.8024	 backward Loss:2.3176;1.531	 Sentiment Loss:1.873	Valence Loss:0.4122	 Arousal Loss:0.0995	
[2025-12-01 14:33:49,585][run_task2&3_trainer_multilingual.py][line:1137][INFO] Epoch:[1/1]	 Batch:[720/2792.0]	 Loss Sum:7.4695	forward Loss:1.0735;2.0053	 backward Loss:2.0423;1.2986	 Sentiment Loss:0.9038	Valence Loss:0.367	 Arousal Loss:0.3632	
[2025-12-01 14:33:53,305][run_task2&3_trainer_multilingual.py][line:1137][INFO] Epoch:[1/1]	 Batch:[730/2792.0]	 Loss Sum:18.4651	forward Loss:5.8205;2.1187	 backward Loss:2.5738;5.1211	 Sentiment Loss:2.7979	Valence Loss:0.1251	 Arousal Loss:0.04	
[2025-12-01 14:33:57,007][run_task2&3_trainer_multilingual.py][line:1137][INFO] Epoch:[1/1]	 Batch:[740/2792.0]	 Loss Sum:31.9043	forward Loss:4.7613;6.874	 backward Loss:9.0908;5.5694	 Sentiment Loss:4.8408	Valence Loss:3.3921	 Arousal Loss:0.4475	
[2025-12-01 14:34:00,729][run_task2&3_trainer_multilingual.py][line:1137][INFO] Epoch:[1/1]	 Batch:[750/2792.0]	 Loss Sum:59.2274	forward Loss:17.9876;4.9583	 backward Loss:23.9293;3.8928	 Sentiment Loss:6.4893	Valence Loss:6.0123	 Arousal Loss:3.838	
[2025-12-01 14:34:04,435][run_task2&3_trainer_multilingual.py][line:1137][INFO] Epoch:[1/1]	 Batch:[760/2792.0]	 Loss Sum:40.9182	forward Loss:7.6488;7.8126	 backward Loss:11.6888;4.9933	 Sentiment Loss:8.3016	Valence Loss:1.9736	 Arousal Loss:0.3921	
[2025-12-01 14:34:08,146][run_task2&3_trainer_multilingual.py][line:1137][INFO] Epoch:[1/1]	 Batch:[770/2792.0]	 Loss Sum:9.2325	forward Loss:0.8965;2.1025	 backward Loss:1.4795;1.535	 Sentiment Loss:3.0282	Valence Loss:0.6088	 Arousal Loss:0.346	
[2025-12-01 14:34:11,860][run_task2&3_trainer_multilingual.py][line:1137][INFO] Epoch:[1/1]	 Batch:[780/2792.0]	 Loss Sum:8.1464	forward Loss:2.2488;0.6465	 backward Loss:1.0102;1.5062	 Sentiment Loss:2.0827	Valence Loss:3.1259	 Arousal Loss:0.1339	
[2025-12-01 14:34:15,575][run_task2&3_trainer_multilingual.py][line:1137][INFO] Epoch:[1/1]	 Batch:[790/2792.0]	 Loss Sum:35.7306	forward Loss:8.1675;4.484	 backward Loss:11.2145;4.8654	 Sentiment Loss:6.131	Valence Loss:3.3336	 Arousal Loss:1.0076	
[2025-12-01 14:34:19,282][run_task2&3_trainer_multilingual.py][line:1137][INFO] Epoch:[1/1]	 Batch:[800/2792.0]	 Loss Sum:19.9586	forward Loss:1.7245;5.2339	 backward Loss:4.9782;1.8865	 Sentiment Loss:5.9024	Valence Loss:0.3452	 Arousal Loss:0.8203	
[2025-12-01 14:34:23,279][run_task2&3_trainer_multilingual.py][line:1137][INFO] Epoch:[1/1]	 Batch:[810/2792.0]	 Loss Sum:16.6205	forward Loss:1.0349;2.6263	 backward Loss:7.9025;2.5804	 Sentiment Loss:2.3787	Valence Loss:0.1817	 Arousal Loss:0.3074	
[2025-12-01 14:34:27,005][run_task2&3_trainer_multilingual.py][line:1137][INFO] Epoch:[1/1]	 Batch:[820/2792.0]	 Loss Sum:18.3281	forward Loss:5.061;3.415	 backward Loss:4.547;2.5232	 Sentiment Loss:1.8357	Valence Loss:4.6862	 Arousal Loss:0.0444	
[2025-12-01 14:34:30,720][run_task2&3_trainer_multilingual.py][line:1137][INFO] Epoch:[1/1]	 Batch:[830/2792.0]	 Loss Sum:15.6704	forward Loss:4.5549;1.7717	 backward Loss:3.0207;3.8403	 Sentiment Loss:2.251	Valence Loss:0.9931	 Arousal Loss:0.1658	
[2025-12-01 14:34:34,440][run_task2&3_trainer_multilingual.py][line:1137][INFO] Epoch:[1/1]	 Batch:[840/2792.0]	 Loss Sum:21.8027	forward Loss:6.9771;2.6119	 backward Loss:3.3306;2.002	 Sentiment Loss:6.2095	Valence Loss:2.5635	 Arousal Loss:0.7947	
[2025-12-01 14:34:38,139][run_task2&3_trainer_multilingual.py][line:1137][INFO] Epoch:[1/1]	 Batch:[850/2792.0]	 Loss Sum:21.7886	forward Loss:6.4734;2.8543	 backward Loss:6.0115;2.9965	 Sentiment Loss:3.4091	Valence Loss:0.0649	 Arousal Loss:0.1535	
[2025-12-01 14:34:41,855][run_task2&3_trainer_multilingual.py][line:1137][INFO] Epoch:[1/1]	 Batch:[860/2792.0]	 Loss Sum:24.0817	forward Loss:9.2947;2.9486	 backward Loss:7.8692;2.2435	 Sentiment Loss:1.635	Valence Loss:0.341	 Arousal Loss:0.1134	
[2025-12-01 14:34:45,558][run_task2&3_trainer_multilingual.py][line:1137][INFO] Epoch:[1/1]	 Batch:[870/2792.0]	 Loss Sum:15.6939	forward Loss:1.7272;5.3466	 backward Loss:5.5435;1.3301	 Sentiment Loss:1.6766	Valence Loss:0.2703	 Arousal Loss:0.0793	
[2025-12-01 14:34:49,281][run_task2&3_trainer_multilingual.py][line:1137][INFO] Epoch:[1/1]	 Batch:[880/2792.0]	 Loss Sum:18.7974	forward Loss:2.1892;4.5518	 backward Loss:7.859;1.384	 Sentiment Loss:2.6474	Valence Loss:0.5478	 Arousal Loss:0.283	
[2025-12-01 14:34:52,996][run_task2&3_trainer_multilingual.py][line:1137][INFO] Epoch:[1/1]	 Batch:[890/2792.0]	 Loss Sum:27.214	forward Loss:1.3525;7.8092	 backward Loss:7.6309;1.5957	 Sentiment Loss:8.7678	Valence Loss:0.0673	 Arousal Loss:0.2229	
[2025-12-01 14:34:56,717][run_task2&3_trainer_multilingual.py][line:1137][INFO] Epoch:[1/1]	 Batch:[900/2792.0]	 Loss Sum:34.504	forward Loss:6.8285;7.5335	 backward Loss:8.9698;5.7076	 Sentiment Loss:4.6022	Valence Loss:3.4336	 Arousal Loss:0.8779	
[2025-12-01 14:35:00,436][run_task2&3_trainer_multilingual.py][line:1137][INFO] Epoch:[1/1]	 Batch:[910/2792.0]	 Loss Sum:6.1884	forward Loss:0.9568;0.8066	 backward Loss:1.7647;1.0004	 Sentiment Loss:0.8893	Valence Loss:2.4649	 Arousal Loss:1.388	
[2025-12-01 14:35:04,156][run_task2&3_trainer_multilingual.py][line:1137][INFO] Epoch:[1/1]	 Batch:[920/2792.0]	 Loss Sum:30.6751	forward Loss:8.9769;2.7864	 backward Loss:7.6023;5.2223	 Sentiment Loss:4.7827	Valence Loss:5.3294	 Arousal Loss:1.1931	
[2025-12-01 14:35:07,858][run_task2&3_trainer_multilingual.py][line:1137][INFO] Epoch:[1/1]	 Batch:[930/2792.0]	 Loss Sum:11.8483	forward Loss:2.3058;1.6443	 backward Loss:1.6975;2.0236	 Sentiment Loss:3.3019	Valence Loss:3.1096	 Arousal Loss:1.2661	
[2025-12-01 14:35:11,565][run_task2&3_trainer_multilingual.py][line:1137][INFO] Epoch:[1/1]	 Batch:[940/2792.0]	 Loss Sum:13.0072	forward Loss:4.7596;1.4632	 backward Loss:1.3978;2.4864	 Sentiment Loss:1.7161	Valence Loss:5.724	 Arousal Loss:0.1965	
[2025-12-01 14:35:15,280][run_task2&3_trainer_multilingual.py][line:1137][INFO] Epoch:[1/1]	 Batch:[950/2792.0]	 Loss Sum:11.6108	forward Loss:0.3111;5.0695	 backward Loss:5.0687;0.54	 Sentiment Loss:0.4983	Valence Loss:0.4399	 Arousal Loss:0.1761	
[2025-12-01 14:35:18,991][run_task2&3_trainer_multilingual.py][line:1137][INFO] Epoch:[1/1]	 Batch:[960/2792.0]	 Loss Sum:24.6299	forward Loss:5.6747;2.0434	 backward Loss:6.6877;4.1759	 Sentiment Loss:5.0543	Valence Loss:3.235	 Arousal Loss:1.7345	
[2025-12-01 14:35:22,700][run_task2&3_trainer_multilingual.py][line:1137][INFO] Epoch:[1/1]	 Batch:[970/2792.0]	 Loss Sum:32.2383	forward Loss:11.6371;2.0617	 backward Loss:6.5107;2.6193	 Sentiment Loss:9.2523	Valence Loss:0.5423	 Arousal Loss:0.2438	
[2025-12-01 14:35:26,429][run_task2&3_trainer_multilingual.py][line:1137][INFO] Epoch:[1/1]	 Batch:[980/2792.0]	 Loss Sum:23.0483	forward Loss:9.991;2.1852	 backward Loss:4.6716;3.5591	 Sentiment Loss:2.5904	Valence Loss:0.2291	 Arousal Loss:0.026	
[2025-12-01 14:35:30,149][run_task2&3_trainer_multilingual.py][line:1137][INFO] Epoch:[1/1]	 Batch:[990/2792.0]	 Loss Sum:32.2468	forward Loss:7.8371;2.7732	 backward Loss:12.8847;5.6664	 Sentiment Loss:1.873	Valence Loss:5.736	 Arousal Loss:0.3259	
[2025-12-01 14:35:33,873][run_task2&3_trainer_multilingual.py][line:1137][INFO] Epoch:[1/1]	 Batch:[1000/2792.0]	 Loss Sum:13.7087	forward Loss:4.4342;2.5199	 backward Loss:3.9729;1.8053	 Sentiment Loss:0.7271	Valence Loss:0.6817	 Arousal Loss:0.565	
[2025-12-01 14:35:37,599][run_task2&3_trainer_multilingual.py][line:1137][INFO] Epoch:[1/1]	 Batch:[1010/2792.0]	 Loss Sum:13.5111	forward Loss:5.1564;1.416	 backward Loss:2.4649;3.1478	 Sentiment Loss:1.1925	Valence Loss:0.1221	 Arousal Loss:0.5453	
[2025-12-01 14:35:41,318][run_task2&3_trainer_multilingual.py][line:1137][INFO] Epoch:[1/1]	 Batch:[1020/2792.0]	 Loss Sum:23.1308	forward Loss:4.0133;6.1949	 backward Loss:8.6088;2.0228	 Sentiment Loss:2.0617	Valence Loss:0.6351	 Arousal Loss:0.5115	
[2025-12-01 14:35:45,033][run_task2&3_trainer_multilingual.py][line:1137][INFO] Epoch:[1/1]	 Batch:[1030/2792.0]	 Loss Sum:13.2987	forward Loss:0.3023;5.8189	 backward Loss:4.9596;0.2635	 Sentiment Loss:1.6014	Valence Loss:1.5138	 Arousal Loss:0.2516	
[2025-12-01 14:35:48,746][run_task2&3_trainer_multilingual.py][line:1137][INFO] Epoch:[1/1]	 Batch:[1040/2792.0]	 Loss Sum:36.0512	forward Loss:6.7808;4.4523	 backward Loss:14.1959;4.5068	 Sentiment Loss:5.9492	Valence Loss:0.5855	 Arousal Loss:0.2451	
[2025-12-01 14:35:52,460][run_task2&3_trainer_multilingual.py][line:1137][INFO] Epoch:[1/1]	 Batch:[1050/2792.0]	 Loss Sum:8.1533	forward Loss:0.5209;0.8031	 backward Loss:3.0272;0.5034	 Sentiment Loss:2.0442	Valence Loss:5.5681	 Arousal Loss:0.7056	
[2025-12-01 14:35:56,184][run_task2&3_trainer_multilingual.py][line:1137][INFO] Epoch:[1/1]	 Batch:[1060/2792.0]	 Loss Sum:23.2029	forward Loss:1.8615;3.2059	 backward Loss:11.1086;3.0096	 Sentiment Loss:3.8434	Valence Loss:0.7956	 Arousal Loss:0.0741	
[2025-12-01 14:35:59,916][run_task2&3_trainer_multilingual.py][line:1137][INFO] Epoch:[1/1]	 Batch:[1070/2792.0]	 Loss Sum:11.4697	forward Loss:1.3724;1.3886	 backward Loss:4.0186;1.9225	 Sentiment Loss:2.5782	Valence Loss:0.0968	 Arousal Loss:0.85	
[2025-12-01 14:36:03,623][run_task2&3_trainer_multilingual.py][line:1137][INFO] Epoch:[1/1]	 Batch:[1080/2792.0]	 Loss Sum:14.39	forward Loss:1.0641;4.1281	 backward Loss:6.6769;0.8313	 Sentiment Loss:1.4302	Valence Loss:0.1864	 Arousal Loss:1.1111	
[2025-12-01 14:36:07,340][run_task2&3_trainer_multilingual.py][line:1137][INFO] Epoch:[1/1]	 Batch:[1090/2792.0]	 Loss Sum:25.2801	forward Loss:6.2532;5.1476	 backward Loss:6.7423;2.7	 Sentiment Loss:3.5724	Valence Loss:4.0668	 Arousal Loss:0.2561	
[2025-12-01 14:36:11,060][run_task2&3_trainer_multilingual.py][line:1137][INFO] Epoch:[1/1]	 Batch:[1100/2792.0]	 Loss Sum:22.7592	forward Loss:4.0808;3.776	 backward Loss:10.2923;2.6827	 Sentiment Loss:1.7937	Valence Loss:0.5388	 Arousal Loss:0.1297	
[2025-12-01 14:36:14,771][run_task2&3_trainer_multilingual.py][line:1137][INFO] Epoch:[1/1]	 Batch:[1110/2792.0]	 Loss Sum:24.0323	forward Loss:1.3996;6.7052	 backward Loss:7.82;2.4551	 Sentiment Loss:5.4556	Valence Loss:0.8393	 Arousal Loss:0.1443	
[2025-12-01 14:36:18,487][run_task2&3_trainer_multilingual.py][line:1137][INFO] Epoch:[1/1]	 Batch:[1120/2792.0]	 Loss Sum:26.4836	forward Loss:5.4736;9.0206	 backward Loss:6.7274;2.8308	 Sentiment Loss:2.1753	Valence Loss:1.2483	 Arousal Loss:0.0315	
[2025-12-01 14:36:22,210][run_task2&3_trainer_multilingual.py][line:1137][INFO] Epoch:[1/1]	 Batch:[1130/2792.0]	 Loss Sum:23.9766	forward Loss:2.7371;5.7367	 backward Loss:8.9378;4.0791	 Sentiment Loss:1.9919	Valence Loss:1.9481	 Arousal Loss:0.5224	
[2025-12-01 14:36:25,924][run_task2&3_trainer_multilingual.py][line:1137][INFO] Epoch:[1/1]	 Batch:[1140/2792.0]	 Loss Sum:11.8143	forward Loss:4.4076;1.8614	 backward Loss:3.2329;1.4927	 Sentiment Loss:0.6509	Valence Loss:0.353	 Arousal Loss:0.4906	
[2025-12-01 14:36:29,637][run_task2&3_trainer_multilingual.py][line:1137][INFO] Epoch:[1/1]	 Batch:[1150/2792.0]	 Loss Sum:54.5507	forward Loss:25.6242;5.9205	 backward Loss:5.1776;14.0522	 Sentiment Loss:3.2024	Valence Loss:2.2702	 Arousal Loss:0.5994	
[2025-12-01 14:36:33,351][run_task2&3_trainer_multilingual.py][line:1137][INFO] Epoch:[1/1]	 Batch:[1160/2792.0]	 Loss Sum:21.3832	forward Loss:1.8851;5.3264	 backward Loss:5.5933;2.4678	 Sentiment Loss:4.4418	Valence Loss:7.926	 Arousal Loss:0.4181	
[2025-12-01 14:36:37,060][run_task2&3_trainer_multilingual.py][line:1137][INFO] Epoch:[1/1]	 Batch:[1170/2792.0]	 Loss Sum:36.1352	forward Loss:6.3141;4.8227	 backward Loss:20.7183;1.3953	 Sentiment Loss:2.7281	Valence Loss:0.6289	 Arousal Loss:0.1554	
[2025-12-01 14:36:40,781][run_task2&3_trainer_multilingual.py][line:1137][INFO] Epoch:[1/1]	 Batch:[1180/2792.0]	 Loss Sum:29.3762	forward Loss:7.9865;1.5153	 backward Loss:10.9965;3.083	 Sentiment Loss:5.3877	Valence Loss:1.9196	 Arousal Loss:0.1164	
[2025-12-01 14:36:44,497][run_task2&3_trainer_multilingual.py][line:1137][INFO] Epoch:[1/1]	 Batch:[1190/2792.0]	 Loss Sum:30.6131	forward Loss:12.8337;1.4681	 backward Loss:3.8944;7.1683	 Sentiment Loss:4.7936	Valence Loss:2.2282	 Arousal Loss:0.0469	
[2025-12-01 14:36:48,206][run_task2&3_trainer_multilingual.py][line:1137][INFO] Epoch:[1/1]	 Batch:[1200/2792.0]	 Loss Sum:24.2584	forward Loss:7.367;4.6935	 backward Loss:2.4447;2.2302	 Sentiment Loss:7.4558	Valence Loss:0.1016	 Arousal Loss:0.2348	
[2025-12-01 14:36:51,922][run_task2&3_trainer_multilingual.py][line:1137][INFO] Epoch:[1/1]	 Batch:[1210/2792.0]	 Loss Sum:18.2578	forward Loss:3.0388;2.124	 backward Loss:6.8991;1.7935	 Sentiment Loss:4.0616	Valence Loss:1.5686	 Arousal Loss:0.1352	
[2025-12-01 14:36:55,635][run_task2&3_trainer_multilingual.py][line:1137][INFO] Epoch:[1/1]	 Batch:[1220/2792.0]	 Loss Sum:31.1584	forward Loss:12.2403;3.6275	 backward Loss:10.0764;3.1169	 Sentiment Loss:1.9595	Valence Loss:0.0709	 Arousal Loss:0.6185	
[2025-12-01 14:36:59,358][run_task2&3_trainer_multilingual.py][line:1137][INFO] Epoch:[1/1]	 Batch:[1230/2792.0]	 Loss Sum:10.6298	forward Loss:0.9205;1.9521	 backward Loss:4.3054;0.9131	 Sentiment Loss:2.4481	Valence Loss:0.2858	 Arousal Loss:0.1675	
[2025-12-01 14:37:03,073][run_task2&3_trainer_multilingual.py][line:1137][INFO] Epoch:[1/1]	 Batch:[1240/2792.0]	 Loss Sum:17.2647	forward Loss:0.8442;7.3496	 backward Loss:4.832;1.3904	 Sentiment Loss:2.738	Valence Loss:0.126	 Arousal Loss:0.4265	
[2025-12-01 14:37:06,781][run_task2&3_trainer_multilingual.py][line:1137][INFO] Epoch:[1/1]	 Batch:[1250/2792.0]	 Loss Sum:14.2418	forward Loss:2.6025;1.9461	 backward Loss:4.4469;4.3055	 Sentiment Loss:0.6746	Valence Loss:1.0526	 Arousal Loss:0.2779	
[2025-12-01 14:37:10,489][run_task2&3_trainer_multilingual.py][line:1137][INFO] Epoch:[1/1]	 Batch:[1260/2792.0]	 Loss Sum:16.5075	forward Loss:3.6478;2.2607	 backward Loss:8.8677;1.4171	 Sentiment Loss:0.2082	Valence Loss:0.2966	 Arousal Loss:0.234	
[2025-12-01 14:37:14,198][run_task2&3_trainer_multilingual.py][line:1137][INFO] Epoch:[1/1]	 Batch:[1270/2792.0]	 Loss Sum:21.2314	forward Loss:6.141;4.9927	 backward Loss:5.8636;2.6464	 Sentiment Loss:1.3208	Valence Loss:0.9493	 Arousal Loss:0.3856	
[2025-12-01 14:37:17,903][run_task2&3_trainer_multilingual.py][line:1137][INFO] Epoch:[1/1]	 Batch:[1280/2792.0]	 Loss Sum:13.7441	forward Loss:0.54;4.1316	 backward Loss:4.5109;0.5384	 Sentiment Loss:3.9728	Valence Loss:0.1499	 Arousal Loss:0.1021	
[2025-12-01 14:37:21,607][run_task2&3_trainer_multilingual.py][line:1137][INFO] Epoch:[1/1]	 Batch:[1290/2792.0]	 Loss Sum:11.4868	forward Loss:1.84;2.4733	 backward Loss:4.1152;1.5533	 Sentiment Loss:1.1325	Valence Loss:0.6525	 Arousal Loss:1.2103	
[2025-12-01 14:37:25,325][run_task2&3_trainer_multilingual.py][line:1137][INFO] Epoch:[1/1]	 Batch:[1300/2792.0]	 Loss Sum:28.9599	forward Loss:6.1479;5.4312	 backward Loss:9.1137;1.2437	 Sentiment Loss:6.4836	Valence Loss:2.2859	 Arousal Loss:0.4129	
[2025-12-01 14:37:29,042][run_task2&3_trainer_multilingual.py][line:1137][INFO] Epoch:[1/1]	 Batch:[1310/2792.0]	 Loss Sum:10.3523	forward Loss:1.195;1.6637	 backward Loss:4.0046;1.0333	 Sentiment Loss:2.3193	Valence Loss:0.5627	 Arousal Loss:0.1189	
[2025-12-01 14:37:32,772][run_task2&3_trainer_multilingual.py][line:1137][INFO] Epoch:[1/1]	 Batch:[1320/2792.0]	 Loss Sum:10.9711	forward Loss:0.2558;2.8987	 backward Loss:5.9209;0.3426	 Sentiment Loss:1.1008	Valence Loss:0.5776	 Arousal Loss:1.6833	
[2025-12-01 14:37:36,499][run_task2&3_trainer_multilingual.py][line:1137][INFO] Epoch:[1/1]	 Batch:[1330/2792.0]	 Loss Sum:16.5669	forward Loss:3.0156;2.2739	 backward Loss:4.4586;1.7919	 Sentiment Loss:4.687	Valence Loss:0.8544	 Arousal Loss:0.8457	
[2025-12-01 14:37:40,213][run_task2&3_trainer_multilingual.py][line:1137][INFO] Epoch:[1/1]	 Batch:[1340/2792.0]	 Loss Sum:33.4377	forward Loss:4.9773;6.5472	 backward Loss:8.4057;9.0666	 Sentiment Loss:3.3035	Valence Loss:2.3918	 Arousal Loss:3.2953	
[2025-12-01 14:37:43,924][run_task2&3_trainer_multilingual.py][line:1137][INFO] Epoch:[1/1]	 Batch:[1350/2792.0]	 Loss Sum:14.0678	forward Loss:1.2055;4.7434	 backward Loss:4.0382;0.9629	 Sentiment Loss:3.0038	Valence Loss:0.4664	 Arousal Loss:0.1036	
[2025-12-01 14:37:47,639][run_task2&3_trainer_multilingual.py][line:1137][INFO] Epoch:[1/1]	 Batch:[1360/2792.0]	 Loss Sum:28.9808	forward Loss:3.2847;3.5294	 backward Loss:12.987;2.535	 Sentiment Loss:6.5694	Valence Loss:0.2514	 Arousal Loss:0.1244	
[2025-12-01 14:37:51,346][run_task2&3_trainer_multilingual.py][line:1137][INFO] Epoch:[1/1]	 Batch:[1370/2792.0]	 Loss Sum:10.5076	forward Loss:2.4314;1.145	 backward Loss:4.2436;1.2922	 Sentiment Loss:1.2025	Valence Loss:0.7981	 Arousal Loss:0.1668	
[2025-12-01 14:37:55,062][run_task2&3_trainer_multilingual.py][line:1137][INFO] Epoch:[1/1]	 Batch:[1380/2792.0]	 Loss Sum:38.4275	forward Loss:10.2885;2.7162	 backward Loss:5.4879;13.9405	 Sentiment Loss:5.4311	Valence Loss:2.4026	 Arousal Loss:0.414	
[2025-12-01 14:37:58,777][run_task2&3_trainer_multilingual.py][line:1137][INFO] Epoch:[1/1]	 Batch:[1390/2792.0]	 Loss Sum:10.5215	forward Loss:3.4194;0.6977	 backward Loss:2.0628;2.576	 Sentiment Loss:1.1128	Valence Loss:3.1967	 Arousal Loss:0.0675	
[2025-12-01 14:38:02,500][run_task2&3_trainer_multilingual.py][line:1137][INFO] Epoch:[1/1]	 Batch:[1400/2792.0]	 Loss Sum:10.5723	forward Loss:3.056;0.7542	 backward Loss:1.6299;0.6081	 Sentiment Loss:4.24	Valence Loss:1.3417	 Arousal Loss:0.0793	
[2025-12-01 14:38:06,225][run_task2&3_trainer_multilingual.py][line:1137][INFO] Epoch:[1/1]	 Batch:[1410/2792.0]	 Loss Sum:25.2548	forward Loss:8.0232;3.2372	 backward Loss:2.8682;5.181	 Sentiment Loss:5.57	Valence Loss:1.739	 Arousal Loss:0.1372	
[2025-12-01 14:38:09,939][run_task2&3_trainer_multilingual.py][line:1137][INFO] Epoch:[1/1]	 Batch:[1420/2792.0]	 Loss Sum:14.0849	forward Loss:4.3098;2.2687	 backward Loss:3.7701;2.711	 Sentiment Loss:0.4944	Valence Loss:2.0038	 Arousal Loss:0.6509	
[2025-12-01 14:38:13,654][run_task2&3_trainer_multilingual.py][line:1137][INFO] Epoch:[1/1]	 Batch:[1430/2792.0]	 Loss Sum:10.1861	forward Loss:1.2167;1.606	 backward Loss:3.1091;0.5989	 Sentiment Loss:3.4693	Valence Loss:0.6407	 Arousal Loss:0.2905	
[2025-12-01 14:38:17,374][run_task2&3_trainer_multilingual.py][line:1137][INFO] Epoch:[1/1]	 Batch:[1440/2792.0]	 Loss Sum:26.4241	forward Loss:3.73;6.7318	 backward Loss:6.392;6.2277	 Sentiment Loss:2.7286	Valence Loss:2.4814	 Arousal Loss:0.5878	
[2025-12-01 14:38:21,091][run_task2&3_trainer_multilingual.py][line:1137][INFO] Epoch:[1/1]	 Batch:[1450/2792.0]	 Loss Sum:12.0298	forward Loss:2.2694;1.1972	 backward Loss:2.8396;2.3547	 Sentiment Loss:3.2639	Valence Loss:0.2582	 Arousal Loss:0.2665	
[2025-12-01 14:38:24,801][run_task2&3_trainer_multilingual.py][line:1137][INFO] Epoch:[1/1]	 Batch:[1460/2792.0]	 Loss Sum:7.9466	forward Loss:0.1789;2.3444	 backward Loss:4.7102;0.1674	 Sentiment Loss:0.3949	Valence Loss:0.7097	 Arousal Loss:0.0443	
[2025-12-01 14:38:28,516][run_task2&3_trainer_multilingual.py][line:1137][INFO] Epoch:[1/1]	 Batch:[1470/2792.0]	 Loss Sum:26.7962	forward Loss:3.2508;6.3891	 backward Loss:11.7637;3.3141	 Sentiment Loss:1.5667	Valence Loss:2.0461	 Arousal Loss:0.5134	
[2025-12-01 14:38:32,231][run_task2&3_trainer_multilingual.py][line:1137][INFO] Epoch:[1/1]	 Batch:[1480/2792.0]	 Loss Sum:17.2446	forward Loss:4.028;4.1527	 backward Loss:5.5392;1.2992	 Sentiment Loss:0.9558	Valence Loss:5.1875	 Arousal Loss:1.1608	
[2025-12-01 14:38:35,962][run_task2&3_trainer_multilingual.py][line:1137][INFO] Epoch:[1/1]	 Batch:[1490/2792.0]	 Loss Sum:7.0978	forward Loss:0.5226;1.0766	 backward Loss:2.3594;0.4847	 Sentiment Loss:2.2287	Valence Loss:0.1686	 Arousal Loss:1.9613	
[2025-12-01 14:38:39,683][run_task2&3_trainer_multilingual.py][line:1137][INFO] Epoch:[1/1]	 Batch:[1500/2792.0]	 Loss Sum:12.8427	forward Loss:1.5881;1.9477	 backward Loss:3.0409;0.6619	 Sentiment Loss:5.481	Valence Loss:0.5133	 Arousal Loss:0.1028	
[2025-12-01 14:38:43,386][run_task2&3_trainer_multilingual.py][line:1137][INFO] Epoch:[1/1]	 Batch:[1510/2792.0]	 Loss Sum:19.6686	forward Loss:1.2722;6.4113	 backward Loss:7.8889;0.8541	 Sentiment Loss:3.0687	Valence Loss:0.0664	 Arousal Loss:0.8003	
[2025-12-01 14:38:47,088][run_task2&3_trainer_multilingual.py][line:1137][INFO] Epoch:[1/1]	 Batch:[1520/2792.0]	 Loss Sum:17.608	forward Loss:2.0322;4.2328	 backward Loss:4.8366;1.7012	 Sentiment Loss:4.5428	Valence Loss:0.4567	 Arousal Loss:0.855	
[2025-12-01 14:38:50,805][run_task2&3_trainer_multilingual.py][line:1137][INFO] Epoch:[1/1]	 Batch:[1530/2792.0]	 Loss Sum:27.8351	forward Loss:9.7481;2.0343	 backward Loss:10.6153;3.945	 Sentiment Loss:0.8495	Valence Loss:2.7647	 Arousal Loss:0.4505	
[2025-12-01 14:38:54,505][run_task2&3_trainer_multilingual.py][line:1137][INFO] Epoch:[1/1]	 Batch:[1540/2792.0]	 Loss Sum:22.5438	forward Loss:7.5838;1.9713	 backward Loss:6.8533;3.8325	 Sentiment Loss:2.2427	Valence Loss:0.111	 Arousal Loss:0.1896	
[2025-12-01 14:38:58,220][run_task2&3_trainer_multilingual.py][line:1137][INFO] Epoch:[1/1]	 Batch:[1550/2792.0]	 Loss Sum:14.4722	forward Loss:3.912;2.4023	 backward Loss:2.3753;3.8404	 Sentiment Loss:1.4323	Valence Loss:1.7199	 Arousal Loss:0.8301	
[2025-12-01 14:39:01,925][run_task2&3_trainer_multilingual.py][line:1137][INFO] Epoch:[1/1]	 Batch:[1560/2792.0]	 Loss Sum:38.6022	forward Loss:11.1796;5.6093	 backward Loss:15.7039;3.141	 Sentiment Loss:1.7864	Valence Loss:2.3601	 Arousal Loss:3.5494	
[2025-12-01 14:39:05,639][run_task2&3_trainer_multilingual.py][line:1137][INFO] Epoch:[1/1]	 Batch:[1570/2792.0]	 Loss Sum:16.868	forward Loss:2.7696;4.1177	 backward Loss:5.4557;2.911	 Sentiment Loss:0.9612	Valence Loss:3.1878	 Arousal Loss:0.076	
[2025-12-01 14:39:09,347][run_task2&3_trainer_multilingual.py][line:1137][INFO] Epoch:[1/1]	 Batch:[1580/2792.0]	 Loss Sum:5.6496	forward Loss:0.2158;1.7048	 backward Loss:3.2068;0.1679	 Sentiment Loss:0.3002	Valence Loss:0.1874	 Arousal Loss:0.0829	
[2025-12-01 14:39:13,050][run_task2&3_trainer_multilingual.py][line:1137][INFO] Epoch:[1/1]	 Batch:[1590/2792.0]	 Loss Sum:6.7892	forward Loss:0.359;2.9362	 backward Loss:2.7413;0.2462	 Sentiment Loss:0.0758	Valence Loss:1.2179	 Arousal Loss:0.9358	
[2025-12-01 14:39:16,766][run_task2&3_trainer_multilingual.py][line:1137][INFO] Epoch:[1/1]	 Batch:[1600/2792.0]	 Loss Sum:12.2231	forward Loss:3.1388;2.3669	 backward Loss:2.4434;2.486	 Sentiment Loss:1.6105	Valence Loss:0.7783	 Arousal Loss:0.109	
[2025-12-01 14:39:20,477][run_task2&3_trainer_multilingual.py][line:1137][INFO] Epoch:[1/1]	 Batch:[1610/2792.0]	 Loss Sum:9.4986	forward Loss:1.3307;2.4499	 backward Loss:2.5694;0.8707	 Sentiment Loss:1.6679	Valence Loss:1.9249	 Arousal Loss:1.1254	
[2025-12-01 14:39:24,189][run_task2&3_trainer_multilingual.py][line:1137][INFO] Epoch:[1/1]	 Batch:[1620/2792.0]	 Loss Sum:23.9951	forward Loss:4.8626;4.3045	 backward Loss:11.4563;0.9792	 Sentiment Loss:1.9017	Valence Loss:1.9771	 Arousal Loss:0.4767	
[2025-12-01 14:39:27,900][run_task2&3_trainer_multilingual.py][line:1137][INFO] Epoch:[1/1]	 Batch:[1630/2792.0]	 Loss Sum:12.4176	forward Loss:3.498;1.8766	 backward Loss:4.0266;1.968	 Sentiment Loss:0.2786	Valence Loss:2.565	 Arousal Loss:1.2842	
[2025-12-01 14:39:31,635][run_task2&3_trainer_multilingual.py][line:1137][INFO] Epoch:[1/1]	 Batch:[1640/2792.0]	 Loss Sum:14.8484	forward Loss:0.3497;5.5741	 backward Loss:6.2387;0.2818	 Sentiment Loss:2.3237	Valence Loss:0.1085	 Arousal Loss:0.2933	
[2025-12-01 14:39:35,339][run_task2&3_trainer_multilingual.py][line:1137][INFO] Epoch:[1/1]	 Batch:[1650/2792.0]	 Loss Sum:15.4564	forward Loss:3.8081;4.8196	 backward Loss:5.2138;1.0652	 Sentiment Loss:0.3705	Valence Loss:0.8021	 Arousal Loss:0.0941	
[2025-12-01 14:39:39,042][run_task2&3_trainer_multilingual.py][line:1137][INFO] Epoch:[1/1]	 Batch:[1660/2792.0]	 Loss Sum:13.3116	forward Loss:1.1493;5.7658	 backward Loss:3.8782;1.3425	 Sentiment Loss:0.9701	Valence Loss:0.7188	 Arousal Loss:0.3098	
[2025-12-01 14:39:42,738][run_task2&3_trainer_multilingual.py][line:1137][INFO] Epoch:[1/1]	 Batch:[1670/2792.0]	 Loss Sum:6.4351	forward Loss:1.9081;0.8924	 backward Loss:0.8247;1.3052	 Sentiment Loss:1.4689	Valence Loss:0.0858	 Arousal Loss:0.0936	
[2025-12-01 14:39:46,445][run_task2&3_trainer_multilingual.py][line:1137][INFO] Epoch:[1/1]	 Batch:[1680/2792.0]	 Loss Sum:21.6297	forward Loss:3.7548;6.5829	 backward Loss:8.7724;1.5833	 Sentiment Loss:0.6101	Valence Loss:1.1353	 Arousal Loss:0.4959	
[2025-12-01 14:39:50,155][run_task2&3_trainer_multilingual.py][line:1137][INFO] Epoch:[1/1]	 Batch:[1690/2792.0]	 Loss Sum:9.6641	forward Loss:0.7155;2.3502	 backward Loss:5.126;0.2819	 Sentiment Loss:1.0797	Valence Loss:0.0785	 Arousal Loss:0.4749	
[2025-12-01 14:39:53,847][run_task2&3_trainer_multilingual.py][line:1137][INFO] Epoch:[1/1]	 Batch:[1700/2792.0]	 Loss Sum:15.0247	forward Loss:1.7373;1.8378	 backward Loss:4.841;3.8051	 Sentiment Loss:2.4625	Valence Loss:1.5429	 Arousal Loss:0.1621	
[2025-12-01 14:39:57,546][run_task2&3_trainer_multilingual.py][line:1137][INFO] Epoch:[1/1]	 Batch:[1710/2792.0]	 Loss Sum:17.862	forward Loss:7.383;1.3104	 backward Loss:2.7232;4.6391	 Sentiment Loss:1.156	Valence Loss:2.8929	 Arousal Loss:0.3585	
[2025-12-01 14:40:01,259][run_task2&3_trainer_multilingual.py][line:1137][INFO] Epoch:[1/1]	 Batch:[1720/2792.0]	 Loss Sum:49.3541	forward Loss:12.1114;5.09	 backward Loss:18.2826;12.3952	 Sentiment Loss:1.2694	Valence Loss:0.9373	 Arousal Loss:0.0899	
[2025-12-01 14:40:04,966][run_task2&3_trainer_multilingual.py][line:1137][INFO] Epoch:[1/1]	 Batch:[1730/2792.0]	 Loss Sum:8.987	forward Loss:1.3316;2.1346	 backward Loss:3.9992;0.3469	 Sentiment Loss:1.0174	Valence Loss:0.6271	 Arousal Loss:0.1589	
[2025-12-01 14:40:08,663][run_task2&3_trainer_multilingual.py][line:1137][INFO] Epoch:[1/1]	 Batch:[1740/2792.0]	 Loss Sum:9.3909	forward Loss:2.3678;2.4867	 backward Loss:2.3409;1.1429	 Sentiment Loss:0.955	Valence Loss:0.3521	 Arousal Loss:0.136	
[2025-12-01 14:40:12,362][run_task2&3_trainer_multilingual.py][line:1137][INFO] Epoch:[1/1]	 Batch:[1750/2792.0]	 Loss Sum:21.6586	forward Loss:3.083;4.022	 backward Loss:8.1514;1.2326	 Sentiment Loss:4.1345	Valence Loss:2.2807	 Arousal Loss:2.8947	
[2025-12-01 14:40:16,078][run_task2&3_trainer_multilingual.py][line:1137][INFO] Epoch:[1/1]	 Batch:[1760/2792.0]	 Loss Sum:6.0691	forward Loss:0.663;0.9656	 backward Loss:1.2871;1.2861	 Sentiment Loss:1.7501	Valence Loss:0.5096	 Arousal Loss:0.0767	
[2025-12-01 14:40:19,792][run_task2&3_trainer_multilingual.py][line:1137][INFO] Epoch:[1/1]	 Batch:[1770/2792.0]	 Loss Sum:21.5151	forward Loss:5.3648;3.379	 backward Loss:5.6236;2.524	 Sentiment Loss:2.3539	Valence Loss:10.154	 Arousal Loss:1.1944	
[2025-12-01 14:40:23,502][run_task2&3_trainer_multilingual.py][line:1137][INFO] Epoch:[1/1]	 Batch:[1780/2792.0]	 Loss Sum:22.025	forward Loss:8.3458;4.5915	 backward Loss:4.1141;3.0414	 Sentiment Loss:1.7722	Valence Loss:0.1755	 Arousal Loss:0.6249	
[2025-12-01 14:40:27,216][run_task2&3_trainer_multilingual.py][line:1137][INFO] Epoch:[1/1]	 Batch:[1790/2792.0]	 Loss Sum:28.2432	forward Loss:2.261;6.3652	 backward Loss:15.9718;1.2494	 Sentiment Loss:2.2889	Valence Loss:0.4331	 Arousal Loss:0.1012	
[2025-12-01 14:40:30,919][run_task2&3_trainer_multilingual.py][line:1137][INFO] Epoch:[1/1]	 Batch:[1800/2792.0]	 Loss Sum:8.0315	forward Loss:0.855;2.3021	 backward Loss:2.7884;1.4664	 Sentiment Loss:0.5831	Valence Loss:0.1089	 Arousal Loss:0.0744	
[2025-12-01 14:40:34,624][run_task2&3_trainer_multilingual.py][line:1137][INFO] Epoch:[1/1]	 Batch:[1810/2792.0]	 Loss Sum:27.2823	forward Loss:11.824;1.6782	 backward Loss:9.0378;1.4547	 Sentiment Loss:2.6448	Valence Loss:3.018	 Arousal Loss:0.1962	
[2025-12-01 14:40:38,324][run_task2&3_trainer_multilingual.py][line:1137][INFO] Epoch:[1/1]	 Batch:[1820/2792.0]	 Loss Sum:29.4957	forward Loss:5.9477;3.1328	 backward Loss:14.5201;3.2103	 Sentiment Loss:2.5609	Valence Loss:0.5202	 Arousal Loss:0.0991	
[2025-12-01 14:40:42,035][run_task2&3_trainer_multilingual.py][line:1137][INFO] Epoch:[1/1]	 Batch:[1830/2792.0]	 Loss Sum:20.8624	forward Loss:3.9209;2.641	 backward Loss:4.5629;1.5757	 Sentiment Loss:7.9394	Valence Loss:0.9566	 Arousal Loss:0.1562	
[2025-12-01 14:40:45,744][run_task2&3_trainer_multilingual.py][line:1137][INFO] Epoch:[1/1]	 Batch:[1840/2792.0]	 Loss Sum:7.8457	forward Loss:1.3855;2.4882	 backward Loss:1.9206;1.0012	 Sentiment Loss:0.8428	Valence Loss:0.15	 Arousal Loss:0.8871	
[2025-12-01 14:40:49,464][run_task2&3_trainer_multilingual.py][line:1137][INFO] Epoch:[1/1]	 Batch:[1850/2792.0]	 Loss Sum:38.9021	forward Loss:7.5932;10.9365	 backward Loss:7.1471;7.3133	 Sentiment Loss:4.5014	Valence Loss:6.799	 Arousal Loss:0.254	
[2025-12-01 14:40:53,168][run_task2&3_trainer_multilingual.py][line:1137][INFO] Epoch:[1/1]	 Batch:[1860/2792.0]	 Loss Sum:37.5816	forward Loss:2.914;15.5524	 backward Loss:13.9683;1.1472	 Sentiment Loss:3.9339	Valence Loss:0.0945	 Arousal Loss:0.2343	
[2025-12-01 14:40:56,870][run_task2&3_trainer_multilingual.py][line:1137][INFO] Epoch:[1/1]	 Batch:[1870/2792.0]	 Loss Sum:33.1185	forward Loss:4.6795;8.2353	 backward Loss:13.6825;2.5976	 Sentiment Loss:3.2685	Valence Loss:1.9528	 Arousal Loss:1.3225	
[2025-12-01 14:41:00,567][run_task2&3_trainer_multilingual.py][line:1137][INFO] Epoch:[1/1]	 Batch:[1880/2792.0]	 Loss Sum:7.5645	forward Loss:1.9608;2.145	 backward Loss:1.8613;1.4411	 Sentiment Loss:0.0651	Valence Loss:0.0925	 Arousal Loss:0.3631	
[2025-12-01 14:41:04,269][run_task2&3_trainer_multilingual.py][line:1137][INFO] Epoch:[1/1]	 Batch:[1890/2792.0]	 Loss Sum:3.7018	forward Loss:0.3065;0.7407	 backward Loss:0.822;0.248	 Sentiment Loss:1.4922	Valence Loss:0.3012	 Arousal Loss:0.1609	
[2025-12-01 14:41:07,981][run_task2&3_trainer_multilingual.py][line:1137][INFO] Epoch:[1/1]	 Batch:[1900/2792.0]	 Loss Sum:24.3436	forward Loss:6.8774;3.0699	 backward Loss:5.82;5.2366	 Sentiment Loss:3.2228	Valence Loss:0.2546	 Arousal Loss:0.3294	
[2025-12-01 14:41:11,696][run_task2&3_trainer_multilingual.py][line:1137][INFO] Epoch:[1/1]	 Batch:[1910/2792.0]	 Loss Sum:17.9004	forward Loss:3.2484;2.3299	 backward Loss:3.7418;2.5924	 Sentiment Loss:5.3217	Valence Loss:2.4294	 Arousal Loss:0.901	
[2025-12-01 14:41:15,404][run_task2&3_trainer_multilingual.py][line:1137][INFO] Epoch:[1/1]	 Batch:[1920/2792.0]	 Loss Sum:11.8502	forward Loss:3.0754;1.6295	 backward Loss:2.687;3.8911	 Sentiment Loss:0.2296	Valence Loss:1.442	 Arousal Loss:0.2459	
[2025-12-01 14:41:19,113][run_task2&3_trainer_multilingual.py][line:1137][INFO] Epoch:[1/1]	 Batch:[1930/2792.0]	 Loss Sum:29.0565	forward Loss:1.0001;9.0606	 backward Loss:14.6791;1.5456	 Sentiment Loss:2.2918	Valence Loss:2.1111	 Arousal Loss:0.2851	
[2025-12-01 14:41:22,828][run_task2&3_trainer_multilingual.py][line:1137][INFO] Epoch:[1/1]	 Batch:[1940/2792.0]	 Loss Sum:9.3892	forward Loss:1.7221;3.2078	 backward Loss:3.564;0.643	 Sentiment Loss:0.1181	Valence Loss:0.5269	 Arousal Loss:0.1444	
[2025-12-01 14:41:26,552][run_task2&3_trainer_multilingual.py][line:1137][INFO] Epoch:[1/1]	 Batch:[1950/2792.0]	 Loss Sum:12.579	forward Loss:3.2599;3.2857	 backward Loss:3.9104;1.4515	 Sentiment Loss:0.299	Valence Loss:1.415	 Arousal Loss:0.4479	
[2025-12-01 14:41:30,267][run_task2&3_trainer_multilingual.py][line:1137][INFO] Epoch:[1/1]	 Batch:[1960/2792.0]	 Loss Sum:8.578	forward Loss:1.6552;1.8627	 backward Loss:1.8937;2.1302	 Sentiment Loss:0.9335	Valence Loss:0.0668	 Arousal Loss:0.4467	
[2025-12-01 14:41:33,991][run_task2&3_trainer_multilingual.py][line:1137][INFO] Epoch:[1/1]	 Batch:[1970/2792.0]	 Loss Sum:22.3132	forward Loss:5.115;3.7617	 backward Loss:7.25;2.0226	 Sentiment Loss:3.955	Valence Loss:0.1381	 Arousal Loss:0.907	
[2025-12-01 14:41:37,702][run_task2&3_trainer_multilingual.py][line:1137][INFO] Epoch:[1/1]	 Batch:[1980/2792.0]	 Loss Sum:5.3913	forward Loss:0.8073;1.2613	 backward Loss:1.2652;0.4454	 Sentiment Loss:1.2292	Valence Loss:1.1242	 Arousal Loss:0.7897	
[2025-12-01 14:41:41,431][run_task2&3_trainer_multilingual.py][line:1137][INFO] Epoch:[1/1]	 Batch:[1990/2792.0]	 Loss Sum:5.657	forward Loss:1.6851;1.1405	 backward Loss:1.2868;1.4001	 Sentiment Loss:0.0954	Valence Loss:0.0663	 Arousal Loss:0.1792	
[2025-12-01 14:41:45,143][run_task2&3_trainer_multilingual.py][line:1137][INFO] Epoch:[1/1]	 Batch:[2000/2792.0]	 Loss Sum:22.5937	forward Loss:3.8849;4.0282	 backward Loss:4.4775;2.4385	 Sentiment Loss:7.495	Valence Loss:1.2958	 Arousal Loss:0.0527	
[2025-12-01 14:41:48,860][run_task2&3_trainer_multilingual.py][line:1137][INFO] Epoch:[1/1]	 Batch:[2010/2792.0]	 Loss Sum:6.6441	forward Loss:0.4981;2.5864	 backward Loss:2.8203;0.3506	 Sentiment Loss:0.2391	Valence Loss:0.4951	 Arousal Loss:0.2533	
[2025-12-01 14:41:52,576][run_task2&3_trainer_multilingual.py][line:1137][INFO] Epoch:[1/1]	 Batch:[2020/2792.0]	 Loss Sum:11.1467	forward Loss:3.4309;1.8744	 backward Loss:1.5861;3.5719	 Sentiment Loss:0.102	Valence Loss:0.969	 Arousal Loss:1.9381	
[2025-12-01 14:41:56,275][run_task2&3_trainer_multilingual.py][line:1137][INFO] Epoch:[1/1]	 Batch:[2030/2792.0]	 Loss Sum:39.5637	forward Loss:5.9792;6.1989	 backward Loss:19.6623;3.3668	 Sentiment Loss:4.1586	Valence Loss:0.6019	 Arousal Loss:0.3876	
[2025-12-01 14:41:59,990][run_task2&3_trainer_multilingual.py][line:1137][INFO] Epoch:[1/1]	 Batch:[2040/2792.0]	 Loss Sum:5.5909	forward Loss:2.1865;0.6618	 backward Loss:2.3205;0.3509	 Sentiment Loss:0.029	Valence Loss:0.1205	 Arousal Loss:0.0905	
[2025-12-01 14:42:03,711][run_task2&3_trainer_multilingual.py][line:1137][INFO] Epoch:[1/1]	 Batch:[2050/2792.0]	 Loss Sum:4.9754	forward Loss:1.1178;1.2314	 backward Loss:0.6171;0.9248	 Sentiment Loss:1.0417	Valence Loss:0.1661	 Arousal Loss:0.0463	
[2025-12-01 14:42:07,423][run_task2&3_trainer_multilingual.py][line:1137][INFO] Epoch:[1/1]	 Batch:[2060/2792.0]	 Loss Sum:5.0403	forward Loss:2.9565;0.6978	 backward Loss:1.0723;0.2011	 Sentiment Loss:0.0462	Valence Loss:0.2076	 Arousal Loss:0.1242	
[2025-12-01 14:42:11,136][run_task2&3_trainer_multilingual.py][line:1137][INFO] Epoch:[1/1]	 Batch:[2070/2792.0]	 Loss Sum:17.3786	forward Loss:4.0467;1.966	 backward Loss:8.169;2.6708	 Sentiment Loss:0.1686	Valence Loss:1.0875	 Arousal Loss:0.7003	
[2025-12-01 14:42:14,850][run_task2&3_trainer_multilingual.py][line:1137][INFO] Epoch:[1/1]	 Batch:[2080/2792.0]	 Loss Sum:8.1435	forward Loss:0.7206;1.6973	 backward Loss:2.7141;0.6629	 Sentiment Loss:1.5583	Valence Loss:3.3519	 Arousal Loss:0.5993	
[2025-12-01 14:42:18,564][run_task2&3_trainer_multilingual.py][line:1137][INFO] Epoch:[1/1]	 Batch:[2090/2792.0]	 Loss Sum:49.0184	forward Loss:7.3001;6.4202	 backward Loss:30.952;2.2977	 Sentiment Loss:1.6817	Valence Loss:0.5543	 Arousal Loss:1.2792	
[2025-12-01 14:42:22,280][run_task2&3_trainer_multilingual.py][line:1137][INFO] Epoch:[1/1]	 Batch:[2100/2792.0]	 Loss Sum:10.1587	forward Loss:1.8793;0.7783	 backward Loss:2.9094;1.6718	 Sentiment Loss:2.5165	Valence Loss:1.1737	 Arousal Loss:0.8435	
[2025-12-01 14:42:25,993][run_task2&3_trainer_multilingual.py][line:1137][INFO] Epoch:[1/1]	 Batch:[2110/2792.0]	 Loss Sum:12.0895	forward Loss:1.5745;2.8628	 backward Loss:4.5064;1.6746	 Sentiment Loss:1.2114	Valence Loss:0.7041	 Arousal Loss:0.5946	
[2025-12-01 14:42:29,706][run_task2&3_trainer_multilingual.py][line:1137][INFO] Epoch:[1/1]	 Batch:[2120/2792.0]	 Loss Sum:11.352	forward Loss:4.3443;1.3487	 backward Loss:4.6063;0.5186	 Sentiment Loss:0.031	Valence Loss:2.4228	 Arousal Loss:0.0932	
[2025-12-01 14:42:33,429][run_task2&3_trainer_multilingual.py][line:1137][INFO] Epoch:[1/1]	 Batch:[2130/2792.0]	 Loss Sum:15.1836	forward Loss:4.803;1.196	 backward Loss:4.226;3.3007	 Sentiment Loss:1.3931	Valence Loss:1.0869	 Arousal Loss:0.2377	
