[2025-11-20 04:09:29,182][_client.py][line:1025][INFO] HTTP Request: HEAD https://huggingface.co/bert-base-multilingual-cased/resolve/main/tokenizer_config.json "HTTP/1.1 200 OK"
[2025-11-20 04:09:29,417][_client.py][line:1025][INFO] HTTP Request: GET https://huggingface.co/api/models/bert-base-multilingual-cased/tree/main/additional_chat_templates?recursive=false&expand=false "HTTP/1.1 307 Temporary Redirect"
[2025-11-20 04:09:29,612][_client.py][line:1025][INFO] HTTP Request: GET https://huggingface.co/api/models/google-bert/bert-base-multilingual-cased/tree/main/additional_chat_templates?recursive=false&expand=false "HTTP/1.1 404 Not Found"
[2025-11-20 04:09:30,170][run_task2&3_trainer_multilingual.py][line:1127][INFO] initial optimizer......
[2025-11-20 04:09:30,171][run_task2&3_trainer_multilingual.py][line:1145][INFO] New model and optimizer from epoch 1
[2025-11-20 04:09:30,171][run_task2&3_trainer_multilingual.py][line:1154][INFO] begin training......
[2025-11-20 04:09:33,465][run_task2&3_trainer_multilingual.py][line:1284][INFO] Epoch:[1/1]	 Batch:[10/800.0]	 Loss Sum:161.5819	forward Loss:38.2334;36.0458	 backward Loss:34.4325;34.198	 Sentiment Loss:5.6267	Valence Loss:35.97	 Arousal Loss:29.257	
[2025-11-20 04:09:36,566][run_task2&3_trainer_multilingual.py][line:1284][INFO] Epoch:[1/1]	 Batch:[20/800.0]	 Loss Sum:119.0024	forward Loss:23.0197;26.2665	 backward Loss:18.3819;25.141	 Sentiment Loss:5.9258	Valence Loss:51.2893	 Arousal Loss:50.0482	
[2025-11-20 04:09:39,668][run_task2&3_trainer_multilingual.py][line:1284][INFO] Epoch:[1/1]	 Batch:[30/800.0]	 Loss Sum:143.6432	forward Loss:32.5985;34.4158	 backward Loss:30.6131;33.1651	 Sentiment Loss:5.0317	Valence Loss:8.0596	 Arousal Loss:31.0354	
[2025-11-20 04:09:42,771][run_task2&3_trainer_multilingual.py][line:1284][INFO] Epoch:[1/1]	 Batch:[40/800.0]	 Loss Sum:71.1672	forward Loss:13.3341;16.2966	 backward Loss:15.7398;13.1361	 Sentiment Loss:6.5069	Valence Loss:10.1583	 Arousal Loss:20.6102	
[2025-11-20 04:09:45,874][run_task2&3_trainer_multilingual.py][line:1284][INFO] Epoch:[1/1]	 Batch:[50/800.0]	 Loss Sum:58.5147	forward Loss:8.9639;11.2633	 backward Loss:17.8019;11.5453	 Sentiment Loss:3.4091	Valence Loss:16.0006	 Arousal Loss:11.6557	
[2025-11-20 04:09:48,981][run_task2&3_trainer_multilingual.py][line:1284][INFO] Epoch:[1/1]	 Batch:[60/800.0]	 Loss Sum:51.0229	forward Loss:10.8345;12.5405	 backward Loss:14.1761;10.1986	 Sentiment Loss:2.8727	Valence Loss:0.0499	 Arousal Loss:1.9525	
[2025-11-20 04:09:52,092][run_task2&3_trainer_multilingual.py][line:1284][INFO] Epoch:[1/1]	 Batch:[70/800.0]	 Loss Sum:74.0899	forward Loss:23.0386;12.3367	 backward Loss:23.4256;11.3138	 Sentiment Loss:3.424	Valence Loss:2.0596	 Arousal Loss:0.6964	
[2025-11-20 04:09:55,201][run_task2&3_trainer_multilingual.py][line:1284][INFO] Epoch:[1/1]	 Batch:[80/800.0]	 Loss Sum:50.8476	forward Loss:10.862;11.3122	 backward Loss:12.7111;12.0261	 Sentiment Loss:2.8624	Valence Loss:5.2734	 Arousal Loss:0.0958	
[2025-11-20 04:09:58,310][run_task2&3_trainer_multilingual.py][line:1284][INFO] Epoch:[1/1]	 Batch:[90/800.0]	 Loss Sum:24.441	forward Loss:4.0797;7.1948	 backward Loss:6.866;3.6013	 Sentiment Loss:2.6344	Valence Loss:0.2641	 Arousal Loss:0.0595	
[2025-11-20 04:10:01,424][run_task2&3_trainer_multilingual.py][line:1284][INFO] Epoch:[1/1]	 Batch:[100/800.0]	 Loss Sum:52.0169	forward Loss:10.0596;9.3326	 backward Loss:20.4302;5.6726	 Sentiment Loss:6.3058	Valence Loss:0.9698	 Arousal Loss:0.1109	
[2025-11-20 04:10:04,532][run_task2&3_trainer_multilingual.py][line:1284][INFO] Epoch:[1/1]	 Batch:[110/800.0]	 Loss Sum:64.9493	forward Loss:10.1161;15.3541	 backward Loss:28.4053;4.5133	 Sentiment Loss:6.3907	Valence Loss:0.1828	 Arousal Loss:0.6669	
[2025-11-20 04:10:07,645][run_task2&3_trainer_multilingual.py][line:1284][INFO] Epoch:[1/1]	 Batch:[120/800.0]	 Loss Sum:34.6377	forward Loss:7.9098;7.3404	 backward Loss:6.4664;9.5903	 Sentiment Loss:3.0669	Valence Loss:1.2807	 Arousal Loss:0.0386	
[2025-11-20 04:10:10,752][run_task2&3_trainer_multilingual.py][line:1284][INFO] Epoch:[1/1]	 Batch:[130/800.0]	 Loss Sum:37.5662	forward Loss:7.7138;6.5704	 backward Loss:13.7204;4.6665	 Sentiment Loss:3.8765	Valence Loss:4.7999	 Arousal Loss:0.2929	
[2025-11-20 04:10:13,861][run_task2&3_trainer_multilingual.py][line:1284][INFO] Epoch:[1/1]	 Batch:[140/800.0]	 Loss Sum:18.6359	forward Loss:4.66;3.0026	 backward Loss:2.5766;5.9913	 Sentiment Loss:2.345	Valence Loss:0.2334	 Arousal Loss:0.0688	
[2025-11-20 04:10:16,972][run_task2&3_trainer_multilingual.py][line:1284][INFO] Epoch:[1/1]	 Batch:[150/800.0]	 Loss Sum:35.7065	forward Loss:8.1463;6.9461	 backward Loss:7.5506;6.6771	 Sentiment Loss:5.1425	Valence Loss:3.6102	 Arousal Loss:2.6096	
[2025-11-20 04:10:20,085][run_task2&3_trainer_multilingual.py][line:1284][INFO] Epoch:[1/1]	 Batch:[160/800.0]	 Loss Sum:41.7635	forward Loss:8.7092;10.6393	 backward Loss:11.6418;7.1059	 Sentiment Loss:2.9805	Valence Loss:3.0157	 Arousal Loss:0.4184	
[2025-11-20 04:10:23,194][run_task2&3_trainer_multilingual.py][line:1284][INFO] Epoch:[1/1]	 Batch:[170/800.0]	 Loss Sum:24.2963	forward Loss:7.3517;2.46	 backward Loss:1.7633;7.4767	 Sentiment Loss:4.819	Valence Loss:2.0115	 Arousal Loss:0.1164	
[2025-11-20 04:10:26,303][run_task2&3_trainer_multilingual.py][line:1284][INFO] Epoch:[1/1]	 Batch:[180/800.0]	 Loss Sum:17.0662	forward Loss:1.395;5.9334	 backward Loss:3.9329;2.3875	 Sentiment Loss:3.1173	Valence Loss:0.063	 Arousal Loss:1.4373	
[2025-11-20 04:10:29,416][run_task2&3_trainer_multilingual.py][line:1284][INFO] Epoch:[1/1]	 Batch:[190/800.0]	 Loss Sum:35.723	forward Loss:2.7691;13.9426	 backward Loss:13.73;3.0617	 Sentiment Loss:2.0011	Valence Loss:0.4788	 Arousal Loss:0.6129	
[2025-11-20 04:10:32,533][run_task2&3_trainer_multilingual.py][line:1284][INFO] Epoch:[1/1]	 Batch:[200/800.0]	 Loss Sum:55.8442	forward Loss:17.3838;8.0024	 backward Loss:13.2103;14.8626	 Sentiment Loss:2.2114	Valence Loss:0.7533	 Arousal Loss:0.1147	
[2025-11-20 04:10:35,650][run_task2&3_trainer_multilingual.py][line:1284][INFO] Epoch:[1/1]	 Batch:[210/800.0]	 Loss Sum:40.6493	forward Loss:5.3647;7.9232	 backward Loss:13.7441;3.4126	 Sentiment Loss:9.8643	Valence Loss:1.0509	 Arousal Loss:0.6509	
[2025-11-20 04:10:38,763][run_task2&3_trainer_multilingual.py][line:1284][INFO] Epoch:[1/1]	 Batch:[220/800.0]	 Loss Sum:24.212	forward Loss:6.6035;2.8389	 backward Loss:2.775;5.5522	 Sentiment Loss:6.4063	Valence Loss:0.1521	 Arousal Loss:0.0285	
[2025-11-20 04:10:41,873][run_task2&3_trainer_multilingual.py][line:1284][INFO] Epoch:[1/1]	 Batch:[230/800.0]	 Loss Sum:42.275	forward Loss:7.7671;6.7481	 backward Loss:15.9802;6.1005	 Sentiment Loss:5.5765	Valence Loss:0.3854	 Arousal Loss:0.1274	
[2025-11-20 04:10:44,983][run_task2&3_trainer_multilingual.py][line:1284][INFO] Epoch:[1/1]	 Batch:[240/800.0]	 Loss Sum:22.5215	forward Loss:4.3457;5.8625	 backward Loss:5.5745;3.7133	 Sentiment Loss:1.839	Valence Loss:5.2279	 Arousal Loss:0.7041	
[2025-11-20 04:10:48,093][run_task2&3_trainer_multilingual.py][line:1284][INFO] Epoch:[1/1]	 Batch:[250/800.0]	 Loss Sum:15.1515	forward Loss:0.7282;6.8944	 backward Loss:4.2839;1.3172	 Sentiment Loss:1.8774	Valence Loss:0.088	 Arousal Loss:0.1639	
[2025-11-20 04:10:51,205][run_task2&3_trainer_multilingual.py][line:1284][INFO] Epoch:[1/1]	 Batch:[260/800.0]	 Loss Sum:45.0059	forward Loss:12.7502;9.6653	 backward Loss:8.4358;11.1589	 Sentiment Loss:2.9128	Valence Loss:0.1029	 Arousal Loss:0.3121	
[2025-11-20 04:10:54,319][run_task2&3_trainer_multilingual.py][line:1284][INFO] Epoch:[1/1]	 Batch:[270/800.0]	 Loss Sum:72.5265	forward Loss:17.8471;14.3015	 backward Loss:22.8233;14.7867	 Sentiment Loss:2.6051	Valence Loss:0.7033	 Arousal Loss:0.1112	
[2025-11-20 04:10:57,440][run_task2&3_trainer_multilingual.py][line:1284][INFO] Epoch:[1/1]	 Batch:[280/800.0]	 Loss Sum:30.2481	forward Loss:5.2326;8.0517	 backward Loss:9.5965;4.1133	 Sentiment Loss:2.7867	Valence Loss:1.4451	 Arousal Loss:0.8914	
[2025-11-20 04:11:00,552][run_task2&3_trainer_multilingual.py][line:1284][INFO] Epoch:[1/1]	 Batch:[290/800.0]	 Loss Sum:52.3978	forward Loss:10.3078;10.1068	 backward Loss:16.7611;11.0861	 Sentiment Loss:3.9802	Valence Loss:0.2989	 Arousal Loss:0.4797	
[2025-11-20 04:11:03,665][run_task2&3_trainer_multilingual.py][line:1284][INFO] Epoch:[1/1]	 Batch:[300/800.0]	 Loss Sum:37.7881	forward Loss:8.4265;7.7399	 backward Loss:13.4444;5.8459	 Sentiment Loss:2.1885	Valence Loss:0.3336	 Arousal Loss:0.381	
[2025-11-20 04:11:06,777][run_task2&3_trainer_multilingual.py][line:1284][INFO] Epoch:[1/1]	 Batch:[310/800.0]	 Loss Sum:26.8681	forward Loss:3.304;8.8012	 backward Loss:8.3637;3.3958	 Sentiment Loss:2.6945	Valence Loss:1.3654	 Arousal Loss:0.1793	
[2025-11-20 04:11:09,893][run_task2&3_trainer_multilingual.py][line:1284][INFO] Epoch:[1/1]	 Batch:[320/800.0]	 Loss Sum:45.2802	forward Loss:5.7147;12.6142	 backward Loss:19.8995;5.284	 Sentiment Loss:1.7016	Valence Loss:0.1124	 Arousal Loss:0.2182	
[2025-11-20 04:11:13,004][run_task2&3_trainer_multilingual.py][line:1284][INFO] Epoch:[1/1]	 Batch:[330/800.0]	 Loss Sum:26.4519	forward Loss:3.3446;9.9762	 backward Loss:8.6445;2.7764	 Sentiment Loss:1.5949	Valence Loss:0.078	 Arousal Loss:0.4983	
[2025-11-20 04:11:16,113][run_task2&3_trainer_multilingual.py][line:1284][INFO] Epoch:[1/1]	 Batch:[340/800.0]	 Loss Sum:29.1678	forward Loss:6.0256;8.5297	 backward Loss:6.5588;5.2527	 Sentiment Loss:2.7525	Valence Loss:0.1102	 Arousal Loss:0.1319	
[2025-11-20 04:11:19,234][run_task2&3_trainer_multilingual.py][line:1284][INFO] Epoch:[1/1]	 Batch:[350/800.0]	 Loss Sum:16.4334	forward Loss:3.1158;2.3453	 backward Loss:2.3099;3.1132	 Sentiment Loss:4.5476	Valence Loss:4.7745	 Arousal Loss:0.234	
[2025-11-20 04:11:22,340][run_task2&3_trainer_multilingual.py][line:1284][INFO] Epoch:[1/1]	 Batch:[360/800.0]	 Loss Sum:20.8504	forward Loss:4.5522;3.3967	 backward Loss:4.5418;3.909	 Sentiment Loss:3.6314	Valence Loss:3.2409	 Arousal Loss:0.8563	
[2025-11-20 04:11:25,451][run_task2&3_trainer_multilingual.py][line:1284][INFO] Epoch:[1/1]	 Batch:[370/800.0]	 Loss Sum:21.2925	forward Loss:4.9244;3.351	 backward Loss:2.5241;4.7572	 Sentiment Loss:5.2932	Valence Loss:2.169	 Arousal Loss:0.0438	
[2025-11-20 04:11:28,563][run_task2&3_trainer_multilingual.py][line:1284][INFO] Epoch:[1/1]	 Batch:[380/800.0]	 Loss Sum:29.3645	forward Loss:10.6827;5.1862	 backward Loss:4.3188;5.5074	 Sentiment Loss:3.4933	Valence Loss:0.748	 Arousal Loss:0.1326	
[2025-11-20 04:11:31,676][run_task2&3_trainer_multilingual.py][line:1284][INFO] Epoch:[1/1]	 Batch:[390/800.0]	 Loss Sum:12.9148	forward Loss:2.5587;2.5619	 backward Loss:3.2817;1.9298	 Sentiment Loss:1.3748	Valence Loss:3.3148	 Arousal Loss:2.7243	
[2025-11-20 04:11:34,788][run_task2&3_trainer_multilingual.py][line:1284][INFO] Epoch:[1/1]	 Batch:[400/800.0]	 Loss Sum:31.6934	forward Loss:5.043;2.821	 backward Loss:4.7983;5.2235	 Sentiment Loss:11.3533	Valence Loss:10.1518	 Arousal Loss:2.1197	
[2025-11-20 04:11:37,897][run_task2&3_trainer_multilingual.py][line:1284][INFO] Epoch:[1/1]	 Batch:[410/800.0]	 Loss Sum:20.6168	forward Loss:6.0145;3.9266	 backward Loss:2.898;5.1976	 Sentiment Loss:2.4437	Valence Loss:0.5676	 Arousal Loss:0.1143	
[2025-11-20 04:11:41,008][run_task2&3_trainer_multilingual.py][line:1284][INFO] Epoch:[1/1]	 Batch:[420/800.0]	 Loss Sum:35.9392	forward Loss:4.7992;10.89	 backward Loss:13.4835;4.6493	 Sentiment Loss:1.9633	Valence Loss:0.4019	 Arousal Loss:0.3679	
[2025-11-20 04:11:44,124][run_task2&3_trainer_multilingual.py][line:1284][INFO] Epoch:[1/1]	 Batch:[430/800.0]	 Loss Sum:20.7916	forward Loss:5.4491;4.536	 backward Loss:3.6405;4.6602	 Sentiment Loss:1.9253	Valence Loss:0.3098	 Arousal Loss:2.5927	
[2025-11-20 04:11:47,245][run_task2&3_trainer_multilingual.py][line:1284][INFO] Epoch:[1/1]	 Batch:[440/800.0]	 Loss Sum:12.7948	forward Loss:2.3542;2.6682	 backward Loss:4.0209;2.3026	 Sentiment Loss:1.3381	Valence Loss:0.1514	 Arousal Loss:0.4033	
[2025-11-20 04:11:50,368][run_task2&3_trainer_multilingual.py][line:1284][INFO] Epoch:[1/1]	 Batch:[450/800.0]	 Loss Sum:32.9717	forward Loss:11.2543;5.6639	 backward Loss:7.3862;5.2717	 Sentiment Loss:3.3142	Valence Loss:0.2469	 Arousal Loss:0.1603	
[2025-11-20 04:11:53,484][run_task2&3_trainer_multilingual.py][line:1284][INFO] Epoch:[1/1]	 Batch:[460/800.0]	 Loss Sum:21.2513	forward Loss:1.3777;8.3828	 backward Loss:6.5639;1.74	 Sentiment Loss:2.5389	Valence Loss:3.0515	 Arousal Loss:0.1887	
[2025-11-20 04:11:56,606][run_task2&3_trainer_multilingual.py][line:1284][INFO] Epoch:[1/1]	 Batch:[470/800.0]	 Loss Sum:67.9845	forward Loss:22.5672;5.3262	 backward Loss:7.4663;25.5983	 Sentiment Loss:6.4463	Valence Loss:2.7611	 Arousal Loss:0.1403	
[2025-11-20 04:11:59,724][run_task2&3_trainer_multilingual.py][line:1284][INFO] Epoch:[1/1]	 Batch:[480/800.0]	 Loss Sum:30.1238	forward Loss:9.4031;3.0413	 backward Loss:3.5827;10.9561	 Sentiment Loss:3.0564	Valence Loss:0.2807	 Arousal Loss:0.1401	
[2025-11-20 04:12:02,844][run_task2&3_trainer_multilingual.py][line:1284][INFO] Epoch:[1/1]	 Batch:[490/800.0]	 Loss Sum:17.7783	forward Loss:3.5858;4.5183	 backward Loss:4.0196;2.9837	 Sentiment Loss:2.5578	Valence Loss:0.5311	 Arousal Loss:0.0344	
[2025-11-20 04:12:05,961][run_task2&3_trainer_multilingual.py][line:1284][INFO] Epoch:[1/1]	 Batch:[500/800.0]	 Loss Sum:28.3547	forward Loss:6.8305;7.1107	 backward Loss:7.5242;4.4833	 Sentiment Loss:2.0453	Valence Loss:0.6036	 Arousal Loss:1.1999	
[2025-11-20 04:12:09,076][run_task2&3_trainer_multilingual.py][line:1284][INFO] Epoch:[1/1]	 Batch:[510/800.0]	 Loss Sum:21.4333	forward Loss:6.4421;2.8469	 backward Loss:4.0431;5.1068	 Sentiment Loss:2.9079	Valence Loss:0.0663	 Arousal Loss:0.3658	
[2025-11-20 04:12:12,192][run_task2&3_trainer_multilingual.py][line:1284][INFO] Epoch:[1/1]	 Batch:[520/800.0]	 Loss Sum:22.9548	forward Loss:2.8332;4.9792	 backward Loss:9.7809;3.305	 Sentiment Loss:1.9599	Valence Loss:0.0917	 Arousal Loss:0.3906	
[2025-11-20 04:12:15,316][run_task2&3_trainer_multilingual.py][line:1284][INFO] Epoch:[1/1]	 Batch:[530/800.0]	 Loss Sum:61.9532	forward Loss:11.4788;13.898	 backward Loss:21.8423;9.4003	 Sentiment Loss:5.2187	Valence Loss:0.1494	 Arousal Loss:0.4254	
[2025-11-20 04:12:18,568][run_task2&3_trainer_multilingual.py][line:1284][INFO] Epoch:[1/1]	 Batch:[540/800.0]	 Loss Sum:32.5771	forward Loss:2.2266;11.556	 backward Loss:13.0318;2.6148	 Sentiment Loss:2.4175	Valence Loss:3.0342	 Arousal Loss:0.6169	
[2025-11-20 04:12:21,682][run_task2&3_trainer_multilingual.py][line:1284][INFO] Epoch:[1/1]	 Batch:[550/800.0]	 Loss Sum:24.2457	forward Loss:6.2102;1.9102	 backward Loss:2.1904;5.7833	 Sentiment Loss:7.9532	Valence Loss:0.8767	 Arousal Loss:0.1155	
[2025-11-20 04:12:24,796][run_task2&3_trainer_multilingual.py][line:1284][INFO] Epoch:[1/1]	 Batch:[560/800.0]	 Loss Sum:36.6201	forward Loss:5.0715;9.9459	 backward Loss:16.4536;2.1075	 Sentiment Loss:2.7713	Valence Loss:0.6675	 Arousal Loss:0.6834	
[2025-11-20 04:12:27,908][run_task2&3_trainer_multilingual.py][line:1284][INFO] Epoch:[1/1]	 Batch:[570/800.0]	 Loss Sum:24.21	forward Loss:6.3813;4.7728	 backward Loss:5.9192;3.459	 Sentiment Loss:3.3467	Valence Loss:1.4625	 Arousal Loss:0.1921	
[2025-11-20 04:12:31,023][run_task2&3_trainer_multilingual.py][line:1284][INFO] Epoch:[1/1]	 Batch:[580/800.0]	 Loss Sum:45.1534	forward Loss:4.6823;13.1749	 backward Loss:12.3742;8.5457	 Sentiment Loss:4.0348	Valence Loss:10.5213	 Arousal Loss:1.187	
[2025-11-20 04:12:34,140][run_task2&3_trainer_multilingual.py][line:1284][INFO] Epoch:[1/1]	 Batch:[590/800.0]	 Loss Sum:11.8986	forward Loss:3.1333;3.0092	 backward Loss:2.0715;2.0397	 Sentiment Loss:1.2656	Valence Loss:0.8819	 Arousal Loss:1.0149	
[2025-11-20 04:12:37,252][run_task2&3_trainer_multilingual.py][line:1284][INFO] Epoch:[1/1]	 Batch:[600/800.0]	 Loss Sum:18.3534	forward Loss:0.4979;6.373	 backward Loss:4.8831;0.8567	 Sentiment Loss:5.2842	Valence Loss:2.225	 Arousal Loss:0.0674	
[2025-11-20 04:12:40,371][run_task2&3_trainer_multilingual.py][line:1284][INFO] Epoch:[1/1]	 Batch:[610/800.0]	 Loss Sum:14.5901	forward Loss:3.8226;1.2372	 backward Loss:2.2079;3.5721	 Sentiment Loss:2.6044	Valence Loss:4.1855	 Arousal Loss:1.5435	
[2025-11-20 04:12:43,481][run_task2&3_trainer_multilingual.py][line:1284][INFO] Epoch:[1/1]	 Batch:[620/800.0]	 Loss Sum:21.7886	forward Loss:4.2486;3.7989	 backward Loss:2.9308;5.0461	 Sentiment Loss:5.634	Valence Loss:0.5228	 Arousal Loss:0.1288	
[2025-11-20 04:12:46,598][run_task2&3_trainer_multilingual.py][line:1284][INFO] Epoch:[1/1]	 Batch:[630/800.0]	 Loss Sum:31.211	forward Loss:5.3703;8.901	 backward Loss:9.9483;4.0172	 Sentiment Loss:2.8944	Valence Loss:0.2456	 Arousal Loss:0.1539	
[2025-11-20 04:12:49,712][run_task2&3_trainer_multilingual.py][line:1284][INFO] Epoch:[1/1]	 Batch:[640/800.0]	 Loss Sum:28.4209	forward Loss:8.5013;4.6576	 backward Loss:6.8639;5.6158	 Sentiment Loss:2.393	Valence Loss:1.7616	 Arousal Loss:0.185	
[2025-11-20 04:12:52,826][run_task2&3_trainer_multilingual.py][line:1284][INFO] Epoch:[1/1]	 Batch:[650/800.0]	 Loss Sum:21.2407	forward Loss:3.7324;7.2294	 backward Loss:6.027;2.2581	 Sentiment Loss:1.8377	Valence Loss:0.315	 Arousal Loss:0.4652	
[2025-11-20 04:12:55,943][run_task2&3_trainer_multilingual.py][line:1284][INFO] Epoch:[1/1]	 Batch:[660/800.0]	 Loss Sum:21.8864	forward Loss:5.5322;4.8129	 backward Loss:5.0684;3.9282	 Sentiment Loss:2.4489	Valence Loss:0.2791	 Arousal Loss:0.1997	
[2025-11-20 04:12:59,057][run_task2&3_trainer_multilingual.py][line:1284][INFO] Epoch:[1/1]	 Batch:[670/800.0]	 Loss Sum:13.3372	forward Loss:2.2867;2.6443	 backward Loss:4.1277;1.756	 Sentiment Loss:2.4692	Valence Loss:0.1848	 Arousal Loss:0.0815	
[2025-11-20 04:13:02,179][run_task2&3_trainer_multilingual.py][line:1284][INFO] Epoch:[1/1]	 Batch:[680/800.0]	 Loss Sum:12.8975	forward Loss:1.9256;3.5414	 backward Loss:2.0803;2.5879	 Sentiment Loss:2.3768	Valence Loss:0.1959	 Arousal Loss:1.7312	
[2025-11-20 04:13:05,293][run_task2&3_trainer_multilingual.py][line:1284][INFO] Epoch:[1/1]	 Batch:[690/800.0]	 Loss Sum:10.6758	forward Loss:1.1012;2.83	 backward Loss:2.8871;2.254	 Sentiment Loss:1.1844	Valence Loss:0.0611	 Arousal Loss:2.0347	
[2025-11-20 04:13:08,409][run_task2&3_trainer_multilingual.py][line:1284][INFO] Epoch:[1/1]	 Batch:[700/800.0]	 Loss Sum:20.9851	forward Loss:2.8993;4.0881	 backward Loss:4.1191;2.3647	 Sentiment Loss:7.4168	Valence Loss:0.0959	 Arousal Loss:0.3899	
[2025-11-20 04:13:11,520][run_task2&3_trainer_multilingual.py][line:1284][INFO] Epoch:[1/1]	 Batch:[710/800.0]	 Loss Sum:30.0972	forward Loss:1.3097;7.9303	 backward Loss:14.548;3.5946	 Sentiment Loss:2.4923	Valence Loss:0.2396	 Arousal Loss:0.8719	
[2025-11-20 04:13:14,632][run_task2&3_trainer_multilingual.py][line:1284][INFO] Epoch:[1/1]	 Batch:[720/800.0]	 Loss Sum:13.3294	forward Loss:3.1401;1.2464	 backward Loss:1.3;2.7924	 Sentiment Loss:4.6936	Valence Loss:0.0152	 Arousal Loss:0.7698	
[2025-11-20 04:13:17,751][run_task2&3_trainer_multilingual.py][line:1284][INFO] Epoch:[1/1]	 Batch:[730/800.0]	 Loss Sum:18.1667	forward Loss:4.5233;3.5491	 backward Loss:4.9144;2.6179	 Sentiment Loss:2.217	Valence Loss:0.9641	 Arousal Loss:0.7604	
[2025-11-20 04:13:20,873][run_task2&3_trainer_multilingual.py][line:1284][INFO] Epoch:[1/1]	 Batch:[740/800.0]	 Loss Sum:29.5646	forward Loss:6.0514;3.8588	 backward Loss:14.073;3.1814	 Sentiment Loss:2.2223	Valence Loss:0.5578	 Arousal Loss:0.3311	
[2025-11-20 04:13:23,986][run_task2&3_trainer_multilingual.py][line:1284][INFO] Epoch:[1/1]	 Batch:[750/800.0]	 Loss Sum:17.1527	forward Loss:6.331;1.8559	 backward Loss:2.5479;4.021	 Sentiment Loss:1.0639	Valence Loss:6.0482	 Arousal Loss:0.6169	
[2025-11-20 04:13:27,097][run_task2&3_trainer_multilingual.py][line:1284][INFO] Epoch:[1/1]	 Batch:[760/800.0]	 Loss Sum:24.7928	forward Loss:1.8851;6.7159	 backward Loss:6.0106;2.0977	 Sentiment Loss:8.0224	Valence Loss:0.0773	 Arousal Loss:0.2279	
[2025-11-20 04:13:30,212][run_task2&3_trainer_multilingual.py][line:1284][INFO] Epoch:[1/1]	 Batch:[770/800.0]	 Loss Sum:15.5082	forward Loss:4.2945;2.552	 backward Loss:1.7296;3.6779	 Sentiment Loss:3.1038	Valence Loss:0.0672	 Arousal Loss:0.6844	
[2025-11-20 04:13:33,334][run_task2&3_trainer_multilingual.py][line:1284][INFO] Epoch:[1/1]	 Batch:[780/800.0]	 Loss Sum:66.1693	forward Loss:18.8787;8.3472	 backward Loss:23.3927;11.6891	 Sentiment Loss:3.5747	Valence Loss:0.8709	 Arousal Loss:0.564	
[2025-11-20 04:13:36,443][run_task2&3_trainer_multilingual.py][line:1284][INFO] Epoch:[1/1]	 Batch:[790/800.0]	 Loss Sum:15.8663	forward Loss:2.4;4.6731	 backward Loss:3.5811;1.7844	 Sentiment Loss:3.2236	Valence Loss:0.0322	 Arousal Loss:0.9882	
[2025-11-20 04:13:39,558][run_task2&3_trainer_multilingual.py][line:1284][INFO] Epoch:[1/1]	 Batch:[800/800.0]	 Loss Sum:9.5291	forward Loss:1.9888;2.1035	 backward Loss:1.7838;1.9567	 Sentiment Loss:1.117	Valence Loss:2.2734	 Arousal Loss:0.6233	
[2025-11-20 04:13:39,559][run_task2&3_trainer_multilingual.py][line:1296][INFO] dev
[2025-11-20 04:13:47,209][run_task2&3_trainer_multilingual.py][line:578][INFO] Triplet - Precision: 0.08433734905888615	Recall: 0.059154929410831184	F1: 0.06953593901372748
[2025-11-20 04:13:47,209][run_task2&3_trainer_multilingual.py][line:583][INFO] Aspect - Precision: 0.6796116471863513	Recall: 0.4361370702924079	F1: 0.531308819705967
[2025-11-20 04:13:47,209][run_task2&3_trainer_multilingual.py][line:588][INFO] Opinion - Precision: 0.6249999964488636	Recall: 0.3244837748540302	F1: 0.42718401444858356
[2025-11-20 04:13:47,209][run_task2&3_trainer_multilingual.py][line:594][INFO] Aspect-Category - Precision: 0.13592232943727026	Recall: 0.08333333308531746	F1: 0.10332056159580924
[2025-11-20 04:13:47,209][run_task2&3_trainer_multilingual.py][line:602][INFO] Aspect-Opinion - Precision: 0.389558231367236	Recall: 0.27323943585002974	F1: 0.3211915673168575
[2025-11-20 04:13:47,210][run_task2&3_trainer_multilingual.py][line:1302][INFO] Model saved after epoch 1
[2025-11-20 04:13:48,729][run_task2&3_trainer_multilingual.py][line:1313][INFO] loading model......
[2025-11-20 04:13:50,012][run_task2&3_trainer_multilingual.py][line:1316][INFO] inference......
