[2025-11-20 04:15:37,702][_client.py][line:1025][INFO] HTTP Request: HEAD https://huggingface.co/bert-base-multilingual-cased/resolve/main/tokenizer_config.json "HTTP/1.1 200 OK"
[2025-11-20 04:15:37,925][_client.py][line:1025][INFO] HTTP Request: GET https://huggingface.co/api/models/bert-base-multilingual-cased/tree/main/additional_chat_templates?recursive=false&expand=false "HTTP/1.1 307 Temporary Redirect"
[2025-11-20 04:15:38,149][_client.py][line:1025][INFO] HTTP Request: GET https://huggingface.co/api/models/google-bert/bert-base-multilingual-cased/tree/main/additional_chat_templates?recursive=false&expand=false "HTTP/1.1 404 Not Found"
[2025-11-20 04:15:38,734][run_task2&3_trainer_multilingual.py][line:1127][INFO] initial optimizer......
[2025-11-20 04:15:38,735][run_task2&3_trainer_multilingual.py][line:1145][INFO] New model and optimizer from epoch 1
[2025-11-20 04:15:38,735][run_task2&3_trainer_multilingual.py][line:1154][INFO] begin training......
[2025-11-20 04:15:42,652][run_task2&3_trainer_multilingual.py][line:1284][INFO] Epoch:[1/1]	 Batch:[10/2792.0]	 Loss Sum:151.569	forward Loss:33.9436;31.1679	 backward Loss:33.9853;38.2413	 Sentiment Loss:5.5586	Valence Loss:10.4291	 Arousal Loss:32.9327	
[2025-11-20 04:15:46,384][run_task2&3_trainer_multilingual.py][line:1284][INFO] Epoch:[1/1]	 Batch:[20/2792.0]	 Loss Sum:73.7358	forward Loss:14.8154;13.0632	 backward Loss:11.5274;15.3919	 Sentiment Loss:5.8828	Valence Loss:33.8854	 Arousal Loss:31.3901	
[2025-11-20 04:15:50,119][run_task2&3_trainer_multilingual.py][line:1284][INFO] Epoch:[1/1]	 Batch:[30/2792.0]	 Loss Sum:174.106	forward Loss:40.5517;32.9982	 backward Loss:42.8723;37.7828	 Sentiment Loss:5.7289	Valence Loss:38.1051	 Arousal Loss:32.7553	
[2025-11-20 04:15:53,855][run_task2&3_trainer_multilingual.py][line:1284][INFO] Epoch:[1/1]	 Batch:[40/2792.0]	 Loss Sum:38.3282	forward Loss:5.2691;6.277	 backward Loss:4.3442;5.917	 Sentiment Loss:5.4569	Valence Loss:32.6436	 Arousal Loss:22.6761	
[2025-11-20 04:15:57,593][run_task2&3_trainer_multilingual.py][line:1284][INFO] Epoch:[1/1]	 Batch:[50/2792.0]	 Loss Sum:48.582	forward Loss:7.2799;8.8902	 backward Loss:8.0364;7.0769	 Sentiment Loss:5.882	Valence Loss:30.5767	 Arousal Loss:26.5064	
[2025-11-20 04:16:01,338][run_task2&3_trainer_multilingual.py][line:1284][INFO] Epoch:[1/1]	 Batch:[60/2792.0]	 Loss Sum:58.7105	forward Loss:9.4901;11.1917	 backward Loss:18.3004;9.4815	 Sentiment Loss:4.5422	Valence Loss:12.5227	 Arousal Loss:16.0004	
[2025-11-20 04:16:05,078][run_task2&3_trainer_multilingual.py][line:1284][INFO] Epoch:[1/1]	 Batch:[70/2792.0]	 Loss Sum:82.7976	forward Loss:16.9737;12.8256	 backward Loss:28.4642;9.0294	 Sentiment Loss:4.4221	Valence Loss:29.0968	 Arousal Loss:26.3167	
[2025-11-20 04:16:08,820][run_task2&3_trainer_multilingual.py][line:1284][INFO] Epoch:[1/1]	 Batch:[80/2792.0]	 Loss Sum:73.2281	forward Loss:20.0194;13.1562	 backward Loss:17.7768;10.7174	 Sentiment Loss:5.1096	Valence Loss:20.2276	 Arousal Loss:12.0156	
[2025-11-20 04:16:12,544][run_task2&3_trainer_multilingual.py][line:1284][INFO] Epoch:[1/1]	 Batch:[90/2792.0]	 Loss Sum:65.4956	forward Loss:16.5385;10.8642	 backward Loss:16.2601;9.4164	 Sentiment Loss:2.9081	Valence Loss:23.5161	 Arousal Loss:24.025	
[2025-11-20 04:16:16,275][run_task2&3_trainer_multilingual.py][line:1284][INFO] Epoch:[1/1]	 Batch:[100/2792.0]	 Loss Sum:75.1049	forward Loss:20.8492;12.1401	 backward Loss:28.0904;8.9772	 Sentiment Loss:2.8938	Valence Loss:7.1612	 Arousal Loss:3.6098	
[2025-11-20 04:16:20,005][run_task2&3_trainer_multilingual.py][line:1284][INFO] Epoch:[1/1]	 Batch:[110/2792.0]	 Loss Sum:38.5601	forward Loss:8.0414;9.6551	 backward Loss:8.314;9.1874	 Sentiment Loss:3.0906	Valence Loss:0.187	 Arousal Loss:1.1709	
[2025-11-20 04:16:23,750][run_task2&3_trainer_multilingual.py][line:1284][INFO] Epoch:[1/1]	 Batch:[120/2792.0]	 Loss Sum:30.3576	forward Loss:5.8225;8.747	 backward Loss:7.0918;5.5841	 Sentiment Loss:2.7865	Valence Loss:1.459	 Arousal Loss:0.1694	
[2025-11-20 04:16:27,494][run_task2&3_trainer_multilingual.py][line:1284][INFO] Epoch:[1/1]	 Batch:[130/2792.0]	 Loss Sum:55.0535	forward Loss:13.5532;11.9032	 backward Loss:15.3665;10.2413	 Sentiment Loss:3.7558	Valence Loss:0.272	 Arousal Loss:0.8954	
[2025-11-20 04:16:31,242][run_task2&3_trainer_multilingual.py][line:1284][INFO] Epoch:[1/1]	 Batch:[140/2792.0]	 Loss Sum:41.029	forward Loss:10.0162;8.6784	 backward Loss:8.917;9.4589	 Sentiment Loss:3.8733	Valence Loss:0.2743	 Arousal Loss:0.1512	
[2025-11-20 04:16:34,989][run_task2&3_trainer_multilingual.py][line:1284][INFO] Epoch:[1/1]	 Batch:[150/2792.0]	 Loss Sum:46.6955	forward Loss:14.7613;8.6441	 backward Loss:13.9519;6.8103	 Sentiment Loss:2.4308	Valence Loss:0.1968	 Arousal Loss:0.2887	
[2025-11-20 04:16:38,738][run_task2&3_trainer_multilingual.py][line:1284][INFO] Epoch:[1/1]	 Batch:[160/2792.0]	 Loss Sum:22.5152	forward Loss:5.255;7.1179	 backward Loss:3.9753;4.1377	 Sentiment Loss:1.8049	Valence Loss:1.0603	 Arousal Loss:0.0619	
[2025-11-20 04:16:42,490][run_task2&3_trainer_multilingual.py][line:1284][INFO] Epoch:[1/1]	 Batch:[170/2792.0]	 Loss Sum:65.9321	forward Loss:16.2296;10.5592	 backward Loss:26.9974;9.5416	 Sentiment Loss:1.8312	Valence Loss:2.3727	 Arousal Loss:1.4928	
[2025-11-20 04:16:46,241][run_task2&3_trainer_multilingual.py][line:1284][INFO] Epoch:[1/1]	 Batch:[180/2792.0]	 Loss Sum:19.9092	forward Loss:2.6882;7.5351	 backward Loss:4.8435;2.9386	 Sentiment Loss:1.6854	Valence Loss:0.3872	 Arousal Loss:0.7043	
[2025-11-20 04:16:49,989][run_task2&3_trainer_multilingual.py][line:1284][INFO] Epoch:[1/1]	 Batch:[190/2792.0]	 Loss Sum:45.7508	forward Loss:11.8549;7.2724	 backward Loss:7.8619;10.1281	 Sentiment Loss:8.4294	Valence Loss:0.9199	 Arousal Loss:0.1009	
[2025-11-20 04:16:53,741][run_task2&3_trainer_multilingual.py][line:1284][INFO] Epoch:[1/1]	 Batch:[200/2792.0]	 Loss Sum:80.9426	forward Loss:24.1555;13.2068	 backward Loss:17.3083;16.4737	 Sentiment Loss:9.2187	Valence Loss:2.078	 Arousal Loss:0.8194	
[2025-11-20 04:16:57,496][run_task2&3_trainer_multilingual.py][line:1284][INFO] Epoch:[1/1]	 Batch:[210/2792.0]	 Loss Sum:57.9462	forward Loss:10.3774;14.3705	 backward Loss:17.7534;11.076	 Sentiment Loss:4.2818	Valence Loss:0.0905	 Arousal Loss:0.3451	
[2025-11-20 04:17:01,244][run_task2&3_trainer_multilingual.py][line:1284][INFO] Epoch:[1/1]	 Batch:[220/2792.0]	 Loss Sum:33.8569	forward Loss:5.5216;8.5205	 backward Loss:8.0866;6.7253	 Sentiment Loss:4.7171	Valence Loss:0.1421	 Arousal Loss:1.2874	
[2025-11-20 04:17:04,994][run_task2&3_trainer_multilingual.py][line:1284][INFO] Epoch:[1/1]	 Batch:[230/2792.0]	 Loss Sum:31.1314	forward Loss:3.6804;9.2153	 backward Loss:7.8268;4.5668	 Sentiment Loss:4.9631	Valence Loss:2.2293	 Arousal Loss:2.1653	
[2025-11-20 04:17:08,749][run_task2&3_trainer_multilingual.py][line:1284][INFO] Epoch:[1/1]	 Batch:[240/2792.0]	 Loss Sum:40.7486	forward Loss:12.4746;6.3068	 backward Loss:7.6477;9.3453	 Sentiment Loss:4.914	Valence Loss:0.1376	 Arousal Loss:0.1632	
[2025-11-20 04:17:12,516][run_task2&3_trainer_multilingual.py][line:1284][INFO] Epoch:[1/1]	 Batch:[250/2792.0]	 Loss Sum:43.2864	forward Loss:11.4371;8.4892	 backward Loss:14.3148;4.6218	 Sentiment Loss:3.1068	Valence Loss:4.5481	 Arousal Loss:2.0349	
[2025-11-20 04:17:16,278][run_task2&3_trainer_multilingual.py][line:1284][INFO] Epoch:[1/1]	 Batch:[260/2792.0]	 Loss Sum:32.6387	forward Loss:3.898;9.3518	 backward Loss:9.8615;6.5431	 Sentiment Loss:1.1863	Valence Loss:6.6716	 Arousal Loss:2.319	
[2025-11-20 04:17:20,041][run_task2&3_trainer_multilingual.py][line:1284][INFO] Epoch:[1/1]	 Batch:[270/2792.0]	 Loss Sum:29.1872	forward Loss:6.4103;6.5993	 backward Loss:7.9362;6.372	 Sentiment Loss:1.491	Valence Loss:0.6406	 Arousal Loss:1.2516	
[2025-11-20 04:17:23,802][run_task2&3_trainer_multilingual.py][line:1284][INFO] Epoch:[1/1]	 Batch:[280/2792.0]	 Loss Sum:23.3034	forward Loss:3.8431;4.1609	 backward Loss:5.997;3.7161	 Sentiment Loss:4.8788	Valence Loss:2.2504	 Arousal Loss:1.2872	
[2025-11-20 04:17:27,559][run_task2&3_trainer_multilingual.py][line:1284][INFO] Epoch:[1/1]	 Batch:[290/2792.0]	 Loss Sum:29.146	forward Loss:7.101;5.9478	 backward Loss:9.807;4.0736	 Sentiment Loss:2.1028	Valence Loss:0.3799	 Arousal Loss:0.1888	
[2025-11-20 04:17:31,325][run_task2&3_trainer_multilingual.py][line:1284][INFO] Epoch:[1/1]	 Batch:[300/2792.0]	 Loss Sum:13.4503	forward Loss:1.7386;3.4689	 backward Loss:2.211;1.5205	 Sentiment Loss:4.338	Valence Loss:0.0538	 Arousal Loss:0.813	
[2025-11-20 04:17:35,091][run_task2&3_trainer_multilingual.py][line:1284][INFO] Epoch:[1/1]	 Batch:[310/2792.0]	 Loss Sum:21.0245	forward Loss:6.0589;2.6529	 backward Loss:2.1044;5.4872	 Sentiment Loss:4.4341	Valence Loss:1.3848	 Arousal Loss:0.0503	
[2025-11-20 04:17:38,849][run_task2&3_trainer_multilingual.py][line:1284][INFO] Epoch:[1/1]	 Batch:[320/2792.0]	 Loss Sum:20.0138	forward Loss:4.5894;4.5682	 backward Loss:5.9744;3.0347	 Sentiment Loss:1.6147	Valence Loss:1.0388	 Arousal Loss:0.1238	
[2025-11-20 04:17:42,614][run_task2&3_trainer_multilingual.py][line:1284][INFO] Epoch:[1/1]	 Batch:[330/2792.0]	 Loss Sum:15.8673	forward Loss:4.6176;2.1379	 backward Loss:2.5749;4.3798	 Sentiment Loss:1.7973	Valence Loss:0.0529	 Arousal Loss:1.7454	
[2025-11-20 04:17:46,378][run_task2&3_trainer_multilingual.py][line:1284][INFO] Epoch:[1/1]	 Batch:[340/2792.0]	 Loss Sum:17.761	forward Loss:3.4906;2.9563	 backward Loss:3.7056;3.8798	 Sentiment Loss:3.6235	Valence Loss:0.4637	 Arousal Loss:0.0625	
[2025-11-20 04:17:50,140][run_task2&3_trainer_multilingual.py][line:1284][INFO] Epoch:[1/1]	 Batch:[350/2792.0]	 Loss Sum:9.4582	forward Loss:1.3378;2.1328	 backward Loss:1.9757;1.7867	 Sentiment Loss:2.0314	Valence Loss:0.1088	 Arousal Loss:0.8598	
[2025-11-20 04:17:53,902][run_task2&3_trainer_multilingual.py][line:1284][INFO] Epoch:[1/1]	 Batch:[360/2792.0]	 Loss Sum:22.8193	forward Loss:6.2612;2.1768	 backward Loss:4.1884;8.2775	 Sentiment Loss:1.8691	Valence Loss:0.2063	 Arousal Loss:0.0253	
[2025-11-20 04:17:57,665][run_task2&3_trainer_multilingual.py][line:1284][INFO] Epoch:[1/1]	 Batch:[370/2792.0]	 Loss Sum:43.9891	forward Loss:9.3579;9.1105	 backward Loss:16.2417;6.0435	 Sentiment Loss:3.0703	Valence Loss:0.539	 Arousal Loss:0.2875	
[2025-11-20 04:18:01,434][run_task2&3_trainer_multilingual.py][line:1284][INFO] Epoch:[1/1]	 Batch:[380/2792.0]	 Loss Sum:23.4675	forward Loss:7.6167;3.5074	 backward Loss:5.0946;5.0538	 Sentiment Loss:1.7303	Valence Loss:0.6906	 Arousal Loss:1.633	
[2025-11-20 04:18:05,194][run_task2&3_trainer_multilingual.py][line:1284][INFO] Epoch:[1/1]	 Batch:[390/2792.0]	 Loss Sum:18.489	forward Loss:2.7541;4.2524	 backward Loss:5.3019;3.3108	 Sentiment Loss:1.71	Valence Loss:5.641	 Arousal Loss:0.1579	
[2025-11-20 04:18:08,961][run_task2&3_trainer_multilingual.py][line:1284][INFO] Epoch:[1/1]	 Batch:[400/2792.0]	 Loss Sum:15.1036	forward Loss:2.9086;3.3185	 backward Loss:4.4229;2.6851	 Sentiment Loss:1.5496	Valence Loss:0.6463	 Arousal Loss:0.4483	
[2025-11-20 04:18:12,724][run_task2&3_trainer_multilingual.py][line:1284][INFO] Epoch:[1/1]	 Batch:[410/2792.0]	 Loss Sum:62.5782	forward Loss:9.6889;12.485	 backward Loss:25.1869;9.4031	 Sentiment Loss:5.0856	Valence Loss:1.2886	 Arousal Loss:2.3545	
[2025-11-20 04:18:16,482][run_task2&3_trainer_multilingual.py][line:1284][INFO] Epoch:[1/1]	 Batch:[420/2792.0]	 Loss Sum:23.3764	forward Loss:5.3291;2.4904	 backward Loss:5.948;5.4397	 Sentiment Loss:3.7895	Valence Loss:1.286	 Arousal Loss:0.6121	
[2025-11-20 04:18:20,242][run_task2&3_trainer_multilingual.py][line:1284][INFO] Epoch:[1/1]	 Batch:[430/2792.0]	 Loss Sum:27.1845	forward Loss:3.44;6.629	 backward Loss:5.7599;3.1298	 Sentiment Loss:7.776	Valence Loss:1.4122	 Arousal Loss:0.8366	
[2025-11-20 04:18:24,000][run_task2&3_trainer_multilingual.py][line:1284][INFO] Epoch:[1/1]	 Batch:[440/2792.0]	 Loss Sum:19.0627	forward Loss:4.7521;3.8199	 backward Loss:4.4798;4.2968	 Sentiment Loss:1.6244	Valence Loss:0.2492	 Arousal Loss:0.199	
[2025-11-20 04:18:27,767][run_task2&3_trainer_multilingual.py][line:1284][INFO] Epoch:[1/1]	 Batch:[450/2792.0]	 Loss Sum:13.8193	forward Loss:3.8892;1.6583	 backward Loss:3.5174;2.33	 Sentiment Loss:2.3795	Valence Loss:0.1292	 Arousal Loss:0.0956	
[2025-11-20 04:18:31,532][run_task2&3_trainer_multilingual.py][line:1284][INFO] Epoch:[1/1]	 Batch:[460/2792.0]	 Loss Sum:35.6103	forward Loss:7.7911;3.9917	 backward Loss:8.6468;8.4961	 Sentiment Loss:6.1487	Valence Loss:2.6423	 Arousal Loss:0.0372	
[2025-11-20 04:18:35,296][run_task2&3_trainer_multilingual.py][line:1284][INFO] Epoch:[1/1]	 Batch:[470/2792.0]	 Loss Sum:22.323	forward Loss:2.8313;7.5065	 backward Loss:6.7868;2.3077	 Sentiment Loss:2.0514	Valence Loss:2.0677	 Arousal Loss:2.129	
[2025-11-20 04:18:39,058][run_task2&3_trainer_multilingual.py][line:1284][INFO] Epoch:[1/1]	 Batch:[480/2792.0]	 Loss Sum:10.7437	forward Loss:3.3624;1.2174	 backward Loss:1.5282;2.9343	 Sentiment Loss:1.4858	Valence Loss:0.2703	 Arousal Loss:0.8081	
[2025-11-20 04:18:42,821][run_task2&3_trainer_multilingual.py][line:1284][INFO] Epoch:[1/1]	 Batch:[490/2792.0]	 Loss Sum:30.0346	forward Loss:5.9887;9.5916	 backward Loss:8.1736;4.6624	 Sentiment Loss:1.3261	Valence Loss:0.7118	 Arousal Loss:0.7498	
[2025-11-20 04:18:46,585][run_task2&3_trainer_multilingual.py][line:1284][INFO] Epoch:[1/1]	 Batch:[500/2792.0]	 Loss Sum:21.1546	forward Loss:2.5415;6.6167	 backward Loss:4.2506;2.488	 Sentiment Loss:5.1457	Valence Loss:0.5271	 Arousal Loss:0.0332	
[2025-11-20 04:18:50,352][run_task2&3_trainer_multilingual.py][line:1284][INFO] Epoch:[1/1]	 Batch:[510/2792.0]	 Loss Sum:32.9774	forward Loss:10.8818;5.0058	 backward Loss:7.9448;5.7757	 Sentiment Loss:2.9569	Valence Loss:2.0136	 Arousal Loss:0.0485	
[2025-11-20 04:18:54,123][run_task2&3_trainer_multilingual.py][line:1284][INFO] Epoch:[1/1]	 Batch:[520/2792.0]	 Loss Sum:15.8806	forward Loss:3.1848;3.0605	 backward Loss:4.4656;2.0924	 Sentiment Loss:2.916	Valence Loss:0.2396	 Arousal Loss:0.5669	
[2025-11-20 04:18:57,889][run_task2&3_trainer_multilingual.py][line:1284][INFO] Epoch:[1/1]	 Batch:[530/2792.0]	 Loss Sum:30.5617	forward Loss:7.4882;3.6768	 backward Loss:10.9053;5.9129	 Sentiment Loss:2.5229	Valence Loss:0.0537	 Arousal Loss:0.2245	
[2025-11-20 04:19:01,654][run_task2&3_trainer_multilingual.py][line:1284][INFO] Epoch:[1/1]	 Batch:[540/2792.0]	 Loss Sum:25.2111	forward Loss:7.7097;4.3933	 backward Loss:5.263;5.0462	 Sentiment Loss:2.5452	Valence Loss:0.9473	 Arousal Loss:0.3207	
[2025-11-20 04:19:05,422][run_task2&3_trainer_multilingual.py][line:1284][INFO] Epoch:[1/1]	 Batch:[550/2792.0]	 Loss Sum:49.2764	forward Loss:11.9655;5.9121	 backward Loss:22.0427;3.9038	 Sentiment Loss:4.6659	Valence Loss:3.6323	 Arousal Loss:0.2994	
[2025-11-20 04:19:09,193][run_task2&3_trainer_multilingual.py][line:1284][INFO] Epoch:[1/1]	 Batch:[560/2792.0]	 Loss Sum:11.271	forward Loss:1.3568;2.7257	 backward Loss:3.2605;2.1267	 Sentiment Loss:1.3123	Valence Loss:1.8818	 Arousal Loss:0.5634	
[2025-11-20 04:19:12,961][run_task2&3_trainer_multilingual.py][line:1284][INFO] Epoch:[1/1]	 Batch:[570/2792.0]	 Loss Sum:27.2329	forward Loss:6.1558;8.4095	 backward Loss:6.5139;2.7583	 Sentiment Loss:3.3467	Valence Loss:0.0202	 Arousal Loss:0.2239	
[2025-11-20 04:19:16,721][run_task2&3_trainer_multilingual.py][line:1284][INFO] Epoch:[1/1]	 Batch:[580/2792.0]	 Loss Sum:12.0792	forward Loss:1.1353;3.1928	 backward Loss:3.2049;2.5359	 Sentiment Loss:1.6318	Valence Loss:1.4727	 Arousal Loss:0.4196	
[2025-11-20 04:19:20,486][run_task2&3_trainer_multilingual.py][line:1284][INFO] Epoch:[1/1]	 Batch:[590/2792.0]	 Loss Sum:39.2379	forward Loss:8.9563;4.6592	 backward Loss:6.759;11.5343	 Sentiment Loss:7.2585	Valence Loss:0.2246	 Arousal Loss:0.1286	
[2025-11-20 04:19:24,248][run_task2&3_trainer_multilingual.py][line:1284][INFO] Epoch:[1/1]	 Batch:[600/2792.0]	 Loss Sum:108.2337	forward Loss:44.3317;8.4379	 backward Loss:41.2619;10.4424	 Sentiment Loss:3.0506	Valence Loss:2.7511	 Arousal Loss:0.7947	
[2025-11-20 04:19:28,013][run_task2&3_trainer_multilingual.py][line:1284][INFO] Epoch:[1/1]	 Batch:[610/2792.0]	 Loss Sum:13.3993	forward Loss:3.4973;2.1552	 backward Loss:2.1014;2.4638	 Sentiment Loss:2.8619	Valence Loss:0.832	 Arousal Loss:0.7664	
[2025-11-20 04:19:31,775][run_task2&3_trainer_multilingual.py][line:1284][INFO] Epoch:[1/1]	 Batch:[620/2792.0]	 Loss Sum:19.8242	forward Loss:2.5621;5.8038	 backward Loss:5.0031;3.0153	 Sentiment Loss:3.28	Valence Loss:0.7063	 Arousal Loss:0.093	
[2025-11-20 04:19:35,538][run_task2&3_trainer_multilingual.py][line:1284][INFO] Epoch:[1/1]	 Batch:[630/2792.0]	 Loss Sum:8.5787	forward Loss:0.7912;1.2292	 backward Loss:1.2242;3.5047	 Sentiment Loss:1.6038	Valence Loss:1.0627	 Arousal Loss:0.065	
[2025-11-20 04:19:39,301][run_task2&3_trainer_multilingual.py][line:1284][INFO] Epoch:[1/1]	 Batch:[640/2792.0]	 Loss Sum:33.7532	forward Loss:4.4382;7.9317	 backward Loss:16.1865;3.5457	 Sentiment Loss:1.5402	Valence Loss:0.4758	 Arousal Loss:0.0782	
[2025-11-20 04:19:43,071][run_task2&3_trainer_multilingual.py][line:1284][INFO] Epoch:[1/1]	 Batch:[650/2792.0]	 Loss Sum:14.398	forward Loss:4.7579;2.1734	 backward Loss:2.8355;2.8508	 Sentiment Loss:1.6635	Valence Loss:0.2138	 Arousal Loss:0.3703	
[2025-11-20 04:19:46,835][run_task2&3_trainer_multilingual.py][line:1284][INFO] Epoch:[1/1]	 Batch:[660/2792.0]	 Loss Sum:13.3039	forward Loss:2.9709;2.6611	 backward Loss:3.1185;2.0206	 Sentiment Loss:1.7678	Valence Loss:3.2458	 Arousal Loss:0.5788	
[2025-11-20 04:19:50,592][run_task2&3_trainer_multilingual.py][line:1284][INFO] Epoch:[1/1]	 Batch:[670/2792.0]	 Loss Sum:19.641	forward Loss:2.8789;6.821	 backward Loss:7.0925;1.2314	 Sentiment Loss:1.5731	Valence Loss:0.1016	 Arousal Loss:0.1187	
[2025-11-20 04:19:54,356][run_task2&3_trainer_multilingual.py][line:1284][INFO] Epoch:[1/1]	 Batch:[680/2792.0]	 Loss Sum:28.6554	forward Loss:4.3942;6.6866	 backward Loss:9.4661;5.3695	 Sentiment Loss:2.4554	Valence Loss:1.2799	 Arousal Loss:0.1374	
[2025-11-20 04:19:58,124][run_task2&3_trainer_multilingual.py][line:1284][INFO] Epoch:[1/1]	 Batch:[690/2792.0]	 Loss Sum:18.8166	forward Loss:3.06;3.2676	 backward Loss:7.6335;2.5061	 Sentiment Loss:1.9936	Valence Loss:1.3113	 Arousal Loss:0.4675	
[2025-11-20 04:20:01,888][run_task2&3_trainer_multilingual.py][line:1284][INFO] Epoch:[1/1]	 Batch:[700/2792.0]	 Loss Sum:11.6352	forward Loss:1.0021;4.2196	 backward Loss:4.0015;0.6909	 Sentiment Loss:1.6563	Valence Loss:0.0261	 Arousal Loss:0.2984	
[2025-11-20 04:20:05,657][run_task2&3_trainer_multilingual.py][line:1284][INFO] Epoch:[1/1]	 Batch:[710/2792.0]	 Loss Sum:9.3758	forward Loss:1.1514;1.4637	 backward Loss:1.7178;1.8824	 Sentiment Loss:3.0507	Valence Loss:0.4684	 Arousal Loss:0.0803	
[2025-11-20 04:20:09,423][run_task2&3_trainer_multilingual.py][line:1284][INFO] Epoch:[1/1]	 Batch:[720/2792.0]	 Loss Sum:17.1563	forward Loss:2.4748;3.3601	 backward Loss:6.5722;2.8916	 Sentiment Loss:1.79	Valence Loss:0.1221	 Arousal Loss:0.2158	
[2025-11-20 04:20:13,180][run_task2&3_trainer_multilingual.py][line:1284][INFO] Epoch:[1/1]	 Batch:[730/2792.0]	 Loss Sum:7.674	forward Loss:2.1641;1.126	 backward Loss:1.2365;0.8574	 Sentiment Loss:2.2527	Valence Loss:0.0478	 Arousal Loss:0.1388	
[2025-11-20 04:20:16,938][run_task2&3_trainer_multilingual.py][line:1284][INFO] Epoch:[1/1]	 Batch:[740/2792.0]	 Loss Sum:20.8176	forward Loss:3.6349;5.0885	 backward Loss:6.4029;2.9998	 Sentiment Loss:2.5981	Valence Loss:0.2469	 Arousal Loss:0.2205	
[2025-11-20 04:20:20,706][run_task2&3_trainer_multilingual.py][line:1284][INFO] Epoch:[1/1]	 Batch:[750/2792.0]	 Loss Sum:25.8697	forward Loss:4.5893;6.4053	 backward Loss:7.6646;5.5546	 Sentiment Loss:1.3978	Valence Loss:1.2055	 Arousal Loss:0.0856	
[2025-11-20 04:20:24,468][run_task2&3_trainer_multilingual.py][line:1284][INFO] Epoch:[1/1]	 Batch:[760/2792.0]	 Loss Sum:25.5244	forward Loss:5.9565;3.8496	 backward Loss:11.2733;2.1339	 Sentiment Loss:2.1369	Valence Loss:0.387	 Arousal Loss:0.4839	
[2025-11-20 04:20:28,241][run_task2&3_trainer_multilingual.py][line:1284][INFO] Epoch:[1/1]	 Batch:[770/2792.0]	 Loss Sum:9.8645	forward Loss:2.5887;1.5739	 backward Loss:1.6107;1.8375	 Sentiment Loss:1.9342	Valence Loss:0.2819	 Arousal Loss:1.315	
[2025-11-20 04:20:31,998][run_task2&3_trainer_multilingual.py][line:1284][INFO] Epoch:[1/1]	 Batch:[780/2792.0]	 Loss Sum:12.5637	forward Loss:2.1573;3.5003	 backward Loss:3.2568;0.5689	 Sentiment Loss:2.9755	Valence Loss:0.4935	 Arousal Loss:0.0306	
[2025-11-20 04:20:35,756][run_task2&3_trainer_multilingual.py][line:1284][INFO] Epoch:[1/1]	 Batch:[790/2792.0]	 Loss Sum:18.6867	forward Loss:1.2303;7.6005	 backward Loss:6.7027;0.9886	 Sentiment Loss:1.9994	Valence Loss:0.8078	 Arousal Loss:0.0188	
[2025-11-20 04:20:39,522][run_task2&3_trainer_multilingual.py][line:1284][INFO] Epoch:[1/1]	 Batch:[800/2792.0]	 Loss Sum:34.0894	forward Loss:8.98;6.0469	 backward Loss:13.644;1.9776	 Sentiment Loss:3.1821	Valence Loss:0.2565	 Arousal Loss:1.0379	
[2025-11-20 04:20:43,292][run_task2&3_trainer_multilingual.py][line:1284][INFO] Epoch:[1/1]	 Batch:[810/2792.0]	 Loss Sum:15.8764	forward Loss:3.1434;3.4422	 backward Loss:3.9296;3.118	 Sentiment Loss:2.0028	Valence Loss:0.4127	 Arousal Loss:0.7894	
[2025-11-20 04:20:47,073][run_task2&3_trainer_multilingual.py][line:1284][INFO] Epoch:[1/1]	 Batch:[820/2792.0]	 Loss Sum:11.2434	forward Loss:2.2647;2.1062	 backward Loss:3.0868;1.7437	 Sentiment Loss:1.7985	Valence Loss:0.8236	 Arousal Loss:0.3931	
[2025-11-20 04:20:51,116][run_task2&3_trainer_multilingual.py][line:1284][INFO] Epoch:[1/1]	 Batch:[830/2792.0]	 Loss Sum:14.5523	forward Loss:5.2682;1.338	 backward Loss:2.2118;2.3405	 Sentiment Loss:2.866	Valence Loss:2.4826	 Arousal Loss:0.1561	
[2025-11-20 04:20:54,882][run_task2&3_trainer_multilingual.py][line:1284][INFO] Epoch:[1/1]	 Batch:[840/2792.0]	 Loss Sum:31.7151	forward Loss:10.8265;5.8183	 backward Loss:10.3508;2.5309	 Sentiment Loss:1.4422	Valence Loss:3.2083	 Arousal Loss:0.5239	
[2025-11-20 04:20:58,645][run_task2&3_trainer_multilingual.py][line:1284][INFO] Epoch:[1/1]	 Batch:[850/2792.0]	 Loss Sum:17.0007	forward Loss:2.7787;4.7321	 backward Loss:4.4035;3.5694	 Sentiment Loss:1.354	Valence Loss:0.1181	 Arousal Loss:0.6971	
[2025-11-20 04:21:02,416][run_task2&3_trainer_multilingual.py][line:1284][INFO] Epoch:[1/1]	 Batch:[860/2792.0]	 Loss Sum:16.0081	forward Loss:1.9445;4.5092	 backward Loss:4.7543;1.9109	 Sentiment Loss:2.7011	Valence Loss:0.0327	 Arousal Loss:0.9082	
[2025-11-20 04:21:06,174][run_task2&3_trainer_multilingual.py][line:1284][INFO] Epoch:[1/1]	 Batch:[870/2792.0]	 Loss Sum:25.6721	forward Loss:5.9631;4.9017	 backward Loss:8.4306;3.0242	 Sentiment Loss:2.6604	Valence Loss:2.4112	 Arousal Loss:1.0496	
[2025-11-20 04:21:09,936][run_task2&3_trainer_multilingual.py][line:1284][INFO] Epoch:[1/1]	 Batch:[880/2792.0]	 Loss Sum:21.8721	forward Loss:8.8561;3.8267	 backward Loss:3.2433;3.5993	 Sentiment Loss:1.6634	Valence Loss:1.5659	 Arousal Loss:1.8503	
[2025-11-20 04:21:13,696][run_task2&3_trainer_multilingual.py][line:1284][INFO] Epoch:[1/1]	 Batch:[890/2792.0]	 Loss Sum:9.9531	forward Loss:2.3308;3.0977	 backward Loss:1.539;1.901	 Sentiment Loss:1.0595	Valence Loss:0.0966	 Arousal Loss:0.0294	
[2025-11-20 04:21:17,470][run_task2&3_trainer_multilingual.py][line:1284][INFO] Epoch:[1/1]	 Batch:[900/2792.0]	 Loss Sum:9.4367	forward Loss:2.1167;2.4535	 backward Loss:1.7648;0.8428	 Sentiment Loss:2.1331	Valence Loss:0.4786	 Arousal Loss:0.1513	
[2025-11-20 04:21:21,244][run_task2&3_trainer_multilingual.py][line:1284][INFO] Epoch:[1/1]	 Batch:[910/2792.0]	 Loss Sum:21.5587	forward Loss:8.4263;2.1643	 backward Loss:3.8673;4.0888	 Sentiment Loss:2.2233	Valence Loss:3.5116	 Arousal Loss:0.4319	
[2025-11-20 04:21:25,016][run_task2&3_trainer_multilingual.py][line:1284][INFO] Epoch:[1/1]	 Batch:[920/2792.0]	 Loss Sum:22.5536	forward Loss:4.8284;4.1171	 backward Loss:6.722;4.9127	 Sentiment Loss:1.8537	Valence Loss:0.4065	 Arousal Loss:0.1919	
[2025-11-20 04:21:28,774][run_task2&3_trainer_multilingual.py][line:1284][INFO] Epoch:[1/1]	 Batch:[930/2792.0]	 Loss Sum:21.1916	forward Loss:3.558;5.3643	 backward Loss:3.5189;3.1814	 Sentiment Loss:5.522	Valence Loss:0.2002	 Arousal Loss:0.0349	
[2025-11-20 04:21:32,539][run_task2&3_trainer_multilingual.py][line:1284][INFO] Epoch:[1/1]	 Batch:[940/2792.0]	 Loss Sum:31.351	forward Loss:5.6728;9.2499	 backward Loss:10.3927;3.836	 Sentiment Loss:1.7515	Valence Loss:0.5805	 Arousal Loss:1.6603	
[2025-11-20 04:21:36,305][run_task2&3_trainer_multilingual.py][line:1284][INFO] Epoch:[1/1]	 Batch:[950/2792.0]	 Loss Sum:11.5401	forward Loss:1.3494;3.2569	 backward Loss:2.9357;2.6953	 Sentiment Loss:1.124	Valence Loss:0.3719	 Arousal Loss:0.5219	
[2025-11-20 04:21:40,069][run_task2&3_trainer_multilingual.py][line:1284][INFO] Epoch:[1/1]	 Batch:[960/2792.0]	 Loss Sum:6.1757	forward Loss:0.7098;1.7617	 backward Loss:0.9907;1.4991	 Sentiment Loss:1.0435	Valence Loss:0.312	 Arousal Loss:0.5424	
[2025-11-20 04:21:43,831][run_task2&3_trainer_multilingual.py][line:1284][INFO] Epoch:[1/1]	 Batch:[970/2792.0]	 Loss Sum:46.6815	forward Loss:9.2738;10.0003	 backward Loss:21.2624;3.0782	 Sentiment Loss:3.0123	Valence Loss:0.2087	 Arousal Loss:0.0637	
[2025-11-20 04:21:47,592][run_task2&3_trainer_multilingual.py][line:1284][INFO] Epoch:[1/1]	 Batch:[980/2792.0]	 Loss Sum:34.7222	forward Loss:6.9461;7.5728	 backward Loss:13.0639;4.2266	 Sentiment Loss:2.7602	Valence Loss:0.4162	 Arousal Loss:0.3464	
[2025-11-20 04:21:51,348][run_task2&3_trainer_multilingual.py][line:1284][INFO] Epoch:[1/1]	 Batch:[990/2792.0]	 Loss Sum:16.6464	forward Loss:0.8291;6.154	 backward Loss:6.3214;1.1374	 Sentiment Loss:2.1157	Valence Loss:0.0719	 Arousal Loss:0.3721	
[2025-11-20 04:21:55,112][run_task2&3_trainer_multilingual.py][line:1284][INFO] Epoch:[1/1]	 Batch:[1000/2792.0]	 Loss Sum:15.5186	forward Loss:1.4532;4.2126	 backward Loss:5.6102;1.391	 Sentiment Loss:1.9577	Valence Loss:4.3808	 Arousal Loss:0.0885	
[2025-11-20 04:21:58,884][run_task2&3_trainer_multilingual.py][line:1284][INFO] Epoch:[1/1]	 Batch:[1010/2792.0]	 Loss Sum:15.7416	forward Loss:1.4875;2.9329	 backward Loss:7.323;1.879	 Sentiment Loss:2.0238	Valence Loss:0.3196	 Arousal Loss:0.1574	
[2025-11-20 04:22:02,655][run_task2&3_trainer_multilingual.py][line:1284][INFO] Epoch:[1/1]	 Batch:[1020/2792.0]	 Loss Sum:15.8522	forward Loss:3.4836;2.3587	 backward Loss:2.0018;2.085	 Sentiment Loss:5.0141	Valence Loss:4.3869	 Arousal Loss:0.1582	
[2025-11-20 04:22:06,425][run_task2&3_trainer_multilingual.py][line:1284][INFO] Epoch:[1/1]	 Batch:[1030/2792.0]	 Loss Sum:23.2173	forward Loss:4.0414;4.8775	 backward Loss:6.891;4.1949	 Sentiment Loss:3.0074	Valence Loss:0.9836	 Arousal Loss:0.0419	
[2025-11-20 04:22:10,189][run_task2&3_trainer_multilingual.py][line:1284][INFO] Epoch:[1/1]	 Batch:[1040/2792.0]	 Loss Sum:14.637	forward Loss:2.936;2.968	 backward Loss:4.4554;1.9734	 Sentiment Loss:1.599	Valence Loss:2.9898	 Arousal Loss:0.5357	
[2025-11-20 04:22:13,956][run_task2&3_trainer_multilingual.py][line:1284][INFO] Epoch:[1/1]	 Batch:[1050/2792.0]	 Loss Sum:18.1059	forward Loss:3.2419;5.2582	 backward Loss:4.1759;3.7004	 Sentiment Loss:1.3859	Valence Loss:0.9627	 Arousal Loss:0.7548	
[2025-11-20 04:22:17,723][run_task2&3_trainer_multilingual.py][line:1284][INFO] Epoch:[1/1]	 Batch:[1060/2792.0]	 Loss Sum:24.9978	forward Loss:5.0122;3.5509	 backward Loss:1.7274;12.0042	 Sentiment Loss:1.4172	Valence Loss:6.3355	 Arousal Loss:0.0938	
[2025-11-20 04:22:21,488][run_task2&3_trainer_multilingual.py][line:1284][INFO] Epoch:[1/1]	 Batch:[1070/2792.0]	 Loss Sum:19.0635	forward Loss:2.9194;4.7752	 backward Loss:4.3732;2.0317	 Sentiment Loss:4.8927	Valence Loss:0.137	 Arousal Loss:0.2199	
[2025-11-20 04:22:25,254][run_task2&3_trainer_multilingual.py][line:1284][INFO] Epoch:[1/1]	 Batch:[1080/2792.0]	 Loss Sum:7.5743	forward Loss:0.5237;2.2013	 backward Loss:0.9255;0.3531	 Sentiment Loss:2.1639	Valence Loss:3.4588	 Arousal Loss:3.5752	
[2025-11-20 04:22:29,022][run_task2&3_trainer_multilingual.py][line:1284][INFO] Epoch:[1/1]	 Batch:[1090/2792.0]	 Loss Sum:9.648	forward Loss:1.7626;1.1748	 backward Loss:1.5769;1.2521	 Sentiment Loss:2.7739	Valence Loss:4.1909	 Arousal Loss:1.348	
[2025-11-20 04:22:32,795][run_task2&3_trainer_multilingual.py][line:1284][INFO] Epoch:[1/1]	 Batch:[1100/2792.0]	 Loss Sum:34.6749	forward Loss:6.5656;8.9117	 backward Loss:6.143;8.8287	 Sentiment Loss:4.0355	Valence Loss:0.7117	 Arousal Loss:0.2406	
[2025-11-20 04:22:36,559][run_task2&3_trainer_multilingual.py][line:1284][INFO] Epoch:[1/1]	 Batch:[1110/2792.0]	 Loss Sum:20.8468	forward Loss:5.9318;1.9236	 backward Loss:4.7998;3.3175	 Sentiment Loss:4.4667	Valence Loss:1.7133	 Arousal Loss:0.3237	
[2025-11-20 04:22:40,324][run_task2&3_trainer_multilingual.py][line:1284][INFO] Epoch:[1/1]	 Batch:[1120/2792.0]	 Loss Sum:11.2692	forward Loss:0.4977;2.3469	 backward Loss:5.0804;0.385	 Sentiment Loss:2.8231	Valence Loss:0.2716	 Arousal Loss:0.4091	
[2025-11-20 04:22:44,083][run_task2&3_trainer_multilingual.py][line:1284][INFO] Epoch:[1/1]	 Batch:[1130/2792.0]	 Loss Sum:10.2061	forward Loss:0.8751;2.0333	 backward Loss:1.6164;1.6306	 Sentiment Loss:3.9566	Valence Loss:0.1482	 Arousal Loss:0.3222	
[2025-11-20 04:22:47,853][run_task2&3_trainer_multilingual.py][line:1284][INFO] Epoch:[1/1]	 Batch:[1140/2792.0]	 Loss Sum:27.7639	forward Loss:3.9358;6.9815	 backward Loss:9.5279;1.7625	 Sentiment Loss:5.5338	Valence Loss:0.0639	 Arousal Loss:0.0486	
[2025-11-20 04:22:51,621][run_task2&3_trainer_multilingual.py][line:1284][INFO] Epoch:[1/1]	 Batch:[1150/2792.0]	 Loss Sum:10.6254	forward Loss:1.1203;2.2764	 backward Loss:1.8171;1.6588	 Sentiment Loss:3.0454	Valence Loss:3.4607	 Arousal Loss:0.0763	
[2025-11-20 04:22:55,387][run_task2&3_trainer_multilingual.py][line:1284][INFO] Epoch:[1/1]	 Batch:[1160/2792.0]	 Loss Sum:17.2818	forward Loss:3.2661;4.4579	 backward Loss:4.351;2.8774	 Sentiment Loss:2.2694	Valence Loss:0.1081	 Arousal Loss:0.1922	
[2025-11-20 04:22:59,156][run_task2&3_trainer_multilingual.py][line:1284][INFO] Epoch:[1/1]	 Batch:[1170/2792.0]	 Loss Sum:29.7912	forward Loss:8.9613;5.2363	 backward Loss:7.2597;5.1831	 Sentiment Loss:2.9997	Valence Loss:0.4796	 Arousal Loss:0.2759	
[2025-11-20 04:23:02,920][run_task2&3_trainer_multilingual.py][line:1284][INFO] Epoch:[1/1]	 Batch:[1180/2792.0]	 Loss Sum:16.7653	forward Loss:0.7871;2.4215	 backward Loss:9.8064;1.9378	 Sentiment Loss:1.5961	Valence Loss:1.001	 Arousal Loss:0.0807	
[2025-11-20 04:23:06,683][run_task2&3_trainer_multilingual.py][line:1284][INFO] Epoch:[1/1]	 Batch:[1190/2792.0]	 Loss Sum:27.7523	forward Loss:0.8387;5.2711	 backward Loss:17.5027;1.0623	 Sentiment Loss:2.8466	Valence Loss:0.5275	 Arousal Loss:0.6274	
[2025-11-20 04:23:10,444][run_task2&3_trainer_multilingual.py][line:1284][INFO] Epoch:[1/1]	 Batch:[1200/2792.0]	 Loss Sum:23.3425	forward Loss:1.6558;8.8967	 backward Loss:5.6102;3.7616	 Sentiment Loss:2.6159	Valence Loss:3.3554	 Arousal Loss:0.6553	
[2025-11-20 04:23:14,211][run_task2&3_trainer_multilingual.py][line:1284][INFO] Epoch:[1/1]	 Batch:[1210/2792.0]	 Loss Sum:10.7618	forward Loss:1.6836;1.5224	 backward Loss:4.0197;0.7598	 Sentiment Loss:2.0878	Valence Loss:3.3174	 Arousal Loss:0.1254	
[2025-11-20 04:23:17,980][run_task2&3_trainer_multilingual.py][line:1284][INFO] Epoch:[1/1]	 Batch:[1220/2792.0]	 Loss Sum:13.971	forward Loss:1.4312;1.5576	 backward Loss:3.199;1.5161	 Sentiment Loss:6.0615	Valence Loss:0.4624	 Arousal Loss:0.5659	
[2025-11-20 04:23:21,745][run_task2&3_trainer_multilingual.py][line:1284][INFO] Epoch:[1/1]	 Batch:[1230/2792.0]	 Loss Sum:21.1298	forward Loss:3.7187;5.8551	 backward Loss:5.4187;4.317	 Sentiment Loss:1.497	Valence Loss:1.4248	 Arousal Loss:0.1917	
[2025-11-20 04:23:25,514][run_task2&3_trainer_multilingual.py][line:1284][INFO] Epoch:[1/1]	 Batch:[1240/2792.0]	 Loss Sum:41.1923	forward Loss:4.6002;11.9203	 backward Loss:10.7708;8.6908	 Sentiment Loss:5.1624	Valence Loss:0.133	 Arousal Loss:0.1061	
[2025-11-20 04:23:29,278][run_task2&3_trainer_multilingual.py][line:1284][INFO] Epoch:[1/1]	 Batch:[1250/2792.0]	 Loss Sum:46.5864	forward Loss:7.6339;6.8283	 backward Loss:24.635;2.5498	 Sentiment Loss:4.4058	Valence Loss:2.2079	 Arousal Loss:0.4595	
[2025-11-20 04:23:33,045][run_task2&3_trainer_multilingual.py][line:1284][INFO] Epoch:[1/1]	 Batch:[1260/2792.0]	 Loss Sum:33.3991	forward Loss:10.7777;2.9538	 backward Loss:9.6761;4.5997	 Sentiment Loss:4.7663	Valence Loss:2.9904	 Arousal Loss:0.1372	
[2025-11-20 04:23:36,807][run_task2&3_trainer_multilingual.py][line:1284][INFO] Epoch:[1/1]	 Batch:[1270/2792.0]	 Loss Sum:12.7839	forward Loss:3.6405;1.195	 backward Loss:2.6586;2.7342	 Sentiment Loss:2.4924	Valence Loss:0.1406	 Arousal Loss:0.1755	
[2025-11-20 04:23:40,573][run_task2&3_trainer_multilingual.py][line:1284][INFO] Epoch:[1/1]	 Batch:[1280/2792.0]	 Loss Sum:12.4215	forward Loss:3.1666;2.4711	 backward Loss:1.5036;3.7311	 Sentiment Loss:1.2534	Valence Loss:1.4516	 Arousal Loss:0.0269	
[2025-11-20 04:23:44,340][run_task2&3_trainer_multilingual.py][line:1284][INFO] Epoch:[1/1]	 Batch:[1290/2792.0]	 Loss Sum:13.8163	forward Loss:3.3813;1.6603	 backward Loss:2.6307;2.4013	 Sentiment Loss:3.4981	Valence Loss:0.7497	 Arousal Loss:0.4738	
[2025-11-20 04:23:48,103][run_task2&3_trainer_multilingual.py][line:1284][INFO] Epoch:[1/1]	 Batch:[1300/2792.0]	 Loss Sum:9.0683	forward Loss:0.5099;1.9732	 backward Loss:2.8419;0.4267	 Sentiment Loss:2.6236	Valence Loss:1.8362	 Arousal Loss:1.6284	
[2025-11-20 04:23:51,870][run_task2&3_trainer_multilingual.py][line:1284][INFO] Epoch:[1/1]	 Batch:[1310/2792.0]	 Loss Sum:35.6477	forward Loss:11.8313;8.0671	 backward Loss:7.2931;3.7933	 Sentiment Loss:4.196	Valence Loss:1.8877	 Arousal Loss:0.4471	
[2025-11-20 04:23:55,638][run_task2&3_trainer_multilingual.py][line:1284][INFO] Epoch:[1/1]	 Batch:[1320/2792.0]	 Loss Sum:18.6407	forward Loss:2.8733;1.9404	 backward Loss:6.2167;1.9269	 Sentiment Loss:4.8042	Valence Loss:3.5789	 Arousal Loss:0.8179	
[2025-11-20 04:23:59,408][run_task2&3_trainer_multilingual.py][line:1284][INFO] Epoch:[1/1]	 Batch:[1330/2792.0]	 Loss Sum:31.3941	forward Loss:5.9226;3.2393	 backward Loss:14.0948;4.8876	 Sentiment Loss:2.3469	Valence Loss:4.1604	 Arousal Loss:0.3541	
[2025-11-20 04:24:03,171][run_task2&3_trainer_multilingual.py][line:1284][INFO] Epoch:[1/1]	 Batch:[1340/2792.0]	 Loss Sum:10.0848	forward Loss:3.2988;1.0577	 backward Loss:2.9574;0.8059	 Sentiment Loss:1.8135	Valence Loss:0.2547	 Arousal Loss:0.503	
[2025-11-20 04:24:06,944][run_task2&3_trainer_multilingual.py][line:1284][INFO] Epoch:[1/1]	 Batch:[1350/2792.0]	 Loss Sum:22.967	forward Loss:5.849;4.8163	 backward Loss:5.2778;4.6626	 Sentiment Loss:1.6188	Valence Loss:2.0305	 Arousal Loss:1.6822	
[2025-11-20 04:24:10,711][run_task2&3_trainer_multilingual.py][line:1284][INFO] Epoch:[1/1]	 Batch:[1360/2792.0]	 Loss Sum:13.9465	forward Loss:2.5734;3.0131	 backward Loss:3.8697;1.4194	 Sentiment Loss:2.8608	Valence Loss:0.0475	 Arousal Loss:1.0033	
[2025-11-20 04:24:14,483][run_task2&3_trainer_multilingual.py][line:1284][INFO] Epoch:[1/1]	 Batch:[1370/2792.0]	 Loss Sum:54.7149	forward Loss:16.0214;13.1479	 backward Loss:12.3876;9.8888	 Sentiment Loss:1.849	Valence Loss:6.4901	 Arousal Loss:0.611	
[2025-11-20 04:24:18,250][run_task2&3_trainer_multilingual.py][line:1284][INFO] Epoch:[1/1]	 Batch:[1380/2792.0]	 Loss Sum:20.3829	forward Loss:3.6447;1.9081	 backward Loss:4.7939;2.3945	 Sentiment Loss:7.6179	Valence Loss:0.0397	 Arousal Loss:0.0796	
[2025-11-20 04:24:22,014][run_task2&3_trainer_multilingual.py][line:1284][INFO] Epoch:[1/1]	 Batch:[1390/2792.0]	 Loss Sum:23.4937	forward Loss:6.0184;3.5875	 backward Loss:5.1854;3.811	 Sentiment Loss:4.3586	Valence Loss:2.0795	 Arousal Loss:0.584	
[2025-11-20 04:24:25,779][run_task2&3_trainer_multilingual.py][line:1284][INFO] Epoch:[1/1]	 Batch:[1400/2792.0]	 Loss Sum:52.3216	forward Loss:8.6266;5.3234	 backward Loss:20.8141;15.2251	 Sentiment Loss:1.487	Valence Loss:2.4447	 Arousal Loss:1.7824	
[2025-11-20 04:24:29,543][run_task2&3_trainer_multilingual.py][line:1284][INFO] Epoch:[1/1]	 Batch:[1410/2792.0]	 Loss Sum:21.7693	forward Loss:4.558;1.6156	 backward Loss:3.4053;4.658	 Sentiment Loss:6.5849	Valence Loss:3.3048	 Arousal Loss:1.4324	
[2025-11-20 04:24:33,311][run_task2&3_trainer_multilingual.py][line:1284][INFO] Epoch:[1/1]	 Batch:[1420/2792.0]	 Loss Sum:42.5557	forward Loss:16.854;4.5018	 backward Loss:14.2488;2.334	 Sentiment Loss:4.4757	Valence Loss:0.3376	 Arousal Loss:0.3687	
[2025-11-20 04:24:37,070][run_task2&3_trainer_multilingual.py][line:1284][INFO] Epoch:[1/1]	 Batch:[1430/2792.0]	 Loss Sum:19.2349	forward Loss:3.9052;4.5448	 backward Loss:4.8937;3.2504	 Sentiment Loss:2.5909	Valence Loss:0.069	 Arousal Loss:0.1809	
[2025-11-20 04:24:40,835][run_task2&3_trainer_multilingual.py][line:1284][INFO] Epoch:[1/1]	 Batch:[1440/2792.0]	 Loss Sum:17.1311	forward Loss:1.3035;5.2323	 backward Loss:4.2659;1.2742	 Sentiment Loss:4.5519	Valence Loss:1.2938	 Arousal Loss:1.2226	
[2025-11-20 04:24:44,598][run_task2&3_trainer_multilingual.py][line:1284][INFO] Epoch:[1/1]	 Batch:[1450/2792.0]	 Loss Sum:21.4864	forward Loss:2.8682;6.7508	 backward Loss:6.9412;1.9338	 Sentiment Loss:2.4079	Valence Loss:1.7123	 Arousal Loss:1.2105	
[2025-11-20 04:24:48,361][run_task2&3_trainer_multilingual.py][line:1284][INFO] Epoch:[1/1]	 Batch:[1460/2792.0]	 Loss Sum:23.9704	forward Loss:1.8802;4.0402	 backward Loss:12.8494;2.1557	 Sentiment Loss:2.6426	Valence Loss:0.4094	 Arousal Loss:1.6022	
[2025-11-20 04:24:52,129][run_task2&3_trainer_multilingual.py][line:1284][INFO] Epoch:[1/1]	 Batch:[1470/2792.0]	 Loss Sum:14.5362	forward Loss:4.4372;1.4911	 backward Loss:3.3746;2.1732	 Sentiment Loss:3.0351	Valence Loss:0.1007	 Arousal Loss:0.0242	
[2025-11-20 04:24:55,883][run_task2&3_trainer_multilingual.py][line:1284][INFO] Epoch:[1/1]	 Batch:[1480/2792.0]	 Loss Sum:49.2722	forward Loss:9.1123;5.3385	 backward Loss:7.9968;14.9075	 Sentiment Loss:11.2051	Valence Loss:3.3924	 Arousal Loss:0.1677	
[2025-11-20 04:24:59,644][run_task2&3_trainer_multilingual.py][line:1284][INFO] Epoch:[1/1]	 Batch:[1490/2792.0]	 Loss Sum:5.7807	forward Loss:0.1786;0.962	 backward Loss:1.3529;0.2062	 Sentiment Loss:2.2896	Valence Loss:3.6437	 Arousal Loss:0.3135	
[2025-11-20 04:25:03,409][run_task2&3_trainer_multilingual.py][line:1284][INFO] Epoch:[1/1]	 Batch:[1500/2792.0]	 Loss Sum:9.2876	forward Loss:0.9772;2.8213	 backward Loss:2.6993;0.8209	 Sentiment Loss:1.8426	Valence Loss:0.4854	 Arousal Loss:0.1467	
[2025-11-20 04:25:07,163][run_task2&3_trainer_multilingual.py][line:1284][INFO] Epoch:[1/1]	 Batch:[1510/2792.0]	 Loss Sum:41.431	forward Loss:15.8353;4.227	 backward Loss:15.6624;3.4385	 Sentiment Loss:1.9917	Valence Loss:1.2503	 Arousal Loss:0.1309	
[2025-11-20 04:25:10,929][run_task2&3_trainer_multilingual.py][line:1284][INFO] Epoch:[1/1]	 Batch:[1520/2792.0]	 Loss Sum:11.0545	forward Loss:0.8471;2.9706	 backward Loss:3.4606;0.5994	 Sentiment Loss:2.7556	Valence Loss:1.2564	 Arousal Loss:0.849	
[2025-11-20 04:25:14,691][run_task2&3_trainer_multilingual.py][line:1284][INFO] Epoch:[1/1]	 Batch:[1530/2792.0]	 Loss Sum:13.1239	forward Loss:0.3487;7.3006	 backward Loss:2.1743;1.3085	 Sentiment Loss:1.718	Valence Loss:1.3151	 Arousal Loss:0.054	
[2025-11-20 04:25:18,451][run_task2&3_trainer_multilingual.py][line:1284][INFO] Epoch:[1/1]	 Batch:[1540/2792.0]	 Loss Sum:8.0289	forward Loss:2.7163;0.8596	 backward Loss:0.9022;0.5263	 Sentiment Loss:2.4252	Valence Loss:1.5072	 Arousal Loss:1.4892	
[2025-11-20 04:25:22,223][run_task2&3_trainer_multilingual.py][line:1284][INFO] Epoch:[1/1]	 Batch:[1550/2792.0]	 Loss Sum:25.6327	forward Loss:0.1121;2.3865	 backward Loss:16.6913;0.2897	 Sentiment Loss:5.531	Valence Loss:1.9697	 Arousal Loss:1.1415	
[2025-11-20 04:25:25,988][run_task2&3_trainer_multilingual.py][line:1284][INFO] Epoch:[1/1]	 Batch:[1560/2792.0]	 Loss Sum:20.6373	forward Loss:2.0697;4.4929	 backward Loss:4.4484;6.2747	 Sentiment Loss:2.1895	Valence Loss:5.2052	 Arousal Loss:0.6052	
[2025-11-20 04:25:29,759][run_task2&3_trainer_multilingual.py][line:1284][INFO] Epoch:[1/1]	 Batch:[1570/2792.0]	 Loss Sum:14.5983	forward Loss:2.1194;1.5829	 backward Loss:7.4423;0.6715	 Sentiment Loss:1.8873	Valence Loss:0.4623	 Arousal Loss:4.0124	
[2025-11-20 04:25:33,523][run_task2&3_trainer_multilingual.py][line:1284][INFO] Epoch:[1/1]	 Batch:[1580/2792.0]	 Loss Sum:14.394	forward Loss:3.2458;0.9307	 backward Loss:4.4242;3.6192	 Sentiment Loss:1.7717	Valence Loss:1.432	 Arousal Loss:0.5804	
[2025-11-20 04:25:37,291][run_task2&3_trainer_multilingual.py][line:1284][INFO] Epoch:[1/1]	 Batch:[1590/2792.0]	 Loss Sum:23.13	forward Loss:7.0162;3.5132	 backward Loss:3.6624;7.1684	 Sentiment Loss:1.6257	Valence Loss:0.5334	 Arousal Loss:0.1872	
[2025-11-20 04:25:41,046][run_task2&3_trainer_multilingual.py][line:1284][INFO] Epoch:[1/1]	 Batch:[1600/2792.0]	 Loss Sum:7.0903	forward Loss:1.8026;0.8739	 backward Loss:1.0452;0.5751	 Sentiment Loss:2.5502	Valence Loss:1.1883	 Arousal Loss:0.0279	
[2025-11-20 04:25:44,812][run_task2&3_trainer_multilingual.py][line:1284][INFO] Epoch:[1/1]	 Batch:[1610/2792.0]	 Loss Sum:25.9249	forward Loss:7.3381;2.7635	 backward Loss:7.8375;4.4635	 Sentiment Loss:2.9033	Valence Loss:2.2089	 Arousal Loss:0.8861	
[2025-11-20 04:25:48,575][run_task2&3_trainer_multilingual.py][line:1284][INFO] Epoch:[1/1]	 Batch:[1620/2792.0]	 Loss Sum:29.3288	forward Loss:6.3333;2.5221	 backward Loss:12.722;4.7048	 Sentiment Loss:2.4875	Valence Loss:2.6206	 Arousal Loss:0.1742	
[2025-11-20 04:25:52,337][run_task2&3_trainer_multilingual.py][line:1284][INFO] Epoch:[1/1]	 Batch:[1630/2792.0]	 Loss Sum:17.7268	forward Loss:3.2499;3.02	 backward Loss:4.9467;2.1309	 Sentiment Loss:3.4675	Valence Loss:4.2756	 Arousal Loss:0.2836	
[2025-11-20 04:25:56,101][run_task2&3_trainer_multilingual.py][line:1284][INFO] Epoch:[1/1]	 Batch:[1640/2792.0]	 Loss Sum:6.7493	forward Loss:0.5428;1.1332	 backward Loss:1.2653;0.6468	 Sentiment Loss:3.0476	Valence Loss:0.4683	 Arousal Loss:0.0997	
[2025-11-20 04:25:59,869][run_task2&3_trainer_multilingual.py][line:1284][INFO] Epoch:[1/1]	 Batch:[1650/2792.0]	 Loss Sum:8.0234	forward Loss:1.497;1.1073	 backward Loss:1.9169;1.2157	 Sentiment Loss:2.1477	Valence Loss:0.046	 Arousal Loss:0.6478	
[2025-11-20 04:26:03,639][run_task2&3_trainer_multilingual.py][line:1284][INFO] Epoch:[1/1]	 Batch:[1660/2792.0]	 Loss Sum:8.5668	forward Loss:2.3867;0.5663	 backward Loss:0.914;1.3252	 Sentiment Loss:3.2218	Valence Loss:0.6515	 Arousal Loss:0.1124	
[2025-11-20 04:26:07,406][run_task2&3_trainer_multilingual.py][line:1284][INFO] Epoch:[1/1]	 Batch:[1670/2792.0]	 Loss Sum:5.5688	forward Loss:1.2154;0.378	 backward Loss:0.8469;0.6077	 Sentiment Loss:2.2202	Valence Loss:1.3249	 Arousal Loss:0.1783	
[2025-11-20 04:26:11,171][run_task2&3_trainer_multilingual.py][line:1284][INFO] Epoch:[1/1]	 Batch:[1680/2792.0]	 Loss Sum:3.7104	forward Loss:1.4299;0.3782	 backward Loss:0.5916;0.2087	 Sentiment Loss:1.0045	Valence Loss:0.0235	 Arousal Loss:0.464	
[2025-11-20 04:26:14,939][run_task2&3_trainer_multilingual.py][line:1284][INFO] Epoch:[1/1]	 Batch:[1690/2792.0]	 Loss Sum:23.1432	forward Loss:3.3639;3.8359	 backward Loss:12.0268;1.8084	 Sentiment Loss:1.7228	Valence Loss:1.3961	 Arousal Loss:0.5306	
[2025-11-20 04:26:18,705][run_task2&3_trainer_multilingual.py][line:1284][INFO] Epoch:[1/1]	 Batch:[1700/2792.0]	 Loss Sum:35.7547	forward Loss:11.4831;5.31	 backward Loss:12.2566;3.4798	 Sentiment Loss:1.9359	Valence Loss:6.3349	 Arousal Loss:0.1117	
[2025-11-20 04:26:22,471][run_task2&3_trainer_multilingual.py][line:1284][INFO] Epoch:[1/1]	 Batch:[1710/2792.0]	 Loss Sum:11.5789	forward Loss:2.6677;0.8709	 backward Loss:2.9116;2.9143	 Sentiment Loss:2.1829	Valence Loss:0.12	 Arousal Loss:0.0371	
[2025-11-20 04:26:26,240][run_task2&3_trainer_multilingual.py][line:1284][INFO] Epoch:[1/1]	 Batch:[1720/2792.0]	 Loss Sum:13.3703	forward Loss:0.8676;6.873	 backward Loss:3.1257;0.9255	 Sentiment Loss:1.559	Valence Loss:0.0667	 Arousal Loss:0.0306	
[2025-11-20 04:26:30,002][run_task2&3_trainer_multilingual.py][line:1284][INFO] Epoch:[1/1]	 Batch:[1730/2792.0]	 Loss Sum:12.9231	forward Loss:3.5114;2.0319	 backward Loss:4.0441;1.3305	 Sentiment Loss:1.5903	Valence Loss:1.5567	 Arousal Loss:0.5183	
[2025-11-20 04:26:33,767][run_task2&3_trainer_multilingual.py][line:1284][INFO] Epoch:[1/1]	 Batch:[1740/2792.0]	 Loss Sum:17.5444	forward Loss:2.0855;7.7908	 backward Loss:4.0768;0.3724	 Sentiment Loss:2.3674	Valence Loss:3.7294	 Arousal Loss:0.5273	
[2025-11-20 04:26:37,539][run_task2&3_trainer_multilingual.py][line:1284][INFO] Epoch:[1/1]	 Batch:[1750/2792.0]	 Loss Sum:12.97	forward Loss:1.4007;3.899	 backward Loss:3.8465;1.7366	 Sentiment Loss:1.9232	Valence Loss:0.8088	 Arousal Loss:0.0112	
[2025-11-20 04:26:41,301][run_task2&3_trainer_multilingual.py][line:1284][INFO] Epoch:[1/1]	 Batch:[1760/2792.0]	 Loss Sum:30.6859	forward Loss:8.924;3.7095	 backward Loss:10.3801;5.6364	 Sentiment Loss:1.8445	Valence Loss:0.8962	 Arousal Loss:0.0608	
[2025-11-20 04:26:45,061][run_task2&3_trainer_multilingual.py][line:1284][INFO] Epoch:[1/1]	 Batch:[1770/2792.0]	 Loss Sum:21.6446	forward Loss:2.5781;3.7996	 backward Loss:10.4755;2.6163	 Sentiment Loss:2.0944	Valence Loss:0.1515	 Arousal Loss:0.2517	
[2025-11-20 04:26:48,824][run_task2&3_trainer_multilingual.py][line:1284][INFO] Epoch:[1/1]	 Batch:[1780/2792.0]	 Loss Sum:50.7417	forward Loss:15.6044;3.0494	 backward Loss:23.5388;3.1533	 Sentiment Loss:4.7623	Valence Loss:3.0711	 Arousal Loss:0.0973	
[2025-11-20 04:26:52,585][run_task2&3_trainer_multilingual.py][line:1284][INFO] Epoch:[1/1]	 Batch:[1790/2792.0]	 Loss Sum:20.1405	forward Loss:1.1994;6.5031	 backward Loss:7.0024;0.8768	 Sentiment Loss:4.2641	Valence Loss:0.562	 Arousal Loss:0.9112	
[2025-11-20 04:26:56,346][run_task2&3_trainer_multilingual.py][line:1284][INFO] Epoch:[1/1]	 Batch:[1800/2792.0]	 Loss Sum:21.8363	forward Loss:1.614;6.6528	 backward Loss:8.0402;2.0383	 Sentiment Loss:3.0759	Valence Loss:0.4391	 Arousal Loss:1.6361	
[2025-11-20 04:27:00,113][run_task2&3_trainer_multilingual.py][line:1284][INFO] Epoch:[1/1]	 Batch:[1810/2792.0]	 Loss Sum:20.3634	forward Loss:4.234;3.9859	 backward Loss:4.7879;3.9143	 Sentiment Loss:2.7106	Valence Loss:2.7809	 Arousal Loss:0.8727	
[2025-11-20 04:27:03,872][run_task2&3_trainer_multilingual.py][line:1284][INFO] Epoch:[1/1]	 Batch:[1820/2792.0]	 Loss Sum:26.8027	forward Loss:7.4459;4.2743	 backward Loss:10.8853;1.374	 Sentiment Loss:2.2002	Valence Loss:2.9327	 Arousal Loss:0.1824	
[2025-11-20 04:27:07,636][run_task2&3_trainer_multilingual.py][line:1284][INFO] Epoch:[1/1]	 Batch:[1830/2792.0]	 Loss Sum:12.0251	forward Loss:2.6856;0.5699	 backward Loss:1.7392;1.2331	 Sentiment Loss:5.6512	Valence Loss:0.1263	 Arousal Loss:0.6047	
[2025-11-20 04:27:11,390][run_task2&3_trainer_multilingual.py][line:1284][INFO] Epoch:[1/1]	 Batch:[1840/2792.0]	 Loss Sum:16.7473	forward Loss:6.6248;1.3847	 backward Loss:6.3779;0.5568	 Sentiment Loss:1.369	Valence Loss:0.8377	 Arousal Loss:1.3329	
[2025-11-20 04:27:15,153][run_task2&3_trainer_multilingual.py][line:1284][INFO] Epoch:[1/1]	 Batch:[1850/2792.0]	 Loss Sum:9.4101	forward Loss:1.3084;1.1394	 backward Loss:3.585;0.7751	 Sentiment Loss:2.0267	Valence Loss:1.4985	 Arousal Loss:1.379	
[2025-11-20 04:27:18,911][run_task2&3_trainer_multilingual.py][line:1284][INFO] Epoch:[1/1]	 Batch:[1860/2792.0]	 Loss Sum:12.4329	forward Loss:3.8444;0.8873	 backward Loss:1.0589;4.1023	 Sentiment Loss:2.4709	Valence Loss:0.2802	 Arousal Loss:0.0647	
[2025-11-20 04:27:22,669][run_task2&3_trainer_multilingual.py][line:1284][INFO] Epoch:[1/1]	 Batch:[1870/2792.0]	 Loss Sum:31.0656	forward Loss:2.8784;11.794	 backward Loss:7.8891;1.3096	 Sentiment Loss:6.2121	Valence Loss:3.1047	 Arousal Loss:1.8079	
[2025-11-20 04:27:26,427][run_task2&3_trainer_multilingual.py][line:1284][INFO] Epoch:[1/1]	 Batch:[1880/2792.0]	 Loss Sum:9.8219	forward Loss:1.6184;0.6531	 backward Loss:0.7147;2.4063	 Sentiment Loss:4.2645	Valence Loss:0.6688	 Arousal Loss:0.1558	
[2025-11-20 04:27:30,194][run_task2&3_trainer_multilingual.py][line:1284][INFO] Epoch:[1/1]	 Batch:[1890/2792.0]	 Loss Sum:17.6799	forward Loss:6.8506;0.9197	 backward Loss:0.7194;4.1297	 Sentiment Loss:5.0042	Valence Loss:0.1679	 Arousal Loss:0.1135	
[2025-11-20 04:27:33,951][run_task2&3_trainer_multilingual.py][line:1284][INFO] Epoch:[1/1]	 Batch:[1900/2792.0]	 Loss Sum:44.1228	forward Loss:11.3252;8.2032	 backward Loss:20.2352;0.8426	 Sentiment Loss:3.3211	Valence Loss:0.6766	 Arousal Loss:0.3005	
[2025-11-20 04:27:37,711][run_task2&3_trainer_multilingual.py][line:1284][INFO] Epoch:[1/1]	 Batch:[1910/2792.0]	 Loss Sum:19.9374	forward Loss:6.7511;1.1621	 backward Loss:2.2101;4.5897	 Sentiment Loss:5.1221	Valence Loss:0.1756	 Arousal Loss:0.3356	
[2025-11-20 04:27:41,464][run_task2&3_trainer_multilingual.py][line:1284][INFO] Epoch:[1/1]	 Batch:[1920/2792.0]	 Loss Sum:7.9847	forward Loss:1.3075;1.8006	 backward Loss:1.4706;1.4791	 Sentiment Loss:1.379	Valence Loss:1.7522	 Arousal Loss:0.987	
[2025-11-20 04:27:45,220][run_task2&3_trainer_multilingual.py][line:1284][INFO] Epoch:[1/1]	 Batch:[1930/2792.0]	 Loss Sum:33.3206	forward Loss:7.8669;8.7603	 backward Loss:5.0768;8.7238	 Sentiment Loss:2.7059	Valence Loss:0.5789	 Arousal Loss:0.3561	
[2025-11-20 04:27:48,978][run_task2&3_trainer_multilingual.py][line:1284][INFO] Epoch:[1/1]	 Batch:[1940/2792.0]	 Loss Sum:23.2753	forward Loss:7.1818;1.7637	 backward Loss:8.7007;2.5863	 Sentiment Loss:2.321	Valence Loss:3.3978	 Arousal Loss:0.2109	
[2025-11-20 04:27:52,742][run_task2&3_trainer_multilingual.py][line:1284][INFO] Epoch:[1/1]	 Batch:[1950/2792.0]	 Loss Sum:48.7143	forward Loss:12.0106;9.9138	 backward Loss:8.0926;15.7033	 Sentiment Loss:1.7797	Valence Loss:3.9887	 Arousal Loss:2.0829	
[2025-11-20 04:27:56,507][run_task2&3_trainer_multilingual.py][line:1284][INFO] Epoch:[1/1]	 Batch:[1960/2792.0]	 Loss Sum:38.1526	forward Loss:3.602;10.5321	 backward Loss:12.6954;3.1477	 Sentiment Loss:7.722	Valence Loss:2.1023	 Arousal Loss:0.1648	
[2025-11-20 04:28:00,268][run_task2&3_trainer_multilingual.py][line:1284][INFO] Epoch:[1/1]	 Batch:[1970/2792.0]	 Loss Sum:5.9025	forward Loss:1.1888;0.8698	 backward Loss:1.0398;0.8542	 Sentiment Loss:1.8789	Valence Loss:0.1025	 Arousal Loss:0.2523	
[2025-11-20 04:28:04,025][run_task2&3_trainer_multilingual.py][line:1284][INFO] Epoch:[1/1]	 Batch:[1980/2792.0]	 Loss Sum:11.2583	forward Loss:0.2592;4.4351	 backward Loss:3.0188;0.2625	 Sentiment Loss:2.3409	Valence Loss:4.6012	 Arousal Loss:0.1074	
[2025-11-20 04:28:07,777][run_task2&3_trainer_multilingual.py][line:1284][INFO] Epoch:[1/1]	 Batch:[1990/2792.0]	 Loss Sum:32.377	forward Loss:0.8213;16.3778	 backward Loss:12.0247;0.7308	 Sentiment Loss:2.3009	Valence Loss:0.5494	 Arousal Loss:0.0583	
[2025-11-20 04:28:11,532][run_task2&3_trainer_multilingual.py][line:1284][INFO] Epoch:[1/1]	 Batch:[2000/2792.0]	 Loss Sum:14.9605	forward Loss:0.7661;2.621	 backward Loss:2.5292;0.7959	 Sentiment Loss:7.1964	Valence Loss:2.7658	 Arousal Loss:2.4941	
[2025-11-20 04:28:15,290][run_task2&3_trainer_multilingual.py][line:1284][INFO] Epoch:[1/1]	 Batch:[2010/2792.0]	 Loss Sum:19.1584	forward Loss:4.5636;2.6705	 backward Loss:8.4308;0.9558	 Sentiment Loss:2.3692	Valence Loss:0.2862	 Arousal Loss:0.5562	
[2025-11-20 04:28:19,049][run_task2&3_trainer_multilingual.py][line:1284][INFO] Epoch:[1/1]	 Batch:[2020/2792.0]	 Loss Sum:23.8709	forward Loss:3.307;3.4591	 backward Loss:10.1878;1.5783	 Sentiment Loss:4.1408	Valence Loss:3.3381	 Arousal Loss:2.6509	
[2025-11-20 04:28:22,808][run_task2&3_trainer_multilingual.py][line:1284][INFO] Epoch:[1/1]	 Batch:[2030/2792.0]	 Loss Sum:16.4668	forward Loss:4.0439;2.5053	 backward Loss:3.0104;1.9183	 Sentiment Loss:4.8599	Valence Loss:0.1818	 Arousal Loss:0.4631	
[2025-11-20 04:28:26,567][run_task2&3_trainer_multilingual.py][line:1284][INFO] Epoch:[1/1]	 Batch:[2040/2792.0]	 Loss Sum:11.085	forward Loss:0.6121;3.0194	 backward Loss:3.6434;0.6467	 Sentiment Loss:2.0707	Valence Loss:3.1143	 Arousal Loss:2.349	
[2025-11-20 04:28:30,321][run_task2&3_trainer_multilingual.py][line:1284][INFO] Epoch:[1/1]	 Batch:[2050/2792.0]	 Loss Sum:25.8133	forward Loss:0.6488;9.0132	 backward Loss:9.6992;0.3503	 Sentiment Loss:5.2583	Valence Loss:3.9089	 Arousal Loss:0.3091	
[2025-11-20 04:28:34,084][run_task2&3_trainer_multilingual.py][line:1284][INFO] Epoch:[1/1]	 Batch:[2060/2792.0]	 Loss Sum:12.1392	forward Loss:2.7257;3.3535	 backward Loss:3.204;1.2649	 Sentiment Loss:1.4502	Valence Loss:0.5857	 Arousal Loss:0.1186	
[2025-11-20 04:28:37,844][run_task2&3_trainer_multilingual.py][line:1284][INFO] Epoch:[1/1]	 Batch:[2070/2792.0]	 Loss Sum:11.0875	forward Loss:0.4128;2.0199	 backward Loss:1.819;0.4325	 Sentiment Loss:5.7885	Valence Loss:2.9653	 Arousal Loss:0.1088	
[2025-11-20 04:28:41,602][run_task2&3_trainer_multilingual.py][line:1284][INFO] Epoch:[1/1]	 Batch:[2080/2792.0]	 Loss Sum:7.6588	forward Loss:1.1766;0.6697	 backward Loss:0.8488;2.0797	 Sentiment Loss:2.4085	Valence Loss:2.0789	 Arousal Loss:0.2987	
[2025-11-20 04:28:45,363][run_task2&3_trainer_multilingual.py][line:1284][INFO] Epoch:[1/1]	 Batch:[2090/2792.0]	 Loss Sum:24.7282	forward Loss:6.6477;3.4076	 backward Loss:8.2388;3.7204	 Sentiment Loss:2.0669	Valence Loss:2.3425	 Arousal Loss:0.8915	
[2025-11-20 04:28:49,125][run_task2&3_trainer_multilingual.py][line:1284][INFO] Epoch:[1/1]	 Batch:[2100/2792.0]	 Loss Sum:20.2859	forward Loss:3.6823;8.2136	 backward Loss:4.325;2.6358	 Sentiment Loss:0.8278	Valence Loss:2.9157	 Arousal Loss:0.0911	
[2025-11-20 04:28:52,889][run_task2&3_trainer_multilingual.py][line:1284][INFO] Epoch:[1/1]	 Batch:[2110/2792.0]	 Loss Sum:40.1004	forward Loss:10.5236;6.8738	 backward Loss:7.6984;13.0049	 Sentiment Loss:1.919	Valence Loss:0.2219	 Arousal Loss:0.1816	
[2025-11-20 04:28:56,651][run_task2&3_trainer_multilingual.py][line:1284][INFO] Epoch:[1/1]	 Batch:[2120/2792.0]	 Loss Sum:14.0273	forward Loss:0.2351;5.2615	 backward Loss:7.4326;0.373	 Sentiment Loss:0.4562	Valence Loss:0.9152	 Arousal Loss:0.4293	
[2025-11-20 04:29:00,416][run_task2&3_trainer_multilingual.py][line:1284][INFO] Epoch:[1/1]	 Batch:[2130/2792.0]	 Loss Sum:25.6764	forward Loss:6.3763;3.2896	 backward Loss:6.202;4.7648	 Sentiment Loss:4.4887	Valence Loss:2.6976	 Arousal Loss:0.0769	
[2025-11-20 04:29:04,173][run_task2&3_trainer_multilingual.py][line:1284][INFO] Epoch:[1/1]	 Batch:[2140/2792.0]	 Loss Sum:15.3476	forward Loss:0.6244;4.5915	 backward Loss:5.5439;1.844	 Sentiment Loss:2.4088	Valence Loss:0.818	 Arousal Loss:0.857	
[2025-11-20 04:29:07,931][run_task2&3_trainer_multilingual.py][line:1284][INFO] Epoch:[1/1]	 Batch:[2150/2792.0]	 Loss Sum:10.8381	forward Loss:3.0676;1.6761	 backward Loss:2.3391;2.0732	 Sentiment Loss:1.3136	Valence Loss:0.0214	 Arousal Loss:1.8207	
[2025-11-20 04:29:11,689][run_task2&3_trainer_multilingual.py][line:1284][INFO] Epoch:[1/1]	 Batch:[2160/2792.0]	 Loss Sum:12.9983	forward Loss:6.0773;1.4809	 backward Loss:2.8784;0.6328	 Sentiment Loss:1.827	Valence Loss:0.1261	 Arousal Loss:0.3834	
[2025-11-20 04:29:15,445][run_task2&3_trainer_multilingual.py][line:1284][INFO] Epoch:[1/1]	 Batch:[2170/2792.0]	 Loss Sum:6.9108	forward Loss:0.7136;1.5182	 backward Loss:1.7421;1.6533	 Sentiment Loss:1.1443	Valence Loss:0.5234	 Arousal Loss:0.1724	
[2025-11-20 04:29:19,207][run_task2&3_trainer_multilingual.py][line:1284][INFO] Epoch:[1/1]	 Batch:[2180/2792.0]	 Loss Sum:16.5585	forward Loss:2.7568;2.7164	 backward Loss:6.2773;0.9337	 Sentiment Loss:2.8549	Valence Loss:5.035	 Arousal Loss:0.0625	
[2025-11-20 04:29:22,963][run_task2&3_trainer_multilingual.py][line:1284][INFO] Epoch:[1/1]	 Batch:[2190/2792.0]	 Loss Sum:18.6958	forward Loss:4.7696;0.8737	 backward Loss:2.9953;4.8206	 Sentiment Loss:5.1163	Valence Loss:0.0335	 Arousal Loss:0.5673	
[2025-11-20 04:29:26,715][run_task2&3_trainer_multilingual.py][line:1284][INFO] Epoch:[1/1]	 Batch:[2200/2792.0]	 Loss Sum:6.5673	forward Loss:0.9265;0.823	 backward Loss:1.7344;0.4166	 Sentiment Loss:2.3777	Valence Loss:0.8517	 Arousal Loss:0.5947	
[2025-11-20 04:29:30,480][run_task2&3_trainer_multilingual.py][line:1284][INFO] Epoch:[1/1]	 Batch:[2210/2792.0]	 Loss Sum:13.7767	forward Loss:4.2952;1.9445	 backward Loss:4.7525;0.5485	 Sentiment Loss:1.736	Valence Loss:1.7996	 Arousal Loss:0.6997	
[2025-11-20 04:29:34,240][run_task2&3_trainer_multilingual.py][line:1284][INFO] Epoch:[1/1]	 Batch:[2220/2792.0]	 Loss Sum:24.1908	forward Loss:3.5697;7.3573	 backward Loss:9.9203;1.3405	 Sentiment Loss:1.7304	Valence Loss:0.8393	 Arousal Loss:0.524	
[2025-11-20 04:29:37,992][run_task2&3_trainer_multilingual.py][line:1284][INFO] Epoch:[1/1]	 Batch:[2230/2792.0]	 Loss Sum:23.5285	forward Loss:6.2511;3.5813	 backward Loss:8.2899;2.8464	 Sentiment Loss:2.3402	Valence Loss:0.8822	 Arousal Loss:0.2158	
[2025-11-20 04:29:41,751][run_task2&3_trainer_multilingual.py][line:1284][INFO] Epoch:[1/1]	 Batch:[2240/2792.0]	 Loss Sum:17.6068	forward Loss:1.0631;4.3451	 backward Loss:7.6078;0.894	 Sentiment Loss:3.3928	Valence Loss:0.8624	 Arousal Loss:0.6572	
[2025-11-20 04:29:45,509][run_task2&3_trainer_multilingual.py][line:1284][INFO] Epoch:[1/1]	 Batch:[2250/2792.0]	 Loss Sum:14.3932	forward Loss:2.6381;1.5524	 backward Loss:3.8076;3.7481	 Sentiment Loss:2.2434	Valence Loss:1.3246	 Arousal Loss:0.6939	
[2025-11-20 04:29:49,276][run_task2&3_trainer_multilingual.py][line:1284][INFO] Epoch:[1/1]	 Batch:[2260/2792.0]	 Loss Sum:14.3595	forward Loss:3.1938;4.4097	 backward Loss:1.9205;3.06	 Sentiment Loss:1.6542	Valence Loss:0.2056	 Arousal Loss:0.4005	
[2025-11-20 04:29:53,040][run_task2&3_trainer_multilingual.py][line:1284][INFO] Epoch:[1/1]	 Batch:[2270/2792.0]	 Loss Sum:19.0406	forward Loss:7.3099;1.5663	 backward Loss:5.6478;2.227	 Sentiment Loss:2.0239	Valence Loss:0.0775	 Arousal Loss:1.2506	
[2025-11-20 04:29:56,797][run_task2&3_trainer_multilingual.py][line:1284][INFO] Epoch:[1/1]	 Batch:[2280/2792.0]	 Loss Sum:4.2222	forward Loss:0.1037;0.7093	 backward Loss:2.0268;0.2274	 Sentiment Loss:0.9401	Valence Loss:0.8224	 Arousal Loss:0.2517	
[2025-11-20 04:30:00,556][run_task2&3_trainer_multilingual.py][line:1284][INFO] Epoch:[1/1]	 Batch:[2290/2792.0]	 Loss Sum:34.4133	forward Loss:10.6811;2.8669	 backward Loss:14.9533;3.5827	 Sentiment Loss:1.8628	Valence Loss:1.5108	 Arousal Loss:0.8216	
[2025-11-20 04:30:04,317][run_task2&3_trainer_multilingual.py][line:1284][INFO] Epoch:[1/1]	 Batch:[2300/2792.0]	 Loss Sum:19.2491	forward Loss:5.5221;2.1578	 backward Loss:6.7825;2.2788	 Sentiment Loss:2.2833	Valence Loss:0.9461	 Arousal Loss:0.177	
[2025-11-20 04:30:08,066][run_task2&3_trainer_multilingual.py][line:1284][INFO] Epoch:[1/1]	 Batch:[2310/2792.0]	 Loss Sum:4.6434	forward Loss:1.42;0.566	 backward Loss:0.8587;0.4709	 Sentiment Loss:1.2258	Valence Loss:0.3853	 Arousal Loss:0.1244	
[2025-11-20 04:30:11,824][run_task2&3_trainer_multilingual.py][line:1284][INFO] Epoch:[1/1]	 Batch:[2320/2792.0]	 Loss Sum:5.2356	forward Loss:0.5556;0.6397	 backward Loss:0.5863;0.4584	 Sentiment Loss:2.6679	Valence Loss:0.9059	 Arousal Loss:0.7326	
[2025-11-20 04:30:15,591][run_task2&3_trainer_multilingual.py][line:1284][INFO] Epoch:[1/1]	 Batch:[2330/2792.0]	 Loss Sum:29.3625	forward Loss:10.2835;2.8519	 backward Loss:11.8416;1.6546	 Sentiment Loss:2.5202	Valence Loss:0.7134	 Arousal Loss:0.3408	
[2025-11-20 04:30:19,351][run_task2&3_trainer_multilingual.py][line:1284][INFO] Epoch:[1/1]	 Batch:[2340/2792.0]	 Loss Sum:44.6158	forward Loss:3.3779;22.4665	 backward Loss:13.0836;3.7396	 Sentiment Loss:1.0665	Valence Loss:4.1511	 Arousal Loss:0.2575	
[2025-11-20 04:30:23,109][run_task2&3_trainer_multilingual.py][line:1284][INFO] Epoch:[1/1]	 Batch:[2350/2792.0]	 Loss Sum:19.2684	forward Loss:4.9701;1.5277	 backward Loss:3.9164;1.6541	 Sentiment Loss:6.9102	Valence Loss:1.0559	 Arousal Loss:0.3931	
[2025-11-20 04:30:26,869][run_task2&3_trainer_multilingual.py][line:1284][INFO] Epoch:[1/1]	 Batch:[2360/2792.0]	 Loss Sum:14.1299	forward Loss:3.9441;1.1792	 backward Loss:7.5389;0.5053	 Sentiment Loss:0.8978	Valence Loss:0.2113	 Arousal Loss:0.1118	
[2025-11-20 04:30:30,632][run_task2&3_trainer_multilingual.py][line:1284][INFO] Epoch:[1/1]	 Batch:[2370/2792.0]	 Loss Sum:12.6827	forward Loss:0.5208;5.1677	 backward Loss:3.992;1.3426	 Sentiment Loss:1.3452	Valence Loss:1.4793	 Arousal Loss:0.093	
[2025-11-20 04:30:34,389][run_task2&3_trainer_multilingual.py][line:1284][INFO] Epoch:[1/1]	 Batch:[2380/2792.0]	 Loss Sum:12.7313	forward Loss:4.1955;1.1888	 backward Loss:5.4723;0.7064	 Sentiment Loss:0.9527	Valence Loss:0.0436	 Arousal Loss:1.0345	
[2025-11-20 04:30:38,147][run_task2&3_trainer_multilingual.py][line:1284][INFO] Epoch:[1/1]	 Batch:[2390/2792.0]	 Loss Sum:21.151	forward Loss:5.1082;1.9626	 backward Loss:4.0756;4.0026	 Sentiment Loss:5.8825	Valence Loss:0.0988	 Arousal Loss:0.499	
[2025-11-20 04:30:41,905][run_task2&3_trainer_multilingual.py][line:1284][INFO] Epoch:[1/1]	 Batch:[2400/2792.0]	 Loss Sum:11.7555	forward Loss:1.4782;2.0516	 backward Loss:2.1573;1.7896	 Sentiment Loss:4.2427	Valence Loss:0.0409	 Arousal Loss:0.1394	
[2025-11-20 04:30:45,664][run_task2&3_trainer_multilingual.py][line:1284][INFO] Epoch:[1/1]	 Batch:[2410/2792.0]	 Loss Sum:9.717	forward Loss:1.8538;0.9695	 backward Loss:3.7308;0.9614	 Sentiment Loss:1.8117	Valence Loss:1.0612	 Arousal Loss:0.8878	
[2025-11-20 04:30:49,424][run_task2&3_trainer_multilingual.py][line:1284][INFO] Epoch:[1/1]	 Batch:[2420/2792.0]	 Loss Sum:21.5239	forward Loss:1.2553;6.1447	 backward Loss:7.3002;0.5349	 Sentiment Loss:5.6033	Valence Loss:3.031	 Arousal Loss:0.3966	
[2025-11-20 04:30:53,187][run_task2&3_trainer_multilingual.py][line:1284][INFO] Epoch:[1/1]	 Batch:[2430/2792.0]	 Loss Sum:9.9346	forward Loss:2.5595;0.8743	 backward Loss:3.0443;1.2525	 Sentiment Loss:1.2238	Valence Loss:4.3067	 Arousal Loss:0.5945	
[2025-11-20 04:30:56,950][run_task2&3_trainer_multilingual.py][line:1284][INFO] Epoch:[1/1]	 Batch:[2440/2792.0]	 Loss Sum:46.5553	forward Loss:14.3425;2.4306	 backward Loss:7.1624;10.8917	 Sentiment Loss:11.136	Valence Loss:2.8006	 Arousal Loss:0.1595	
[2025-11-20 04:31:00,709][run_task2&3_trainer_multilingual.py][line:1284][INFO] Epoch:[1/1]	 Batch:[2450/2792.0]	 Loss Sum:15.9998	forward Loss:1.1237;3.2443	 backward Loss:6.9069;1.9757	 Sentiment Loss:2.567	Valence Loss:0.7513	 Arousal Loss:0.1598	
[2025-11-20 04:31:04,468][run_task2&3_trainer_multilingual.py][line:1284][INFO] Epoch:[1/1]	 Batch:[2460/2792.0]	 Loss Sum:8.3678	forward Loss:0.5606;1.1463	 backward Loss:3.6608;2.208	 Sentiment Loss:0.4824	Valence Loss:0.7165	 Arousal Loss:0.8313	
[2025-11-20 04:31:08,234][run_task2&3_trainer_multilingual.py][line:1284][INFO] Epoch:[1/1]	 Batch:[2470/2792.0]	 Loss Sum:23.8161	forward Loss:12.7445;0.8389	 backward Loss:2.3011;3.9552	 Sentiment Loss:3.6556	Valence Loss:0.8892	 Arousal Loss:0.7149	
[2025-11-20 04:31:11,993][run_task2&3_trainer_multilingual.py][line:1284][INFO] Epoch:[1/1]	 Batch:[2480/2792.0]	 Loss Sum:22.8415	forward Loss:3.5287;6.7385	 backward Loss:8.0766;3.3033	 Sentiment Loss:1.0056	Valence Loss:0.91	 Arousal Loss:0.0344	
[2025-11-20 04:31:15,750][run_task2&3_trainer_multilingual.py][line:1284][INFO] Epoch:[1/1]	 Batch:[2490/2792.0]	 Loss Sum:6.5305	forward Loss:0.3956;0.6878	 backward Loss:4.2217;0.6198	 Sentiment Loss:0.3613	Valence Loss:0.4928	 Arousal Loss:0.7284	
[2025-11-20 04:31:19,509][run_task2&3_trainer_multilingual.py][line:1284][INFO] Epoch:[1/1]	 Batch:[2500/2792.0]	 Loss Sum:5.6599	forward Loss:0.2334;1.5314	 backward Loss:2.2455;0.3124	 Sentiment Loss:1.187	Valence Loss:0.2468	 Arousal Loss:0.5035	
[2025-11-20 04:31:23,270][run_task2&3_trainer_multilingual.py][line:1284][INFO] Epoch:[1/1]	 Batch:[2510/2792.0]	 Loss Sum:28.3734	forward Loss:10.6263;1.7281	 backward Loss:10.0265;1.2426	 Sentiment Loss:4.1285	Valence Loss:2.9276	 Arousal Loss:0.1797	
[2025-11-20 04:31:27,038][run_task2&3_trainer_multilingual.py][line:1284][INFO] Epoch:[1/1]	 Batch:[2520/2792.0]	 Loss Sum:36.8798	forward Loss:3.154;7.3905	 backward Loss:21.7861;2.3512	 Sentiment Loss:1.5032	Valence Loss:2.6352	 Arousal Loss:0.8384	
[2025-11-20 04:31:30,796][run_task2&3_trainer_multilingual.py][line:1284][INFO] Epoch:[1/1]	 Batch:[2530/2792.0]	 Loss Sum:13.3911	forward Loss:1.0685;2.3945	 backward Loss:7.0823;1.5168	 Sentiment Loss:1.2578	Valence Loss:0.0916	 Arousal Loss:0.2642	
[2025-11-20 04:31:34,550][run_task2&3_trainer_multilingual.py][line:1284][INFO] Epoch:[1/1]	 Batch:[2540/2792.0]	 Loss Sum:13.053	forward Loss:3.2117;2.3469	 backward Loss:2.1867;2.1264	 Sentiment Loss:2.9407	Valence Loss:0.6294	 Arousal Loss:0.5735	
[2025-11-20 04:31:38,306][run_task2&3_trainer_multilingual.py][line:1284][INFO] Epoch:[1/1]	 Batch:[2550/2792.0]	 Loss Sum:11.2043	forward Loss:0.4778;1.5451	 backward Loss:1.4234;0.4068	 Sentiment Loss:6.3041	Valence Loss:4.7443	 Arousal Loss:0.4912	
[2025-11-20 04:31:42,065][run_task2&3_trainer_multilingual.py][line:1284][INFO] Epoch:[1/1]	 Batch:[2560/2792.0]	 Loss Sum:23.9167	forward Loss:2.2768;7.2845	 backward Loss:5.6985;7.0337	 Sentiment Loss:1.5374	Valence Loss:0.3153	 Arousal Loss:0.1139	
[2025-11-20 04:31:45,827][run_task2&3_trainer_multilingual.py][line:1284][INFO] Epoch:[1/1]	 Batch:[2570/2792.0]	 Loss Sum:4.6414	forward Loss:0.7952;0.7788	 backward Loss:1.0922;0.5296	 Sentiment Loss:1.4233	Valence Loss:0.0697	 Arousal Loss:0.0421	
[2025-11-20 04:31:49,578][run_task2&3_trainer_multilingual.py][line:1284][INFO] Epoch:[1/1]	 Batch:[2580/2792.0]	 Loss Sum:21.421	forward Loss:1.5674;6.2681	 backward Loss:6.1104;2.6606	 Sentiment Loss:4.6142	Valence Loss:0.8768	 Arousal Loss:0.1253	
[2025-11-20 04:31:53,324][run_task2&3_trainer_multilingual.py][line:1284][INFO] Epoch:[1/1]	 Batch:[2590/2792.0]	 Loss Sum:24.8126	forward Loss:4.9554;4.0745	 backward Loss:3.9977;4.4265	 Sentiment Loss:6.7986	Valence Loss:2.7368	 Arousal Loss:0.0625	
[2025-11-20 04:31:57,079][run_task2&3_trainer_multilingual.py][line:1284][INFO] Epoch:[1/1]	 Batch:[2600/2792.0]	 Loss Sum:25.4703	forward Loss:2.3747;2.8713	 backward Loss:9.18;3.7258	 Sentiment Loss:6.9998	Valence Loss:0.8306	 Arousal Loss:0.7627	
[2025-11-20 04:32:00,837][run_task2&3_trainer_multilingual.py][line:1284][INFO] Epoch:[1/1]	 Batch:[2610/2792.0]	 Loss Sum:14.2721	forward Loss:5.7708;2.3242	 backward Loss:2.4512;2.0585	 Sentiment Loss:1.6442	Valence Loss:0.0572	 Arousal Loss:0.0584	
[2025-11-20 04:32:04,602][run_task2&3_trainer_multilingual.py][line:1284][INFO] Epoch:[1/1]	 Batch:[2620/2792.0]	 Loss Sum:36.6007	forward Loss:2.0338;13.3905	 backward Loss:13.4474;1.2861	 Sentiment Loss:6.0252	Valence Loss:2.0004	 Arousal Loss:0.0885	
[2025-11-20 04:32:08,364][run_task2&3_trainer_multilingual.py][line:1284][INFO] Epoch:[1/1]	 Batch:[2630/2792.0]	 Loss Sum:10.5891	forward Loss:1.6514;3.2832	 backward Loss:2.6739;2.1729	 Sentiment Loss:0.7203	Valence Loss:0.0374	 Arousal Loss:0.3992	
[2025-11-20 04:32:12,123][run_task2&3_trainer_multilingual.py][line:1284][INFO] Epoch:[1/1]	 Batch:[2640/2792.0]	 Loss Sum:12.6545	forward Loss:2.3607;2.4623	 backward Loss:3.8616;1.2974	 Sentiment Loss:2.2936	Valence Loss:1.106	 Arousal Loss:0.7884	
[2025-11-20 04:32:15,885][run_task2&3_trainer_multilingual.py][line:1284][INFO] Epoch:[1/1]	 Batch:[2650/2792.0]	 Loss Sum:19.0112	forward Loss:1.8204;1.4759	 backward Loss:2.8412;1.9037	 Sentiment Loss:7.9407	Valence Loss:12.9647	 Arousal Loss:2.1818	
[2025-11-20 04:32:19,641][run_task2&3_trainer_multilingual.py][line:1284][INFO] Epoch:[1/1]	 Batch:[2660/2792.0]	 Loss Sum:5.2935	forward Loss:0.2147;0.8406	 backward Loss:1.3859;0.435	 Sentiment Loss:1.8258	Valence Loss:2.3332	 Arousal Loss:0.6243	
[2025-11-20 04:32:23,394][run_task2&3_trainer_multilingual.py][line:1284][INFO] Epoch:[1/1]	 Batch:[2670/2792.0]	 Loss Sum:20.0856	forward Loss:1.9863;4.7667	 backward Loss:9.7202;1.2736	 Sentiment Loss:1.2885	Valence Loss:3.3013	 Arousal Loss:1.9502	
[2025-11-20 04:32:27,150][run_task2&3_trainer_multilingual.py][line:1284][INFO] Epoch:[1/1]	 Batch:[2680/2792.0]	 Loss Sum:29.8517	forward Loss:2.8371;6.7827	 backward Loss:16.2226;1.6963	 Sentiment Loss:2.0823	Valence Loss:0.9147	 Arousal Loss:0.2387	
[2025-11-20 04:32:30,906][run_task2&3_trainer_multilingual.py][line:1284][INFO] Epoch:[1/1]	 Batch:[2690/2792.0]	 Loss Sum:13.6656	forward Loss:2.5694;3.6149	 backward Loss:3.5288;0.9128	 Sentiment Loss:1.4562	Valence Loss:5.9229	 Arousal Loss:1.9952	
[2025-11-20 04:32:34,661][run_task2&3_trainer_multilingual.py][line:1284][INFO] Epoch:[1/1]	 Batch:[2700/2792.0]	 Loss Sum:19.5417	forward Loss:6.2353;0.7438	 backward Loss:7.2778;1.185	 Sentiment Loss:3.9435	Valence Loss:0.7221	 Arousal Loss:0.0598	
[2025-11-20 04:32:38,418][run_task2&3_trainer_multilingual.py][line:1284][INFO] Epoch:[1/1]	 Batch:[2710/2792.0]	 Loss Sum:1.7666	forward Loss:0.1759;0.253	 backward Loss:0.3506;0.1573	 Sentiment Loss:0.5525	Valence Loss:1.2441	 Arousal Loss:0.1427	
[2025-11-20 04:32:42,179][run_task2&3_trainer_multilingual.py][line:1284][INFO] Epoch:[1/1]	 Batch:[2720/2792.0]	 Loss Sum:32.5041	forward Loss:1.531;10.1059	 backward Loss:16.7137;1.3937	 Sentiment Loss:2.4491	Valence Loss:0.505	 Arousal Loss:1.0485	
[2025-11-20 04:32:45,933][run_task2&3_trainer_multilingual.py][line:1284][INFO] Epoch:[1/1]	 Batch:[2730/2792.0]	 Loss Sum:10.5368	forward Loss:1.3641;2.4191	 backward Loss:4.464;0.2751	 Sentiment Loss:1.6397	Valence Loss:1.3161	 Arousal Loss:0.5577	
[2025-11-20 04:32:49,694][run_task2&3_trainer_multilingual.py][line:1284][INFO] Epoch:[1/1]	 Batch:[2740/2792.0]	 Loss Sum:24.0629	forward Loss:1.39;7.9187	 backward Loss:8.1016;1.4922	 Sentiment Loss:4.4643	Valence Loss:2.6118	 Arousal Loss:0.8684	
[2025-11-20 04:32:53,457][run_task2&3_trainer_multilingual.py][line:1284][INFO] Epoch:[1/1]	 Batch:[2750/2792.0]	 Loss Sum:25.5909	forward Loss:3.2574;1.3947	 backward Loss:7.324;1.0034	 Sentiment Loss:11.461	Valence Loss:4.1138	 Arousal Loss:1.6375	
[2025-11-20 04:32:57,218][run_task2&3_trainer_multilingual.py][line:1284][INFO] Epoch:[1/1]	 Batch:[2760/2792.0]	 Loss Sum:10.4405	forward Loss:3.0742;2.2869	 backward Loss:3.4832;0.8405	 Sentiment Loss:0.6184	Valence Loss:0.1418	 Arousal Loss:0.5445	
[2025-11-20 04:33:00,981][run_task2&3_trainer_multilingual.py][line:1284][INFO] Epoch:[1/1]	 Batch:[2770/2792.0]	 Loss Sum:13.764	forward Loss:3.0482;3.0733	 backward Loss:3.1115;2.4772	 Sentiment Loss:1.6907	Valence Loss:1.4831	 Arousal Loss:0.3329	
[2025-11-20 04:33:04,755][run_task2&3_trainer_multilingual.py][line:1284][INFO] Epoch:[1/1]	 Batch:[2780/2792.0]	 Loss Sum:28.5105	forward Loss:3.771;9.2192	 backward Loss:7.5914;2.7865	 Sentiment Loss:4.8632	Valence Loss:1.3523	 Arousal Loss:0.0436	
[2025-11-20 04:33:08,518][run_task2&3_trainer_multilingual.py][line:1284][INFO] Epoch:[1/1]	 Batch:[2790/2792.0]	 Loss Sum:12.9211	forward Loss:0.3225;4.0182	 backward Loss:7.6101;0.1859	 Sentiment Loss:0.2085	Valence Loss:1.3765	 Arousal Loss:1.5025	
[2025-11-20 04:33:09,246][run_task2&3_trainer_multilingual.py][line:1296][INFO] dev
[2025-11-20 04:33:36,561][run_task2&3_trainer_multilingual.py][line:578][INFO] Triplet - Precision: 0.21467889888561567	Recall: 0.17475728142288477	F1: 0.1926713865296013
[2025-11-20 04:33:36,561][run_task2&3_trainer_multilingual.py][line:583][INFO] Aspect - Precision: 0.7630234925811813	Recall: 0.6535433065148352	F1: 0.7040522827191595
[2025-11-20 04:33:36,561][run_task2&3_trainer_multilingual.py][line:588][INFO] Opinion - Precision: 0.6277602517058252	Recall: 0.4787489972103055	F1: 0.5432206186739668
[2025-11-20 04:33:36,561][run_task2&3_trainer_multilingual.py][line:594][INFO] Aspect-Category - Precision: 0.3253731340046038	Recall: 0.26201923055927945	F1: 0.2902791327234192
[2025-11-20 04:33:36,561][run_task2&3_trainer_multilingual.py][line:602][INFO] Aspect-Opinion - Precision: 0.5045871555003787	Recall: 0.4107542939426779	F1: 0.4528607646596335
[2025-11-20 04:33:36,562][run_task2&3_trainer_multilingual.py][line:1302][INFO] Model saved after epoch 1
[2025-11-20 04:33:38,030][run_task2&3_trainer_multilingual.py][line:1313][INFO] loading model......
[2025-11-20 04:33:39,251][run_task2&3_trainer_multilingual.py][line:1316][INFO] inference......
