[2025-11-20 04:44:27,238][_client.py][line:1025][INFO] HTTP Request: HEAD https://huggingface.co/bert-base-chinese/resolve/main/tokenizer_config.json "HTTP/1.1 200 OK"
[2025-11-20 04:44:27,438][_client.py][line:1025][INFO] HTTP Request: GET https://huggingface.co/api/models/bert-base-chinese/tree/main/additional_chat_templates?recursive=false&expand=false "HTTP/1.1 307 Temporary Redirect"
[2025-11-20 04:44:27,636][_client.py][line:1025][INFO] HTTP Request: GET https://huggingface.co/api/models/google-bert/bert-base-chinese/tree/main/additional_chat_templates?recursive=false&expand=false "HTTP/1.1 404 Not Found"
[2025-11-20 04:44:28,043][run_task2&3_trainer_multilingual.py][line:1127][INFO] initial optimizer......
[2025-11-20 04:44:28,043][run_task2&3_trainer_multilingual.py][line:1145][INFO] New model and optimizer from epoch 1
[2025-11-20 04:44:28,043][run_task2&3_trainer_multilingual.py][line:1154][INFO] begin training......
[2025-11-20 04:44:31,798][run_task2&3_trainer_multilingual.py][line:1284][INFO] Epoch:[1/1]	 Batch:[10/2792.0]	 Loss Sum:187.6781	forward Loss:42.5392;52.7304	 backward Loss:33.85;34.3911	 Sentiment Loss:5.703	Valence Loss:47.8108	 Arousal Loss:44.5111	
[2025-11-20 04:44:35,365][run_task2&3_trainer_multilingual.py][line:1284][INFO] Epoch:[1/1]	 Batch:[20/2792.0]	 Loss Sum:131.0471	forward Loss:30.9301;39.4209	 backward Loss:23.5427;22.1811	 Sentiment Loss:5.5259	Valence Loss:24.8826	 Arousal Loss:22.3494	
[2025-11-20 04:44:38,932][run_task2&3_trainer_multilingual.py][line:1284][INFO] Epoch:[1/1]	 Batch:[30/2792.0]	 Loss Sum:83.3614	forward Loss:18.5023;26.3726	 backward Loss:11.8628;14.5317	 Sentiment Loss:5.94	Valence Loss:10.6361	 Arousal Loss:20.1236	
[2025-11-20 04:44:42,495][run_task2&3_trainer_multilingual.py][line:1284][INFO] Epoch:[1/1]	 Batch:[40/2792.0]	 Loss Sum:99.419	forward Loss:20.2938;30.8389	 backward Loss:13.9842;17.9266	 Sentiment Loss:4.6521	Valence Loss:33.8953	 Arousal Loss:24.7218	
[2025-11-20 04:44:46,059][run_task2&3_trainer_multilingual.py][line:1284][INFO] Epoch:[1/1]	 Batch:[50/2792.0]	 Loss Sum:79.388	forward Loss:19.2883;16.7877	 backward Loss:16.4512;15.2474	 Sentiment Loss:4.2866	Valence Loss:19.9376	 Arousal Loss:16.6962	
[2025-11-20 04:44:49,626][run_task2&3_trainer_multilingual.py][line:1284][INFO] Epoch:[1/1]	 Batch:[60/2792.0]	 Loss Sum:51.2899	forward Loss:9.3088;12.2528	 backward Loss:11.4286;10.2192	 Sentiment Loss:3.4488	Valence Loss:15.1073	 Arousal Loss:8.0509	
[2025-11-20 04:44:53,196][run_task2&3_trainer_multilingual.py][line:1284][INFO] Epoch:[1/1]	 Batch:[70/2792.0]	 Loss Sum:52.1877	forward Loss:9.5513;10.8325	 backward Loss:15.7882;11.205	 Sentiment Loss:2.7166	Valence Loss:7.1419	 Arousal Loss:3.3285	
[2025-11-20 04:44:56,774][run_task2&3_trainer_multilingual.py][line:1284][INFO] Epoch:[1/1]	 Batch:[80/2792.0]	 Loss Sum:92.1923	forward Loss:27.2509;16.2315	 backward Loss:29.3563;14.7002	 Sentiment Loss:3.1354	Valence Loss:5.3849	 Arousal Loss:2.2048	
[2025-11-20 04:45:00,357][run_task2&3_trainer_multilingual.py][line:1284][INFO] Epoch:[1/1]	 Batch:[90/2792.0]	 Loss Sum:44.2094	forward Loss:6.587;11.9986	 backward Loss:9.7072;6.8811	 Sentiment Loss:8.6201	Valence Loss:1.7738	 Arousal Loss:0.3032	
[2025-11-20 04:45:03,942][run_task2&3_trainer_multilingual.py][line:1284][INFO] Epoch:[1/1]	 Batch:[100/2792.0]	 Loss Sum:46.4583	forward Loss:8.0589;12.0531	 backward Loss:13.7095;10.5843	 Sentiment Loss:1.8359	Valence Loss:0.8723	 Arousal Loss:0.2114	
[2025-11-20 04:45:07,519][run_task2&3_trainer_multilingual.py][line:1284][INFO] Epoch:[1/1]	 Batch:[110/2792.0]	 Loss Sum:52.1954	forward Loss:10.2794;12.1884	 backward Loss:10.574;11.2033	 Sentiment Loss:7.8637	Valence Loss:0.3429	 Arousal Loss:0.0902	
[2025-11-20 04:45:11,096][run_task2&3_trainer_multilingual.py][line:1284][INFO] Epoch:[1/1]	 Batch:[120/2792.0]	 Loss Sum:43.7009	forward Loss:16.7347;7.1354	 backward Loss:11.0334;6.3448	 Sentiment Loss:1.9372	Valence Loss:2.1544	 Arousal Loss:0.4227	
[2025-11-20 04:45:14,674][run_task2&3_trainer_multilingual.py][line:1284][INFO] Epoch:[1/1]	 Batch:[130/2792.0]	 Loss Sum:27.8475	forward Loss:3.7373;5.4275	 backward Loss:4.8466;3.4179	 Sentiment Loss:9.5774	Valence Loss:3.7885	 Arousal Loss:0.4153	
[2025-11-20 04:45:18,258][run_task2&3_trainer_multilingual.py][line:1284][INFO] Epoch:[1/1]	 Batch:[140/2792.0]	 Loss Sum:32.9371	forward Loss:7.1439;5.4245	 backward Loss:9.1522;6.8294	 Sentiment Loss:3.969	Valence Loss:1.5728	 Arousal Loss:0.5175	
[2025-11-20 04:45:21,844][run_task2&3_trainer_multilingual.py][line:1284][INFO] Epoch:[1/1]	 Batch:[150/2792.0]	 Loss Sum:34.0655	forward Loss:8.5533;6.1121	 backward Loss:6.6379;5.4571	 Sentiment Loss:5.1169	Valence Loss:8.1408	 Arousal Loss:2.8006	
[2025-11-20 04:45:25,425][run_task2&3_trainer_multilingual.py][line:1284][INFO] Epoch:[1/1]	 Batch:[160/2792.0]	 Loss Sum:40.3528	forward Loss:9.7219;8.2333	 backward Loss:6.5536;10.9007	 Sentiment Loss:4.7444	Valence Loss:0.4464	 Arousal Loss:0.5484	
[2025-11-20 04:45:29,011][run_task2&3_trainer_multilingual.py][line:1284][INFO] Epoch:[1/1]	 Batch:[170/2792.0]	 Loss Sum:25.6272	forward Loss:4.953;7.7255	 backward Loss:6.3095;4.0434	 Sentiment Loss:2.3102	Valence Loss:1.3591	 Arousal Loss:0.0687	
[2025-11-20 04:45:32,600][run_task2&3_trainer_multilingual.py][line:1284][INFO] Epoch:[1/1]	 Batch:[180/2792.0]	 Loss Sum:24.8025	forward Loss:2.0635;10.3811	 backward Loss:6.6986;1.7233	 Sentiment Loss:3.8397	Valence Loss:0.1161	 Arousal Loss:0.3656	
[2025-11-20 04:45:36,181][run_task2&3_trainer_multilingual.py][line:1284][INFO] Epoch:[1/1]	 Batch:[190/2792.0]	 Loss Sum:32.1745	forward Loss:8.5999;2.7298	 backward Loss:8.1459;8.5135	 Sentiment Loss:4.0483	Valence Loss:0.2669	 Arousal Loss:0.4186	
[2025-11-20 04:45:39,769][run_task2&3_trainer_multilingual.py][line:1284][INFO] Epoch:[1/1]	 Batch:[200/2792.0]	 Loss Sum:16.1595	forward Loss:2.7514;3.9064	 backward Loss:3.8259;3.9822	 Sentiment Loss:1.5387	Valence Loss:0.7236	 Arousal Loss:0.0505	
[2025-11-20 04:45:43,344][run_task2&3_trainer_multilingual.py][line:1284][INFO] Epoch:[1/1]	 Batch:[210/2792.0]	 Loss Sum:29.863	forward Loss:5.3973;6.0396	 backward Loss:5.717;6.8049	 Sentiment Loss:5.7125	Valence Loss:0.9177	 Arousal Loss:0.0407	
[2025-11-20 04:45:46,925][run_task2&3_trainer_multilingual.py][line:1284][INFO] Epoch:[1/1]	 Batch:[220/2792.0]	 Loss Sum:29.3892	forward Loss:6.6828;6.6614	 backward Loss:5.5515;5.9727	 Sentiment Loss:4.3569	Valence Loss:0.249	 Arousal Loss:0.5708	
[2025-11-20 04:45:50,501][run_task2&3_trainer_multilingual.py][line:1284][INFO] Epoch:[1/1]	 Batch:[230/2792.0]	 Loss Sum:26.1153	forward Loss:1.9156;9.5235	 backward Loss:10.5909;2.4137	 Sentiment Loss:1.3301	Valence Loss:1.4576	 Arousal Loss:0.2499	
[2025-11-20 04:45:54,079][run_task2&3_trainer_multilingual.py][line:1284][INFO] Epoch:[1/1]	 Batch:[240/2792.0]	 Loss Sum:30.2616	forward Loss:5.3617;6.5971	 backward Loss:8.605;3.2498	 Sentiment Loss:5.9463	Valence Loss:1.6943	 Arousal Loss:0.8137	
[2025-11-20 04:45:57,658][run_task2&3_trainer_multilingual.py][line:1284][INFO] Epoch:[1/1]	 Batch:[250/2792.0]	 Loss Sum:34.9369	forward Loss:3.6804;13.6523	 backward Loss:9.0136;6.5944	 Sentiment Loss:1.8123	Valence Loss:0.0436	 Arousal Loss:0.8758	
[2025-11-20 04:46:01,231][run_task2&3_trainer_multilingual.py][line:1284][INFO] Epoch:[1/1]	 Batch:[260/2792.0]	 Loss Sum:26.2035	forward Loss:6.3898;5.0144	 backward Loss:5.1568;7.0788	 Sentiment Loss:2.4971	Valence Loss:0.2717	 Arousal Loss:0.0616	
[2025-11-20 04:46:04,818][run_task2&3_trainer_multilingual.py][line:1284][INFO] Epoch:[1/1]	 Batch:[270/2792.0]	 Loss Sum:15.5905	forward Loss:4.2901;4.2153	 backward Loss:2.7991;3.5105	 Sentiment Loss:0.7166	Valence Loss:0.1731	 Arousal Loss:0.1218	
[2025-11-20 04:46:08,401][run_task2&3_trainer_multilingual.py][line:1284][INFO] Epoch:[1/1]	 Batch:[280/2792.0]	 Loss Sum:60.7329	forward Loss:15.4472;11.3799	 backward Loss:20.2309;10.2836	 Sentiment Loss:2.5672	Valence Loss:3.2497	 Arousal Loss:0.8711	
[2025-11-20 04:46:11,979][run_task2&3_trainer_multilingual.py][line:1284][INFO] Epoch:[1/1]	 Batch:[290/2792.0]	 Loss Sum:16.4116	forward Loss:0.7217;2.5606	 backward Loss:4.5641;1.4328	 Sentiment Loss:5.8436	Valence Loss:5.4876	 Arousal Loss:0.9568	
[2025-11-20 04:46:15,556][run_task2&3_trainer_multilingual.py][line:1284][INFO] Epoch:[1/1]	 Batch:[300/2792.0]	 Loss Sum:28.4648	forward Loss:6.3519;5.6991	 backward Loss:8.8452;4.0887	 Sentiment Loss:2.9627	Valence Loss:1.5335	 Arousal Loss:1.0535	
[2025-11-20 04:46:19,133][run_task2&3_trainer_multilingual.py][line:1284][INFO] Epoch:[1/1]	 Batch:[310/2792.0]	 Loss Sum:37.2475	forward Loss:2.6395;14.5477	 backward Loss:14.0378;2.302	 Sentiment Loss:3.4562	Valence Loss:0.0514	 Arousal Loss:1.2698	
[2025-11-20 04:46:22,714][run_task2&3_trainer_multilingual.py][line:1284][INFO] Epoch:[1/1]	 Batch:[320/2792.0]	 Loss Sum:9.2104	forward Loss:2.253;1.3544	 backward Loss:1.9069;2.0902	 Sentiment Loss:1.5741	Valence Loss:0.051	 Arousal Loss:0.1079	
[2025-11-20 04:46:26,289][run_task2&3_trainer_multilingual.py][line:1284][INFO] Epoch:[1/1]	 Batch:[330/2792.0]	 Loss Sum:28.864	forward Loss:2.9407;9.5006	 backward Loss:9.5439;3.4814	 Sentiment Loss:3.3182	Valence Loss:0.1753	 Arousal Loss:0.2205	
[2025-11-20 04:46:29,865][run_task2&3_trainer_multilingual.py][line:1284][INFO] Epoch:[1/1]	 Batch:[340/2792.0]	 Loss Sum:57.3723	forward Loss:14.4938;12.2033	 backward Loss:23.7193;4.2671	 Sentiment Loss:2.0684	Valence Loss:2.0877	 Arousal Loss:1.0139	
[2025-11-20 04:46:33,441][run_task2&3_trainer_multilingual.py][line:1284][INFO] Epoch:[1/1]	 Batch:[350/2792.0]	 Loss Sum:38.915	forward Loss:7.9038;8.2764	 backward Loss:16.36;4.5291	 Sentiment Loss:1.7937	Valence Loss:0.168	 Arousal Loss:0.0927	
[2025-11-20 04:46:37,015][run_task2&3_trainer_multilingual.py][line:1284][INFO] Epoch:[1/1]	 Batch:[360/2792.0]	 Loss Sum:22.9585	forward Loss:3.0429;3.372	 backward Loss:11.0822;2.692	 Sentiment Loss:2.3291	Valence Loss:1.3809	 Arousal Loss:0.8202	
[2025-11-20 04:46:40,589][run_task2&3_trainer_multilingual.py][line:1284][INFO] Epoch:[1/1]	 Batch:[370/2792.0]	 Loss Sum:22.1447	forward Loss:3.9148;6.5689	 backward Loss:3.7432;3.818	 Sentiment Loss:3.228	Valence Loss:3.8658	 Arousal Loss:0.4923	
[2025-11-20 04:46:44,164][run_task2&3_trainer_multilingual.py][line:1284][INFO] Epoch:[1/1]	 Batch:[380/2792.0]	 Loss Sum:12.2526	forward Loss:3.4317;1.8991	 backward Loss:1.6432;2.9991	 Sentiment Loss:2.1698	Valence Loss:0.4967	 Arousal Loss:0.0522	
[2025-11-20 04:46:47,744][run_task2&3_trainer_multilingual.py][line:1284][INFO] Epoch:[1/1]	 Batch:[390/2792.0]	 Loss Sum:15.2002	forward Loss:1.9297;4.1927	 backward Loss:4.627;1.0139	 Sentiment Loss:3.0796	Valence Loss:0.8936	 Arousal Loss:0.8933	
[2025-11-20 04:46:51,320][run_task2&3_trainer_multilingual.py][line:1284][INFO] Epoch:[1/1]	 Batch:[400/2792.0]	 Loss Sum:11.9194	forward Loss:1.4025;2.6647	 backward Loss:3.3678;1.7196	 Sentiment Loss:2.6266	Valence Loss:0.413	 Arousal Loss:0.2779	
[2025-11-20 04:46:54,897][run_task2&3_trainer_multilingual.py][line:1284][INFO] Epoch:[1/1]	 Batch:[410/2792.0]	 Loss Sum:62.8112	forward Loss:15.4661;10.6625	 backward Loss:18.6762;13.4949	 Sentiment Loss:4.4594	Valence Loss:0.1116	 Arousal Loss:0.1496	
[2025-11-20 04:46:58,474][run_task2&3_trainer_multilingual.py][line:1284][INFO] Epoch:[1/1]	 Batch:[420/2792.0]	 Loss Sum:31.3251	forward Loss:7.2903;3.8654	 backward Loss:3.2318;5.0961	 Sentiment Loss:11.7789	Valence Loss:0.1321	 Arousal Loss:0.1811	
[2025-11-20 04:47:02,056][run_task2&3_trainer_multilingual.py][line:1284][INFO] Epoch:[1/1]	 Batch:[430/2792.0]	 Loss Sum:30.7123	forward Loss:6.3443;7.4042	 backward Loss:11.827;3.8716	 Sentiment Loss:0.8738	Valence Loss:0.9812	 Arousal Loss:0.9758	
[2025-11-20 04:47:05,634][run_task2&3_trainer_multilingual.py][line:1284][INFO] Epoch:[1/1]	 Batch:[440/2792.0]	 Loss Sum:34.503	forward Loss:12.0597;6.5026	 backward Loss:8.1919;3.1662	 Sentiment Loss:4.1818	Valence Loss:0.8176	 Arousal Loss:1.1869	
[2025-11-20 04:47:09,215][run_task2&3_trainer_multilingual.py][line:1284][INFO] Epoch:[1/1]	 Batch:[450/2792.0]	 Loss Sum:17.0779	forward Loss:4.4314;3.4239	 backward Loss:2.5837;5.065	 Sentiment Loss:0.9783	Valence Loss:1.4993	 Arousal Loss:1.4793	
[2025-11-20 04:47:12,792][run_task2&3_trainer_multilingual.py][line:1284][INFO] Epoch:[1/1]	 Batch:[460/2792.0]	 Loss Sum:16.9317	forward Loss:3.6274;3.7861	 backward Loss:4.0439;4.0521	 Sentiment Loss:0.8601	Valence Loss:1.3081	 Arousal Loss:1.5028	
[2025-11-20 04:47:16,369][run_task2&3_trainer_multilingual.py][line:1284][INFO] Epoch:[1/1]	 Batch:[470/2792.0]	 Loss Sum:8.9737	forward Loss:2.648;2.4843	 backward Loss:1.0095;2.351	 Sentiment Loss:0.4108	Valence Loss:0.3005	 Arousal Loss:0.0507	
[2025-11-20 04:47:19,937][run_task2&3_trainer_multilingual.py][line:1284][INFO] Epoch:[1/1]	 Batch:[480/2792.0]	 Loss Sum:27.7343	forward Loss:7.4361;6.9319	 backward Loss:9.148;2.6346	 Sentiment Loss:1.3841	Valence Loss:0.4472	 Arousal Loss:0.5509	
[2025-11-20 04:47:23,514][run_task2&3_trainer_multilingual.py][line:1284][INFO] Epoch:[1/1]	 Batch:[490/2792.0]	 Loss Sum:12.3969	forward Loss:3.0497;1.1895	 backward Loss:0.7598;4.543	 Sentiment Loss:2.8246	Valence Loss:0.106	 Arousal Loss:0.0449	
[2025-11-20 04:47:27,092][run_task2&3_trainer_multilingual.py][line:1284][INFO] Epoch:[1/1]	 Batch:[500/2792.0]	 Loss Sum:7.426	forward Loss:2.0193;1.5171	 backward Loss:0.919;1.7172	 Sentiment Loss:1.0155	Valence Loss:0.9459	 Arousal Loss:0.2434	
[2025-11-20 04:47:30,665][run_task2&3_trainer_multilingual.py][line:1284][INFO] Epoch:[1/1]	 Batch:[510/2792.0]	 Loss Sum:37.4659	forward Loss:11.7732;4.0725	 backward Loss:5.3102;11.9247	 Sentiment Loss:4.252	Valence Loss:0.6227	 Arousal Loss:0.0438	
[2025-11-20 04:47:34,245][run_task2&3_trainer_multilingual.py][line:1284][INFO] Epoch:[1/1]	 Batch:[520/2792.0]	 Loss Sum:21.7606	forward Loss:0.8929;8.2315	 backward Loss:8.2653;1.8121	 Sentiment Loss:1.5008	Valence Loss:4.6416	 Arousal Loss:0.648	
[2025-11-20 04:47:37,831][run_task2&3_trainer_multilingual.py][line:1284][INFO] Epoch:[1/1]	 Batch:[530/2792.0]	 Loss Sum:34.272	forward Loss:6.8488;7.0758	 backward Loss:13.8779;4.1801	 Sentiment Loss:2.1501	Valence Loss:0.1472	 Arousal Loss:0.5493	
[2025-11-20 04:47:41,407][run_task2&3_trainer_multilingual.py][line:1284][INFO] Epoch:[1/1]	 Batch:[540/2792.0]	 Loss Sum:68.8058	forward Loss:20.5907;11.2044	 backward Loss:19.5498;10.3108	 Sentiment Loss:5.9727	Valence Loss:5.6255	 Arousal Loss:0.2621	
[2025-11-20 04:47:44,985][run_task2&3_trainer_multilingual.py][line:1284][INFO] Epoch:[1/1]	 Batch:[550/2792.0]	 Loss Sum:24.0561	forward Loss:1.4233;7.2365	 backward Loss:8.3051;3.4289	 Sentiment Loss:3.5203	Valence Loss:0.4452	 Arousal Loss:0.2651	
[2025-11-20 04:47:48,562][run_task2&3_trainer_multilingual.py][line:1284][INFO] Epoch:[1/1]	 Batch:[560/2792.0]	 Loss Sum:15.1	forward Loss:1.7759;3.1046	 backward Loss:1.8912;1.7169	 Sentiment Loss:6.5868	Valence Loss:0.0431	 Arousal Loss:0.08	
[2025-11-20 04:47:52,138][run_task2&3_trainer_multilingual.py][line:1284][INFO] Epoch:[1/1]	 Batch:[570/2792.0]	 Loss Sum:8.9535	forward Loss:2.6288;1.3712	 backward Loss:1.3083;2.7981	 Sentiment Loss:0.5485	Valence Loss:0.3847	 Arousal Loss:1.1081	
[2025-11-20 04:47:55,717][run_task2&3_trainer_multilingual.py][line:1284][INFO] Epoch:[1/1]	 Batch:[580/2792.0]	 Loss Sum:15.8767	forward Loss:7.3988;1.2687	 backward Loss:3.453;2.8894	 Sentiment Loss:0.6533	Valence Loss:0.7158	 Arousal Loss:0.3515	
[2025-11-20 04:47:59,289][run_task2&3_trainer_multilingual.py][line:1284][INFO] Epoch:[1/1]	 Batch:[590/2792.0]	 Loss Sum:23.1305	forward Loss:4.1922;5.2378	 backward Loss:3.3817;4.5591	 Sentiment Loss:5.1555	Valence Loss:2.7109	 Arousal Loss:0.3104	
[2025-11-20 04:48:02,865][run_task2&3_trainer_multilingual.py][line:1284][INFO] Epoch:[1/1]	 Batch:[600/2792.0]	 Loss Sum:43.5233	forward Loss:12.3962;6.89	 backward Loss:20.1862;3.012	 Sentiment Loss:0.959	Valence Loss:0.276	 Arousal Loss:0.1229	
[2025-11-20 04:48:06,439][run_task2&3_trainer_multilingual.py][line:1284][INFO] Epoch:[1/1]	 Batch:[610/2792.0]	 Loss Sum:28.0695	forward Loss:7.3406;4.1546	 backward Loss:10.4284;2.4135	 Sentiment Loss:3.0828	Valence Loss:0.4907	 Arousal Loss:2.7573	
[2025-11-20 04:48:10,020][run_task2&3_trainer_multilingual.py][line:1284][INFO] Epoch:[1/1]	 Batch:[620/2792.0]	 Loss Sum:49.3135	forward Loss:10.5958;6.4399	 backward Loss:12.4047;15.8462	 Sentiment Loss:3.0848	Valence Loss:4.279	 Arousal Loss:0.431	
[2025-11-20 04:48:13,599][run_task2&3_trainer_multilingual.py][line:1284][INFO] Epoch:[1/1]	 Batch:[630/2792.0]	 Loss Sum:43.4198	forward Loss:3.7537;16.3578	 backward Loss:15.7947;2.3564	 Sentiment Loss:4.9511	Valence Loss:0.8006	 Arousal Loss:0.2296	
[2025-11-20 04:48:17,174][run_task2&3_trainer_multilingual.py][line:1284][INFO] Epoch:[1/1]	 Batch:[640/2792.0]	 Loss Sum:53.3835	forward Loss:12.4535;6.8417	 backward Loss:7.3672;14.7963	 Sentiment Loss:11.886	Valence Loss:0.0849	 Arousal Loss:0.1086	
[2025-11-20 04:48:20,753][run_task2&3_trainer_multilingual.py][line:1284][INFO] Epoch:[1/1]	 Batch:[650/2792.0]	 Loss Sum:26.6485	forward Loss:8.4218;2.5472	 backward Loss:7.3714;5.0476	 Sentiment Loss:2.9048	Valence Loss:1.7291	 Arousal Loss:0.0495	
[2025-11-20 04:48:24,332][run_task2&3_trainer_multilingual.py][line:1284][INFO] Epoch:[1/1]	 Batch:[660/2792.0]	 Loss Sum:34.3135	forward Loss:5.4534;7.7088	 backward Loss:13.5775;5.4282	 Sentiment Loss:2.0106	Valence Loss:0.2535	 Arousal Loss:0.4213	
[2025-11-20 04:48:27,912][run_task2&3_trainer_multilingual.py][line:1284][INFO] Epoch:[1/1]	 Batch:[670/2792.0]	 Loss Sum:40.1744	forward Loss:7.0557;10.121	 backward Loss:9.5206;7.4909	 Sentiment Loss:5.9091	Valence Loss:0.3043	 Arousal Loss:0.0812	
[2025-11-20 04:48:31,488][run_task2&3_trainer_multilingual.py][line:1284][INFO] Epoch:[1/1]	 Batch:[680/2792.0]	 Loss Sum:14.7842	forward Loss:0.164;7.346	 backward Loss:6.3923;0.4216	 Sentiment Loss:0.0393	Valence Loss:1.5943	 Arousal Loss:0.5106	
[2025-11-20 04:48:35,073][run_task2&3_trainer_multilingual.py][line:1284][INFO] Epoch:[1/1]	 Batch:[690/2792.0]	 Loss Sum:12.4377	forward Loss:3.5226;1.7522	 backward Loss:3.5007;3.2701	 Sentiment Loss:0.1845	Valence Loss:0.3033	 Arousal Loss:0.7346	
[2025-11-20 04:48:38,653][run_task2&3_trainer_multilingual.py][line:1284][INFO] Epoch:[1/1]	 Batch:[700/2792.0]	 Loss Sum:7.7965	forward Loss:3.05;1.3554	 backward Loss:1.0089;1.9569	 Sentiment Loss:0.3597	Valence Loss:0.0486	 Arousal Loss:0.2787	
[2025-11-20 04:48:42,233][run_task2&3_trainer_multilingual.py][line:1284][INFO] Epoch:[1/1]	 Batch:[710/2792.0]	 Loss Sum:22.6199	forward Loss:3.161;2.2913	 backward Loss:8.2612;4.0343	 Sentiment Loss:4.814	Valence Loss:0.2017	 Arousal Loss:0.0888	
[2025-11-20 04:48:45,811][run_task2&3_trainer_multilingual.py][line:1284][INFO] Epoch:[1/1]	 Batch:[720/2792.0]	 Loss Sum:21.6582	forward Loss:1.9711;4.9954	 backward Loss:5.2378;4.8686	 Sentiment Loss:4.2182	Valence Loss:1.4094	 Arousal Loss:0.4258	
[2025-11-20 04:48:49,395][run_task2&3_trainer_multilingual.py][line:1284][INFO] Epoch:[1/1]	 Batch:[730/2792.0]	 Loss Sum:35.4564	forward Loss:4.8157;7.3047	 backward Loss:4.3823;5.9056	 Sentiment Loss:12.925	Valence Loss:0.0762	 Arousal Loss:0.5399	
[2025-11-20 04:48:52,976][run_task2&3_trainer_multilingual.py][line:1284][INFO] Epoch:[1/1]	 Batch:[740/2792.0]	 Loss Sum:25.6018	forward Loss:7.5323;1.413	 backward Loss:1.169;9.3955	 Sentiment Loss:5.365	Valence Loss:0.9782	 Arousal Loss:2.6566	
[2025-11-20 04:48:56,551][run_task2&3_trainer_multilingual.py][line:1284][INFO] Epoch:[1/1]	 Batch:[750/2792.0]	 Loss Sum:29.3013	forward Loss:10.0141;7.2713	 backward Loss:7.3603;3.4346	 Sentiment Loss:0.6984	Valence Loss:2.1744	 Arousal Loss:0.4383	
[2025-11-20 04:49:00,127][run_task2&3_trainer_multilingual.py][line:1284][INFO] Epoch:[1/1]	 Batch:[760/2792.0]	 Loss Sum:11.17	forward Loss:1.8542;2.9	 backward Loss:2.0507;3.1927	 Sentiment Loss:1.0176	Valence Loss:0.1057	 Arousal Loss:0.6675	
[2025-11-20 04:49:03,701][run_task2&3_trainer_multilingual.py][line:1284][INFO] Epoch:[1/1]	 Batch:[770/2792.0]	 Loss Sum:19.3806	forward Loss:2.3881;1.2631	 backward Loss:0.9131;3.0839	 Sentiment Loss:11.6948	Valence Loss:0.1292	 Arousal Loss:0.0591	
[2025-11-20 04:49:07,277][run_task2&3_trainer_multilingual.py][line:1284][INFO] Epoch:[1/1]	 Batch:[780/2792.0]	 Loss Sum:6.793	forward Loss:1.2411;1.4933	 backward Loss:2.6226;1.0931	 Sentiment Loss:0.2931	Valence Loss:0.108	 Arousal Loss:0.1412	
[2025-11-20 04:49:10,856][run_task2&3_trainer_multilingual.py][line:1284][INFO] Epoch:[1/1]	 Batch:[790/2792.0]	 Loss Sum:5.4669	forward Loss:0.3702;1.9839	 backward Loss:1.6502;1.3164	 Sentiment Loss:0.075	Valence Loss:0.2018	 Arousal Loss:0.1536	
[2025-11-20 04:49:14,433][run_task2&3_trainer_multilingual.py][line:1284][INFO] Epoch:[1/1]	 Batch:[800/2792.0]	 Loss Sum:16.5754	forward Loss:1.3996;4.6374	 backward Loss:6.7374;2.0745	 Sentiment Loss:1.4312	Valence Loss:0.4852	 Arousal Loss:0.9908	
[2025-11-20 04:49:18,007][run_task2&3_trainer_multilingual.py][line:1284][INFO] Epoch:[1/1]	 Batch:[810/2792.0]	 Loss Sum:15.7679	forward Loss:3.7516;2.6128	 backward Loss:4.5146;2.9168	 Sentiment Loss:0.6441	Valence Loss:5.1942	 Arousal Loss:1.4452	
[2025-11-20 04:49:21,583][run_task2&3_trainer_multilingual.py][line:1284][INFO] Epoch:[1/1]	 Batch:[820/2792.0]	 Loss Sum:17.6183	forward Loss:4.7176;2.5457	 backward Loss:1.1977;3.5437	 Sentiment Loss:5.1522	Valence Loss:1.5001	 Arousal Loss:0.8074	
[2025-11-20 04:49:25,438][run_task2&3_trainer_multilingual.py][line:1284][INFO] Epoch:[1/1]	 Batch:[830/2792.0]	 Loss Sum:19.2249	forward Loss:3.751;6.9906	 backward Loss:5.1216;2.5211	 Sentiment Loss:0.7635	Valence Loss:0.2015	 Arousal Loss:0.1846	
[2025-11-20 04:49:29,023][run_task2&3_trainer_multilingual.py][line:1284][INFO] Epoch:[1/1]	 Batch:[840/2792.0]	 Loss Sum:37.6414	forward Loss:1.5691;10.944	 backward Loss:22.3506;1.1118	 Sentiment Loss:0.5419	Valence Loss:4.3152	 Arousal Loss:1.305	
[2025-11-20 04:49:32,597][run_task2&3_trainer_multilingual.py][line:1284][INFO] Epoch:[1/1]	 Batch:[850/2792.0]	 Loss Sum:50.8415	forward Loss:15.4623;3.0489	 backward Loss:10.0433;18.6115	 Sentiment Loss:3.5769	Valence Loss:0.067	 Arousal Loss:0.4253	
[2025-11-20 04:49:36,171][run_task2&3_trainer_multilingual.py][line:1284][INFO] Epoch:[1/1]	 Batch:[860/2792.0]	 Loss Sum:14.2652	forward Loss:2.6472;3.6682	 backward Loss:3.9414;2.4944	 Sentiment Loss:0.2993	Valence Loss:4.5537	 Arousal Loss:1.5196	
[2025-11-20 04:49:39,751][run_task2&3_trainer_multilingual.py][line:1284][INFO] Epoch:[1/1]	 Batch:[870/2792.0]	 Loss Sum:16.2655	forward Loss:0.2204;6.9542	 backward Loss:8.1771;0.285	 Sentiment Loss:0.4307	Valence Loss:0.0731	 Arousal Loss:0.9173	
[2025-11-20 04:49:43,330][run_task2&3_trainer_multilingual.py][line:1284][INFO] Epoch:[1/1]	 Batch:[880/2792.0]	 Loss Sum:25.3454	forward Loss:2.9036;4.5995	 backward Loss:7.0372;1.4499	 Sentiment Loss:9.2389	Valence Loss:0.4677	 Arousal Loss:0.1143	
[2025-11-20 04:49:46,910][run_task2&3_trainer_multilingual.py][line:1284][INFO] Epoch:[1/1]	 Batch:[890/2792.0]	 Loss Sum:6.1953	forward Loss:0.2595;0.9964	 backward Loss:3.818;0.4115	 Sentiment Loss:0.2111	Valence Loss:0.4545	 Arousal Loss:2.0397	
[2025-11-20 04:49:50,487][run_task2&3_trainer_multilingual.py][line:1284][INFO] Epoch:[1/1]	 Batch:[900/2792.0]	 Loss Sum:6.907	forward Loss:2.4843;1.2903	 backward Loss:1.7438;1.1613	 Sentiment Loss:0.1429	Valence Loss:0.0942	 Arousal Loss:0.328	
[2025-11-20 04:49:54,071][run_task2&3_trainer_multilingual.py][line:1284][INFO] Epoch:[1/1]	 Batch:[910/2792.0]	 Loss Sum:21.7394	forward Loss:10.3288;1.856	 backward Loss:3.6074;4.0559	 Sentiment Loss:0.5834	Valence Loss:2.2024	 Arousal Loss:4.3371	
[2025-11-20 04:49:57,649][run_task2&3_trainer_multilingual.py][line:1284][INFO] Epoch:[1/1]	 Batch:[920/2792.0]	 Loss Sum:14.1101	forward Loss:1.4025;3.0164	 backward Loss:2.8123;1.7007	 Sentiment Loss:4.9335	Valence Loss:0.1588	 Arousal Loss:1.0651	
[2025-11-20 04:50:01,223][run_task2&3_trainer_multilingual.py][line:1284][INFO] Epoch:[1/1]	 Batch:[930/2792.0]	 Loss Sum:25.5473	forward Loss:4.9577;5.8941	 backward Loss:8.8092;2.5762	 Sentiment Loss:3.2392	Valence Loss:0.2709	 Arousal Loss:0.0836	
[2025-11-20 04:50:04,799][run_task2&3_trainer_multilingual.py][line:1284][INFO] Epoch:[1/1]	 Batch:[940/2792.0]	 Loss Sum:25.2605	forward Loss:11.3973;2.9368	 backward Loss:4.2949;5.8413	 Sentiment Loss:0.5993	Valence Loss:0.8879	 Arousal Loss:0.0663	
[2025-11-20 04:50:08,376][run_task2&3_trainer_multilingual.py][line:1284][INFO] Epoch:[1/1]	 Batch:[950/2792.0]	 Loss Sum:9.4983	forward Loss:4.274;1.986	 backward Loss:1.13;1.0066	 Sentiment Loss:0.735	Valence Loss:1.1099	 Arousal Loss:0.7235	
[2025-11-20 04:50:11,958][run_task2&3_trainer_multilingual.py][line:1284][INFO] Epoch:[1/1]	 Batch:[960/2792.0]	 Loss Sum:14.1463	forward Loss:2.9732;3.3076	 backward Loss:3.3715;3.6322	 Sentiment Loss:0.7958	Valence Loss:0.1289	 Arousal Loss:0.2011	
[2025-11-20 04:50:15,535][run_task2&3_trainer_multilingual.py][line:1284][INFO] Epoch:[1/1]	 Batch:[970/2792.0]	 Loss Sum:16.4753	forward Loss:0.5362;3.5167	 backward Loss:5.6424;0.6414	 Sentiment Loss:5.8281	Valence Loss:0.4207	 Arousal Loss:1.132	
[2025-11-20 04:50:19,118][run_task2&3_trainer_multilingual.py][line:1284][INFO] Epoch:[1/1]	 Batch:[980/2792.0]	 Loss Sum:6.0126	forward Loss:1.1349;2.1347	 backward Loss:0.3489;2.0113	 Sentiment Loss:0.1356	Valence Loss:0.7644	 Arousal Loss:0.4712	
[2025-11-20 04:50:22,695][run_task2&3_trainer_multilingual.py][line:1284][INFO] Epoch:[1/1]	 Batch:[990/2792.0]	 Loss Sum:13.2352	forward Loss:2.7201;0.925	 backward Loss:1.0299;1.3145	 Sentiment Loss:6.9013	Valence Loss:1.6633	 Arousal Loss:0.0586	
[2025-11-20 04:50:26,279][run_task2&3_trainer_multilingual.py][line:1284][INFO] Epoch:[1/1]	 Batch:[1000/2792.0]	 Loss Sum:17.9478	forward Loss:2.3609;3.0317	 backward Loss:4.5957;2.5328	 Sentiment Loss:5.3681	Valence Loss:0.0776	 Arousal Loss:0.2158	
[2025-11-20 04:50:29,852][run_task2&3_trainer_multilingual.py][line:1284][INFO] Epoch:[1/1]	 Batch:[1010/2792.0]	 Loss Sum:16.5165	forward Loss:2.5297;3.3811	 backward Loss:4.96;1.739	 Sentiment Loss:3.3783	Valence Loss:1.4652	 Arousal Loss:1.1769	
[2025-11-20 04:50:33,426][run_task2&3_trainer_multilingual.py][line:1284][INFO] Epoch:[1/1]	 Batch:[1020/2792.0]	 Loss Sum:16.9629	forward Loss:0.4276;10.5898	 backward Loss:4.0164;1.5153	 Sentiment Loss:0.0277	Valence Loss:1.9039	 Arousal Loss:0.0266	
[2025-11-20 04:50:37,003][run_task2&3_trainer_multilingual.py][line:1284][INFO] Epoch:[1/1]	 Batch:[1030/2792.0]	 Loss Sum:9.2724	forward Loss:0.1978;2.0843	 backward Loss:0.7039;0.9504	 Sentiment Loss:5.1645	Valence Loss:0.1003	 Arousal Loss:0.7571	
[2025-11-20 04:50:40,581][run_task2&3_trainer_multilingual.py][line:1284][INFO] Epoch:[1/1]	 Batch:[1040/2792.0]	 Loss Sum:15.8326	forward Loss:7.3429;2.3047	 backward Loss:4.1614;1.6535	 Sentiment Loss:0.0566	Valence Loss:0.4255	 Arousal Loss:1.1425	
[2025-11-20 04:50:44,161][run_task2&3_trainer_multilingual.py][line:1284][INFO] Epoch:[1/1]	 Batch:[1050/2792.0]	 Loss Sum:2.8722	forward Loss:0.3006;1.3302	 backward Loss:0.9276;0.2642	 Sentiment Loss:0.0127	Valence Loss:0.0875	 Arousal Loss:0.0972	
[2025-11-20 04:50:47,743][run_task2&3_trainer_multilingual.py][line:1284][INFO] Epoch:[1/1]	 Batch:[1060/2792.0]	 Loss Sum:22.0552	forward Loss:2.2393;5.5077	 backward Loss:5.8407;3.0003	 Sentiment Loss:5.4256	Valence Loss:0.1522	 Arousal Loss:0.0557	
[2025-11-20 04:50:51,328][run_task2&3_trainer_multilingual.py][line:1284][INFO] Epoch:[1/1]	 Batch:[1070/2792.0]	 Loss Sum:22.2621	forward Loss:1.2064;9.228	 backward Loss:8.325;1.5901	 Sentiment Loss:1.3982	Valence Loss:2.1614	 Arousal Loss:0.4103	
[2025-11-20 04:50:54,906][run_task2&3_trainer_multilingual.py][line:1284][INFO] Epoch:[1/1]	 Batch:[1080/2792.0]	 Loss Sum:17.964	forward Loss:0.9183;6.6537	 backward Loss:8.5144;1.5361	 Sentiment Loss:0.1596	Valence Loss:0.1842	 Arousal Loss:0.7255	
[2025-11-20 04:50:58,485][run_task2&3_trainer_multilingual.py][line:1284][INFO] Epoch:[1/1]	 Batch:[1090/2792.0]	 Loss Sum:13.9257	forward Loss:0.4617;7.0956	 backward Loss:4.7531;0.6384	 Sentiment Loss:0.9019	Valence Loss:0.1103	 Arousal Loss:0.2646	
[2025-11-20 04:51:02,059][run_task2&3_trainer_multilingual.py][line:1284][INFO] Epoch:[1/1]	 Batch:[1100/2792.0]	 Loss Sum:15.8719	forward Loss:6.4079;2.8135	 backward Loss:3.1615;2.8174	 Sentiment Loss:0.516	Valence Loss:0.2477	 Arousal Loss:0.5304	
[2025-11-20 04:51:05,632][run_task2&3_trainer_multilingual.py][line:1284][INFO] Epoch:[1/1]	 Batch:[1110/2792.0]	 Loss Sum:10.9018	forward Loss:4.987;0.7239	 backward Loss:2.051;2.1536	 Sentiment Loss:0.3963	Valence Loss:2.8579	 Arousal Loss:0.0918	
[2025-11-20 04:51:09,210][run_task2&3_trainer_multilingual.py][line:1284][INFO] Epoch:[1/1]	 Batch:[1120/2792.0]	 Loss Sum:24.6476	forward Loss:3.0932;4.2859	 backward Loss:3.5576;2.4481	 Sentiment Loss:10.8515	Valence Loss:1.8084	 Arousal Loss:0.2481	
[2025-11-20 04:51:12,793][run_task2&3_trainer_multilingual.py][line:1284][INFO] Epoch:[1/1]	 Batch:[1130/2792.0]	 Loss Sum:36.8081	forward Loss:1.6875;11.3165	 backward Loss:15.9689;4.222	 Sentiment Loss:3.537	Valence Loss:0.2437	 Arousal Loss:0.1373	
[2025-11-20 04:51:16,371][run_task2&3_trainer_multilingual.py][line:1284][INFO] Epoch:[1/1]	 Batch:[1140/2792.0]	 Loss Sum:10.8585	forward Loss:4.1962;0.9797	 backward Loss:4.1999;1.0982	 Sentiment Loss:0.1027	Valence Loss:0.5633	 Arousal Loss:0.8458	
[2025-11-20 04:51:19,955][run_task2&3_trainer_multilingual.py][line:1284][INFO] Epoch:[1/1]	 Batch:[1150/2792.0]	 Loss Sum:11.0962	forward Loss:1.9189;2.0807	 backward Loss:4.3145;2.5343	 Sentiment Loss:0.0646	Valence Loss:0.4336	 Arousal Loss:0.4821	
[2025-11-20 04:51:23,541][run_task2&3_trainer_multilingual.py][line:1284][INFO] Epoch:[1/1]	 Batch:[1160/2792.0]	 Loss Sum:24.2265	forward Loss:5.5644;7.0888	 backward Loss:8.8815;1.1097	 Sentiment Loss:1.4999	Valence Loss:0.1489	 Arousal Loss:0.2622	
[2025-11-20 04:51:27,124][run_task2&3_trainer_multilingual.py][line:1284][INFO] Epoch:[1/1]	 Batch:[1170/2792.0]	 Loss Sum:40.37	forward Loss:2.3173;16.7705	 backward Loss:16.9179;0.9364	 Sentiment Loss:3.161	Valence Loss:0.7283	 Arousal Loss:0.6057	
[2025-11-20 04:51:30,709][run_task2&3_trainer_multilingual.py][line:1284][INFO] Epoch:[1/1]	 Batch:[1180/2792.0]	 Loss Sum:7.9335	forward Loss:0.8652;2.8274	 backward Loss:2.3241;1.2642	 Sentiment Loss:0.617	Valence Loss:0.0684	 Arousal Loss:0.1095	
[2025-11-20 04:51:34,291][run_task2&3_trainer_multilingual.py][line:1284][INFO] Epoch:[1/1]	 Batch:[1190/2792.0]	 Loss Sum:15.2746	forward Loss:2.9304;2.1566	 backward Loss:2.1162;2.5336	 Sentiment Loss:5.3332	Valence Loss:0.8926	 Arousal Loss:0.1301	
[2025-11-20 04:51:37,870][run_task2&3_trainer_multilingual.py][line:1284][INFO] Epoch:[1/1]	 Batch:[1200/2792.0]	 Loss Sum:12.0028	forward Loss:3.549;2.0248	 backward Loss:1.0965;4.7041	 Sentiment Loss:0.5415	Valence Loss:0.2634	 Arousal Loss:0.1712	
[2025-11-20 04:51:41,448][run_task2&3_trainer_multilingual.py][line:1284][INFO] Epoch:[1/1]	 Batch:[1210/2792.0]	 Loss Sum:6.3031	forward Loss:2.8981;1.0163	 backward Loss:0.4736;1.5191	 Sentiment Loss:0.0993	Valence Loss:1.1038	 Arousal Loss:0.3793	
[2025-11-20 04:51:45,030][run_task2&3_trainer_multilingual.py][line:1284][INFO] Epoch:[1/1]	 Batch:[1220/2792.0]	 Loss Sum:17.0181	forward Loss:6.4766;3.4564	 backward Loss:2.0518;4.8926	 Sentiment Loss:0.0663	Valence Loss:0.0834	 Arousal Loss:0.2889	
[2025-11-20 04:51:48,610][run_task2&3_trainer_multilingual.py][line:1284][INFO] Epoch:[1/1]	 Batch:[1230/2792.0]	 Loss Sum:23.8383	forward Loss:4.5727;7.3116	 backward Loss:7.5644;1.2875	 Sentiment Loss:2.9494	Valence Loss:0.261	 Arousal Loss:0.503	
[2025-11-20 04:51:52,187][run_task2&3_trainer_multilingual.py][line:1284][INFO] Epoch:[1/1]	 Batch:[1240/2792.0]	 Loss Sum:29.0938	forward Loss:10.8644;3.0181	 backward Loss:11.0566;2.8301	 Sentiment Loss:0.9338	Valence Loss:0.7265	 Arousal Loss:1.2276	
[2025-11-20 04:51:55,771][run_task2&3_trainer_multilingual.py][line:1284][INFO] Epoch:[1/1]	 Batch:[1250/2792.0]	 Loss Sum:48.6454	forward Loss:11.7305;8.2153	 backward Loss:22.6273;4.167	 Sentiment Loss:1.5391	Valence Loss:1.6466	 Arousal Loss:0.1846	
[2025-11-20 04:51:59,345][run_task2&3_trainer_multilingual.py][line:1284][INFO] Epoch:[1/1]	 Batch:[1260/2792.0]	 Loss Sum:8.098	forward Loss:3.7641;0.7086	 backward Loss:1.1889;2.1198	 Sentiment Loss:0.2581	Valence Loss:0.0738	 Arousal Loss:0.219	
[2025-11-20 04:52:02,929][run_task2&3_trainer_multilingual.py][line:1284][INFO] Epoch:[1/1]	 Batch:[1270/2792.0]	 Loss Sum:8.9231	forward Loss:3.5127;1.4699	 backward Loss:1.8081;1.9426	 Sentiment Loss:0.0135	Valence Loss:0.789	 Arousal Loss:0.0925	
[2025-11-20 04:52:06,508][run_task2&3_trainer_multilingual.py][line:1284][INFO] Epoch:[1/1]	 Batch:[1280/2792.0]	 Loss Sum:51.0309	forward Loss:5.7208;6.8044	 backward Loss:33.6403;3.0022	 Sentiment Loss:1.4143	Valence Loss:2.1116	 Arousal Loss:0.1328	
[2025-11-20 04:52:10,087][run_task2&3_trainer_multilingual.py][line:1284][INFO] Epoch:[1/1]	 Batch:[1290/2792.0]	 Loss Sum:29.6673	forward Loss:9.0756;8.5071	 backward Loss:10.0788;1.5461	 Sentiment Loss:0.3094	Valence Loss:0.2202	 Arousal Loss:0.5315	
[2025-11-20 04:52:13,668][run_task2&3_trainer_multilingual.py][line:1284][INFO] Epoch:[1/1]	 Batch:[1300/2792.0]	 Loss Sum:5.0831	forward Loss:0.149;2.2034	 backward Loss:2.3407;0.2878	 Sentiment Loss:0.0759	Valence Loss:0.0542	 Arousal Loss:0.0771	
[2025-11-20 04:52:17,254][run_task2&3_trainer_multilingual.py][line:1284][INFO] Epoch:[1/1]	 Batch:[1310/2792.0]	 Loss Sum:8.0961	forward Loss:4.266;0.4861	 backward Loss:0.9313;2.0752	 Sentiment Loss:0.0277	Valence Loss:1.0568	 Arousal Loss:0.4922	
[2025-11-20 04:52:20,834][run_task2&3_trainer_multilingual.py][line:1284][INFO] Epoch:[1/1]	 Batch:[1320/2792.0]	 Loss Sum:10.2047	forward Loss:2.0791;4.1054	 backward Loss:3.1904;0.5865	 Sentiment Loss:0.0887	Valence Loss:0.6462	 Arousal Loss:0.1268	
[2025-11-20 04:52:24,409][run_task2&3_trainer_multilingual.py][line:1284][INFO] Epoch:[1/1]	 Batch:[1330/2792.0]	 Loss Sum:13.784	forward Loss:0.9619;3.6782	 backward Loss:6.9527;0.9212	 Sentiment Loss:0.3117	Valence Loss:3.15	 Arousal Loss:1.6421	
[2025-11-20 04:52:27,983][run_task2&3_trainer_multilingual.py][line:1284][INFO] Epoch:[1/1]	 Batch:[1340/2792.0]	 Loss Sum:12.6917	forward Loss:0.4058;4.1258	 backward Loss:7.3812;0.6212	 Sentiment Loss:0.0705	Valence Loss:0.2663	 Arousal Loss:0.17	
[2025-11-20 04:52:31,559][run_task2&3_trainer_multilingual.py][line:1284][INFO] Epoch:[1/1]	 Batch:[1350/2792.0]	 Loss Sum:18.9782	forward Loss:0.5212;8.9565	 backward Loss:7.4383;0.754	 Sentiment Loss:0.883	Valence Loss:1.6092	 Arousal Loss:0.5168	
[2025-11-20 04:52:35,141][run_task2&3_trainer_multilingual.py][line:1284][INFO] Epoch:[1/1]	 Batch:[1360/2792.0]	 Loss Sum:10.3451	forward Loss:0.8426;3.0345	 backward Loss:1.7562;4.0415	 Sentiment Loss:0.6209	Valence Loss:0.1861	 Arousal Loss:0.0607	
[2025-11-20 04:52:38,724][run_task2&3_trainer_multilingual.py][line:1284][INFO] Epoch:[1/1]	 Batch:[1370/2792.0]	 Loss Sum:27.456	forward Loss:10.9176;4.5309	 backward Loss:6.5234;2.8131	 Sentiment Loss:2.0181	Valence Loss:1.9938	 Arousal Loss:1.2707	
[2025-11-20 04:52:42,298][run_task2&3_trainer_multilingual.py][line:1284][INFO] Epoch:[1/1]	 Batch:[1380/2792.0]	 Loss Sum:10.1047	forward Loss:3.2289;1.0568	 backward Loss:1.096;2.8866	 Sentiment Loss:1.7516	Valence Loss:0.363	 Arousal Loss:0.0609	
[2025-11-20 04:52:45,876][run_task2&3_trainer_multilingual.py][line:1284][INFO] Epoch:[1/1]	 Batch:[1390/2792.0]	 Loss Sum:27.3764	forward Loss:8.773;4.355	 backward Loss:7.7743;4.2558	 Sentiment Loss:2.1331	Valence Loss:0.4034	 Arousal Loss:0.0227	
[2025-11-20 04:52:49,454][run_task2&3_trainer_multilingual.py][line:1284][INFO] Epoch:[1/1]	 Batch:[1400/2792.0]	 Loss Sum:12.3243	forward Loss:1.2504;3.8665	 backward Loss:3.2582;2.1836	 Sentiment Loss:0.5637	Valence Loss:2.0399	 Arousal Loss:3.9696	
[2025-11-20 04:52:53,031][run_task2&3_trainer_multilingual.py][line:1284][INFO] Epoch:[1/1]	 Batch:[1410/2792.0]	 Loss Sum:12.7877	forward Loss:0.6012;1.8287	 backward Loss:6.4074;3.2801	 Sentiment Loss:0.2116	Valence Loss:2.117	 Arousal Loss:0.176	
[2025-11-20 04:52:56,605][run_task2&3_trainer_multilingual.py][line:1284][INFO] Epoch:[1/1]	 Batch:[1420/2792.0]	 Loss Sum:13.0365	forward Loss:0.6351;2.3526	 backward Loss:8.7002;0.3048	 Sentiment Loss:0.4023	Valence Loss:1.7258	 Arousal Loss:1.4818	
[2025-11-20 04:53:00,179][run_task2&3_trainer_multilingual.py][line:1284][INFO] Epoch:[1/1]	 Batch:[1430/2792.0]	 Loss Sum:22.8845	forward Loss:4.6029;5.4079	 backward Loss:5.0954;5.5183	 Sentiment Loss:2.1267	Valence Loss:0.4502	 Arousal Loss:0.2162	
[2025-11-20 04:53:03,760][run_task2&3_trainer_multilingual.py][line:1284][INFO] Epoch:[1/1]	 Batch:[1440/2792.0]	 Loss Sum:33.3032	forward Loss:10.2327;3.7153	 backward Loss:8.2685;3.4046	 Sentiment Loss:7.3415	Valence Loss:0.883	 Arousal Loss:0.8197	
[2025-11-20 04:53:07,338][run_task2&3_trainer_multilingual.py][line:1284][INFO] Epoch:[1/1]	 Batch:[1450/2792.0]	 Loss Sum:2.196	forward Loss:0.088;0.1032	 backward Loss:0.139;0.1242	 Sentiment Loss:1.6304	Valence Loss:0.1515	 Arousal Loss:0.4042	
[2025-11-20 04:53:10,917][run_task2&3_trainer_multilingual.py][line:1284][INFO] Epoch:[1/1]	 Batch:[1460/2792.0]	 Loss Sum:25.3949	forward Loss:6.6041;3.9329	 backward Loss:5.7688;6.1445	 Sentiment Loss:2.0835	Valence Loss:2.1356	 Arousal Loss:2.17	
[2025-11-20 04:53:14,497][run_task2&3_trainer_multilingual.py][line:1284][INFO] Epoch:[1/1]	 Batch:[1470/2792.0]	 Loss Sum:27.2859	forward Loss:4.5846;7.8256	 backward Loss:9.5402;1.9315	 Sentiment Loss:3.334	Valence Loss:0.1255	 Arousal Loss:0.2247	
[2025-11-20 04:53:18,068][run_task2&3_trainer_multilingual.py][line:1284][INFO] Epoch:[1/1]	 Batch:[1480/2792.0]	 Loss Sum:17.2883	forward Loss:5.666;3.5532	 backward Loss:5.4184;2.223	 Sentiment Loss:0.1971	Valence Loss:0.5583	 Arousal Loss:0.5945	
[2025-11-20 04:53:21,645][run_task2&3_trainer_multilingual.py][line:1284][INFO] Epoch:[1/1]	 Batch:[1490/2792.0]	 Loss Sum:12.5826	forward Loss:2.8437;4.1706	 backward Loss:2.8052;2.3851	 Sentiment Loss:0.0307	Valence Loss:0.6446	 Arousal Loss:1.0919	
[2025-11-20 04:53:25,221][run_task2&3_trainer_multilingual.py][line:1284][INFO] Epoch:[1/1]	 Batch:[1500/2792.0]	 Loss Sum:8.2236	forward Loss:2.8146;1.363	 backward Loss:3.4887;0.4306	 Sentiment Loss:0.0106	Valence Loss:0.0738	 Arousal Loss:0.5066	
[2025-11-20 04:53:28,803][run_task2&3_trainer_multilingual.py][line:1284][INFO] Epoch:[1/1]	 Batch:[1510/2792.0]	 Loss Sum:15.1206	forward Loss:2.933;1.9227	 backward Loss:1.923;1.4319	 Sentiment Loss:5.1492	Valence Loss:2.132	 Arousal Loss:6.6723	
[2025-11-20 04:53:32,384][run_task2&3_trainer_multilingual.py][line:1284][INFO] Epoch:[1/1]	 Batch:[1520/2792.0]	 Loss Sum:24.3076	forward Loss:8.7159;2.3914	 backward Loss:3.6872;4.2677	 Sentiment Loss:5.0284	Valence Loss:0.588	 Arousal Loss:0.4972	
[2025-11-20 04:53:35,953][run_task2&3_trainer_multilingual.py][line:1284][INFO] Epoch:[1/1]	 Batch:[1530/2792.0]	 Loss Sum:25.3024	forward Loss:6.3396;2.5067	 backward Loss:11.0984;4.6305	 Sentiment Loss:0.6671	Valence Loss:0.0516	 Arousal Loss:0.2487	
[2025-11-20 04:53:39,528][run_task2&3_trainer_multilingual.py][line:1284][INFO] Epoch:[1/1]	 Batch:[1540/2792.0]	 Loss Sum:4.1844	forward Loss:1.4193;0.5028	 backward Loss:0.6783;1.4009	 Sentiment Loss:0.0169	Valence Loss:0.596	 Arousal Loss:0.2352	
[2025-11-20 04:53:43,103][run_task2&3_trainer_multilingual.py][line:1284][INFO] Epoch:[1/1]	 Batch:[1550/2792.0]	 Loss Sum:7.6821	forward Loss:1.6586;1.718	 backward Loss:1.8396;2.3328	 Sentiment Loss:0.03	Valence Loss:0.2308	 Arousal Loss:0.2844	
[2025-11-20 04:53:46,690][run_task2&3_trainer_multilingual.py][line:1284][INFO] Epoch:[1/1]	 Batch:[1560/2792.0]	 Loss Sum:5.2402	forward Loss:2.7184;0.4926	 backward Loss:1.8273;0.153	 Sentiment Loss:0.0244	Valence Loss:0.0822	 Arousal Loss:0.0405	
[2025-11-20 04:53:50,290][run_task2&3_trainer_multilingual.py][line:1284][INFO] Epoch:[1/1]	 Batch:[1570/2792.0]	 Loss Sum:12.6135	forward Loss:3.909;0.3006	 backward Loss:0.5726;5.5613	 Sentiment Loss:2.0	Valence Loss:0.4621	 Arousal Loss:0.8876	
[2025-11-20 04:53:53,883][run_task2&3_trainer_multilingual.py][line:1284][INFO] Epoch:[1/1]	 Batch:[1580/2792.0]	 Loss Sum:30.4746	forward Loss:1.8832;12.092	 backward Loss:15.8692;0.5295	 Sentiment Loss:0.0472	Valence Loss:0.2091	 Arousal Loss:0.0583	
[2025-11-20 04:53:57,472][run_task2&3_trainer_multilingual.py][line:1284][INFO] Epoch:[1/1]	 Batch:[1590/2792.0]	 Loss Sum:2.4704	forward Loss:0.2422;0.5273	 backward Loss:1.0122;0.4066	 Sentiment Loss:0.071	Valence Loss:0.6012	 Arousal Loss:0.4542	
[2025-11-20 04:54:01,052][run_task2&3_trainer_multilingual.py][line:1284][INFO] Epoch:[1/1]	 Batch:[1600/2792.0]	 Loss Sum:10.2196	forward Loss:1.2028;1.3687	 backward Loss:0.9342;2.7256	 Sentiment Loss:3.8574	Valence Loss:0.5774	 Arousal Loss:0.0767	
[2025-11-20 04:54:04,642][run_task2&3_trainer_multilingual.py][line:1284][INFO] Epoch:[1/1]	 Batch:[1610/2792.0]	 Loss Sum:23.2125	forward Loss:0.8989;9.3266	 backward Loss:10.4436;1.3851	 Sentiment Loss:0.4909	Valence Loss:2.6024	 Arousal Loss:0.7344	
[2025-11-20 04:54:08,230][run_task2&3_trainer_multilingual.py][line:1284][INFO] Epoch:[1/1]	 Batch:[1620/2792.0]	 Loss Sum:4.5795	forward Loss:0.1084;1.9034	 backward Loss:1.6297;0.221	 Sentiment Loss:0.0114	Valence Loss:0.4567	 Arousal Loss:3.0712	
[2025-11-20 04:54:11,816][run_task2&3_trainer_multilingual.py][line:1284][INFO] Epoch:[1/1]	 Batch:[1630/2792.0]	 Loss Sum:11.8251	forward Loss:1.4981;4.0335	 backward Loss:4.9665;0.9764	 Sentiment Loss:0.0625	Valence Loss:0.7776	 Arousal Loss:0.6632	
[2025-11-20 04:54:15,396][run_task2&3_trainer_multilingual.py][line:1284][INFO] Epoch:[1/1]	 Batch:[1640/2792.0]	 Loss Sum:14.6441	forward Loss:2.0384;4.0638	 backward Loss:5.4414;1.489	 Sentiment Loss:1.3582	Valence Loss:1.2473	 Arousal Loss:0.0195	
[2025-11-20 04:54:18,977][run_task2&3_trainer_multilingual.py][line:1284][INFO] Epoch:[1/1]	 Batch:[1650/2792.0]	 Loss Sum:15.0595	forward Loss:2.1654;3.3975	 backward Loss:4.915;2.0139	 Sentiment Loss:1.5969	Valence Loss:1.7606	 Arousal Loss:3.094	
[2025-11-20 04:54:22,554][run_task2&3_trainer_multilingual.py][line:1284][INFO] Epoch:[1/1]	 Batch:[1660/2792.0]	 Loss Sum:10.2592	forward Loss:1.6761;2.1665	 backward Loss:1.323;2.8955	 Sentiment Loss:1.4477	Valence Loss:2.5581	 Arousal Loss:1.1938	
[2025-11-20 04:54:26,140][run_task2&3_trainer_multilingual.py][line:1284][INFO] Epoch:[1/1]	 Batch:[1670/2792.0]	 Loss Sum:13.02	forward Loss:2.1373;0.9988	 backward Loss:1.5793;0.6348	 Sentiment Loss:7.4162	Valence Loss:0.4666	 Arousal Loss:0.8014	
[2025-11-20 04:54:29,719][run_task2&3_trainer_multilingual.py][line:1284][INFO] Epoch:[1/1]	 Batch:[1680/2792.0]	 Loss Sum:24.7925	forward Loss:2.2966;10.0082	 backward Loss:11.0497;1.1916	 Sentiment Loss:0.1181	Valence Loss:0.4395	 Arousal Loss:0.2017	
[2025-11-20 04:54:33,297][run_task2&3_trainer_multilingual.py][line:1284][INFO] Epoch:[1/1]	 Batch:[1690/2792.0]	 Loss Sum:19.6308	forward Loss:6.598;4.977	 backward Loss:5.1342;2.5441	 Sentiment Loss:0.2755	Valence Loss:0.0671	 Arousal Loss:0.4431	
[2025-11-20 04:54:36,875][run_task2&3_trainer_multilingual.py][line:1284][INFO] Epoch:[1/1]	 Batch:[1700/2792.0]	 Loss Sum:20.5027	forward Loss:7.2615;3.2138	 backward Loss:5.6026;2.9742	 Sentiment Loss:0.9259	Valence Loss:1.674	 Arousal Loss:0.9492	
[2025-11-20 04:54:40,453][run_task2&3_trainer_multilingual.py][line:1284][INFO] Epoch:[1/1]	 Batch:[1710/2792.0]	 Loss Sum:11.6069	forward Loss:0.7843;2.2245	 backward Loss:6.2316;1.7616	 Sentiment Loss:0.1844	Valence Loss:0.4733	 Arousal Loss:1.6296	
[2025-11-20 04:54:44,032][run_task2&3_trainer_multilingual.py][line:1284][INFO] Epoch:[1/1]	 Batch:[1720/2792.0]	 Loss Sum:15.4624	forward Loss:3.2879;2.9226	 backward Loss:5.0207;1.9167	 Sentiment Loss:2.2658	Valence Loss:0.0657	 Arousal Loss:0.1774	
[2025-11-20 04:54:47,608][run_task2&3_trainer_multilingual.py][line:1284][INFO] Epoch:[1/1]	 Batch:[1730/2792.0]	 Loss Sum:3.2411	forward Loss:0.0491;1.4257	 backward Loss:1.4748;0.1348	 Sentiment Loss:0.129	Valence Loss:0.0635	 Arousal Loss:0.0747	
[2025-11-20 04:54:51,188][run_task2&3_trainer_multilingual.py][line:1284][INFO] Epoch:[1/1]	 Batch:[1740/2792.0]	 Loss Sum:12.5549	forward Loss:2.6774;3.7654	 backward Loss:4.5031;0.1505	 Sentiment Loss:1.1105	Valence Loss:1.0044	 Arousal Loss:0.7359	
[2025-11-20 04:54:54,767][run_task2&3_trainer_multilingual.py][line:1284][INFO] Epoch:[1/1]	 Batch:[1750/2792.0]	 Loss Sum:9.8861	forward Loss:0.6101;2.2077	 backward Loss:1.5482;0.3876	 Sentiment Loss:4.6285	Valence Loss:2.0189	 Arousal Loss:0.501	
[2025-11-20 04:54:58,348][run_task2&3_trainer_multilingual.py][line:1284][INFO] Epoch:[1/1]	 Batch:[1760/2792.0]	 Loss Sum:12.4686	forward Loss:1.0797;3.7952	 backward Loss:5.3432;0.6504	 Sentiment Loss:1.2768	Valence Loss:1.4311	 Arousal Loss:0.1857	
[2025-11-20 04:55:01,934][run_task2&3_trainer_multilingual.py][line:1284][INFO] Epoch:[1/1]	 Batch:[1770/2792.0]	 Loss Sum:18.3012	forward Loss:2.5907;3.9071	 backward Loss:5.1782;1.427	 Sentiment Loss:5.1561	Valence Loss:0.0818	 Arousal Loss:0.1286	
[2025-11-20 04:55:05,517][run_task2&3_trainer_multilingual.py][line:1284][INFO] Epoch:[1/1]	 Batch:[1780/2792.0]	 Loss Sum:24.9435	forward Loss:7.393;2.0669	 backward Loss:4.6827;8.7131	 Sentiment Loss:2.0536	Valence Loss:0.1154	 Arousal Loss:0.0557	
[2025-11-20 04:55:09,100][run_task2&3_trainer_multilingual.py][line:1284][INFO] Epoch:[1/1]	 Batch:[1790/2792.0]	 Loss Sum:18.1775	forward Loss:1.0318;4.6665	 backward Loss:9.185;1.6153	 Sentiment Loss:1.1143	Valence Loss:2.3899	 Arousal Loss:0.4336	
[2025-11-20 04:55:12,687][run_task2&3_trainer_multilingual.py][line:1284][INFO] Epoch:[1/1]	 Batch:[1800/2792.0]	 Loss Sum:28.927	forward Loss:10.1796;4.8835	 backward Loss:7.7571;5.4178	 Sentiment Loss:0.5757	Valence Loss:0.1346	 Arousal Loss:0.4318	
[2025-11-20 04:55:16,274][run_task2&3_trainer_multilingual.py][line:1284][INFO] Epoch:[1/1]	 Batch:[1810/2792.0]	 Loss Sum:27.2357	forward Loss:6.7646;6.7174	 backward Loss:10.0575;3.2828	 Sentiment Loss:0.0072	Valence Loss:1.2904	 Arousal Loss:0.7411	
[2025-11-20 04:55:19,861][run_task2&3_trainer_multilingual.py][line:1284][INFO] Epoch:[1/1]	 Batch:[1820/2792.0]	 Loss Sum:47.9817	forward Loss:11.2719;8.1749	 backward Loss:7.7065;9.1688	 Sentiment Loss:11.5831	Valence Loss:0.3428	 Arousal Loss:0.0395	
[2025-11-20 04:55:23,445][run_task2&3_trainer_multilingual.py][line:1284][INFO] Epoch:[1/1]	 Batch:[1830/2792.0]	 Loss Sum:20.6065	forward Loss:1.4709;6.8627	 backward Loss:6.8808;1.1002	 Sentiment Loss:4.1576	Valence Loss:0.3495	 Arousal Loss:0.3221	
[2025-11-20 04:55:27,031][run_task2&3_trainer_multilingual.py][line:1284][INFO] Epoch:[1/1]	 Batch:[1840/2792.0]	 Loss Sum:20.0943	forward Loss:3.59;1.8367	 backward Loss:2.2465;3.3927	 Sentiment Loss:8.8392	Valence Loss:0.8129	 Arousal Loss:0.1328	
[2025-11-20 04:55:30,620][run_task2&3_trainer_multilingual.py][line:1284][INFO] Epoch:[1/1]	 Batch:[1850/2792.0]	 Loss Sum:10.9231	forward Loss:4.7876;1.6879	 backward Loss:3.0254;0.7255	 Sentiment Loss:0.6051	Valence Loss:0.2475	 Arousal Loss:0.2111	
[2025-11-20 04:55:34,202][run_task2&3_trainer_multilingual.py][line:1284][INFO] Epoch:[1/1]	 Batch:[1860/2792.0]	 Loss Sum:18.1882	forward Loss:2.6827;5.6432	 backward Loss:7.2932;1.7601	 Sentiment Loss:0.6144	Valence Loss:0.826	 Arousal Loss:0.1468	
[2025-11-20 04:55:37,785][run_task2&3_trainer_multilingual.py][line:1284][INFO] Epoch:[1/1]	 Batch:[1870/2792.0]	 Loss Sum:17.7281	forward Loss:2.55;2.2314	 backward Loss:9.0655;3.4206	 Sentiment Loss:0.0799	Valence Loss:1.1475	 Arousal Loss:0.7563	
[2025-11-20 04:55:41,373][run_task2&3_trainer_multilingual.py][line:1284][INFO] Epoch:[1/1]	 Batch:[1880/2792.0]	 Loss Sum:16.1128	forward Loss:5.4158;1.178	 backward Loss:3.7153;3.3248	 Sentiment Loss:2.3336	Valence Loss:0.3494	 Arousal Loss:0.3776	
[2025-11-20 04:55:44,951][run_task2&3_trainer_multilingual.py][line:1284][INFO] Epoch:[1/1]	 Batch:[1890/2792.0]	 Loss Sum:16.628	forward Loss:0.8984;4.7388	 backward Loss:5.5719;2.1832	 Sentiment Loss:1.0615	Valence Loss:8.3901	 Arousal Loss:2.4816	
[2025-11-20 04:55:48,535][run_task2&3_trainer_multilingual.py][line:1284][INFO] Epoch:[1/1]	 Batch:[1900/2792.0]	 Loss Sum:26.6675	forward Loss:5.9541;4.8029	 backward Loss:6.0;5.9092	 Sentiment Loss:3.5044	Valence Loss:1.1121	 Arousal Loss:1.3721	
[2025-11-20 04:55:52,122][run_task2&3_trainer_multilingual.py][line:1284][INFO] Epoch:[1/1]	 Batch:[1910/2792.0]	 Loss Sum:13.0634	forward Loss:1.2461;5.0103	 backward Loss:5.1693;1.4534	 Sentiment Loss:0.1398	Valence Loss:0.0691	 Arousal Loss:0.1535	
[2025-11-20 04:55:55,710][run_task2&3_trainer_multilingual.py][line:1284][INFO] Epoch:[1/1]	 Batch:[1920/2792.0]	 Loss Sum:5.4317	forward Loss:0.6283;0.6726	 backward Loss:3.1697;0.608	 Sentiment Loss:0.3109	Valence Loss:0.1281	 Arousal Loss:0.082	
[2025-11-20 04:55:59,303][run_task2&3_trainer_multilingual.py][line:1284][INFO] Epoch:[1/1]	 Batch:[1930/2792.0]	 Loss Sum:85.3392	forward Loss:23.8162;15.9367	 backward Loss:30.4856;11.2701	 Sentiment Loss:3.538	Valence Loss:1.0336	 Arousal Loss:0.4289	
[2025-11-20 04:56:02,887][run_task2&3_trainer_multilingual.py][line:1284][INFO] Epoch:[1/1]	 Batch:[1940/2792.0]	 Loss Sum:26.9001	forward Loss:7.5343;6.7575	 backward Loss:10.8919;1.4462	 Sentiment Loss:0.2446	Valence Loss:0.0847	 Arousal Loss:0.0434	
[2025-11-20 04:56:06,470][run_task2&3_trainer_multilingual.py][line:1284][INFO] Epoch:[1/1]	 Batch:[1950/2792.0]	 Loss Sum:20.8739	forward Loss:0.6725;5.8442	 backward Loss:5.7581;0.722	 Sentiment Loss:7.8618	Valence Loss:0.0486	 Arousal Loss:0.028	
[2025-11-20 04:56:10,040][run_task2&3_trainer_multilingual.py][line:1284][INFO] Epoch:[1/1]	 Batch:[1960/2792.0]	 Loss Sum:14.7364	forward Loss:4.4009;2.2009	 backward Loss:5.7215;1.8296	 Sentiment Loss:0.0641	Valence Loss:2.2601	 Arousal Loss:0.3371	
[2025-11-20 04:56:13,617][run_task2&3_trainer_multilingual.py][line:1284][INFO] Epoch:[1/1]	 Batch:[1970/2792.0]	 Loss Sum:7.6955	forward Loss:1.4608;1.4439	 backward Loss:3.9014;0.5063	 Sentiment Loss:0.0331	Valence Loss:1.1386	 Arousal Loss:0.611	
[2025-11-20 04:56:17,195][run_task2&3_trainer_multilingual.py][line:1284][INFO] Epoch:[1/1]	 Batch:[1980/2792.0]	 Loss Sum:12.654	forward Loss:1.7125;2.892	 backward Loss:3.4314;2.2322	 Sentiment Loss:2.3581	Valence Loss:0.0747	 Arousal Loss:0.0646	
[2025-11-20 04:56:20,780][run_task2&3_trainer_multilingual.py][line:1284][INFO] Epoch:[1/1]	 Batch:[1990/2792.0]	 Loss Sum:14.353	forward Loss:2.719;2.1901	 backward Loss:1.9747;6.1801	 Sentiment Loss:1.0907	Valence Loss:0.1584	 Arousal Loss:0.8336	
[2025-11-20 04:56:24,362][run_task2&3_trainer_multilingual.py][line:1284][INFO] Epoch:[1/1]	 Batch:[2000/2792.0]	 Loss Sum:8.9526	forward Loss:6.4926;0.3645	 backward Loss:1.6429;0.3227	 Sentiment Loss:0.0088	Valence Loss:0.2068	 Arousal Loss:0.3981	
[2025-11-20 04:56:27,943][run_task2&3_trainer_multilingual.py][line:1284][INFO] Epoch:[1/1]	 Batch:[2010/2792.0]	 Loss Sum:16.7701	forward Loss:5.9091;1.3386	 backward Loss:1.9965;7.0379	 Sentiment Loss:0.3762	Valence Loss:0.2202	 Arousal Loss:0.3388	
[2025-11-20 04:56:31,523][run_task2&3_trainer_multilingual.py][line:1284][INFO] Epoch:[1/1]	 Batch:[2020/2792.0]	 Loss Sum:28.6783	forward Loss:2.8255;11.1243	 backward Loss:9.3283;4.3932	 Sentiment Loss:0.9593	Valence Loss:0.2097	 Arousal Loss:0.0286	
[2025-11-20 04:56:35,101][run_task2&3_trainer_multilingual.py][line:1284][INFO] Epoch:[1/1]	 Batch:[2030/2792.0]	 Loss Sum:12.6444	forward Loss:1.8842;1.6515	 backward Loss:7.5657;0.8488	 Sentiment Loss:0.0625	Valence Loss:2.1979	 Arousal Loss:0.9603	
[2025-11-20 04:56:38,675][run_task2&3_trainer_multilingual.py][line:1284][INFO] Epoch:[1/1]	 Batch:[2040/2792.0]	 Loss Sum:10.2691	forward Loss:0.6025;3.069	 backward Loss:1.1226;0.9898	 Sentiment Loss:3.9586	Valence Loss:0.9191	 Arousal Loss:1.7144	
[2025-11-20 04:56:42,256][run_task2&3_trainer_multilingual.py][line:1284][INFO] Epoch:[1/1]	 Batch:[2050/2792.0]	 Loss Sum:29.8268	forward Loss:7.0878;4.4592	 backward Loss:9.8964;5.0167	 Sentiment Loss:3.0374	Valence Loss:0.962	 Arousal Loss:0.6844	
[2025-11-20 04:56:45,835][run_task2&3_trainer_multilingual.py][line:1284][INFO] Epoch:[1/1]	 Batch:[2060/2792.0]	 Loss Sum:14.0317	forward Loss:6.803;1.4808	 backward Loss:3.6881;1.9172	 Sentiment Loss:0.0558	Valence Loss:0.1292	 Arousal Loss:0.305	
[2025-11-20 04:56:49,420][run_task2&3_trainer_multilingual.py][line:1284][INFO] Epoch:[1/1]	 Batch:[2070/2792.0]	 Loss Sum:16.1177	forward Loss:5.7307;1.7657	 backward Loss:2.7715;3.1073	 Sentiment Loss:2.3808	Valence Loss:1.6169	 Arousal Loss:0.1908	
[2025-11-20 04:56:52,996][run_task2&3_trainer_multilingual.py][line:1284][INFO] Epoch:[1/1]	 Batch:[2080/2792.0]	 Loss Sum:15.1579	forward Loss:3.3642;4.1447	 backward Loss:3.4195;1.5816	 Sentiment Loss:2.394	Valence Loss:0.2816	 Arousal Loss:0.9876	
[2025-11-20 04:56:56,574][run_task2&3_trainer_multilingual.py][line:1284][INFO] Epoch:[1/1]	 Batch:[2090/2792.0]	 Loss Sum:11.5174	forward Loss:4.2774;1.6676	 backward Loss:2.9127;2.2969	 Sentiment Loss:0.2584	Valence Loss:0.2746	 Arousal Loss:0.2473	
[2025-11-20 04:57:00,160][run_task2&3_trainer_multilingual.py][line:1284][INFO] Epoch:[1/1]	 Batch:[2100/2792.0]	 Loss Sum:26.1902	forward Loss:10.6759;3.9918	 backward Loss:4.4511;3.5329	 Sentiment Loss:3.504	Valence Loss:0.1067	 Arousal Loss:0.0663	
[2025-11-20 04:57:03,740][run_task2&3_trainer_multilingual.py][line:1284][INFO] Epoch:[1/1]	 Batch:[2110/2792.0]	 Loss Sum:11.8616	forward Loss:2.3174;0.3644	 backward Loss:0.3522;2.255	 Sentiment Loss:6.5206	Valence Loss:0.1446	 Arousal Loss:0.1161	
[2025-11-20 04:57:07,320][run_task2&3_trainer_multilingual.py][line:1284][INFO] Epoch:[1/1]	 Batch:[2120/2792.0]	 Loss Sum:16.6859	forward Loss:3.3936;3.977	 backward Loss:6.1081;2.1805	 Sentiment Loss:0.9685	Valence Loss:0.063	 Arousal Loss:0.2276	
[2025-11-20 04:57:10,904][run_task2&3_trainer_multilingual.py][line:1284][INFO] Epoch:[1/1]	 Batch:[2130/2792.0]	 Loss Sum:2.6134	forward Loss:0.7246;0.467	 backward Loss:0.4398;0.6253	 Sentiment Loss:0.2275	Valence Loss:0.4192	 Arousal Loss:0.2273	
[2025-11-20 04:57:14,488][run_task2&3_trainer_multilingual.py][line:1284][INFO] Epoch:[1/1]	 Batch:[2140/2792.0]	 Loss Sum:27.4903	forward Loss:10.6837;2.6288	 backward Loss:8.5145;5.2015	 Sentiment Loss:0.2337	Valence Loss:0.3395	 Arousal Loss:0.8015	
[2025-11-20 04:57:18,063][run_task2&3_trainer_multilingual.py][line:1284][INFO] Epoch:[1/1]	 Batch:[2150/2792.0]	 Loss Sum:7.4418	forward Loss:1.9006;1.1325	 backward Loss:3.0347;1.2897	 Sentiment Loss:0.036	Valence Loss:0.1861	 Arousal Loss:0.0554	
[2025-11-20 04:57:21,640][run_task2&3_trainer_multilingual.py][line:1284][INFO] Epoch:[1/1]	 Batch:[2160/2792.0]	 Loss Sum:15.4091	forward Loss:0.4604;4.394	 backward Loss:5.3767;0.779	 Sentiment Loss:4.063	Valence Loss:1.2816	 Arousal Loss:0.3993	
[2025-11-20 04:57:25,226][run_task2&3_trainer_multilingual.py][line:1284][INFO] Epoch:[1/1]	 Batch:[2170/2792.0]	 Loss Sum:19.6407	forward Loss:1.5912;6.1226	 backward Loss:7.7722;1.8173	 Sentiment Loss:1.5235	Valence Loss:2.3806	 Arousal Loss:1.6886	
[2025-11-20 04:57:28,807][run_task2&3_trainer_multilingual.py][line:1284][INFO] Epoch:[1/1]	 Batch:[2180/2792.0]	 Loss Sum:28.3253	forward Loss:1.7007;11.4053	 backward Loss:12.3458;2.2056	 Sentiment Loss:0.5738	Valence Loss:0.127	 Arousal Loss:0.344	
[2025-11-20 04:57:32,386][run_task2&3_trainer_multilingual.py][line:1284][INFO] Epoch:[1/1]	 Batch:[2190/2792.0]	 Loss Sum:15.4988	forward Loss:0.479;8.3033	 backward Loss:5.0748;0.6196	 Sentiment Loss:0.5738	Valence Loss:0.1427	 Arousal Loss:2.0987	
[2025-11-20 04:57:35,969][run_task2&3_trainer_multilingual.py][line:1284][INFO] Epoch:[1/1]	 Batch:[2200/2792.0]	 Loss Sum:20.3649	forward Loss:5.2551;2.6165	 backward Loss:8.9483;3.362	 Sentiment Loss:0.0975	Valence Loss:0.1631	 Arousal Loss:0.2643	
[2025-11-20 04:57:39,542][run_task2&3_trainer_multilingual.py][line:1284][INFO] Epoch:[1/1]	 Batch:[2210/2792.0]	 Loss Sum:41.6373	forward Loss:8.281;9.1608	 backward Loss:17.9582;2.5715	 Sentiment Loss:3.3966	Valence Loss:0.7765	 Arousal Loss:0.5694	
[2025-11-20 04:57:43,120][run_task2&3_trainer_multilingual.py][line:1284][INFO] Epoch:[1/1]	 Batch:[2220/2792.0]	 Loss Sum:8.2297	forward Loss:1.399;1.8389	 backward Loss:3.2823;0.8906	 Sentiment Loss:0.3478	Valence Loss:1.5282	 Arousal Loss:0.8269	
[2025-11-20 04:57:46,694][run_task2&3_trainer_multilingual.py][line:1284][INFO] Epoch:[1/1]	 Batch:[2230/2792.0]	 Loss Sum:10.6521	forward Loss:0.9472;3.3072	 backward Loss:4.3291;0.7419	 Sentiment Loss:0.585	Valence Loss:3.3185	 Arousal Loss:0.3906	
[2025-11-20 04:57:50,275][run_task2&3_trainer_multilingual.py][line:1284][INFO] Epoch:[1/1]	 Batch:[2240/2792.0]	 Loss Sum:8.5621	forward Loss:1.0404;1.2621	 backward Loss:0.8116;1.49	 Sentiment Loss:2.3947	Valence Loss:5.872	 Arousal Loss:1.9444	
[2025-11-20 04:57:53,856][run_task2&3_trainer_multilingual.py][line:1284][INFO] Epoch:[1/1]	 Batch:[2250/2792.0]	 Loss Sum:7.8088	forward Loss:1.9225;1.618	 backward Loss:2.5974;1.531	 Sentiment Loss:0.0893	Valence Loss:0.1023	 Arousal Loss:0.1509	
[2025-11-20 04:57:57,437][run_task2&3_trainer_multilingual.py][line:1284][INFO] Epoch:[1/1]	 Batch:[2260/2792.0]	 Loss Sum:15.9557	forward Loss:3.5125;2.0674	 backward Loss:6.6733;1.1568	 Sentiment Loss:2.4714	Valence Loss:0.193	 Arousal Loss:0.1786	
[2025-11-20 04:58:01,011][run_task2&3_trainer_multilingual.py][line:1284][INFO] Epoch:[1/1]	 Batch:[2270/2792.0]	 Loss Sum:12.1094	forward Loss:2.1821;3.5312	 backward Loss:2.8067;2.8833	 Sentiment Loss:0.5477	Valence Loss:0.4011	 Arousal Loss:0.3909	
[2025-11-20 04:58:04,589][run_task2&3_trainer_multilingual.py][line:1284][INFO] Epoch:[1/1]	 Batch:[2280/2792.0]	 Loss Sum:8.9613	forward Loss:2.0412;2.3818	 backward Loss:2.2903;0.2361	 Sentiment Loss:1.941	Valence Loss:0.1565	 Arousal Loss:0.198	
[2025-11-20 04:58:08,166][run_task2&3_trainer_multilingual.py][line:1284][INFO] Epoch:[1/1]	 Batch:[2290/2792.0]	 Loss Sum:22.4937	forward Loss:2.4841;5.6845	 backward Loss:9.6223;1.7263	 Sentiment Loss:2.9137	Valence Loss:0.2258	 Arousal Loss:0.0887	
[2025-11-20 04:58:11,756][run_task2&3_trainer_multilingual.py][line:1284][INFO] Epoch:[1/1]	 Batch:[2300/2792.0]	 Loss Sum:20.4482	forward Loss:5.6225;2.9918	 backward Loss:8.335;2.7132	 Sentiment Loss:0.6694	Valence Loss:0.1026	 Arousal Loss:0.4789	
[2025-11-20 04:58:15,329][run_task2&3_trainer_multilingual.py][line:1284][INFO] Epoch:[1/1]	 Batch:[2310/2792.0]	 Loss Sum:11.9699	forward Loss:3.2165;2.0521	 backward Loss:4.3316;2.1867	 Sentiment Loss:0.0817	Valence Loss:0.2749	 Arousal Loss:0.232	
[2025-11-20 04:58:18,903][run_task2&3_trainer_multilingual.py][line:1284][INFO] Epoch:[1/1]	 Batch:[2320/2792.0]	 Loss Sum:14.9934	forward Loss:2.4177;3.6444	 backward Loss:3.2039;2.9621	 Sentiment Loss:2.5661	Valence Loss:0.762	 Arousal Loss:0.2343	
[2025-11-20 04:58:22,479][run_task2&3_trainer_multilingual.py][line:1284][INFO] Epoch:[1/1]	 Batch:[2330/2792.0]	 Loss Sum:21.1336	forward Loss:5.8386;2.6946	 backward Loss:3.2787;7.6518	 Sentiment Loss:1.428	Valence Loss:0.7315	 Arousal Loss:0.4778	
[2025-11-20 04:58:26,059][run_task2&3_trainer_multilingual.py][line:1284][INFO] Epoch:[1/1]	 Batch:[2340/2792.0]	 Loss Sum:20.1978	forward Loss:2.4864;5.225	 backward Loss:10.0595;1.5111	 Sentiment Loss:0.8155	Valence Loss:0.3027	 Arousal Loss:0.1991	
[2025-11-20 04:58:29,637][run_task2&3_trainer_multilingual.py][line:1284][INFO] Epoch:[1/1]	 Batch:[2350/2792.0]	 Loss Sum:5.9015	forward Loss:0.2846;0.3895	 backward Loss:0.8249;0.3858	 Sentiment Loss:3.8154	Valence Loss:0.5826	 Arousal Loss:0.4241	
[2025-11-20 04:58:33,219][run_task2&3_trainer_multilingual.py][line:1284][INFO] Epoch:[1/1]	 Batch:[2360/2792.0]	 Loss Sum:16.2271	forward Loss:2.8418;3.1465	 backward Loss:2.8113;2.4731	 Sentiment Loss:4.8819	Valence Loss:0.2938	 Arousal Loss:0.0691	
[2025-11-20 04:58:36,799][run_task2&3_trainer_multilingual.py][line:1284][INFO] Epoch:[1/1]	 Batch:[2370/2792.0]	 Loss Sum:16.8687	forward Loss:1.3164;7.5984	 backward Loss:5.528;1.7138	 Sentiment Loss:0.4118	Valence Loss:0.5372	 Arousal Loss:0.9635	
[2025-11-20 04:58:40,381][run_task2&3_trainer_multilingual.py][line:1284][INFO] Epoch:[1/1]	 Batch:[2380/2792.0]	 Loss Sum:3.2401	forward Loss:0.231;0.9073	 backward Loss:1.1083;0.3816	 Sentiment Loss:0.5523	Valence Loss:0.06	 Arousal Loss:0.2382	
[2025-11-20 04:58:43,957][run_task2&3_trainer_multilingual.py][line:1284][INFO] Epoch:[1/1]	 Batch:[2390/2792.0]	 Loss Sum:27.3431	forward Loss:1.9308;2.7988	 backward Loss:18.1302;0.513	 Sentiment Loss:3.7308	Valence Loss:1.1052	 Arousal Loss:0.0922	
[2025-11-20 04:58:47,529][run_task2&3_trainer_multilingual.py][line:1284][INFO] Epoch:[1/1]	 Batch:[2400/2792.0]	 Loss Sum:7.6821	forward Loss:3.0936;0.6431	 backward Loss:1.6223;1.5882	 Sentiment Loss:0.6639	Valence Loss:0.1579	 Arousal Loss:0.1965	
[2025-11-20 04:58:51,109][run_task2&3_trainer_multilingual.py][line:1284][INFO] Epoch:[1/1]	 Batch:[2410/2792.0]	 Loss Sum:21.6637	forward Loss:7.0249;1.5419	 backward Loss:7.4811;5.4145	 Sentiment Loss:0.1053	Valence Loss:0.4045	 Arousal Loss:0.075	
[2025-11-20 04:58:54,686][run_task2&3_trainer_multilingual.py][line:1284][INFO] Epoch:[1/1]	 Batch:[2420/2792.0]	 Loss Sum:10.9263	forward Loss:3.415;1.505	 backward Loss:3.7892;1.2928	 Sentiment Loss:0.1094	Valence Loss:3.869	 Arousal Loss:0.2057	
[2025-11-20 04:58:58,267][run_task2&3_trainer_multilingual.py][line:1284][INFO] Epoch:[1/1]	 Batch:[2430/2792.0]	 Loss Sum:15.111	forward Loss:5.3494;0.7231	 backward Loss:3.5193;3.2999	 Sentiment Loss:2.1	Valence Loss:0.4157	 Arousal Loss:0.1809	
[2025-11-20 04:59:01,842][run_task2&3_trainer_multilingual.py][line:1284][INFO] Epoch:[1/1]	 Batch:[2440/2792.0]	 Loss Sum:1.7167	forward Loss:0.2094;0.3794	 backward Loss:0.68;0.3	 Sentiment Loss:0.107	Valence Loss:0.176	 Arousal Loss:0.0285	
[2025-11-20 04:59:05,423][run_task2&3_trainer_multilingual.py][line:1284][INFO] Epoch:[1/1]	 Batch:[2450/2792.0]	 Loss Sum:53.5738	forward Loss:11.5718;13.0513	 backward Loss:16.5087;12.0336	 Sentiment Loss:0.2109	Valence Loss:0.8527	 Arousal Loss:0.1354	
[2025-11-20 04:59:08,996][run_task2&3_trainer_multilingual.py][line:1284][INFO] Epoch:[1/1]	 Batch:[2460/2792.0]	 Loss Sum:1.6421	forward Loss:0.0717;0.3411	 backward Loss:0.9182;0.1883	 Sentiment Loss:0.0642	Valence Loss:0.1368	 Arousal Loss:0.1561	
[2025-11-20 04:59:12,571][run_task2&3_trainer_multilingual.py][line:1284][INFO] Epoch:[1/1]	 Batch:[2470/2792.0]	 Loss Sum:10.0284	forward Loss:0.3188;3.6943	 backward Loss:5.0394;0.3352	 Sentiment Loss:0.3383	Valence Loss:1.3715	 Arousal Loss:0.141	
[2025-11-20 04:59:16,149][run_task2&3_trainer_multilingual.py][line:1284][INFO] Epoch:[1/1]	 Batch:[2480/2792.0]	 Loss Sum:16.2981	forward Loss:1.6191;4.6379	 backward Loss:3.505;6.4041	 Sentiment Loss:0.0456	Valence Loss:0.274	 Arousal Loss:0.1584	
[2025-11-20 04:59:19,727][run_task2&3_trainer_multilingual.py][line:1284][INFO] Epoch:[1/1]	 Batch:[2490/2792.0]	 Loss Sum:13.3664	forward Loss:2.3472;2.3807	 backward Loss:5.4272;1.0153	 Sentiment Loss:1.8275	Valence Loss:1.3636	 Arousal Loss:0.4786	
[2025-11-20 04:59:23,304][run_task2&3_trainer_multilingual.py][line:1284][INFO] Epoch:[1/1]	 Batch:[2500/2792.0]	 Loss Sum:13.3022	forward Loss:2.0176;3.7953	 backward Loss:4.4352;2.2295	 Sentiment Loss:0.6442	Valence Loss:0.7204	 Arousal Loss:0.1812	
[2025-11-20 04:59:26,886][run_task2&3_trainer_multilingual.py][line:1284][INFO] Epoch:[1/1]	 Batch:[2510/2792.0]	 Loss Sum:46.668	forward Loss:8.9693;7.3034	 backward Loss:9.2066;20.6279	 Sentiment Loss:0.3027	Valence Loss:0.7727	 Arousal Loss:0.5169	
[2025-11-20 04:59:30,468][run_task2&3_trainer_multilingual.py][line:1284][INFO] Epoch:[1/1]	 Batch:[2520/2792.0]	 Loss Sum:11.6531	forward Loss:3.5342;3.1629	 backward Loss:2.1542;2.0093	 Sentiment Loss:0.751	Valence Loss:0.1266	 Arousal Loss:0.0812	
[2025-11-20 04:59:34,042][run_task2&3_trainer_multilingual.py][line:1284][INFO] Epoch:[1/1]	 Batch:[2530/2792.0]	 Loss Sum:25.2219	forward Loss:6.5537;2.6056	 backward Loss:11.5052;4.0127	 Sentiment Loss:0.4326	Valence Loss:0.5226	 Arousal Loss:0.0379	
[2025-11-20 04:59:37,618][run_task2&3_trainer_multilingual.py][line:1284][INFO] Epoch:[1/1]	 Batch:[2540/2792.0]	 Loss Sum:14.7171	forward Loss:5.4605;0.6273	 backward Loss:1.2593;3.742	 Sentiment Loss:3.152	Valence Loss:2.217	 Arousal Loss:0.1633	
[2025-11-20 04:59:41,195][run_task2&3_trainer_multilingual.py][line:1284][INFO] Epoch:[1/1]	 Batch:[2550/2792.0]	 Loss Sum:8.4891	forward Loss:1.2094;2.7389	 backward Loss:3.3648;0.9692	 Sentiment Loss:0.119	Valence Loss:0.1058	 Arousal Loss:0.3333	
[2025-11-20 04:59:44,777][run_task2&3_trainer_multilingual.py][line:1284][INFO] Epoch:[1/1]	 Batch:[2560/2792.0]	 Loss Sum:5.4065	forward Loss:0.2755;1.7371	 backward Loss:3.0428;0.0677	 Sentiment Loss:0.247	Valence Loss:0.1482	 Arousal Loss:0.0344	
[2025-11-20 04:59:48,354][run_task2&3_trainer_multilingual.py][line:1284][INFO] Epoch:[1/1]	 Batch:[2570/2792.0]	 Loss Sum:4.8079	forward Loss:1.6554;1.3289	 backward Loss:1.1383;0.6286	 Sentiment Loss:0.0196	Valence Loss:0.1067	 Arousal Loss:0.0789	
[2025-11-20 04:59:51,934][run_task2&3_trainer_multilingual.py][line:1284][INFO] Epoch:[1/1]	 Batch:[2580/2792.0]	 Loss Sum:9.179	forward Loss:1.0634;4.2286	 backward Loss:2.1046;1.4652	 Sentiment Loss:0.272	Valence Loss:0.1447	 Arousal Loss:0.0814	
[2025-11-20 04:59:55,516][run_task2&3_trainer_multilingual.py][line:1284][INFO] Epoch:[1/1]	 Batch:[2590/2792.0]	 Loss Sum:19.302	forward Loss:1.3905;5.1751	 backward Loss:10.1848;1.7892	 Sentiment Loss:0.6469	Valence Loss:0.3868	 Arousal Loss:0.1912	
[2025-11-20 04:59:59,092][run_task2&3_trainer_multilingual.py][line:1284][INFO] Epoch:[1/1]	 Batch:[2600/2792.0]	 Loss Sum:3.3528	forward Loss:0.1447;1.8988	 backward Loss:0.6926;0.1755	 Sentiment Loss:0.0906	Valence Loss:0.4047	 Arousal Loss:1.3481	
[2025-11-20 05:00:02,670][run_task2&3_trainer_multilingual.py][line:1284][INFO] Epoch:[1/1]	 Batch:[2610/2792.0]	 Loss Sum:21.599	forward Loss:3.4539;3.2372	 backward Loss:9.4368;2.267	 Sentiment Loss:2.6292	Valence Loss:0.7883	 Arousal Loss:2.086	
[2025-11-20 05:00:06,253][run_task2&3_trainer_multilingual.py][line:1284][INFO] Epoch:[1/1]	 Batch:[2620/2792.0]	 Loss Sum:13.1103	forward Loss:1.5559;4.1148	 backward Loss:6.901;0.4341	 Sentiment Loss:0.012	Valence Loss:0.1765	 Arousal Loss:0.2863	
[2025-11-20 05:00:09,832][run_task2&3_trainer_multilingual.py][line:1284][INFO] Epoch:[1/1]	 Batch:[2630/2792.0]	 Loss Sum:8.2154	forward Loss:1.3283;2.1042	 backward Loss:3.9478;0.612	 Sentiment Loss:0.1708	Valence Loss:0.1124	 Arousal Loss:0.1492	
[2025-11-20 05:00:13,407][run_task2&3_trainer_multilingual.py][line:1284][INFO] Epoch:[1/1]	 Batch:[2640/2792.0]	 Loss Sum:5.379	forward Loss:0.5422;0.6659	 backward Loss:0.6639;0.3256	 Sentiment Loss:3.1426	Valence Loss:0.1666	 Arousal Loss:0.0277	
[2025-11-20 05:00:16,984][run_task2&3_trainer_multilingual.py][line:1284][INFO] Epoch:[1/1]	 Batch:[2650/2792.0]	 Loss Sum:21.638	forward Loss:5.4958;4.5601	 backward Loss:5.4983;4.9014	 Sentiment Loss:1.1408	Valence Loss:0.1295	 Arousal Loss:0.0781	
[2025-11-20 05:00:20,564][run_task2&3_trainer_multilingual.py][line:1284][INFO] Epoch:[1/1]	 Batch:[2660/2792.0]	 Loss Sum:11.6111	forward Loss:2.4186;1.3845	 backward Loss:3.1097;2.7286	 Sentiment Loss:1.8718	Valence Loss:0.3424	 Arousal Loss:0.1471	
[2025-11-20 05:00:24,146][run_task2&3_trainer_multilingual.py][line:1284][INFO] Epoch:[1/1]	 Batch:[2670/2792.0]	 Loss Sum:18.8264	forward Loss:0.366;5.7708	 backward Loss:3.8609;0.8659	 Sentiment Loss:7.8709	Valence Loss:0.4082	 Arousal Loss:0.0511	
[2025-11-20 05:00:27,728][run_task2&3_trainer_multilingual.py][line:1284][INFO] Epoch:[1/1]	 Batch:[2680/2792.0]	 Loss Sum:13.8789	forward Loss:1.631;2.5495	 backward Loss:6.4597;1.9532	 Sentiment Loss:1.2591	Valence Loss:0.0669	 Arousal Loss:0.0649	
[2025-11-20 05:00:31,309][run_task2&3_trainer_multilingual.py][line:1284][INFO] Epoch:[1/1]	 Batch:[2690/2792.0]	 Loss Sum:3.5667	forward Loss:0.1901;0.8472	 backward Loss:1.8627;0.4218	 Sentiment Loss:0.0225	Valence Loss:0.1945	 Arousal Loss:0.9177	
[2025-11-20 05:00:34,890][run_task2&3_trainer_multilingual.py][line:1284][INFO] Epoch:[1/1]	 Batch:[2700/2792.0]	 Loss Sum:9.221	forward Loss:1.7558;1.7659	 backward Loss:2.3594;2.0301	 Sentiment Loss:1.2808	Valence Loss:0.0704	 Arousal Loss:0.0743	
[2025-11-20 05:00:38,475][run_task2&3_trainer_multilingual.py][line:1284][INFO] Epoch:[1/1]	 Batch:[2710/2792.0]	 Loss Sum:26.2909	forward Loss:7.0523;6.1074	 backward Loss:6.549;6.3164	 Sentiment Loss:0.0609	Valence Loss:0.0489	 Arousal Loss:0.9756	
[2025-11-20 05:00:42,054][run_task2&3_trainer_multilingual.py][line:1284][INFO] Epoch:[1/1]	 Batch:[2720/2792.0]	 Loss Sum:1.3183	forward Loss:0.0958;0.5593	 backward Loss:0.2615;0.0934	 Sentiment Loss:0.1691	Valence Loss:0.2691	 Arousal Loss:0.4269	
[2025-11-20 05:00:45,633][run_task2&3_trainer_multilingual.py][line:1284][INFO] Epoch:[1/1]	 Batch:[2730/2792.0]	 Loss Sum:18.9494	forward Loss:0.7034;5.3132	 backward Loss:5.5682;1.7874	 Sentiment Loss:5.4754	Valence Loss:0.264	 Arousal Loss:0.2446	
[2025-11-20 05:00:49,210][run_task2&3_trainer_multilingual.py][line:1284][INFO] Epoch:[1/1]	 Batch:[2740/2792.0]	 Loss Sum:17.1119	forward Loss:4.6754;2.1766	 backward Loss:6.9897;2.3513	 Sentiment Loss:0.8488	Valence Loss:0.1901	 Arousal Loss:0.1609	
[2025-11-20 05:00:52,788][run_task2&3_trainer_multilingual.py][line:1284][INFO] Epoch:[1/1]	 Batch:[2750/2792.0]	 Loss Sum:10.9928	forward Loss:1.4531;3.2919	 backward Loss:3.9728;1.9888	 Sentiment Loss:0.2519	Valence Loss:0.09	 Arousal Loss:0.0815	
[2025-11-20 05:00:56,370][run_task2&3_trainer_multilingual.py][line:1284][INFO] Epoch:[1/1]	 Batch:[2760/2792.0]	 Loss Sum:7.7444	forward Loss:1.4431;0.7248	 backward Loss:4.6686;0.8177	 Sentiment Loss:0.0602	Valence Loss:0.0728	 Arousal Loss:0.077	
[2025-11-20 05:00:59,947][run_task2&3_trainer_multilingual.py][line:1284][INFO] Epoch:[1/1]	 Batch:[2770/2792.0]	 Loss Sum:6.4961	forward Loss:0.4077;1.2518	 backward Loss:3.1773;0.4773	 Sentiment Loss:1.0983	Valence Loss:0.1168	 Arousal Loss:0.3022	
[2025-11-20 05:01:03,521][run_task2&3_trainer_multilingual.py][line:1284][INFO] Epoch:[1/1]	 Batch:[2780/2792.0]	 Loss Sum:24.3472	forward Loss:8.1971;3.4758	 backward Loss:5.7118;6.477	 Sentiment Loss:0.0226	Valence Loss:1.1994	 Arousal Loss:1.115	
[2025-11-20 05:01:07,099][run_task2&3_trainer_multilingual.py][line:1284][INFO] Epoch:[1/1]	 Batch:[2790/2792.0]	 Loss Sum:43.1108	forward Loss:8.9916;2.525	 backward Loss:7.4826;11.5869	 Sentiment Loss:12.4241	Valence Loss:0.466	 Arousal Loss:0.0365	
[2025-11-20 05:01:07,802][run_task2&3_trainer_multilingual.py][line:1296][INFO] dev
[2025-11-20 05:01:35,563][run_task2&3_trainer_multilingual.py][line:578][INFO] Triplet - Precision: 0.4026315785941828	Recall: 0.34279312894488934	F1: 0.3703101120404696
[2025-11-20 05:01:35,563][run_task2&3_trainer_multilingual.py][line:583][INFO] Aspect - Precision: 0.7699293635015849	Recall: 0.6675415567213109	F1: 0.7150885365435186
[2025-11-20 05:01:35,563][run_task2&3_trainer_multilingual.py][line:588][INFO] Opinion - Precision: 0.6725941415558638	Recall: 0.5156375296586707	F1: 0.5837489407866024
[2025-11-20 05:01:35,563][run_task2&3_trainer_multilingual.py][line:594][INFO] Aspect-Category - Precision: 0.5440074901273337	Recall: 0.465544871421839	F1: 0.5017266183041903
[2025-11-20 05:01:35,563][run_task2&3_trainer_multilingual.py][line:602][INFO] Aspect-Opinion - Precision: 0.5228070170852569	Recall: 0.44510828943606545	F1: 0.4808385508377923
[2025-11-20 05:01:35,564][run_task2&3_trainer_multilingual.py][line:1302][INFO] Model saved after epoch 1
[2025-11-20 05:01:36,484][run_task2&3_trainer_multilingual.py][line:1313][INFO] loading model......
[2025-11-20 05:01:37,142][run_task2&3_trainer_multilingual.py][line:1316][INFO] inference......
