[2025-11-19 16:59:19,882][_client.py][line:1025][INFO] HTTP Request: HEAD https://huggingface.co/bert-base-multilingual-cased/resolve/main/tokenizer_config.json "HTTP/1.1 200 OK"
[2025-11-19 16:59:20,067][_client.py][line:1025][INFO] HTTP Request: GET https://huggingface.co/api/models/bert-base-multilingual-cased/tree/main/additional_chat_templates?recursive=false&expand=false "HTTP/1.1 307 Temporary Redirect"
[2025-11-19 16:59:20,268][_client.py][line:1025][INFO] HTTP Request: GET https://huggingface.co/api/models/google-bert/bert-base-multilingual-cased/tree/main/additional_chat_templates?recursive=false&expand=false "HTTP/1.1 404 Not Found"
[2025-11-19 16:59:20,822][run_task2&3_trainer_multilingual.py][line:1127][INFO] initial optimizer......
[2025-11-19 16:59:20,823][run_task2&3_trainer_multilingual.py][line:1145][INFO] New model and optimizer from epoch 1
[2025-11-19 16:59:20,823][run_task2&3_trainer_multilingual.py][line:1154][INFO] begin training......
[2025-11-19 16:59:25,243][run_task2&3_trainer_multilingual.py][line:1284][INFO] Epoch:[1/1]	 Batch:[10/2792.0]	 Loss Sum:76.5732	forward Loss:13.0651;15.9511	 backward Loss:16.3054;10.9468	 Sentiment Loss:5.4827	Valence Loss:42.4778	 Arousal Loss:31.633	
[2025-11-19 16:59:29,436][run_task2&3_trainer_multilingual.py][line:1284][INFO] Epoch:[1/1]	 Batch:[20/2792.0]	 Loss Sum:149.8646	forward Loss:29.7602;36.5232	 backward Loss:34.9325;30.0816	 Sentiment Loss:6.0601	Valence Loss:35.4869	 Arousal Loss:27.0478	
[2025-11-19 16:59:33,638][run_task2&3_trainer_multilingual.py][line:1284][INFO] Epoch:[1/1]	 Batch:[30/2792.0]	 Loss Sum:64.01	forward Loss:13.2447;11.9655	 backward Loss:12.9901;9.5787	 Sentiment Loss:5.2549	Valence Loss:12.1769	 Arousal Loss:42.7038	
[2025-11-19 16:59:37,833][run_task2&3_trainer_multilingual.py][line:1284][INFO] Epoch:[1/1]	 Batch:[40/2792.0]	 Loss Sum:45.6301	forward Loss:6.4081;8.2051	 backward Loss:8.9976;7.1607	 Sentiment Loss:5.3778	Valence Loss:17.0962	 Arousal Loss:30.3081	
[2025-11-19 16:59:42,030][run_task2&3_trainer_multilingual.py][line:1284][INFO] Epoch:[1/1]	 Batch:[50/2792.0]	 Loss Sum:73.8976	forward Loss:16.2157;13.5524	 backward Loss:18.7585;12.4563	 Sentiment Loss:5.1987	Valence Loss:15.8883	 Arousal Loss:22.6909	
[2025-11-19 16:59:46,229][run_task2&3_trainer_multilingual.py][line:1284][INFO] Epoch:[1/1]	 Batch:[60/2792.0]	 Loss Sum:54.9996	forward Loss:9.8731;10.3698	 backward Loss:9.5091;10.7479	 Sentiment Loss:6.0948	Valence Loss:23.647	 Arousal Loss:18.3778	
[2025-11-19 16:59:50,426][run_task2&3_trainer_multilingual.py][line:1284][INFO] Epoch:[1/1]	 Batch:[70/2792.0]	 Loss Sum:80.0694	forward Loss:17.7918;13.0418	 backward Loss:20.4386;11.0127	 Sentiment Loss:3.6209	Valence Loss:37.9395	 Arousal Loss:32.879	
[2025-11-19 16:59:54,628][run_task2&3_trainer_multilingual.py][line:1284][INFO] Epoch:[1/1]	 Batch:[80/2792.0]	 Loss Sum:53.2204	forward Loss:10.1913;11.7945	 backward Loss:11.0648;10.1871	 Sentiment Loss:3.2417	Valence Loss:18.1565	 Arousal Loss:15.5482	
[2025-11-19 16:59:58,830][run_task2&3_trainer_multilingual.py][line:1284][INFO] Epoch:[1/1]	 Batch:[90/2792.0]	 Loss Sum:34.1031	forward Loss:5.4088;9.2311	 backward Loss:7.7347;7.4744	 Sentiment Loss:2.6761	Valence Loss:1.4497	 Arousal Loss:6.4399	
[2025-11-19 17:00:03,027][run_task2&3_trainer_multilingual.py][line:1284][INFO] Epoch:[1/1]	 Batch:[100/2792.0]	 Loss Sum:39.5164	forward Loss:7.7272;9.256	 backward Loss:8.6962;8.9678	 Sentiment Loss:4.4213	Valence Loss:0.1489	 Arousal Loss:2.0903	
[2025-11-19 17:00:07,228][run_task2&3_trainer_multilingual.py][line:1284][INFO] Epoch:[1/1]	 Batch:[110/2792.0]	 Loss Sum:52.0243	forward Loss:16.0949;10.7419	 backward Loss:9.5121;10.2895	 Sentiment Loss:4.9655	Valence Loss:0.189	 Arousal Loss:1.9132	
[2025-11-19 17:00:11,425][run_task2&3_trainer_multilingual.py][line:1284][INFO] Epoch:[1/1]	 Batch:[120/2792.0]	 Loss Sum:31.5436	forward Loss:5.8027;8.9367	 backward Loss:7.1959;6.4485	 Sentiment Loss:2.5473	Valence Loss:2.149	 Arousal Loss:0.9137	
[2025-11-19 17:00:15,626][run_task2&3_trainer_multilingual.py][line:1284][INFO] Epoch:[1/1]	 Batch:[130/2792.0]	 Loss Sum:37.5666	forward Loss:8.7902;9.2511	 backward Loss:8.4204;7.1897	 Sentiment Loss:3.7365	Valence Loss:0.8058	 Arousal Loss:0.0875	
[2025-11-19 17:00:19,829][run_task2&3_trainer_multilingual.py][line:1284][INFO] Epoch:[1/1]	 Batch:[140/2792.0]	 Loss Sum:42.1097	forward Loss:6.0932;11.7658	 backward Loss:16.0076;5.5133	 Sentiment Loss:2.6203	Valence Loss:0.3749	 Arousal Loss:0.1725	
[2025-11-19 17:00:24,023][run_task2&3_trainer_multilingual.py][line:1284][INFO] Epoch:[1/1]	 Batch:[150/2792.0]	 Loss Sum:29.4934	forward Loss:7.2173;8.5537	 backward Loss:4.7692;7.0267	 Sentiment Loss:1.8382	Valence Loss:0.058	 Arousal Loss:0.3838	
[2025-11-19 17:00:28,227][run_task2&3_trainer_multilingual.py][line:1284][INFO] Epoch:[1/1]	 Batch:[160/2792.0]	 Loss Sum:50.3951	forward Loss:14.1805;8.5819	 backward Loss:10.8396;10.8711	 Sentiment Loss:5.8132	Valence Loss:0.4625	 Arousal Loss:0.0815	
[2025-11-19 17:00:32,428][run_task2&3_trainer_multilingual.py][line:1284][INFO] Epoch:[1/1]	 Batch:[170/2792.0]	 Loss Sum:53.6099	forward Loss:14.5062;11.4025	 backward Loss:10.7641;14.4123	 Sentiment Loss:1.8579	Valence Loss:3.2643	 Arousal Loss:0.0702	
[2025-11-19 17:00:36,623][run_task2&3_trainer_multilingual.py][line:1284][INFO] Epoch:[1/1]	 Batch:[180/2792.0]	 Loss Sum:51.0065	forward Loss:13.2202;9.8466	 backward Loss:18.9812;6.79	 Sentiment Loss:1.9036	Valence Loss:0.2763	 Arousal Loss:1.0477	
[2025-11-19 17:00:40,822][run_task2&3_trainer_multilingual.py][line:1284][INFO] Epoch:[1/1]	 Batch:[190/2792.0]	 Loss Sum:41.4853	forward Loss:6.1298;11.9251	 backward Loss:13.6632;6.1867	 Sentiment Loss:2.5879	Valence Loss:3.984	 Arousal Loss:0.9786	
[2025-11-19 17:00:45,016][run_task2&3_trainer_multilingual.py][line:1284][INFO] Epoch:[1/1]	 Batch:[200/2792.0]	 Loss Sum:21.6345	forward Loss:2.8656;5.7717	 backward Loss:5.2425;3.0957	 Sentiment Loss:4.5404	Valence Loss:0.3115	 Arousal Loss:0.2811	
[2025-11-19 17:00:49,216][run_task2&3_trainer_multilingual.py][line:1284][INFO] Epoch:[1/1]	 Batch:[210/2792.0]	 Loss Sum:26.9578	forward Loss:4.5502;8.3922	 backward Loss:9.3221;3.1392	 Sentiment Loss:1.3454	Valence Loss:0.5991	 Arousal Loss:0.4444	
[2025-11-19 17:00:53,419][run_task2&3_trainer_multilingual.py][line:1284][INFO] Epoch:[1/1]	 Batch:[220/2792.0]	 Loss Sum:25.1201	forward Loss:2.4258;9.6082	 backward Loss:8.4838;2.075	 Sentiment Loss:2.494	Valence Loss:0.0752	 Arousal Loss:0.0908	
[2025-11-19 17:00:57,616][run_task2&3_trainer_multilingual.py][line:1284][INFO] Epoch:[1/1]	 Batch:[230/2792.0]	 Loss Sum:28.9078	forward Loss:7.5807;7.347	 backward Loss:6.8745;4.8035	 Sentiment Loss:2.0366	Valence Loss:1.0072	 Arousal Loss:0.3206	
[2025-11-19 17:01:01,811][run_task2&3_trainer_multilingual.py][line:1284][INFO] Epoch:[1/1]	 Batch:[240/2792.0]	 Loss Sum:51.3695	forward Loss:10.7068;12.3918	 backward Loss:11.3387;11.801	 Sentiment Loss:4.7718	Valence Loss:0.2271	 Arousal Loss:1.57	
[2025-11-19 17:01:06,008][run_task2&3_trainer_multilingual.py][line:1284][INFO] Epoch:[1/1]	 Batch:[250/2792.0]	 Loss Sum:54.3823	forward Loss:13.562;10.7445	 backward Loss:13.9285;9.7148	 Sentiment Loss:5.1856	Valence Loss:4.6412	 Arousal Loss:1.5935	
[2025-11-19 17:01:10,203][run_task2&3_trainer_multilingual.py][line:1284][INFO] Epoch:[1/1]	 Batch:[260/2792.0]	 Loss Sum:47.1802	forward Loss:7.1989;12.2916	 backward Loss:19.6984;4.938	 Sentiment Loss:2.562	Valence Loss:2.2102	 Arousal Loss:0.2467	
[2025-11-19 17:01:14,401][run_task2&3_trainer_multilingual.py][line:1284][INFO] Epoch:[1/1]	 Batch:[270/2792.0]	 Loss Sum:40.7951	forward Loss:6.559;9.0153	 backward Loss:18.8065;5.0507	 Sentiment Loss:1.3024	Valence Loss:0.1309	 Arousal Loss:0.1756	
[2025-11-19 17:01:18,603][run_task2&3_trainer_multilingual.py][line:1284][INFO] Epoch:[1/1]	 Batch:[280/2792.0]	 Loss Sum:28.0995	forward Loss:6.8536;5.3519	 backward Loss:7.8369;3.8182	 Sentiment Loss:4.0275	Valence Loss:0.9709	 Arousal Loss:0.0865	
[2025-11-19 17:01:22,802][run_task2&3_trainer_multilingual.py][line:1284][INFO] Epoch:[1/1]	 Batch:[290/2792.0]	 Loss Sum:12.3374	forward Loss:2.468;2.7127	 backward Loss:3.1578;2.1265	 Sentiment Loss:1.4305	Valence Loss:1.9091	 Arousal Loss:0.3003	
[2025-11-19 17:01:27,007][run_task2&3_trainer_multilingual.py][line:1284][INFO] Epoch:[1/1]	 Batch:[300/2792.0]	 Loss Sum:41.8911	forward Loss:2.9359;15.8387	 backward Loss:13.1656;6.1082	 Sentiment Loss:2.0969	Valence Loss:8.5212	 Arousal Loss:0.208	
[2025-11-19 17:01:31,202][run_task2&3_trainer_multilingual.py][line:1284][INFO] Epoch:[1/1]	 Batch:[310/2792.0]	 Loss Sum:28.7793	forward Loss:3.5921;10.1698	 backward Loss:5.5243;6.1954	 Sentiment Loss:3.0951	Valence Loss:0.9041	 Arousal Loss:0.1088	
[2025-11-19 17:01:35,404][run_task2&3_trainer_multilingual.py][line:1284][INFO] Epoch:[1/1]	 Batch:[320/2792.0]	 Loss Sum:27.4994	forward Loss:4.4574;7.0851	 backward Loss:9.9247;3.9039	 Sentiment Loss:1.9536	Valence Loss:0.2668	 Arousal Loss:0.6067	
[2025-11-19 17:01:39,603][run_task2&3_trainer_multilingual.py][line:1284][INFO] Epoch:[1/1]	 Batch:[330/2792.0]	 Loss Sum:34.5589	forward Loss:5.0657;6.5702	 backward Loss:7.353;4.8396	 Sentiment Loss:10.3349	Valence Loss:1.4266	 Arousal Loss:0.5511	
[2025-11-19 17:01:43,795][run_task2&3_trainer_multilingual.py][line:1284][INFO] Epoch:[1/1]	 Batch:[340/2792.0]	 Loss Sum:16.4935	forward Loss:3.9446;2.4993	 backward Loss:2.9743;4.3899	 Sentiment Loss:2.2014	Valence Loss:2.2604	 Arousal Loss:0.1605	
[2025-11-19 17:01:47,996][run_task2&3_trainer_multilingual.py][line:1284][INFO] Epoch:[1/1]	 Batch:[350/2792.0]	 Loss Sum:28.4104	forward Loss:2.9836;9.6664	 backward Loss:8.6541;3.5001	 Sentiment Loss:2.8277	Valence Loss:3.6115	 Arousal Loss:0.2811	
[2025-11-19 17:01:52,200][run_task2&3_trainer_multilingual.py][line:1284][INFO] Epoch:[1/1]	 Batch:[360/2792.0]	 Loss Sum:25.7778	forward Loss:4.8783;6.6631	 backward Loss:7.4994;3.3449	 Sentiment Loss:3.1748	Valence Loss:0.8982	 Arousal Loss:0.1883	
[2025-11-19 17:01:56,396][run_task2&3_trainer_multilingual.py][line:1284][INFO] Epoch:[1/1]	 Batch:[370/2792.0]	 Loss Sum:22.2435	forward Loss:6.5659;3.4423	 backward Loss:4.1258;3.7064	 Sentiment Loss:4.1497	Valence Loss:0.995	 Arousal Loss:0.2722	
[2025-11-19 17:02:00,592][run_task2&3_trainer_multilingual.py][line:1284][INFO] Epoch:[1/1]	 Batch:[380/2792.0]	 Loss Sum:71.7282	forward Loss:18.8945;12.7257	 backward Loss:16.6763;21.1521	 Sentiment Loss:1.8486	Valence Loss:1.4535	 Arousal Loss:0.7013	
[2025-11-19 17:02:04,790][run_task2&3_trainer_multilingual.py][line:1284][INFO] Epoch:[1/1]	 Batch:[390/2792.0]	 Loss Sum:44.3321	forward Loss:12.5413;5.6945	 backward Loss:9.9852;12.1027	 Sentiment Loss:3.6455	Valence Loss:1.7546	 Arousal Loss:0.0606	
[2025-11-19 17:02:08,987][run_task2&3_trainer_multilingual.py][line:1284][INFO] Epoch:[1/1]	 Batch:[400/2792.0]	 Loss Sum:30.5609	forward Loss:12.8812;6.366	 backward Loss:5.6196;3.8238	 Sentiment Loss:1.344	Valence Loss:1.9788	 Arousal Loss:0.6524	
[2025-11-19 17:02:13,184][run_task2&3_trainer_multilingual.py][line:1284][INFO] Epoch:[1/1]	 Batch:[410/2792.0]	 Loss Sum:31.116	forward Loss:11.9235;6.2784	 backward Loss:2.8293;7.3457	 Sentiment Loss:2.5966	Valence Loss:0.1139	 Arousal Loss:0.5991	
[2025-11-19 17:02:17,384][run_task2&3_trainer_multilingual.py][line:1284][INFO] Epoch:[1/1]	 Batch:[420/2792.0]	 Loss Sum:14.5667	forward Loss:3.426;2.832	 backward Loss:3.1137;3.3412	 Sentiment Loss:1.6337	Valence Loss:0.1763	 Arousal Loss:0.924	
[2025-11-19 17:02:21,590][run_task2&3_trainer_multilingual.py][line:1284][INFO] Epoch:[1/1]	 Batch:[430/2792.0]	 Loss Sum:12.2516	forward Loss:2.4201;1.7726	 backward Loss:2.4735;3.8645	 Sentiment Loss:1.5291	Valence Loss:0.6668	 Arousal Loss:0.292	
[2025-11-19 17:02:25,789][run_task2&3_trainer_multilingual.py][line:1284][INFO] Epoch:[1/1]	 Batch:[440/2792.0]	 Loss Sum:26.2006	forward Loss:2.9676;6.2441	 backward Loss:7.3229;4.3877	 Sentiment Loss:4.7155	Valence Loss:1.9599	 Arousal Loss:0.8545	
[2025-11-19 17:02:29,992][run_task2&3_trainer_multilingual.py][line:1284][INFO] Epoch:[1/1]	 Batch:[450/2792.0]	 Loss Sum:45.1213	forward Loss:7.7186;9.474	 backward Loss:16.1921;6.3902	 Sentiment Loss:4.6005	Valence Loss:3.4232	 Arousal Loss:0.3067	
[2025-11-19 17:02:34,187][run_task2&3_trainer_multilingual.py][line:1284][INFO] Epoch:[1/1]	 Batch:[460/2792.0]	 Loss Sum:12.7713	forward Loss:3.2534;1.5836	 backward Loss:1.374;3.7709	 Sentiment Loss:2.7134	Valence Loss:0.3014	 Arousal Loss:0.0784	
[2025-11-19 17:02:38,379][run_task2&3_trainer_multilingual.py][line:1284][INFO] Epoch:[1/1]	 Batch:[470/2792.0]	 Loss Sum:19.1302	forward Loss:1.415;6.5545	 backward Loss:6.9179;1.5246	 Sentiment Loss:2.2632	Valence Loss:1.0875	 Arousal Loss:1.1873	
[2025-11-19 17:02:42,574][run_task2&3_trainer_multilingual.py][line:1284][INFO] Epoch:[1/1]	 Batch:[480/2792.0]	 Loss Sum:11.3448	forward Loss:1.3788;3.4672	 backward Loss:2.5522;1.72	 Sentiment Loss:2.1204	Valence Loss:0.2017	 Arousal Loss:0.3296	
[2025-11-19 17:02:46,775][run_task2&3_trainer_multilingual.py][line:1284][INFO] Epoch:[1/1]	 Batch:[490/2792.0]	 Loss Sum:24.3011	forward Loss:2.5966;6.1076	 backward Loss:4.8999;4.4643	 Sentiment Loss:5.5489	Valence Loss:3.1927	 Arousal Loss:0.2262	
[2025-11-19 17:02:50,974][run_task2&3_trainer_multilingual.py][line:1284][INFO] Epoch:[1/1]	 Batch:[500/2792.0]	 Loss Sum:26.0325	forward Loss:4.0513;7.8831	 backward Loss:8.6241;3.0902	 Sentiment Loss:2.2524	Valence Loss:0.4637	 Arousal Loss:0.1931	
[2025-11-19 17:02:55,172][run_task2&3_trainer_multilingual.py][line:1284][INFO] Epoch:[1/1]	 Batch:[510/2792.0]	 Loss Sum:34.2783	forward Loss:13.1097;3.3256	 backward Loss:4.2549;4.802	 Sentiment Loss:8.686	Valence Loss:0.2555	 Arousal Loss:0.2447	
[2025-11-19 17:02:59,374][run_task2&3_trainer_multilingual.py][line:1284][INFO] Epoch:[1/1]	 Batch:[520/2792.0]	 Loss Sum:26.6286	forward Loss:0.7499;3.3323	 backward Loss:15.5534;1.2045	 Sentiment Loss:4.7697	Valence Loss:2.1076	 Arousal Loss:2.9869	
[2025-11-19 17:03:03,577][run_task2&3_trainer_multilingual.py][line:1284][INFO] Epoch:[1/1]	 Batch:[530/2792.0]	 Loss Sum:19.1448	forward Loss:4.0458;2.8762	 backward Loss:6.8257;2.2315	 Sentiment Loss:1.9919	Valence Loss:3.0036	 Arousal Loss:2.8651	
[2025-11-19 17:03:07,772][run_task2&3_trainer_multilingual.py][line:1284][INFO] Epoch:[1/1]	 Batch:[540/2792.0]	 Loss Sum:17.0668	forward Loss:2.5313;4.1897	 backward Loss:3.7986;4.2721	 Sentiment Loss:2.0855	Valence Loss:0.1089	 Arousal Loss:0.839	
[2025-11-19 17:03:11,976][run_task2&3_trainer_multilingual.py][line:1284][INFO] Epoch:[1/1]	 Batch:[550/2792.0]	 Loss Sum:19.0313	forward Loss:7.5675;2.8763	 backward Loss:1.4118;4.6981	 Sentiment Loss:2.3421	Valence Loss:0.31	 Arousal Loss:0.3671	
[2025-11-19 17:03:16,171][run_task2&3_trainer_multilingual.py][line:1284][INFO] Epoch:[1/1]	 Batch:[560/2792.0]	 Loss Sum:23.1335	forward Loss:2.1489;9.0149	 backward Loss:6.5648;2.5663	 Sentiment Loss:2.7485	Valence Loss:0.1825	 Arousal Loss:0.2683	
[2025-11-19 17:03:20,367][run_task2&3_trainer_multilingual.py][line:1284][INFO] Epoch:[1/1]	 Batch:[570/2792.0]	 Loss Sum:18.8286	forward Loss:2.4555;3.9377	 backward Loss:8.4404;1.5928	 Sentiment Loss:1.3612	Valence Loss:4.4627	 Arousal Loss:0.7428	
[2025-11-19 17:03:24,564][run_task2&3_trainer_multilingual.py][line:1284][INFO] Epoch:[1/1]	 Batch:[580/2792.0]	 Loss Sum:16.4761	forward Loss:5.241;3.2589	 backward Loss:2.6003;3.5844	 Sentiment Loss:1.5467	Valence Loss:0.5102	 Arousal Loss:0.7142	
[2025-11-19 17:03:28,767][run_task2&3_trainer_multilingual.py][line:1284][INFO] Epoch:[1/1]	 Batch:[590/2792.0]	 Loss Sum:29.0308	forward Loss:3.7787;10.7476	 backward Loss:9.2112;2.6743	 Sentiment Loss:2.3182	Valence Loss:0.3331	 Arousal Loss:1.1712	
[2025-11-19 17:03:32,965][run_task2&3_trainer_multilingual.py][line:1284][INFO] Epoch:[1/1]	 Batch:[600/2792.0]	 Loss Sum:23.2864	forward Loss:2.2963;3.0678	 backward Loss:4.2563;2.0664	 Sentiment Loss:10.4145	Valence Loss:5.4123	 Arousal Loss:0.5136	
[2025-11-19 17:03:37,159][run_task2&3_trainer_multilingual.py][line:1284][INFO] Epoch:[1/1]	 Batch:[610/2792.0]	 Loss Sum:16.0581	forward Loss:3.3427;0.634	 backward Loss:0.4539;4.1662	 Sentiment Loss:7.3919	Valence Loss:0.1942	 Arousal Loss:0.153	
[2025-11-19 17:03:41,357][run_task2&3_trainer_multilingual.py][line:1284][INFO] Epoch:[1/1]	 Batch:[620/2792.0]	 Loss Sum:37.7761	forward Loss:10.0782;5.1573	 backward Loss:13.8176;3.3844	 Sentiment Loss:4.5873	Valence Loss:3.5583	 Arousal Loss:0.1985	
[2025-11-19 17:03:45,561][run_task2&3_trainer_multilingual.py][line:1284][INFO] Epoch:[1/1]	 Batch:[630/2792.0]	 Loss Sum:41.7429	forward Loss:18.1638;5.849	 backward Loss:11.5562;4.2077	 Sentiment Loss:1.8769	Valence Loss:0.2353	 Arousal Loss:0.2107	
[2025-11-19 17:03:49,762][run_task2&3_trainer_multilingual.py][line:1284][INFO] Epoch:[1/1]	 Batch:[640/2792.0]	 Loss Sum:30.6851	forward Loss:8.5982;4.7872	 backward Loss:5.3427;7.8352	 Sentiment Loss:3.4479	Valence Loss:2.9488	 Arousal Loss:0.4209	
[2025-11-19 17:03:53,961][run_task2&3_trainer_multilingual.py][line:1284][INFO] Epoch:[1/1]	 Batch:[650/2792.0]	 Loss Sum:44.8305	forward Loss:14.7841;5.3501	 backward Loss:5.1731;13.5716	 Sentiment Loss:2.6736	Valence Loss:8.2216	 Arousal Loss:8.1677	
[2025-11-19 17:03:58,156][run_task2&3_trainer_multilingual.py][line:1284][INFO] Epoch:[1/1]	 Batch:[660/2792.0]	 Loss Sum:15.5602	forward Loss:1.1092;3.5566	 backward Loss:7.1843;1.4258	 Sentiment Loss:1.6145	Valence Loss:0.0642	 Arousal Loss:3.2847	
[2025-11-19 17:04:02,355][run_task2&3_trainer_multilingual.py][line:1284][INFO] Epoch:[1/1]	 Batch:[670/2792.0]	 Loss Sum:27.2129	forward Loss:4.256;7.1207	 backward Loss:6.7601;4.504	 Sentiment Loss:4.4276	Valence Loss:0.4245	 Arousal Loss:0.2982	
[2025-11-19 17:04:06,544][run_task2&3_trainer_multilingual.py][line:1284][INFO] Epoch:[1/1]	 Batch:[680/2792.0]	 Loss Sum:16.3882	forward Loss:4.392;3.649	 backward Loss:3.4732;3.1029	 Sentiment Loss:1.7256	Valence Loss:0.1891	 Arousal Loss:0.0386	
[2025-11-19 17:04:10,740][run_task2&3_trainer_multilingual.py][line:1284][INFO] Epoch:[1/1]	 Batch:[690/2792.0]	 Loss Sum:21.2748	forward Loss:2.3741;7.7464	 backward Loss:7.9397;0.9627	 Sentiment Loss:2.1689	Valence Loss:0.205	 Arousal Loss:0.2101	
[2025-11-19 17:04:14,941][run_task2&3_trainer_multilingual.py][line:1284][INFO] Epoch:[1/1]	 Batch:[700/2792.0]	 Loss Sum:21.3752	forward Loss:1.5126;4.0921	 backward Loss:9.6325;2.5007	 Sentiment Loss:3.5176	Valence Loss:0.2712	 Arousal Loss:0.3278	
[2025-11-19 17:04:19,151][run_task2&3_trainer_multilingual.py][line:1284][INFO] Epoch:[1/1]	 Batch:[710/2792.0]	 Loss Sum:19.6403	forward Loss:6.1941;3.0742	 backward Loss:6.0997;2.9343	 Sentiment Loss:1.2796	Valence Loss:0.0178	 Arousal Loss:0.274	
[2025-11-19 17:04:23,344][run_task2&3_trainer_multilingual.py][line:1284][INFO] Epoch:[1/1]	 Batch:[720/2792.0]	 Loss Sum:21.958	forward Loss:2.7833;2.6733	 backward Loss:9.317;4.1505	 Sentiment Loss:1.6988	Valence Loss:3.4204	 Arousal Loss:3.2551	
[2025-11-19 17:04:27,549][run_task2&3_trainer_multilingual.py][line:1284][INFO] Epoch:[1/1]	 Batch:[730/2792.0]	 Loss Sum:41.342	forward Loss:15.021;3.3177	 backward Loss:15.2365;4.8812	 Sentiment Loss:2.3909	Valence Loss:1.7928	 Arousal Loss:0.6808	
[2025-11-19 17:04:31,748][run_task2&3_trainer_multilingual.py][line:1284][INFO] Epoch:[1/1]	 Batch:[740/2792.0]	 Loss Sum:10.4564	forward Loss:1.5033;1.7214	 backward Loss:3.8674;1.6341	 Sentiment Loss:1.6744	Valence Loss:0.0703	 Arousal Loss:0.209	
[2025-11-19 17:04:35,949][run_task2&3_trainer_multilingual.py][line:1284][INFO] Epoch:[1/1]	 Batch:[750/2792.0]	 Loss Sum:20.7341	forward Loss:5.4765;2.5941	 backward Loss:7.3119;3.8316	 Sentiment Loss:1.3592	Valence Loss:0.3186	 Arousal Loss:0.4847	
[2025-11-19 17:04:40,146][run_task2&3_trainer_multilingual.py][line:1284][INFO] Epoch:[1/1]	 Batch:[760/2792.0]	 Loss Sum:15.4983	forward Loss:2.2747;3.3466	 backward Loss:6.2315;0.9542	 Sentiment Loss:2.5787	Valence Loss:0.0735	 Arousal Loss:0.4898	
[2025-11-19 17:04:44,343][run_task2&3_trainer_multilingual.py][line:1284][INFO] Epoch:[1/1]	 Batch:[770/2792.0]	 Loss Sum:19.8209	forward Loss:3.5263;4.2756	 backward Loss:4.4704;5.2568	 Sentiment Loss:2.1037	Valence Loss:0.6212	 Arousal Loss:0.3193	
[2025-11-19 17:04:48,542][run_task2&3_trainer_multilingual.py][line:1284][INFO] Epoch:[1/1]	 Batch:[780/2792.0]	 Loss Sum:15.0104	forward Loss:1.9325;4.3739	 backward Loss:4.0741;2.4809	 Sentiment Loss:2.078	Valence Loss:0.1991	 Arousal Loss:0.1555	
[2025-11-19 17:04:52,750][run_task2&3_trainer_multilingual.py][line:1284][INFO] Epoch:[1/1]	 Batch:[790/2792.0]	 Loss Sum:25.4009	forward Loss:3.9723;8.1827	 backward Loss:8.3071;2.1462	 Sentiment Loss:2.0945	Valence Loss:2.9693	 Arousal Loss:0.5217	
[2025-11-19 17:04:56,942][run_task2&3_trainer_multilingual.py][line:1284][INFO] Epoch:[1/1]	 Batch:[800/2792.0]	 Loss Sum:19.8394	forward Loss:3.9471;5.0724	 backward Loss:6.389;1.8285	 Sentiment Loss:2.4573	Valence Loss:0.6674	 Arousal Loss:0.0587	
[2025-11-19 17:05:01,138][run_task2&3_trainer_multilingual.py][line:1284][INFO] Epoch:[1/1]	 Batch:[810/2792.0]	 Loss Sum:17.7396	forward Loss:2.3189;2.6845	 backward Loss:6.9877;3.7939	 Sentiment Loss:1.487	Valence Loss:2.2941	 Arousal Loss:0.044	
[2025-11-19 17:05:05,336][run_task2&3_trainer_multilingual.py][line:1284][INFO] Epoch:[1/1]	 Batch:[820/2792.0]	 Loss Sum:37.582	forward Loss:8.6301;8.6816	 backward Loss:12.562;3.8546	 Sentiment Loss:3.3446	Valence Loss:2.408	 Arousal Loss:0.1379	
[2025-11-19 17:05:09,811][run_task2&3_trainer_multilingual.py][line:1284][INFO] Epoch:[1/1]	 Batch:[830/2792.0]	 Loss Sum:26.2387	forward Loss:7.6344;3.149	 backward Loss:8.5137;4.857	 Sentiment Loss:1.598	Valence Loss:2.1628	 Arousal Loss:0.2696	
[2025-11-19 17:05:14,004][run_task2&3_trainer_multilingual.py][line:1284][INFO] Epoch:[1/1]	 Batch:[840/2792.0]	 Loss Sum:13.3471	forward Loss:2.9751;1.5553	 backward Loss:4.8607;1.7873	 Sentiment Loss:1.6504	Valence Loss:2.5162	 Arousal Loss:0.0752	
[2025-11-19 17:05:18,203][run_task2&3_trainer_multilingual.py][line:1284][INFO] Epoch:[1/1]	 Batch:[850/2792.0]	 Loss Sum:14.311	forward Loss:2.0217;2.5315	 backward Loss:3.8484;2.5704	 Sentiment Loss:2.7065	Valence Loss:1.33	 Arousal Loss:1.8331	
[2025-11-19 17:05:22,402][run_task2&3_trainer_multilingual.py][line:1284][INFO] Epoch:[1/1]	 Batch:[860/2792.0]	 Loss Sum:27.4057	forward Loss:7.1447;5.2523	 backward Loss:4.9794;2.2911	 Sentiment Loss:6.8559	Valence Loss:1.5245	 Arousal Loss:2.8872	
[2025-11-19 17:05:26,603][run_task2&3_trainer_multilingual.py][line:1284][INFO] Epoch:[1/1]	 Batch:[870/2792.0]	 Loss Sum:29.9603	forward Loss:2.1029;10.5468	 backward Loss:13.0498;2.3521	 Sentiment Loss:1.6548	Valence Loss:0.9496	 Arousal Loss:0.3196	
[2025-11-19 17:05:30,809][run_task2&3_trainer_multilingual.py][line:1284][INFO] Epoch:[1/1]	 Batch:[880/2792.0]	 Loss Sum:13.093	forward Loss:1.4398;2.8274	 backward Loss:3.4479;3.0067	 Sentiment Loss:1.945	Valence Loss:1.1676	 Arousal Loss:0.9638	
[2025-11-19 17:05:35,011][run_task2&3_trainer_multilingual.py][line:1284][INFO] Epoch:[1/1]	 Batch:[890/2792.0]	 Loss Sum:20.2039	forward Loss:4.4485;2.7123	 backward Loss:8.2882;2.3137	 Sentiment Loss:1.6887	Valence Loss:3.3175	 Arousal Loss:0.445	
[2025-11-19 17:05:39,203][run_task2&3_trainer_multilingual.py][line:1284][INFO] Epoch:[1/1]	 Batch:[900/2792.0]	 Loss Sum:15.8952	forward Loss:3.3143;2.1864	 backward Loss:2.4387;4.914	 Sentiment Loss:2.392	Valence Loss:2.879	 Arousal Loss:0.3696	
[2025-11-19 17:05:43,401][run_task2&3_trainer_multilingual.py][line:1284][INFO] Epoch:[1/1]	 Batch:[910/2792.0]	 Loss Sum:16.7272	forward Loss:1.9832;5.5269	 backward Loss:3.089;2.7659	 Sentiment Loss:3.2858	Valence Loss:0.1257	 Arousal Loss:0.2567	
[2025-11-19 17:05:47,598][run_task2&3_trainer_multilingual.py][line:1284][INFO] Epoch:[1/1]	 Batch:[920/2792.0]	 Loss Sum:40.3843	forward Loss:6.8945;12.1845	 backward Loss:9.1831;6.7699	 Sentiment Loss:5.295	Valence Loss:0.2248	 Arousal Loss:0.0616	
[2025-11-19 17:05:51,795][run_task2&3_trainer_multilingual.py][line:1284][INFO] Epoch:[1/1]	 Batch:[930/2792.0]	 Loss Sum:21.722	forward Loss:4.9209;2.3232	 backward Loss:4.3568;3.4796	 Sentiment Loss:6.6091	Valence Loss:0.0924	 Arousal Loss:0.0694	
[2025-11-19 17:05:55,996][run_task2&3_trainer_multilingual.py][line:1284][INFO] Epoch:[1/1]	 Batch:[940/2792.0]	 Loss Sum:13.2324	forward Loss:1.0505;3.8039	 backward Loss:5.1709;1.5056	 Sentiment Loss:1.3884	Valence Loss:0.3985	 Arousal Loss:1.1669	
[2025-11-19 17:06:00,196][run_task2&3_trainer_multilingual.py][line:1284][INFO] Epoch:[1/1]	 Batch:[950/2792.0]	 Loss Sum:23.3808	forward Loss:5.8104;5.1708	 backward Loss:6.5223;3.3784	 Sentiment Loss:2.3438	Valence Loss:0.5742	 Arousal Loss:0.2009	
[2025-11-19 17:06:04,392][run_task2&3_trainer_multilingual.py][line:1284][INFO] Epoch:[1/1]	 Batch:[960/2792.0]	 Loss Sum:32.3847	forward Loss:8.1875;3.3515	 backward Loss:8.7631;6.0595	 Sentiment Loss:5.7375	Valence Loss:1.1637	 Arousal Loss:0.2641	
[2025-11-19 17:06:08,594][run_task2&3_trainer_multilingual.py][line:1284][INFO] Epoch:[1/1]	 Batch:[970/2792.0]	 Loss Sum:16.8103	forward Loss:2.6786;4.1309	 backward Loss:4.8667;1.8004	 Sentiment Loss:3.1543	Valence Loss:0.8497	 Arousal Loss:0.0465	
[2025-11-19 17:06:12,792][run_task2&3_trainer_multilingual.py][line:1284][INFO] Epoch:[1/1]	 Batch:[980/2792.0]	 Loss Sum:19.6387	forward Loss:2.7091;2.8808	 backward Loss:11.1118;1.496	 Sentiment Loss:0.94	Valence Loss:1.8156	 Arousal Loss:0.6895	
[2025-11-19 17:06:16,984][run_task2&3_trainer_multilingual.py][line:1284][INFO] Epoch:[1/1]	 Batch:[990/2792.0]	 Loss Sum:17.5425	forward Loss:4.4691;2.6477	 backward Loss:3.8634;4.5959	 Sentiment Loss:1.7777	Valence Loss:0.7449	 Arousal Loss:0.1984	
[2025-11-19 17:06:21,182][run_task2&3_trainer_multilingual.py][line:1284][INFO] Epoch:[1/1]	 Batch:[1000/2792.0]	 Loss Sum:9.1795	forward Loss:1.6793;1.8477	 backward Loss:2.5621;1.3549	 Sentiment Loss:1.3795	Valence Loss:0.9138	 Arousal Loss:0.8657	
[2025-11-19 17:06:25,389][run_task2&3_trainer_multilingual.py][line:1284][INFO] Epoch:[1/1]	 Batch:[1010/2792.0]	 Loss Sum:9.0522	forward Loss:2.7202;1.468	 backward Loss:2.1309;2.0601	 Sentiment Loss:0.5457	Valence Loss:0.5291	 Arousal Loss:0.1078	
[2025-11-19 17:06:29,590][run_task2&3_trainer_multilingual.py][line:1284][INFO] Epoch:[1/1]	 Batch:[1020/2792.0]	 Loss Sum:8.3346	forward Loss:1.037;1.1879	 backward Loss:3.874;0.755	 Sentiment Loss:1.3704	Valence Loss:0.4683	 Arousal Loss:0.0827	
[2025-11-19 17:06:33,789][run_task2&3_trainer_multilingual.py][line:1284][INFO] Epoch:[1/1]	 Batch:[1030/2792.0]	 Loss Sum:10.6976	forward Loss:2.652;1.357	 backward Loss:1.3721;2.2142	 Sentiment Loss:1.707	Valence Loss:6.031	 Arousal Loss:0.9455	
[2025-11-19 17:06:37,993][run_task2&3_trainer_multilingual.py][line:1284][INFO] Epoch:[1/1]	 Batch:[1040/2792.0]	 Loss Sum:17.1406	forward Loss:1.8105;2.0109	 backward Loss:10.8325;1.5569	 Sentiment Loss:0.6839	Valence Loss:0.7229	 Arousal Loss:0.5064	
[2025-11-19 17:06:42,186][run_task2&3_trainer_multilingual.py][line:1284][INFO] Epoch:[1/1]	 Batch:[1050/2792.0]	 Loss Sum:32.1894	forward Loss:2.1637;10.6187	 backward Loss:10.4359;2.6991	 Sentiment Loss:5.49	Valence Loss:3.6435	 Arousal Loss:0.2667	
[2025-11-19 17:06:46,381][run_task2&3_trainer_multilingual.py][line:1284][INFO] Epoch:[1/1]	 Batch:[1060/2792.0]	 Loss Sum:27.5176	forward Loss:4.2754;8.0508	 backward Loss:6.4839;7.7161	 Sentiment Loss:0.8068	Valence Loss:0.8141	 Arousal Loss:0.1089	
[2025-11-19 17:06:50,580][run_task2&3_trainer_multilingual.py][line:1284][INFO] Epoch:[1/1]	 Batch:[1070/2792.0]	 Loss Sum:13.0187	forward Loss:4.1149;2.8041	 backward Loss:3.2371;1.913	 Sentiment Loss:0.9202	Valence Loss:0.1059	 Arousal Loss:0.0411	
[2025-11-19 17:06:54,777][run_task2&3_trainer_multilingual.py][line:1284][INFO] Epoch:[1/1]	 Batch:[1080/2792.0]	 Loss Sum:24.7164	forward Loss:0.6516;7.876	 backward Loss:9.3365;0.8705	 Sentiment Loss:4.7413	Valence Loss:4.726	 Arousal Loss:1.4764	
[2025-11-19 17:06:58,978][run_task2&3_trainer_multilingual.py][line:1284][INFO] Epoch:[1/1]	 Batch:[1090/2792.0]	 Loss Sum:33.8538	forward Loss:6.648;4.9834	 backward Loss:13.3867;3.8807	 Sentiment Loss:4.6932	Valence Loss:1.1922	 Arousal Loss:0.1169	
[2025-11-19 17:07:03,176][run_task2&3_trainer_multilingual.py][line:1284][INFO] Epoch:[1/1]	 Batch:[1100/2792.0]	 Loss Sum:14.5475	forward Loss:3.7841;2.8164	 backward Loss:5.9798;0.9094	 Sentiment Loss:0.3414	Valence Loss:1.117	 Arousal Loss:2.465	
[2025-11-19 17:07:07,374][run_task2&3_trainer_multilingual.py][line:1284][INFO] Epoch:[1/1]	 Batch:[1110/2792.0]	 Loss Sum:22.9564	forward Loss:7.7125;4.0688	 backward Loss:7.0536;2.9292	 Sentiment Loss:1.1081	Valence Loss:0.3069	 Arousal Loss:0.1141	
[2025-11-19 17:07:11,576][run_task2&3_trainer_multilingual.py][line:1284][INFO] Epoch:[1/1]	 Batch:[1120/2792.0]	 Loss Sum:18.3297	forward Loss:6.6062;6.1334	 backward Loss:3.2862;1.7203	 Sentiment Loss:0.4367	Valence Loss:0.6197	 Arousal Loss:0.1147	
[2025-11-19 17:07:15,774][run_task2&3_trainer_multilingual.py][line:1284][INFO] Epoch:[1/1]	 Batch:[1130/2792.0]	 Loss Sum:27.1132	forward Loss:5.7169;5.5624	 backward Loss:8.1683;3.9818	 Sentiment Loss:3.4434	Valence Loss:0.9364	 Arousal Loss:0.2657	
[2025-11-19 17:07:19,978][run_task2&3_trainer_multilingual.py][line:1284][INFO] Epoch:[1/1]	 Batch:[1140/2792.0]	 Loss Sum:29.0376	forward Loss:9.1936;4.216	 backward Loss:9.6727;2.7682	 Sentiment Loss:3.0204	Valence Loss:0.6835	 Arousal Loss:0.15	
[2025-11-19 17:07:24,175][run_task2&3_trainer_multilingual.py][line:1284][INFO] Epoch:[1/1]	 Batch:[1150/2792.0]	 Loss Sum:26.7019	forward Loss:7.2151;3.6978	 backward Loss:12.0402;1.4591	 Sentiment Loss:1.8944	Valence Loss:1.5621	 Arousal Loss:0.4148	
[2025-11-19 17:07:28,374][run_task2&3_trainer_multilingual.py][line:1284][INFO] Epoch:[1/1]	 Batch:[1160/2792.0]	 Loss Sum:8.5108	forward Loss:3.0448;0.5665	 backward Loss:1.6598;1.84	 Sentiment Loss:1.3111	Valence Loss:0.1924	 Arousal Loss:0.2505	
[2025-11-19 17:07:32,571][run_task2&3_trainer_multilingual.py][line:1284][INFO] Epoch:[1/1]	 Batch:[1170/2792.0]	 Loss Sum:11.0877	forward Loss:1.9322;1.9971	 backward Loss:1.6532;2.228	 Sentiment Loss:3.2364	Valence Loss:0.0647	 Arousal Loss:0.1398	
[2025-11-19 17:07:36,771][run_task2&3_trainer_multilingual.py][line:1284][INFO] Epoch:[1/1]	 Batch:[1180/2792.0]	 Loss Sum:25.0507	forward Loss:4.9688;3.0408	 backward Loss:4.3155;2.7851	 Sentiment Loss:9.2287	Valence Loss:3.5158	 Arousal Loss:0.0433	
[2025-11-19 17:07:40,971][run_task2&3_trainer_multilingual.py][line:1284][INFO] Epoch:[1/1]	 Batch:[1190/2792.0]	 Loss Sum:9.6837	forward Loss:1.1457;1.4908	 backward Loss:3.4704;2.1973	 Sentiment Loss:1.2563	Valence Loss:0.5832	 Arousal Loss:0.0324	
[2025-11-19 17:07:45,171][run_task2&3_trainer_multilingual.py][line:1284][INFO] Epoch:[1/1]	 Batch:[1200/2792.0]	 Loss Sum:24.1566	forward Loss:2.4745;9.2082	 backward Loss:6.9372;1.2159	 Sentiment Loss:4.0295	Valence Loss:1.3419	 Arousal Loss:0.1146	
[2025-11-19 17:07:49,368][run_task2&3_trainer_multilingual.py][line:1284][INFO] Epoch:[1/1]	 Batch:[1210/2792.0]	 Loss Sum:25.0623	forward Loss:3.7825;8.6826	 backward Loss:8.9443;1.6441	 Sentiment Loss:1.8332	Valence Loss:0.3242	 Arousal Loss:0.5538	
[2025-11-19 17:07:53,565][run_task2&3_trainer_multilingual.py][line:1284][INFO] Epoch:[1/1]	 Batch:[1220/2792.0]	 Loss Sum:7.9636	forward Loss:3.0365;0.4507	 backward Loss:0.7482;2.5419	 Sentiment Loss:1.071	Valence Loss:0.2964	 Arousal Loss:0.2799	
[2025-11-19 17:07:57,764][run_task2&3_trainer_multilingual.py][line:1284][INFO] Epoch:[1/1]	 Batch:[1230/2792.0]	 Loss Sum:10.8265	forward Loss:2.2409;1.0424	 backward Loss:4.615;1.6883	 Sentiment Loss:0.9844	Valence Loss:0.5577	 Arousal Loss:0.7202	
[2025-11-19 17:08:01,962][run_task2&3_trainer_multilingual.py][line:1284][INFO] Epoch:[1/1]	 Batch:[1240/2792.0]	 Loss Sum:28.0603	forward Loss:8.3586;1.2299	 backward Loss:6.8913;8.0933	 Sentiment Loss:3.3057	Valence Loss:0.2243	 Arousal Loss:0.6836	
[2025-11-19 17:08:06,159][run_task2&3_trainer_multilingual.py][line:1284][INFO] Epoch:[1/1]	 Batch:[1250/2792.0]	 Loss Sum:13.1625	forward Loss:2.9253;1.9805	 backward Loss:2.3033;2.6218	 Sentiment Loss:3.1095	Valence Loss:0.616	 Arousal Loss:0.4943	
[2025-11-19 17:08:10,355][run_task2&3_trainer_multilingual.py][line:1284][INFO] Epoch:[1/1]	 Batch:[1260/2792.0]	 Loss Sum:25.0824	forward Loss:11.9723;1.0482	 backward Loss:0.7987;10.4953	 Sentiment Loss:0.5246	Valence Loss:1.0966	 Arousal Loss:0.1202	
[2025-11-19 17:08:14,551][run_task2&3_trainer_multilingual.py][line:1284][INFO] Epoch:[1/1]	 Batch:[1270/2792.0]	 Loss Sum:10.6053	forward Loss:6.01;0.5109	 backward Loss:0.6218;1.6931	 Sentiment Loss:1.7164	Valence Loss:0.0395	 Arousal Loss:0.2263	
[2025-11-19 17:08:18,746][run_task2&3_trainer_multilingual.py][line:1284][INFO] Epoch:[1/1]	 Batch:[1280/2792.0]	 Loss Sum:17.407	forward Loss:3.0238;6.6952	 backward Loss:5.49;1.8836	 Sentiment Loss:0.237	Valence Loss:0.247	 Arousal Loss:0.1406	
[2025-11-19 17:08:22,948][run_task2&3_trainer_multilingual.py][line:1284][INFO] Epoch:[1/1]	 Batch:[1290/2792.0]	 Loss Sum:18.1659	forward Loss:2.3971;2.8011	 backward Loss:4.0715;2.5552	 Sentiment Loss:6.1105	Valence Loss:0.6596	 Arousal Loss:0.4922	
[2025-11-19 17:08:27,146][run_task2&3_trainer_multilingual.py][line:1284][INFO] Epoch:[1/1]	 Batch:[1300/2792.0]	 Loss Sum:10.2809	forward Loss:1.5298;2.7035	 backward Loss:2.5522;1.2388	 Sentiment Loss:2.0197	Valence Loss:1.0828	 Arousal Loss:0.1017	
[2025-11-19 17:08:31,347][run_task2&3_trainer_multilingual.py][line:1284][INFO] Epoch:[1/1]	 Batch:[1310/2792.0]	 Loss Sum:30.3142	forward Loss:4.771;3.1627	 backward Loss:14.7465;2.7472	 Sentiment Loss:4.8181	Valence Loss:0.1367	 Arousal Loss:0.2072	
[2025-11-19 17:08:35,547][run_task2&3_trainer_multilingual.py][line:1284][INFO] Epoch:[1/1]	 Batch:[1320/2792.0]	 Loss Sum:12.8359	forward Loss:2.4481;1.5035	 backward Loss:1.3401;3.2902	 Sentiment Loss:3.8702	Valence Loss:0.826	 Arousal Loss:1.0929	
[2025-11-19 17:08:39,745][run_task2&3_trainer_multilingual.py][line:1284][INFO] Epoch:[1/1]	 Batch:[1330/2792.0]	 Loss Sum:43.5688	forward Loss:17.1359;8.7799	 backward Loss:11.999;1.9324	 Sentiment Loss:3.2542	Valence Loss:1.4221	 Arousal Loss:0.9145	
[2025-11-19 17:08:43,939][run_task2&3_trainer_multilingual.py][line:1284][INFO] Epoch:[1/1]	 Batch:[1340/2792.0]	 Loss Sum:16.505	forward Loss:3.0478;1.3186	 backward Loss:1.8918;2.7423	 Sentiment Loss:6.9904	Valence Loss:2.4653	 Arousal Loss:0.1059	
[2025-11-19 17:08:48,137][run_task2&3_trainer_multilingual.py][line:1284][INFO] Epoch:[1/1]	 Batch:[1350/2792.0]	 Loss Sum:2.7144	forward Loss:0.4968;0.2785	 backward Loss:0.2309;0.3098	 Sentiment Loss:1.3624	Valence Loss:0.0461	 Arousal Loss:0.1339	
[2025-11-19 17:08:52,338][run_task2&3_trainer_multilingual.py][line:1284][INFO] Epoch:[1/1]	 Batch:[1360/2792.0]	 Loss Sum:9.5469	forward Loss:1.0346;1.2171	 backward Loss:1.0159;1.0053	 Sentiment Loss:4.0236	Valence Loss:2.7334	 Arousal Loss:3.5186	
[2025-11-19 17:08:56,533][run_task2&3_trainer_multilingual.py][line:1284][INFO] Epoch:[1/1]	 Batch:[1370/2792.0]	 Loss Sum:17.773	forward Loss:4.505;3.568	 backward Loss:4.4943;3.043	 Sentiment Loss:2.0261	Valence Loss:0.6177	 Arousal Loss:0.0658	
[2025-11-19 17:09:00,734][run_task2&3_trainer_multilingual.py][line:1284][INFO] Epoch:[1/1]	 Batch:[1380/2792.0]	 Loss Sum:6.4189	forward Loss:0.8713;1.4839	 backward Loss:3.2621;0.5649	 Sentiment Loss:0.1434	Valence Loss:0.1342	 Arousal Loss:0.3327	
[2025-11-19 17:09:04,932][run_task2&3_trainer_multilingual.py][line:1284][INFO] Epoch:[1/1]	 Batch:[1390/2792.0]	 Loss Sum:4.1215	forward Loss:0.4881;1.0909	 backward Loss:1.9154;0.3587	 Sentiment Loss:0.0761	Valence Loss:0.2268	 Arousal Loss:0.7344	
[2025-11-19 17:09:09,133][run_task2&3_trainer_multilingual.py][line:1284][INFO] Epoch:[1/1]	 Batch:[1400/2792.0]	 Loss Sum:24.4221	forward Loss:2.3446;6.5129	 backward Loss:2.9951;2.8806	 Sentiment Loss:9.6317	Valence Loss:0.2504	 Arousal Loss:0.0356	
[2025-11-19 17:09:13,331][run_task2&3_trainer_multilingual.py][line:1284][INFO] Epoch:[1/1]	 Batch:[1410/2792.0]	 Loss Sum:27.4712	forward Loss:0.5186;5.6367	 backward Loss:18.3392;0.7833	 Sentiment Loss:2.0157	Valence Loss:0.8084	 Arousal Loss:0.0807	
[2025-11-19 17:09:17,529][run_task2&3_trainer_multilingual.py][line:1284][INFO] Epoch:[1/1]	 Batch:[1420/2792.0]	 Loss Sum:23.3455	forward Loss:4.9742;3.915	 backward Loss:7.5058;1.2646	 Sentiment Loss:5.6328	Valence Loss:0.0767	 Arousal Loss:0.1887	
[2025-11-19 17:09:21,731][run_task2&3_trainer_multilingual.py][line:1284][INFO] Epoch:[1/1]	 Batch:[1430/2792.0]	 Loss Sum:18.7049	forward Loss:3.4831;3.6528	 backward Loss:7.8489;1.655	 Sentiment Loss:1.4477	Valence Loss:2.829	 Arousal Loss:0.2575	
[2025-11-19 17:09:25,924][run_task2&3_trainer_multilingual.py][line:1284][INFO] Epoch:[1/1]	 Batch:[1440/2792.0]	 Loss Sum:28.614	forward Loss:8.8492;3.6225	 backward Loss:10.4972;4.1435	 Sentiment Loss:1.1628	Valence Loss:1.609	 Arousal Loss:0.0847	
[2025-11-19 17:09:30,126][run_task2&3_trainer_multilingual.py][line:1284][INFO] Epoch:[1/1]	 Batch:[1450/2792.0]	 Loss Sum:22.8583	forward Loss:2.1474;9.9708	 backward Loss:4.6366;5.5699	 Sentiment Loss:0.2058	Valence Loss:1.5762	 Arousal Loss:0.0624	
[2025-11-19 17:09:34,324][run_task2&3_trainer_multilingual.py][line:1284][INFO] Epoch:[1/1]	 Batch:[1460/2792.0]	 Loss Sum:6.3708	forward Loss:1.3357;1.0916	 backward Loss:3.2126;0.3854	 Sentiment Loss:0.0534	Valence Loss:1.4298	 Arousal Loss:0.0305	
[2025-11-19 17:09:38,521][run_task2&3_trainer_multilingual.py][line:1284][INFO] Epoch:[1/1]	 Batch:[1470/2792.0]	 Loss Sum:18.2654	forward Loss:2.5496;6.9744	 backward Loss:4.8454;3.0346	 Sentiment Loss:0.5226	Valence Loss:0.6307	 Arousal Loss:1.0629	
[2025-11-19 17:09:42,721][run_task2&3_trainer_multilingual.py][line:1284][INFO] Epoch:[1/1]	 Batch:[1480/2792.0]	 Loss Sum:3.5712	forward Loss:1.0941;0.5336	 backward Loss:0.7814;0.7269	 Sentiment Loss:0.3194	Valence Loss:0.1406	 Arousal Loss:0.4383	
[2025-11-19 17:09:46,920][run_task2&3_trainer_multilingual.py][line:1284][INFO] Epoch:[1/1]	 Batch:[1490/2792.0]	 Loss Sum:15.4141	forward Loss:0.933;4.3279	 backward Loss:7.6504;1.2339	 Sentiment Loss:1.0162	Valence Loss:0.6379	 Arousal Loss:0.6259	
[2025-11-19 17:09:51,123][run_task2&3_trainer_multilingual.py][line:1284][INFO] Epoch:[1/1]	 Batch:[1500/2792.0]	 Loss Sum:21.0132	forward Loss:6.2357;4.0373	 backward Loss:6.6481;2.6473	 Sentiment Loss:1.3663	Valence Loss:0.1817	 Arousal Loss:0.2109	
[2025-11-19 17:09:55,328][run_task2&3_trainer_multilingual.py][line:1284][INFO] Epoch:[1/1]	 Batch:[1510/2792.0]	 Loss Sum:9.1785	forward Loss:0.966;1.5219	 backward Loss:1.9055;1.2278	 Sentiment Loss:3.4489	Valence Loss:0.4118	 Arousal Loss:0.1303	
[2025-11-19 17:09:59,531][run_task2&3_trainer_multilingual.py][line:1284][INFO] Epoch:[1/1]	 Batch:[1520/2792.0]	 Loss Sum:16.3289	forward Loss:2.4799;3.7482	 backward Loss:5.4725;1.558	 Sentiment Loss:2.7391	Valence Loss:1.6094	 Arousal Loss:0.0467	
[2025-11-19 17:10:03,722][run_task2&3_trainer_multilingual.py][line:1284][INFO] Epoch:[1/1]	 Batch:[1530/2792.0]	 Loss Sum:22.9139	forward Loss:1.4478;5.3012	 backward Loss:13.2573;2.6989	 Sentiment Loss:0.1181	Valence Loss:0.3687	 Arousal Loss:0.0842	
[2025-11-19 17:10:07,920][run_task2&3_trainer_multilingual.py][line:1284][INFO] Epoch:[1/1]	 Batch:[1540/2792.0]	 Loss Sum:12.3495	forward Loss:4.9887;0.7445	 backward Loss:3.1639;0.7933	 Sentiment Loss:2.1845	Valence Loss:2.0	 Arousal Loss:0.3726	
[2025-11-19 17:10:12,111][run_task2&3_trainer_multilingual.py][line:1284][INFO] Epoch:[1/1]	 Batch:[1550/2792.0]	 Loss Sum:16.904	forward Loss:9.4049;1.2568	 backward Loss:3.2688;2.6029	 Sentiment Loss:0.2964	Valence Loss:0.3115	 Arousal Loss:0.0598	
[2025-11-19 17:10:16,310][run_task2&3_trainer_multilingual.py][line:1284][INFO] Epoch:[1/1]	 Batch:[1560/2792.0]	 Loss Sum:27.5771	forward Loss:8.0849;4.8997	 backward Loss:9.3005;0.9036	 Sentiment Loss:4.0414	Valence Loss:0.9702	 Arousal Loss:0.7646	
[2025-11-19 17:10:20,515][run_task2&3_trainer_multilingual.py][line:1284][INFO] Epoch:[1/1]	 Batch:[1570/2792.0]	 Loss Sum:19.6321	forward Loss:8.2863;1.4119	 backward Loss:2.2676;7.2035	 Sentiment Loss:0.3848	Valence Loss:0.2271	 Arousal Loss:0.1626	
[2025-11-19 17:10:24,718][run_task2&3_trainer_multilingual.py][line:1284][INFO] Epoch:[1/1]	 Batch:[1580/2792.0]	 Loss Sum:59.2497	forward Loss:8.8135;6.9185	 backward Loss:36.8725;3.6466	 Sentiment Loss:2.7528	Valence Loss:1.1069	 Arousal Loss:0.1219	
[2025-11-19 17:10:28,916][run_task2&3_trainer_multilingual.py][line:1284][INFO] Epoch:[1/1]	 Batch:[1590/2792.0]	 Loss Sum:8.6343	forward Loss:1.1283;3.8636	 backward Loss:2.0399;1.3584	 Sentiment Loss:0.079	Valence Loss:0.4487	 Arousal Loss:0.3764	
[2025-11-19 17:10:33,113][run_task2&3_trainer_multilingual.py][line:1284][INFO] Epoch:[1/1]	 Batch:[1600/2792.0]	 Loss Sum:15.8035	forward Loss:3.9067;2.6859	 backward Loss:3.034;4.6195	 Sentiment Loss:0.5511	Valence Loss:2.4231	 Arousal Loss:2.6081	
[2025-11-19 17:10:37,313][run_task2&3_trainer_multilingual.py][line:1284][INFO] Epoch:[1/1]	 Batch:[1610/2792.0]	 Loss Sum:7.9605	forward Loss:3.0071;1.1266	 backward Loss:0.5275;3.1582	 Sentiment Loss:0.0296	Valence Loss:0.1141	 Arousal Loss:0.4436	
[2025-11-19 17:10:41,514][run_task2&3_trainer_multilingual.py][line:1284][INFO] Epoch:[1/1]	 Batch:[1620/2792.0]	 Loss Sum:17.3029	forward Loss:4.7608;3.0364	 backward Loss:6.288;2.1767	 Sentiment Loss:0.9132	Valence Loss:0.5708	 Arousal Loss:0.0686	
[2025-11-19 17:10:45,711][run_task2&3_trainer_multilingual.py][line:1284][INFO] Epoch:[1/1]	 Batch:[1630/2792.0]	 Loss Sum:32.2131	forward Loss:7.8742;3.1829	 backward Loss:13.1693;3.8546	 Sentiment Loss:2.1413	Valence Loss:6.2295	 Arousal Loss:3.7242	
[2025-11-19 17:10:49,909][run_task2&3_trainer_multilingual.py][line:1284][INFO] Epoch:[1/1]	 Batch:[1640/2792.0]	 Loss Sum:4.2064	forward Loss:0.3926;0.3068	 backward Loss:2.1462;0.2526	 Sentiment Loss:0.77	Valence Loss:0.1898	 Arousal Loss:1.5016	
[2025-11-19 17:10:54,111][run_task2&3_trainer_multilingual.py][line:1284][INFO] Epoch:[1/1]	 Batch:[1650/2792.0]	 Loss Sum:24.0645	forward Loss:2.3084;9.9877	 backward Loss:8.5328;1.7486	 Sentiment Loss:1.3711	Valence Loss:0.5093	 Arousal Loss:0.07	
[2025-11-19 17:10:58,310][run_task2&3_trainer_multilingual.py][line:1284][INFO] Epoch:[1/1]	 Batch:[1660/2792.0]	 Loss Sum:7.7242	forward Loss:0.9292;2.4085	 backward Loss:2.4495;1.543	 Sentiment Loss:0.0206	Valence Loss:1.8055	 Arousal Loss:0.062	
[2025-11-19 17:11:02,508][run_task2&3_trainer_multilingual.py][line:1284][INFO] Epoch:[1/1]	 Batch:[1670/2792.0]	 Loss Sum:3.409	forward Loss:1.2209;0.2179	 backward Loss:0.5756;0.947	 Sentiment Loss:0.3493	Valence Loss:0.3448	 Arousal Loss:0.1471	
[2025-11-19 17:11:06,704][run_task2&3_trainer_multilingual.py][line:1284][INFO] Epoch:[1/1]	 Batch:[1680/2792.0]	 Loss Sum:13.7951	forward Loss:5.4603;2.3388	 backward Loss:3.1207;2.4181	 Sentiment Loss:0.0676	Valence Loss:0.2825	 Arousal Loss:1.6654	
[2025-11-19 17:11:10,901][run_task2&3_trainer_multilingual.py][line:1284][INFO] Epoch:[1/1]	 Batch:[1690/2792.0]	 Loss Sum:25.3964	forward Loss:2.5585;6.8557	 backward Loss:4.0683;9.3018	 Sentiment Loss:2.5813	Valence Loss:0.1008	 Arousal Loss:0.0526	
[2025-11-19 17:11:15,100][run_task2&3_trainer_multilingual.py][line:1284][INFO] Epoch:[1/1]	 Batch:[1700/2792.0]	 Loss Sum:21.1677	forward Loss:1.7645;5.9362	 backward Loss:9.0381;2.51	 Sentiment Loss:1.6646	Valence Loss:1.1158	 Arousal Loss:0.1559	
[2025-11-19 17:11:19,296][run_task2&3_trainer_multilingual.py][line:1284][INFO] Epoch:[1/1]	 Batch:[1710/2792.0]	 Loss Sum:39.6685	forward Loss:6.7728;12.254	 backward Loss:11.3474;3.9662	 Sentiment Loss:5.2095	Valence Loss:0.5288	 Arousal Loss:0.0638	
[2025-11-19 17:11:23,490][run_task2&3_trainer_multilingual.py][line:1284][INFO] Epoch:[1/1]	 Batch:[1720/2792.0]	 Loss Sum:7.922	forward Loss:0.9094;0.7922	 backward Loss:1.3747;0.8899	 Sentiment Loss:3.8557	Valence Loss:0.2499	 Arousal Loss:0.2507	
[2025-11-19 17:11:27,689][run_task2&3_trainer_multilingual.py][line:1284][INFO] Epoch:[1/1]	 Batch:[1730/2792.0]	 Loss Sum:11.7085	forward Loss:2.1534;2.7423	 backward Loss:6.264;0.3034	 Sentiment Loss:0.0303	Valence Loss:0.4745	 Arousal Loss:0.6003	
[2025-11-19 17:11:31,887][run_task2&3_trainer_multilingual.py][line:1284][INFO] Epoch:[1/1]	 Batch:[1740/2792.0]	 Loss Sum:4.391	forward Loss:0.1156;0.9981	 backward Loss:0.6968;2.0059	 Sentiment Loss:0.0587	Valence Loss:2.3862	 Arousal Loss:0.1934	
[2025-11-19 17:11:36,084][run_task2&3_trainer_multilingual.py][line:1284][INFO] Epoch:[1/1]	 Batch:[1750/2792.0]	 Loss Sum:6.6984	forward Loss:1.4877;1.6008	 backward Loss:1.6484;1.1775	 Sentiment Loss:0.7409	Valence Loss:0.1677	 Arousal Loss:0.0478	
[2025-11-19 17:11:40,290][run_task2&3_trainer_multilingual.py][line:1284][INFO] Epoch:[1/1]	 Batch:[1760/2792.0]	 Loss Sum:32.2721	forward Loss:4.437;9.4809	 backward Loss:8.3654;6.6976	 Sentiment Loss:1.5318	Valence Loss:4.574	 Arousal Loss:4.2228	
[2025-11-19 17:11:44,488][run_task2&3_trainer_multilingual.py][line:1284][INFO] Epoch:[1/1]	 Batch:[1770/2792.0]	 Loss Sum:40.5026	forward Loss:9.088;9.3985	 backward Loss:8.29;10.8027	 Sentiment Loss:2.1712	Valence Loss:3.4936	 Arousal Loss:0.2682	
[2025-11-19 17:11:48,685][run_task2&3_trainer_multilingual.py][line:1284][INFO] Epoch:[1/1]	 Batch:[1780/2792.0]	 Loss Sum:27.1821	forward Loss:0.985;7.8342	 backward Loss:16.2506;0.8416	 Sentiment Loss:1.0339	Valence Loss:0.1573	 Arousal Loss:1.0267	
[2025-11-19 17:11:52,883][run_task2&3_trainer_multilingual.py][line:1284][INFO] Epoch:[1/1]	 Batch:[1790/2792.0]	 Loss Sum:11.3086	forward Loss:0.7684;3.2185	 backward Loss:4.3501;1.0223	 Sentiment Loss:1.4378	Valence Loss:2.151	 Arousal Loss:0.4062	
[2025-11-19 17:11:57,080][run_task2&3_trainer_multilingual.py][line:1284][INFO] Epoch:[1/1]	 Batch:[1800/2792.0]	 Loss Sum:3.4912	forward Loss:0.4373;0.7098	 backward Loss:1.8423;0.2591	 Sentiment Loss:0.0296	Valence Loss:0.4659	 Arousal Loss:0.6	
[2025-11-19 17:12:01,282][run_task2&3_trainer_multilingual.py][line:1284][INFO] Epoch:[1/1]	 Batch:[1810/2792.0]	 Loss Sum:17.2119	forward Loss:1.8185;4.9102	 backward Loss:8.4936;0.4931	 Sentiment Loss:1.0867	Valence Loss:1.2856	 Arousal Loss:0.7631	
[2025-11-19 17:12:05,481][run_task2&3_trainer_multilingual.py][line:1284][INFO] Epoch:[1/1]	 Batch:[1820/2792.0]	 Loss Sum:7.4701	forward Loss:0.1918;2.5047	 backward Loss:3.3755;0.228	 Sentiment Loss:1.1229	Valence Loss:0.1739	 Arousal Loss:0.0626	
[2025-11-19 17:12:09,691][run_task2&3_trainer_multilingual.py][line:1284][INFO] Epoch:[1/1]	 Batch:[1830/2792.0]	 Loss Sum:63.079	forward Loss:11.8826;7.7842	 backward Loss:36.419;3.6726	 Sentiment Loss:2.7419	Valence Loss:2.5034	 Arousal Loss:0.3895	
[2025-11-19 17:12:13,886][run_task2&3_trainer_multilingual.py][line:1284][INFO] Epoch:[1/1]	 Batch:[1840/2792.0]	 Loss Sum:21.7483	forward Loss:8.3331;1.8799	 backward Loss:10.0018;0.7519	 Sentiment Loss:0.461	Valence Loss:1.4072	 Arousal Loss:0.1956	
[2025-11-19 17:12:18,079][run_task2&3_trainer_multilingual.py][line:1284][INFO] Epoch:[1/1]	 Batch:[1850/2792.0]	 Loss Sum:17.6636	forward Loss:1.1587;6.6535	 backward Loss:7.352;1.6675	 Sentiment Loss:0.0731	Valence Loss:2.4829	 Arousal Loss:1.3114	
[2025-11-19 17:12:22,277][run_task2&3_trainer_multilingual.py][line:1284][INFO] Epoch:[1/1]	 Batch:[1860/2792.0]	 Loss Sum:13.162	forward Loss:6.1711;0.7621	 backward Loss:4.3223;0.9798	 Sentiment Loss:0.2095	Valence Loss:0.8902	 Arousal Loss:2.6958	
[2025-11-19 17:12:26,475][run_task2&3_trainer_multilingual.py][line:1284][INFO] Epoch:[1/1]	 Batch:[1870/2792.0]	 Loss Sum:15.2579	forward Loss:1.0731;4.896	 backward Loss:6.4574;1.8007	 Sentiment Loss:0.9512	Valence Loss:0.3559	 Arousal Loss:0.0415	
[2025-11-19 17:12:30,675][run_task2&3_trainer_multilingual.py][line:1284][INFO] Epoch:[1/1]	 Batch:[1880/2792.0]	 Loss Sum:10.5543	forward Loss:2.6987;1.2748	 backward Loss:2.2827;2.9679	 Sentiment Loss:1.2128	Valence Loss:0.3537	 Arousal Loss:0.2332	
[2025-11-19 17:12:34,871][run_task2&3_trainer_multilingual.py][line:1284][INFO] Epoch:[1/1]	 Batch:[1890/2792.0]	 Loss Sum:14.0852	forward Loss:0.4845;7.0071	 backward Loss:4.5032;1.1414	 Sentiment Loss:0.6441	Valence Loss:0.0383	 Arousal Loss:1.4866	
[2025-11-19 17:12:39,074][run_task2&3_trainer_multilingual.py][line:1284][INFO] Epoch:[1/1]	 Batch:[1900/2792.0]	 Loss Sum:55.894	forward Loss:10.2337;12.9504	 backward Loss:13.7763;13.182	 Sentiment Loss:5.5811	Valence Loss:0.7116	 Arousal Loss:0.1404	
[2025-11-19 17:12:43,271][run_task2&3_trainer_multilingual.py][line:1284][INFO] Epoch:[1/1]	 Batch:[1910/2792.0]	 Loss Sum:18.4069	forward Loss:2.5885;5.2573	 backward Loss:5.7302;2.5696	 Sentiment Loss:1.9395	Valence Loss:1.3485	 Arousal Loss:0.2603	
[2025-11-19 17:12:47,469][run_task2&3_trainer_multilingual.py][line:1284][INFO] Epoch:[1/1]	 Batch:[1920/2792.0]	 Loss Sum:28.5141	forward Loss:1.7277;7.725	 backward Loss:7.5074;2.1163	 Sentiment Loss:8.3679	Valence Loss:3.0868	 Arousal Loss:2.2618	
[2025-11-19 17:12:51,671][run_task2&3_trainer_multilingual.py][line:1284][INFO] Epoch:[1/1]	 Batch:[1930/2792.0]	 Loss Sum:27.8644	forward Loss:4.6711;5.2833	 backward Loss:14.9535;2.2668	 Sentiment Loss:0.4964	Valence Loss:0.5619	 Arousal Loss:0.4048	
[2025-11-19 17:12:55,865][run_task2&3_trainer_multilingual.py][line:1284][INFO] Epoch:[1/1]	 Batch:[1940/2792.0]	 Loss Sum:38.0416	forward Loss:16.9819;2.8616	 backward Loss:9.6502;4.0745	 Sentiment Loss:4.1649	Valence Loss:0.5663	 Arousal Loss:0.9761	
[2025-11-19 17:13:00,065][run_task2&3_trainer_multilingual.py][line:1284][INFO] Epoch:[1/1]	 Batch:[1950/2792.0]	 Loss Sum:24.0279	forward Loss:8.3629;3.1301	 backward Loss:5.1771;4.2651	 Sentiment Loss:1.6298	Valence Loss:6.8118	 Arousal Loss:0.5032	
[2025-11-19 17:13:04,265][run_task2&3_trainer_multilingual.py][line:1284][INFO] Epoch:[1/1]	 Batch:[1960/2792.0]	 Loss Sum:32.123	forward Loss:11.9767;3.2837	 backward Loss:8.6135;6.4108	 Sentiment Loss:1.7219	Valence Loss:0.536	 Arousal Loss:0.0459	
[2025-11-19 17:13:08,464][run_task2&3_trainer_multilingual.py][line:1284][INFO] Epoch:[1/1]	 Batch:[1970/2792.0]	 Loss Sum:20.7753	forward Loss:1.6237;7.595	 backward Loss:7.1436;1.9043	 Sentiment Loss:1.6801	Valence Loss:1.7077	 Arousal Loss:2.4355	
[2025-11-19 17:13:12,660][run_task2&3_trainer_multilingual.py][line:1284][INFO] Epoch:[1/1]	 Batch:[1980/2792.0]	 Loss Sum:13.4701	forward Loss:1.8523;3.6034	 backward Loss:5.0483;2.3998	 Sentiment Loss:0.3014	Valence Loss:1.1584	 Arousal Loss:0.1663	
[2025-11-19 17:13:16,864][run_task2&3_trainer_multilingual.py][line:1284][INFO] Epoch:[1/1]	 Batch:[1990/2792.0]	 Loss Sum:6.2052	forward Loss:0.7199;1.1781	 backward Loss:1.8639;1.0202	 Sentiment Loss:1.1322	Valence Loss:1.3273	 Arousal Loss:0.1273	
[2025-11-19 17:13:21,065][run_task2&3_trainer_multilingual.py][line:1284][INFO] Epoch:[1/1]	 Batch:[2000/2792.0]	 Loss Sum:40.6739	forward Loss:8.7102;1.9932	 backward Loss:11.1033;15.9669	 Sentiment Loss:2.8403	Valence Loss:0.2677	 Arousal Loss:0.0321	
[2025-11-19 17:13:25,260][run_task2&3_trainer_multilingual.py][line:1284][INFO] Epoch:[1/1]	 Batch:[2010/2792.0]	 Loss Sum:6.5233	forward Loss:0.4275;2.4727	 backward Loss:1.8354;0.2387	 Sentiment Loss:1.3191	Valence Loss:0.9676	 Arousal Loss:0.1821	
[2025-11-19 17:13:29,457][run_task2&3_trainer_multilingual.py][line:1284][INFO] Epoch:[1/1]	 Batch:[2020/2792.0]	 Loss Sum:13.0545	forward Loss:2.5392;3.3639	 backward Loss:4.7812;1.2204	 Sentiment Loss:0.9997	Valence Loss:0.5939	 Arousal Loss:0.1565	
[2025-11-19 17:13:33,652][run_task2&3_trainer_multilingual.py][line:1284][INFO] Epoch:[1/1]	 Batch:[2030/2792.0]	 Loss Sum:15.9613	forward Loss:5.7819;1.186	 backward Loss:5.3458;2.6583	 Sentiment Loss:0.7335	Valence Loss:0.4586	 Arousal Loss:0.8204	
[2025-11-19 17:13:37,852][run_task2&3_trainer_multilingual.py][line:1284][INFO] Epoch:[1/1]	 Batch:[2040/2792.0]	 Loss Sum:26.201	forward Loss:4.453;7.3124	 backward Loss:7.6317;4.0284	 Sentiment Loss:2.6988	Valence Loss:0.3475	 Arousal Loss:0.0361	
[2025-11-19 17:13:42,056][run_task2&3_trainer_multilingual.py][line:1284][INFO] Epoch:[1/1]	 Batch:[2050/2792.0]	 Loss Sum:10.9567	forward Loss:1.4452;1.8219	 backward Loss:6.9371;0.5991	 Sentiment Loss:0.0399	Valence Loss:0.2808	 Arousal Loss:0.2867	
[2025-11-19 17:13:46,249][run_task2&3_trainer_multilingual.py][line:1284][INFO] Epoch:[1/1]	 Batch:[2060/2792.0]	 Loss Sum:3.9962	forward Loss:1.247;0.4295	 backward Loss:0.5366;0.3321	 Sentiment Loss:0.6996	Valence Loss:1.8954	 Arousal Loss:1.8614	
[2025-11-19 17:13:50,447][run_task2&3_trainer_multilingual.py][line:1284][INFO] Epoch:[1/1]	 Batch:[2070/2792.0]	 Loss Sum:6.5609	forward Loss:0.814;2.1771	 backward Loss:1.0038;1.0321	 Sentiment Loss:1.1669	Valence Loss:1.5432	 Arousal Loss:0.292	
[2025-11-19 17:13:54,648][run_task2&3_trainer_multilingual.py][line:1284][INFO] Epoch:[1/1]	 Batch:[2080/2792.0]	 Loss Sum:7.2207	forward Loss:0.6635;2.2011	 backward Loss:1.7684;1.0015	 Sentiment Loss:1.4752	Valence Loss:0.4869	 Arousal Loss:0.0682	
[2025-11-19 17:13:58,848][run_task2&3_trainer_multilingual.py][line:1284][INFO] Epoch:[1/1]	 Batch:[2090/2792.0]	 Loss Sum:14.9566	forward Loss:3.5468;3.2045	 backward Loss:6.4632;1.4168	 Sentiment Loss:0.2439	Valence Loss:0.1256	 Arousal Loss:0.2808	
[2025-11-19 17:14:03,044][run_task2&3_trainer_multilingual.py][line:1284][INFO] Epoch:[1/1]	 Batch:[2100/2792.0]	 Loss Sum:26.522	forward Loss:11.2091;3.3953	 backward Loss:7.7698;3.1265	 Sentiment Loss:0.8969	Valence Loss:0.4087	 Arousal Loss:0.2133	
[2025-11-19 17:14:07,241][run_task2&3_trainer_multilingual.py][line:1284][INFO] Epoch:[1/1]	 Batch:[2110/2792.0]	 Loss Sum:9.9137	forward Loss:1.6656;2.0873	 backward Loss:2.7906;1.5825	 Sentiment Loss:0.6802	Valence Loss:4.2417	 Arousal Loss:1.2958	
[2025-11-19 17:14:11,434][run_task2&3_trainer_multilingual.py][line:1284][INFO] Epoch:[1/1]	 Batch:[2120/2792.0]	 Loss Sum:11.6611	forward Loss:3.5684;1.6415	 backward Loss:3.8393;1.1187	 Sentiment Loss:1.2811	Valence Loss:0.9809	 Arousal Loss:0.0798	
[2025-11-19 17:14:15,640][run_task2&3_trainer_multilingual.py][line:1284][INFO] Epoch:[1/1]	 Batch:[2130/2792.0]	 Loss Sum:23.7286	forward Loss:4.3211;3.4974	 backward Loss:10.2728;1.2536	 Sentiment Loss:4.2325	Valence Loss:0.5116	 Arousal Loss:0.2449	
[2025-11-19 17:14:19,834][run_task2&3_trainer_multilingual.py][line:1284][INFO] Epoch:[1/1]	 Batch:[2140/2792.0]	 Loss Sum:18.5354	forward Loss:1.8659;1.6169	 backward Loss:1.6102;2.8914	 Sentiment Loss:10.0204	Valence Loss:2.4126	 Arousal Loss:0.2407	
[2025-11-19 17:14:24,034][run_task2&3_trainer_multilingual.py][line:1284][INFO] Epoch:[1/1]	 Batch:[2150/2792.0]	 Loss Sum:12.292	forward Loss:0.8148;5.2032	 backward Loss:5.8283;0.3157	 Sentiment Loss:0.0135	Valence Loss:0.2155	 Arousal Loss:0.3676	
[2025-11-19 17:14:28,231][run_task2&3_trainer_multilingual.py][line:1284][INFO] Epoch:[1/1]	 Batch:[2160/2792.0]	 Loss Sum:17.0738	forward Loss:3.5166;5.3559	 backward Loss:4.16;2.7196	 Sentiment Loss:0.9564	Valence Loss:1.4496	 Arousal Loss:0.3765	
[2025-11-19 17:14:32,435][run_task2&3_trainer_multilingual.py][line:1284][INFO] Epoch:[1/1]	 Batch:[2170/2792.0]	 Loss Sum:8.8161	forward Loss:0.7477;2.2986	 backward Loss:2.4154;0.4274	 Sentiment Loss:2.7199	Valence Loss:0.4054	 Arousal Loss:0.6302	
[2025-11-19 17:14:36,636][run_task2&3_trainer_multilingual.py][line:1284][INFO] Epoch:[1/1]	 Batch:[2180/2792.0]	 Loss Sum:6.6643	forward Loss:2.7641;2.074	 backward Loss:0.6381;1.0002	 Sentiment Loss:0.114	Valence Loss:0.075	 Arousal Loss:0.295	
[2025-11-19 17:14:40,833][run_task2&3_trainer_multilingual.py][line:1284][INFO] Epoch:[1/1]	 Batch:[2190/2792.0]	 Loss Sum:28.8683	forward Loss:5.0208;7.4235	 backward Loss:8.8878;3.6381	 Sentiment Loss:3.3956	Valence Loss:1.8699	 Arousal Loss:0.6431	
[2025-11-19 17:14:45,029][run_task2&3_trainer_multilingual.py][line:1284][INFO] Epoch:[1/1]	 Batch:[2200/2792.0]	 Loss Sum:8.0437	forward Loss:1.315;0.8994	 backward Loss:1.8803;2.8639	 Sentiment Loss:0.9212	Valence Loss:0.5892	 Arousal Loss:0.2304	
[2025-11-19 17:14:49,229][run_task2&3_trainer_multilingual.py][line:1284][INFO] Epoch:[1/1]	 Batch:[2210/2792.0]	 Loss Sum:22.0047	forward Loss:3.9093;3.7755	 backward Loss:8.1845;3.8263	 Sentiment Loss:1.8113	Valence Loss:0.7466	 Arousal Loss:1.7419	
[2025-11-19 17:14:53,426][run_task2&3_trainer_multilingual.py][line:1284][INFO] Epoch:[1/1]	 Batch:[2220/2792.0]	 Loss Sum:7.9574	forward Loss:1.8797;1.1861	 backward Loss:3.4143;0.8209	 Sentiment Loss:0.0842	Valence Loss:2.0439	 Arousal Loss:0.8169	
[2025-11-19 17:14:57,622][run_task2&3_trainer_multilingual.py][line:1284][INFO] Epoch:[1/1]	 Batch:[2230/2792.0]	 Loss Sum:7.7222	forward Loss:1.4396;0.7301	 backward Loss:1.8116;2.0938	 Sentiment Loss:1.3413	Valence Loss:1.1871	 Arousal Loss:0.3418	
[2025-11-19 17:15:01,823][run_task2&3_trainer_multilingual.py][line:1284][INFO] Epoch:[1/1]	 Batch:[2240/2792.0]	 Loss Sum:4.4469	forward Loss:0.8931;0.3226	 backward Loss:0.387;0.7246	 Sentiment Loss:1.8848	Valence Loss:0.5813	 Arousal Loss:0.5926	
[2025-11-19 17:15:06,023][run_task2&3_trainer_multilingual.py][line:1284][INFO] Epoch:[1/1]	 Batch:[2250/2792.0]	 Loss Sum:6.9702	forward Loss:1.4847;1.1848	 backward Loss:1.0502;1.2587	 Sentiment Loss:1.8466	Valence Loss:0.1756	 Arousal Loss:0.5503	
[2025-11-19 17:15:10,222][run_task2&3_trainer_multilingual.py][line:1284][INFO] Epoch:[1/1]	 Batch:[2260/2792.0]	 Loss Sum:3.4586	forward Loss:0.2596;0.4306	 backward Loss:0.5744;0.175	 Sentiment Loss:1.7381	Valence Loss:0.6499	 Arousal Loss:0.7543	
[2025-11-19 17:15:14,420][run_task2&3_trainer_multilingual.py][line:1284][INFO] Epoch:[1/1]	 Batch:[2270/2792.0]	 Loss Sum:8.2948	forward Loss:2.1597;1.028	 backward Loss:0.946;3.0513	 Sentiment Loss:0.9975	Valence Loss:0.4483	 Arousal Loss:0.1133	
[2025-11-19 17:15:18,623][run_task2&3_trainer_multilingual.py][line:1284][INFO] Epoch:[1/1]	 Batch:[2280/2792.0]	 Loss Sum:23.8279	forward Loss:3.0453;8.1231	 backward Loss:7.9135;4.3731	 Sentiment Loss:0.3442	Valence Loss:0.0193	 Arousal Loss:0.1243	
[2025-11-19 17:15:22,821][run_task2&3_trainer_multilingual.py][line:1284][INFO] Epoch:[1/1]	 Batch:[2290/2792.0]	 Loss Sum:26.4024	forward Loss:3.8029;2.2637	 backward Loss:16.3904;1.479	 Sentiment Loss:2.2667	Valence Loss:0.5489	 Arousal Loss:0.4494	
[2025-11-19 17:15:27,018][run_task2&3_trainer_multilingual.py][line:1284][INFO] Epoch:[1/1]	 Batch:[2300/2792.0]	 Loss Sum:16.0214	forward Loss:4.4735;1.8112	 backward Loss:2.4562;3.5349	 Sentiment Loss:2.8139	Valence Loss:2.06	 Arousal Loss:2.5988	
[2025-11-19 17:15:31,223][run_task2&3_trainer_multilingual.py][line:1284][INFO] Epoch:[1/1]	 Batch:[2310/2792.0]	 Loss Sum:6.9962	forward Loss:0.4646;1.6066	 backward Loss:2.3931;1.6552	 Sentiment Loss:0.5832	Valence Loss:0.5277	 Arousal Loss:0.94	
[2025-11-19 17:15:35,421][run_task2&3_trainer_multilingual.py][line:1284][INFO] Epoch:[1/1]	 Batch:[2320/2792.0]	 Loss Sum:4.4204	forward Loss:0.5411;1.542	 backward Loss:0.8025;1.1191	 Sentiment Loss:0.0145	Valence Loss:1.5547	 Arousal Loss:0.4509	
[2025-11-19 17:15:39,618][run_task2&3_trainer_multilingual.py][line:1284][INFO] Epoch:[1/1]	 Batch:[2330/2792.0]	 Loss Sum:12.3932	forward Loss:7.3582;0.8004	 backward Loss:2.4056;1.5484	 Sentiment Loss:0.1033	Valence Loss:0.4453	 Arousal Loss:0.4418	
[2025-11-19 17:15:43,816][run_task2&3_trainer_multilingual.py][line:1284][INFO] Epoch:[1/1]	 Batch:[2340/2792.0]	 Loss Sum:9.7904	forward Loss:3.6512;0.2636	 backward Loss:0.9543;4.1421	 Sentiment Loss:0.4817	Valence Loss:1.2299	 Arousal Loss:0.258	
[2025-11-19 17:15:48,014][run_task2&3_trainer_multilingual.py][line:1284][INFO] Epoch:[1/1]	 Batch:[2350/2792.0]	 Loss Sum:23.5066	forward Loss:5.1842;6.2075	 backward Loss:7.004;2.5357	 Sentiment Loss:2.291	Valence Loss:1.3286	 Arousal Loss:0.0928	
[2025-11-19 17:15:52,213][run_task2&3_trainer_multilingual.py][line:1284][INFO] Epoch:[1/1]	 Batch:[2360/2792.0]	 Loss Sum:18.4545	forward Loss:2.69;3.6352	 backward Loss:7.0802;1.8202	 Sentiment Loss:3.0996	Valence Loss:0.5786	 Arousal Loss:0.0679	
[2025-11-19 17:15:56,413][run_task2&3_trainer_multilingual.py][line:1284][INFO] Epoch:[1/1]	 Batch:[2370/2792.0]	 Loss Sum:17.764	forward Loss:0.9894;6.1897	 backward Loss:4.5374;1.965	 Sentiment Loss:3.9369	Valence Loss:0.6864	 Arousal Loss:0.0417	
[2025-11-19 17:16:00,612][run_task2&3_trainer_multilingual.py][line:1284][INFO] Epoch:[1/1]	 Batch:[2380/2792.0]	 Loss Sum:37.0679	forward Loss:7.0963;9.2921	 backward Loss:17.6092;1.4135	 Sentiment Loss:1.4903	Valence Loss:0.7105	 Arousal Loss:0.1216	
[2025-11-19 17:16:04,806][run_task2&3_trainer_multilingual.py][line:1284][INFO] Epoch:[1/1]	 Batch:[2390/2792.0]	 Loss Sum:10.5622	forward Loss:2.4344;2.0397	 backward Loss:3.7891;1.58	 Sentiment Loss:0.2541	Valence Loss:1.3304	 Arousal Loss:0.994	
[2025-11-19 17:16:09,006][run_task2&3_trainer_multilingual.py][line:1284][INFO] Epoch:[1/1]	 Batch:[2400/2792.0]	 Loss Sum:30.3957	forward Loss:3.247;10.5536	 backward Loss:8.5557;2.3382	 Sentiment Loss:5.6471	Valence Loss:0.053	 Arousal Loss:0.2177	
[2025-11-19 17:16:13,208][run_task2&3_trainer_multilingual.py][line:1284][INFO] Epoch:[1/1]	 Batch:[2410/2792.0]	 Loss Sum:18.0799	forward Loss:3.4749;5.6112	 backward Loss:7.7228;1.1497	 Sentiment Loss:0.0352	Valence Loss:0.319	 Arousal Loss:0.1119	
[2025-11-19 17:16:17,407][run_task2&3_trainer_multilingual.py][line:1284][INFO] Epoch:[1/1]	 Batch:[2420/2792.0]	 Loss Sum:4.6124	forward Loss:0.3946;1.0537	 backward Loss:2.3305;0.4909	 Sentiment Loss:0.2138	Valence Loss:0.5613	 Arousal Loss:0.0826	
[2025-11-19 17:16:21,605][run_task2&3_trainer_multilingual.py][line:1284][INFO] Epoch:[1/1]	 Batch:[2430/2792.0]	 Loss Sum:15.3261	forward Loss:0.5002;4.241	 backward Loss:8.889;0.2981	 Sentiment Loss:0.242	Valence Loss:3.2864	 Arousal Loss:2.4936	
[2025-11-19 17:16:25,801][run_task2&3_trainer_multilingual.py][line:1284][INFO] Epoch:[1/1]	 Batch:[2440/2792.0]	 Loss Sum:19.9208	forward Loss:0.5776;4.3209	 backward Loss:8.5036;3.4548	 Sentiment Loss:2.8465	Valence Loss:0.9255	 Arousal Loss:0.1618	
[2025-11-19 17:16:30,000][run_task2&3_trainer_multilingual.py][line:1284][INFO] Epoch:[1/1]	 Batch:[2450/2792.0]	 Loss Sum:5.6617	forward Loss:0.7797;1.6653	 backward Loss:0.7904;1.1589	 Sentiment Loss:1.092	Valence Loss:0.6794	 Arousal Loss:0.1973	
[2025-11-19 17:16:34,199][run_task2&3_trainer_multilingual.py][line:1284][INFO] Epoch:[1/1]	 Batch:[2460/2792.0]	 Loss Sum:29.8396	forward Loss:6.8119;3.7035	 backward Loss:8.2348;8.0465	 Sentiment Loss:2.9233	Valence Loss:0.4817	 Arousal Loss:0.1164	
[2025-11-19 17:16:38,396][run_task2&3_trainer_multilingual.py][line:1284][INFO] Epoch:[1/1]	 Batch:[2470/2792.0]	 Loss Sum:17.6406	forward Loss:2.9272;3.2402	 backward Loss:6.2127;1.7683	 Sentiment Loss:2.4492	Valence Loss:2.4077	 Arousal Loss:2.8073	
[2025-11-19 17:16:42,590][run_task2&3_trainer_multilingual.py][line:1284][INFO] Epoch:[1/1]	 Batch:[2480/2792.0]	 Loss Sum:15.0871	forward Loss:5.4165;0.8651	 backward Loss:2.2428;5.4653	 Sentiment Loss:0.8306	Valence Loss:1.1927	 Arousal Loss:0.1419	
[2025-11-19 17:16:46,791][run_task2&3_trainer_multilingual.py][line:1284][INFO] Epoch:[1/1]	 Batch:[2490/2792.0]	 Loss Sum:7.8004	forward Loss:0.2145;2.7037	 backward Loss:4.4675;0.1687	 Sentiment Loss:0.0196	Valence Loss:0.8582	 Arousal Loss:0.2738	
[2025-11-19 17:16:50,989][run_task2&3_trainer_multilingual.py][line:1284][INFO] Epoch:[1/1]	 Batch:[2500/2792.0]	 Loss Sum:8.6262	forward Loss:0.7445;3.7852	 backward Loss:3.2368;0.5459	 Sentiment Loss:0.024	Valence Loss:1.3579	 Arousal Loss:0.0907	
[2025-11-19 17:16:55,185][run_task2&3_trainer_multilingual.py][line:1284][INFO] Epoch:[1/1]	 Batch:[2510/2792.0]	 Loss Sum:39.2298	forward Loss:10.9582;4.6689	 backward Loss:14.0325;4.056	 Sentiment Loss:5.3535	Valence Loss:0.2038	 Arousal Loss:0.5995	
[2025-11-19 17:16:59,386][run_task2&3_trainer_multilingual.py][line:1284][INFO] Epoch:[1/1]	 Batch:[2520/2792.0]	 Loss Sum:33.6495	forward Loss:4.8696;10.4312	 backward Loss:7.0375;3.1902	 Sentiment Loss:7.9678	Valence Loss:0.6811	 Arousal Loss:0.085	
[2025-11-19 17:17:03,588][run_task2&3_trainer_multilingual.py][line:1284][INFO] Epoch:[1/1]	 Batch:[2530/2792.0]	 Loss Sum:28.8728	forward Loss:5.3006;7.1059	 backward Loss:9.4198;1.6674	 Sentiment Loss:5.3139	Valence Loss:0.2373	 Arousal Loss:0.089	
[2025-11-19 17:17:07,784][run_task2&3_trainer_multilingual.py][line:1284][INFO] Epoch:[1/1]	 Batch:[2540/2792.0]	 Loss Sum:3.7795	forward Loss:1.2908;0.436	 backward Loss:1.4385;0.4868	 Sentiment Loss:0.0895	Valence Loss:0.0429	 Arousal Loss:0.1472	
[2025-11-19 17:17:11,991][run_task2&3_trainer_multilingual.py][line:1284][INFO] Epoch:[1/1]	 Batch:[2550/2792.0]	 Loss Sum:14.2599	forward Loss:2.4575;2.1781	 backward Loss:2.993;5.7538	 Sentiment Loss:0.5548	Valence Loss:0.2961	 Arousal Loss:1.317	
[2025-11-19 17:17:16,188][run_task2&3_trainer_multilingual.py][line:1284][INFO] Epoch:[1/1]	 Batch:[2560/2792.0]	 Loss Sum:15.2586	forward Loss:1.7665;1.3923	 backward Loss:1.8197;2.4933	 Sentiment Loss:7.647	Valence Loss:0.5595	 Arousal Loss:0.1398	
[2025-11-19 17:17:20,389][run_task2&3_trainer_multilingual.py][line:1284][INFO] Epoch:[1/1]	 Batch:[2570/2792.0]	 Loss Sum:5.7355	forward Loss:0.571;1.7708	 backward Loss:2.1342;0.2551	 Sentiment Loss:0.8766	Valence Loss:0.1563	 Arousal Loss:0.4828	
[2025-11-19 17:17:24,587][run_task2&3_trainer_multilingual.py][line:1284][INFO] Epoch:[1/1]	 Batch:[2580/2792.0]	 Loss Sum:3.5016	forward Loss:0.1673;0.7383	 backward Loss:1.131;0.2636	 Sentiment Loss:1.1578	Valence Loss:0.1764	 Arousal Loss:0.0413	
[2025-11-19 17:17:28,789][run_task2&3_trainer_multilingual.py][line:1284][INFO] Epoch:[1/1]	 Batch:[2590/2792.0]	 Loss Sum:10.5444	forward Loss:1.6284;2.5279	 backward Loss:4.2786;1.8612	 Sentiment Loss:0.1139	Valence Loss:0.0999	 Arousal Loss:0.572	
[2025-11-19 17:17:32,984][run_task2&3_trainer_multilingual.py][line:1284][INFO] Epoch:[1/1]	 Batch:[2600/2792.0]	 Loss Sum:4.7372	forward Loss:0.1942;2.0649	 backward Loss:1.7225;0.3295	 Sentiment Loss:0.0219	Valence Loss:0.7312	 Arousal Loss:1.2897	
[2025-11-19 17:17:37,181][run_task2&3_trainer_multilingual.py][line:1284][INFO] Epoch:[1/1]	 Batch:[2610/2792.0]	 Loss Sum:10.0183	forward Loss:2.4532;2.9047	 backward Loss:2.4623;1.5181	 Sentiment Loss:0.5603	Valence Loss:0.1775	 Arousal Loss:0.4213	
[2025-11-19 17:17:41,377][run_task2&3_trainer_multilingual.py][line:1284][INFO] Epoch:[1/1]	 Batch:[2620/2792.0]	 Loss Sum:48.4517	forward Loss:2.9422;16.0313	 backward Loss:16.1629;11.4613	 Sentiment Loss:1.6755	Valence Loss:0.365	 Arousal Loss:0.5278	
[2025-11-19 17:17:45,575][run_task2&3_trainer_multilingual.py][line:1284][INFO] Epoch:[1/1]	 Batch:[2630/2792.0]	 Loss Sum:14.2156	forward Loss:0.3684;6.5197	 backward Loss:5.0934;0.4406	 Sentiment Loss:1.7016	Valence Loss:0.1432	 Arousal Loss:0.3164	
[2025-11-19 17:17:49,772][run_task2&3_trainer_multilingual.py][line:1284][INFO] Epoch:[1/1]	 Batch:[2640/2792.0]	 Loss Sum:11.8057	forward Loss:0.8511;2.1513	 backward Loss:3.7805;2.3138	 Sentiment Loss:2.5552	Valence Loss:0.6971	 Arousal Loss:0.0714	
[2025-11-19 17:17:53,975][run_task2&3_trainer_multilingual.py][line:1284][INFO] Epoch:[1/1]	 Batch:[2650/2792.0]	 Loss Sum:9.3264	forward Loss:3.2305;1.8435	 backward Loss:2.176;0.7675	 Sentiment Loss:0.8924	Valence Loss:2.0451	 Arousal Loss:0.0371	
[2025-11-19 17:17:58,169][run_task2&3_trainer_multilingual.py][line:1284][INFO] Epoch:[1/1]	 Batch:[2660/2792.0]	 Loss Sum:23.3524	forward Loss:1.6446;7.3526	 backward Loss:7.2174;0.9515	 Sentiment Loss:4.997	Valence Loss:4.6838	 Arousal Loss:1.2633	
[2025-11-19 17:18:02,372][run_task2&3_trainer_multilingual.py][line:1284][INFO] Epoch:[1/1]	 Batch:[2670/2792.0]	 Loss Sum:38.3569	forward Loss:8.9438;4.744	 backward Loss:6.064;10.6358	 Sentiment Loss:7.6486	Valence Loss:0.714	 Arousal Loss:0.8894	
[2025-11-19 17:18:06,576][run_task2&3_trainer_multilingual.py][line:1284][INFO] Epoch:[1/1]	 Batch:[2680/2792.0]	 Loss Sum:9.1702	forward Loss:1.4608;0.6774	 backward Loss:6.1979;0.3754	 Sentiment Loss:0.3411	Valence Loss:0.3112	 Arousal Loss:0.2767	
[2025-11-19 17:18:10,770][run_task2&3_trainer_multilingual.py][line:1284][INFO] Epoch:[1/1]	 Batch:[2690/2792.0]	 Loss Sum:38.8669	forward Loss:3.5503;7.8855	 backward Loss:14.7348;1.4932	 Sentiment Loss:10.8006	Valence Loss:1.4376	 Arousal Loss:0.5747	
[2025-11-19 17:18:14,967][run_task2&3_trainer_multilingual.py][line:1284][INFO] Epoch:[1/1]	 Batch:[2700/2792.0]	 Loss Sum:39.7919	forward Loss:8.7566;9.01	 backward Loss:5.0756;14.9557	 Sentiment Loss:1.9105	Valence Loss:0.3632	 Arousal Loss:0.0543	
[2025-11-19 17:18:19,165][run_task2&3_trainer_multilingual.py][line:1284][INFO] Epoch:[1/1]	 Batch:[2710/2792.0]	 Loss Sum:13.3832	forward Loss:0.7005;3.7919	 backward Loss:2.9397;1.0214	 Sentiment Loss:4.8638	Valence Loss:0.2723	 Arousal Loss:0.0578	
[2025-11-19 17:18:23,366][run_task2&3_trainer_multilingual.py][line:1284][INFO] Epoch:[1/1]	 Batch:[2720/2792.0]	 Loss Sum:5.1373	forward Loss:0.3684;1.2202	 backward Loss:0.8502;0.3281	 Sentiment Loss:2.1062	Valence Loss:1.1355	 Arousal Loss:0.1855	
[2025-11-19 17:18:27,562][run_task2&3_trainer_multilingual.py][line:1284][INFO] Epoch:[1/1]	 Batch:[2730/2792.0]	 Loss Sum:14.9949	forward Loss:2.6762;4.7543	 backward Loss:3.6067;3.112	 Sentiment Loss:0.7452	Valence Loss:0.42	 Arousal Loss:0.0828	
[2025-11-19 17:18:31,764][run_task2&3_trainer_multilingual.py][line:1284][INFO] Epoch:[1/1]	 Batch:[2740/2792.0]	 Loss Sum:6.7795	forward Loss:0.5958;3.1592	 backward Loss:1.5665;0.3808	 Sentiment Loss:0.9183	Valence Loss:0.4552	 Arousal Loss:0.3392	
[2025-11-19 17:18:35,962][run_task2&3_trainer_multilingual.py][line:1284][INFO] Epoch:[1/1]	 Batch:[2750/2792.0]	 Loss Sum:13.0574	forward Loss:1.8117;2.5803	 backward Loss:5.9364;1.0855	 Sentiment Loss:1.1302	Valence Loss:2.3419	 Arousal Loss:0.2245	
[2025-11-19 17:18:40,163][run_task2&3_trainer_multilingual.py][line:1284][INFO] Epoch:[1/1]	 Batch:[2760/2792.0]	 Loss Sum:11.4427	forward Loss:1.8227;3.0545	 backward Loss:4.9097;1.1513	 Sentiment Loss:0.1245	Valence Loss:1.3675	 Arousal Loss:0.5323	
[2025-11-19 17:18:44,359][run_task2&3_trainer_multilingual.py][line:1284][INFO] Epoch:[1/1]	 Batch:[2770/2792.0]	 Loss Sum:15.3641	forward Loss:3.3947;1.2422	 backward Loss:1.5689;2.2876	 Sentiment Loss:6.7565	Valence Loss:0.1294	 Arousal Loss:0.4415	
[2025-11-19 17:18:48,555][run_task2&3_trainer_multilingual.py][line:1284][INFO] Epoch:[1/1]	 Batch:[2780/2792.0]	 Loss Sum:21.7696	forward Loss:4.9512;4.4459	 backward Loss:3.7918;1.6998	 Sentiment Loss:6.7359	Valence Loss:0.6126	 Arousal Loss:0.1125	
[2025-11-19 17:18:52,754][run_task2&3_trainer_multilingual.py][line:1284][INFO] Epoch:[1/1]	 Batch:[2790/2792.0]	 Loss Sum:2.7709	forward Loss:0.0709;0.7741	 backward Loss:1.6913;0.0866	 Sentiment Loss:0.0275	Valence Loss:0.5119	 Arousal Loss:0.0911	
[2025-11-19 17:18:53,571][run_task2&3_trainer_multilingual.py][line:1296][INFO] dev
[2025-11-19 17:19:23,087][run_task2&3_trainer_multilingual.py][line:578][INFO] Triplet - Precision: 0.32162661707797907	Recall: 0.2598954441673671	F1: 0.2874840159305823
[2025-11-19 17:19:23,087][run_task2&3_trainer_multilingual.py][line:583][INFO] Aspect - Precision: 0.7616099063347679	Recall: 0.6456692907736926	F1: 0.698863139095943
[2025-11-19 17:19:23,087][run_task2&3_trainer_multilingual.py][line:588][INFO] Opinion - Precision: 0.6302250797103697	Recall: 0.47153167564432097	F1: 0.5394490511632252
[2025-11-19 17:19:23,087][run_task2&3_trainer_multilingual.py][line:594][INFO] Aspect-Category - Precision: 0.4753937003194944	Recall: 0.3870192304591192	F1: 0.4266779501037401
[2025-11-19 17:19:23,087][run_task2&3_trainer_multilingual.py][line:602][INFO] Aspect-Opinion - Precision: 0.5018484283716742	Recall: 0.4055265120197711	F1: 0.4485744742854274
[2025-11-19 17:19:23,088][run_task2&3_trainer_multilingual.py][line:1302][INFO] Model saved after epoch 1
[2025-11-19 17:19:24,645][run_task2&3_trainer_multilingual.py][line:1313][INFO] loading model......
[2025-11-19 17:19:25,864][run_task2&3_trainer_multilingual.py][line:1316][INFO] inference......
