[2025-11-19 17:31:35,952][_client.py][line:1025][INFO] HTTP Request: HEAD https://huggingface.co/bert-base-chinese/resolve/main/tokenizer_config.json "HTTP/1.1 200 OK"
[2025-11-19 17:31:36,145][_client.py][line:1025][INFO] HTTP Request: GET https://huggingface.co/api/models/bert-base-chinese/tree/main/additional_chat_templates?recursive=false&expand=false "HTTP/1.1 307 Temporary Redirect"
[2025-11-19 17:31:36,339][_client.py][line:1025][INFO] HTTP Request: GET https://huggingface.co/api/models/google-bert/bert-base-chinese/tree/main/additional_chat_templates?recursive=false&expand=false "HTTP/1.1 404 Not Found"
[2025-11-19 17:31:36,887][run_task2&3_trainer_multilingual.py][line:1127][INFO] initial optimizer......
[2025-11-19 17:31:36,888][run_task2&3_trainer_multilingual.py][line:1145][INFO] New model and optimizer from epoch 1
[2025-11-19 17:31:36,888][run_task2&3_trainer_multilingual.py][line:1154][INFO] begin training......
[2025-11-19 17:31:41,119][run_task2&3_trainer_multilingual.py][line:1284][INFO] Epoch:[1/1]	 Batch:[10/2792.0]	 Loss Sum:197.8848	forward Loss:31.3494;47.2447	 backward Loss:31.1998;63.1565	 Sentiment Loss:6.7103	Valence Loss:45.516	 Arousal Loss:45.6041	
[2025-11-19 17:31:45,160][run_task2&3_trainer_multilingual.py][line:1284][INFO] Epoch:[1/1]	 Batch:[20/2792.0]	 Loss Sum:102.338	forward Loss:14.0301;26.0137	 backward Loss:12.6435;29.7664	 Sentiment Loss:5.507	Valence Loss:36.2176	 Arousal Loss:35.6694	
[2025-11-19 17:31:49,185][run_task2&3_trainer_multilingual.py][line:1284][INFO] Epoch:[1/1]	 Batch:[30/2792.0]	 Loss Sum:151.1761	forward Loss:26.6756;37.2641	 backward Loss:22.9897;47.6921	 Sentiment Loss:5.0731	Valence Loss:29.2342	 Arousal Loss:28.1738	
[2025-11-19 17:31:53,213][run_task2&3_trainer_multilingual.py][line:1284][INFO] Epoch:[1/1]	 Batch:[40/2792.0]	 Loss Sum:58.7573	forward Loss:9.7055;13.8491	 backward Loss:8.0875;13.9506	 Sentiment Loss:5.5707	Valence Loss:16.5658	 Arousal Loss:21.4035	
[2025-11-19 17:31:57,244][run_task2&3_trainer_multilingual.py][line:1284][INFO] Epoch:[1/1]	 Batch:[50/2792.0]	 Loss Sum:147.7757	forward Loss:25.8144;34.9053	 backward Loss:28.8175;47.3977	 Sentiment Loss:3.5443	Valence Loss:19.507	 Arousal Loss:16.9756	
[2025-11-19 17:32:01,286][run_task2&3_trainer_multilingual.py][line:1284][INFO] Epoch:[1/1]	 Batch:[60/2792.0]	 Loss Sum:79.4443	forward Loss:25.2301;14.279	 backward Loss:16.7645;14.9299	 Sentiment Loss:5.2362	Valence Loss:3.3296	 Arousal Loss:11.6936	
[2025-11-19 17:32:05,318][run_task2&3_trainer_multilingual.py][line:1284][INFO] Epoch:[1/1]	 Batch:[70/2792.0]	 Loss Sum:45.8331	forward Loss:15.1946;8.2787	 backward Loss:6.4852;8.0769	 Sentiment Loss:2.8153	Valence Loss:10.039	 Arousal Loss:14.8729	
[2025-11-19 17:32:09,360][run_task2&3_trainer_multilingual.py][line:1284][INFO] Epoch:[1/1]	 Batch:[80/2792.0]	 Loss Sum:33.7188	forward Loss:6.8258;8.7439	 backward Loss:7.1608;8.3983	 Sentiment Loss:2.2928	Valence Loss:0.3289	 Arousal Loss:1.1575	
[2025-11-19 17:32:13,391][run_task2&3_trainer_multilingual.py][line:1284][INFO] Epoch:[1/1]	 Batch:[90/2792.0]	 Loss Sum:40.2486	forward Loss:7.0774;10.6265	 backward Loss:8.5177;9.0272	 Sentiment Loss:4.7329	Valence Loss:1.1109	 Arousal Loss:0.2236	
[2025-11-19 17:32:17,423][run_task2&3_trainer_multilingual.py][line:1284][INFO] Epoch:[1/1]	 Batch:[100/2792.0]	 Loss Sum:34.5411	forward Loss:6.117;8.8263	 backward Loss:6.7112;9.1014	 Sentiment Loss:3.0449	Valence Loss:2.5359	 Arousal Loss:1.1655	
[2025-11-19 17:32:21,452][run_task2&3_trainer_multilingual.py][line:1284][INFO] Epoch:[1/1]	 Batch:[110/2792.0]	 Loss Sum:34.9423	forward Loss:7.8007;8.6945	 backward Loss:7.0824;9.6379	 Sentiment Loss:1.666	Valence Loss:0.214	 Arousal Loss:0.0903	
[2025-11-19 17:32:25,504][run_task2&3_trainer_multilingual.py][line:1284][INFO] Epoch:[1/1]	 Batch:[120/2792.0]	 Loss Sum:27.0309	forward Loss:5.2628;7.2759	 backward Loss:5.6107;4.82	 Sentiment Loss:3.8105	Valence Loss:0.2146	 Arousal Loss:1.0405	
[2025-11-19 17:32:29,567][run_task2&3_trainer_multilingual.py][line:1284][INFO] Epoch:[1/1]	 Batch:[130/2792.0]	 Loss Sum:40.6317	forward Loss:10.0491;8.7222	 backward Loss:10.7103;7.9184	 Sentiment Loss:3.0704	Valence Loss:0.6291	 Arousal Loss:0.1777	
[2025-11-19 17:32:33,613][run_task2&3_trainer_multilingual.py][line:1284][INFO] Epoch:[1/1]	 Batch:[140/2792.0]	 Loss Sum:64.5916	forward Loss:13.1887;14.3518	 backward Loss:12.3591;16.75	 Sentiment Loss:7.8263	Valence Loss:0.1758	 Arousal Loss:0.4027	
[2025-11-19 17:32:37,663][run_task2&3_trainer_multilingual.py][line:1284][INFO] Epoch:[1/1]	 Batch:[150/2792.0]	 Loss Sum:29.2184	forward Loss:4.1054;9.6479	 backward Loss:6.8956;4.3392	 Sentiment Loss:4.1414	Valence Loss:0.3478	 Arousal Loss:0.0961	
[2025-11-19 17:32:41,725][run_task2&3_trainer_multilingual.py][line:1284][INFO] Epoch:[1/1]	 Batch:[160/2792.0]	 Loss Sum:40.1983	forward Loss:12.0472;6.7979	 backward Loss:10.364;7.9618	 Sentiment Loss:1.8016	Valence Loss:1.6242	 Arousal Loss:4.5049	
[2025-11-19 17:32:45,777][run_task2&3_trainer_multilingual.py][line:1284][INFO] Epoch:[1/1]	 Batch:[170/2792.0]	 Loss Sum:60.3585	forward Loss:14.1755;11.0592	 backward Loss:14.7972;9.6117	 Sentiment Loss:9.6529	Valence Loss:4.9684	 Arousal Loss:0.3417	
[2025-11-19 17:32:49,823][run_task2&3_trainer_multilingual.py][line:1284][INFO] Epoch:[1/1]	 Batch:[180/2792.0]	 Loss Sum:37.9726	forward Loss:6.2389;10.6043	 backward Loss:14.1577;4.4649	 Sentiment Loss:2.4317	Valence Loss:0.2782	 Arousal Loss:0.0965	
[2025-11-19 17:32:53,869][run_task2&3_trainer_multilingual.py][line:1284][INFO] Epoch:[1/1]	 Batch:[190/2792.0]	 Loss Sum:24.8063	forward Loss:5.3488;6.0424	 backward Loss:8.0985;2.6323	 Sentiment Loss:2.5044	Valence Loss:0.2612	 Arousal Loss:0.6384	
[2025-11-19 17:32:57,939][run_task2&3_trainer_multilingual.py][line:1284][INFO] Epoch:[1/1]	 Batch:[200/2792.0]	 Loss Sum:35.8869	forward Loss:9.1025;6.1587	 backward Loss:6.0767;8.6631	 Sentiment Loss:5.7337	Valence Loss:0.6052	 Arousal Loss:0.1561	
[2025-11-19 17:33:01,992][run_task2&3_trainer_multilingual.py][line:1284][INFO] Epoch:[1/1]	 Batch:[210/2792.0]	 Loss Sum:20.5744	forward Loss:4.8741;4.9772	 backward Loss:3.1852;5.3605	 Sentiment Loss:2.0019	Valence Loss:0.7172	 Arousal Loss:0.1601	
[2025-11-19 17:33:06,040][run_task2&3_trainer_multilingual.py][line:1284][INFO] Epoch:[1/1]	 Batch:[220/2792.0]	 Loss Sum:18.7303	forward Loss:6.646;1.7335	 backward Loss:1.5968;6.4833	 Sentiment Loss:2.0938	Valence Loss:0.392	 Arousal Loss:0.493	
[2025-11-19 17:33:10,085][run_task2&3_trainer_multilingual.py][line:1284][INFO] Epoch:[1/1]	 Batch:[230/2792.0]	 Loss Sum:41.0534	forward Loss:9.7591;5.8691	 backward Loss:14.0267;9.0628	 Sentiment Loss:2.0985	Valence Loss:1.0817	 Arousal Loss:0.1038	
[2025-11-19 17:33:14,146][run_task2&3_trainer_multilingual.py][line:1284][INFO] Epoch:[1/1]	 Batch:[240/2792.0]	 Loss Sum:31.9251	forward Loss:7.8172;5.8044	 backward Loss:12.3897;3.0805	 Sentiment Loss:2.7307	Valence Loss:0.4561	 Arousal Loss:0.0567	
[2025-11-19 17:33:18,196][run_task2&3_trainer_multilingual.py][line:1284][INFO] Epoch:[1/1]	 Batch:[250/2792.0]	 Loss Sum:29.6477	forward Loss:8.4552;5.8835	 backward Loss:8.4828;4.867	 Sentiment Loss:1.7359	Valence Loss:0.2892	 Arousal Loss:0.8262	
[2025-11-19 17:33:22,252][run_task2&3_trainer_multilingual.py][line:1284][INFO] Epoch:[1/1]	 Batch:[260/2792.0]	 Loss Sum:16.3448	forward Loss:1.8717;6.142	 backward Loss:3.8054;1.6283	 Sentiment Loss:2.7786	Valence Loss:0.0288	 Arousal Loss:0.565	
[2025-11-19 17:33:26,325][run_task2&3_trainer_multilingual.py][line:1284][INFO] Epoch:[1/1]	 Batch:[270/2792.0]	 Loss Sum:50.7025	forward Loss:12.2281;7.2821	 backward Loss:20.5564;5.0611	 Sentiment Loss:5.112	Valence Loss:2.0524	 Arousal Loss:0.2614	
[2025-11-19 17:33:30,372][run_task2&3_trainer_multilingual.py][line:1284][INFO] Epoch:[1/1]	 Batch:[280/2792.0]	 Loss Sum:37.2047	forward Loss:15.093;4.6446	 backward Loss:10.4131;5.6079	 Sentiment Loss:1.0758	Valence Loss:0.9564	 Arousal Loss:0.895	
[2025-11-19 17:33:34,422][run_task2&3_trainer_multilingual.py][line:1284][INFO] Epoch:[1/1]	 Batch:[290/2792.0]	 Loss Sum:27.552	forward Loss:2.4341;7.6033	 backward Loss:7.712;1.8478	 Sentiment Loss:7.8227	Valence Loss:0.3665	 Arousal Loss:0.2946	
[2025-11-19 17:33:38,477][run_task2&3_trainer_multilingual.py][line:1284][INFO] Epoch:[1/1]	 Batch:[300/2792.0]	 Loss Sum:42.3477	forward Loss:13.4443;7.1853	 backward Loss:11.2337;5.5695	 Sentiment Loss:4.6553	Valence Loss:0.7116	 Arousal Loss:0.5861	
[2025-11-19 17:33:42,537][run_task2&3_trainer_multilingual.py][line:1284][INFO] Epoch:[1/1]	 Batch:[310/2792.0]	 Loss Sum:10.9429	forward Loss:1.2102;3.5594	 backward Loss:2.9498;1.6718	 Sentiment Loss:1.521	Valence Loss:0.0878	 Arousal Loss:0.0661	
[2025-11-19 17:33:46,582][run_task2&3_trainer_multilingual.py][line:1284][INFO] Epoch:[1/1]	 Batch:[320/2792.0]	 Loss Sum:16.1748	forward Loss:4.4058;3.5401	 backward Loss:4.7929;1.7023	 Sentiment Loss:1.4142	Valence Loss:1.0189	 Arousal Loss:0.5785	
[2025-11-19 17:33:50,628][run_task2&3_trainer_multilingual.py][line:1284][INFO] Epoch:[1/1]	 Batch:[330/2792.0]	 Loss Sum:21.7179	forward Loss:1.7699;5.0952	 backward Loss:4.7772;1.9533	 Sentiment Loss:7.1686	Valence Loss:1.5928	 Arousal Loss:3.176	
[2025-11-19 17:33:54,680][run_task2&3_trainer_multilingual.py][line:1284][INFO] Epoch:[1/1]	 Batch:[340/2792.0]	 Loss Sum:22.8166	forward Loss:3.7711;2.1345	 backward Loss:8.1803;4.4848	 Sentiment Loss:4.0573	Valence Loss:0.1086	 Arousal Loss:0.8343	
[2025-11-19 17:33:58,748][run_task2&3_trainer_multilingual.py][line:1284][INFO] Epoch:[1/1]	 Batch:[350/2792.0]	 Loss Sum:16.6151	forward Loss:5.0551;2.2678	 backward Loss:2.6214;4.9754	 Sentiment Loss:1.2392	Valence Loss:2.0872	 Arousal Loss:0.1934	
[2025-11-19 17:34:02,796][run_task2&3_trainer_multilingual.py][line:1284][INFO] Epoch:[1/1]	 Batch:[360/2792.0]	 Loss Sum:24.7423	forward Loss:4.1729;4.8451	 backward Loss:3.741;5.6403	 Sentiment Loss:6.1961	Valence Loss:0.447	 Arousal Loss:0.2875	
[2025-11-19 17:34:06,850][run_task2&3_trainer_multilingual.py][line:1284][INFO] Epoch:[1/1]	 Batch:[370/2792.0]	 Loss Sum:31.4756	forward Loss:2.4938;8.9248	 backward Loss:8.9452;2.3276	 Sentiment Loss:6.1237	Valence Loss:12.2941	 Arousal Loss:1.008	
[2025-11-19 17:34:10,909][run_task2&3_trainer_multilingual.py][line:1284][INFO] Epoch:[1/1]	 Batch:[380/2792.0]	 Loss Sum:22.8237	forward Loss:2.7758;3.5179	 backward Loss:8.0312;4.6061	 Sentiment Loss:3.8295	Valence Loss:0.2816	 Arousal Loss:0.0344	
[2025-11-19 17:34:14,954][run_task2&3_trainer_multilingual.py][line:1284][INFO] Epoch:[1/1]	 Batch:[390/2792.0]	 Loss Sum:16.0556	forward Loss:4.8377;1.6217	 backward Loss:2.0544;5.3744	 Sentiment Loss:2.0664	Valence Loss:0.4112	 Arousal Loss:0.094	
[2025-11-19 17:34:18,998][run_task2&3_trainer_multilingual.py][line:1284][INFO] Epoch:[1/1]	 Batch:[400/2792.0]	 Loss Sum:13.3726	forward Loss:1.9032;3.1163	 backward Loss:3.7575;2.4855	 Sentiment Loss:1.3122	Valence Loss:3.6944	 Arousal Loss:0.2952	
[2025-11-19 17:34:23,049][run_task2&3_trainer_multilingual.py][line:1284][INFO] Epoch:[1/1]	 Batch:[410/2792.0]	 Loss Sum:24.5235	forward Loss:4.8838;8.811	 backward Loss:7.1205;1.7365	 Sentiment Loss:1.8494	Valence Loss:0.241	 Arousal Loss:0.3705	
[2025-11-19 17:34:27,104][run_task2&3_trainer_multilingual.py][line:1284][INFO] Epoch:[1/1]	 Batch:[420/2792.0]	 Loss Sum:59.1236	forward Loss:13.2885;9.5168	 backward Loss:17.6557;7.8682	 Sentiment Loss:10.7202	Valence Loss:0.0758	 Arousal Loss:0.2954	
[2025-11-19 17:34:31,158][run_task2&3_trainer_multilingual.py][line:1284][INFO] Epoch:[1/1]	 Batch:[430/2792.0]	 Loss Sum:26.5964	forward Loss:5.3003;4.8634	 backward Loss:9.074;3.8948	 Sentiment Loss:1.9039	Valence Loss:7.3921	 Arousal Loss:0.4074	
[2025-11-19 17:34:35,204][run_task2&3_trainer_multilingual.py][line:1284][INFO] Epoch:[1/1]	 Batch:[440/2792.0]	 Loss Sum:38.8931	forward Loss:8.8161;4.7216	 backward Loss:5.4217;12.2292	 Sentiment Loss:7.4085	Valence Loss:1.1471	 Arousal Loss:0.3331	
[2025-11-19 17:34:39,266][run_task2&3_trainer_multilingual.py][line:1284][INFO] Epoch:[1/1]	 Batch:[450/2792.0]	 Loss Sum:14.5207	forward Loss:1.1848;6.4503	 backward Loss:4.1702;1.4117	 Sentiment Loss:0.9664	Valence Loss:1.0371	 Arousal Loss:0.6492	
[2025-11-19 17:34:43,329][run_task2&3_trainer_multilingual.py][line:1284][INFO] Epoch:[1/1]	 Batch:[460/2792.0]	 Loss Sum:30.186	forward Loss:4.9503;7.4569	 backward Loss:10.8834;3.2171	 Sentiment Loss:3.4721	Valence Loss:0.1223	 Arousal Loss:0.9084	
[2025-11-19 17:34:47,372][run_task2&3_trainer_multilingual.py][line:1284][INFO] Epoch:[1/1]	 Batch:[470/2792.0]	 Loss Sum:14.8094	forward Loss:3.4912;2.1716	 backward Loss:3.4171;2.4534	 Sentiment Loss:3.1092	Valence Loss:0.5949	 Arousal Loss:0.2401	
[2025-11-19 17:34:51,416][run_task2&3_trainer_multilingual.py][line:1284][INFO] Epoch:[1/1]	 Batch:[480/2792.0]	 Loss Sum:12.0047	forward Loss:2.8308;2.1617	 backward Loss:1.0245;3.9425	 Sentiment Loss:1.9187	Valence Loss:0.515	 Arousal Loss:0.1177	
[2025-11-19 17:34:55,470][run_task2&3_trainer_multilingual.py][line:1284][INFO] Epoch:[1/1]	 Batch:[490/2792.0]	 Loss Sum:12.9997	forward Loss:3.8382;1.6629	 backward Loss:2.9237;2.2642	 Sentiment Loss:2.2006	Valence Loss:0.4722	 Arousal Loss:0.0788	
[2025-11-19 17:34:59,523][run_task2&3_trainer_multilingual.py][line:1284][INFO] Epoch:[1/1]	 Batch:[500/2792.0]	 Loss Sum:11.8694	forward Loss:1.2751;2.964	 backward Loss:3.2117;1.7449	 Sentiment Loss:1.5609	Valence Loss:5.2119	 Arousal Loss:0.352	
[2025-11-19 17:35:03,575][run_task2&3_trainer_multilingual.py][line:1284][INFO] Epoch:[1/1]	 Batch:[510/2792.0]	 Loss Sum:18.5651	forward Loss:1.2037;4.7682	 backward Loss:8.0702;2.6293	 Sentiment Loss:1.7774	Valence Loss:0.4165	 Arousal Loss:0.165	
[2025-11-19 17:35:07,617][run_task2&3_trainer_multilingual.py][line:1284][INFO] Epoch:[1/1]	 Batch:[520/2792.0]	 Loss Sum:10.3704	forward Loss:3.488;1.4058	 backward Loss:1.8465;2.632	 Sentiment Loss:0.9504	Valence Loss:0.0884	 Arousal Loss:0.1503	
[2025-11-19 17:35:11,681][run_task2&3_trainer_multilingual.py][line:1284][INFO] Epoch:[1/1]	 Batch:[530/2792.0]	 Loss Sum:24.2102	forward Loss:7.9875;3.0918	 backward Loss:9.7904;2.0577	 Sentiment Loss:1.0125	Valence Loss:1.2608	 Arousal Loss:0.0907	
[2025-11-19 17:35:15,738][run_task2&3_trainer_multilingual.py][line:1284][INFO] Epoch:[1/1]	 Batch:[540/2792.0]	 Loss Sum:27.5978	forward Loss:5.0599;7.9643	 backward Loss:7.9027;6.0067	 Sentiment Loss:0.6424	Valence Loss:0.0364	 Arousal Loss:0.0717	
[2025-11-19 17:35:19,779][run_task2&3_trainer_multilingual.py][line:1284][INFO] Epoch:[1/1]	 Batch:[550/2792.0]	 Loss Sum:10.3841	forward Loss:2.2145;1.9891	 backward Loss:3.1389;1.5213	 Sentiment Loss:1.1307	Valence Loss:0.9603	 Arousal Loss:0.9879	
[2025-11-19 17:35:23,831][run_task2&3_trainer_multilingual.py][line:1284][INFO] Epoch:[1/1]	 Batch:[560/2792.0]	 Loss Sum:14.6236	forward Loss:4.6359;2.6485	 backward Loss:3.1053;3.8927	 Sentiment Loss:0.2724	Valence Loss:0.1252	 Arousal Loss:0.2187	
[2025-11-19 17:35:27,888][run_task2&3_trainer_multilingual.py][line:1284][INFO] Epoch:[1/1]	 Batch:[570/2792.0]	 Loss Sum:17.6628	forward Loss:4.3572;2.2231	 backward Loss:3.7144;2.6229	 Sentiment Loss:4.7119	Valence Loss:0.0594	 Arousal Loss:0.1067	
[2025-11-19 17:35:31,937][run_task2&3_trainer_multilingual.py][line:1284][INFO] Epoch:[1/1]	 Batch:[580/2792.0]	 Loss Sum:21.1205	forward Loss:7.3878;2.9584	 backward Loss:5.56;3.1205	 Sentiment Loss:1.8586	Valence Loss:1.0996	 Arousal Loss:0.0771	
[2025-11-19 17:35:35,974][run_task2&3_trainer_multilingual.py][line:1284][INFO] Epoch:[1/1]	 Batch:[590/2792.0]	 Loss Sum:15.8288	forward Loss:2.5223;3.0297	 backward Loss:1.2432;1.7546	 Sentiment Loss:6.875	Valence Loss:1.5051	 Arousal Loss:0.5146	
[2025-11-19 17:35:40,029][run_task2&3_trainer_multilingual.py][line:1284][INFO] Epoch:[1/1]	 Batch:[600/2792.0]	 Loss Sum:27.5635	forward Loss:3.0059;4.624	 backward Loss:5.0837;2.5811	 Sentiment Loss:12.2123	Valence Loss:0.0751	 Arousal Loss:0.207	
[2025-11-19 17:35:44,086][run_task2&3_trainer_multilingual.py][line:1284][INFO] Epoch:[1/1]	 Batch:[610/2792.0]	 Loss Sum:34.9445	forward Loss:1.9255;10.7971	 backward Loss:18.453;2.6081	 Sentiment Loss:0.7148	Valence Loss:1.831	 Arousal Loss:0.3982	
[2025-11-19 17:35:48,136][run_task2&3_trainer_multilingual.py][line:1284][INFO] Epoch:[1/1]	 Batch:[620/2792.0]	 Loss Sum:35.5547	forward Loss:9.4967;6.6799	 backward Loss:7.4628;6.5228	 Sentiment Loss:5.0356	Valence Loss:1.5724	 Arousal Loss:0.2115	
[2025-11-19 17:35:52,179][run_task2&3_trainer_multilingual.py][line:1284][INFO] Epoch:[1/1]	 Batch:[630/2792.0]	 Loss Sum:10.8253	forward Loss:4.6301;2.4832	 backward Loss:1.6674;1.527	 Sentiment Loss:0.4263	Valence Loss:0.4103	 Arousal Loss:0.0461	
[2025-11-19 17:35:56,222][run_task2&3_trainer_multilingual.py][line:1284][INFO] Epoch:[1/1]	 Batch:[640/2792.0]	 Loss Sum:26.5362	forward Loss:7.1486;3.6902	 backward Loss:7.1862;3.9821	 Sentiment Loss:4.351	Valence Loss:0.3043	 Arousal Loss:0.5867	
[2025-11-19 17:36:00,280][run_task2&3_trainer_multilingual.py][line:1284][INFO] Epoch:[1/1]	 Batch:[650/2792.0]	 Loss Sum:19.6521	forward Loss:3.8127;6.5795	 backward Loss:4.6192;3.5498	 Sentiment Loss:0.9072	Valence Loss:0.426	 Arousal Loss:0.4925	
[2025-11-19 17:36:04,324][run_task2&3_trainer_multilingual.py][line:1284][INFO] Epoch:[1/1]	 Batch:[660/2792.0]	 Loss Sum:19.5837	forward Loss:3.9509;2.4724	 backward Loss:4.2273;2.3374	 Sentiment Loss:4.9494	Valence Loss:3.706	 Arousal Loss:4.5255	
[2025-11-19 17:36:08,365][run_task2&3_trainer_multilingual.py][line:1284][INFO] Epoch:[1/1]	 Batch:[670/2792.0]	 Loss Sum:20.3249	forward Loss:5.879;3.0732	 backward Loss:4.5464;4.674	 Sentiment Loss:2.034	Valence Loss:0.2941	 Arousal Loss:0.2971	
[2025-11-19 17:36:12,422][run_task2&3_trainer_multilingual.py][line:1284][INFO] Epoch:[1/1]	 Batch:[680/2792.0]	 Loss Sum:40.1382	forward Loss:9.5723;4.9699	 backward Loss:6.1508;8.6329	 Sentiment Loss:9.9217	Valence Loss:4.1478	 Arousal Loss:0.3051	
[2025-11-19 17:36:16,481][run_task2&3_trainer_multilingual.py][line:1284][INFO] Epoch:[1/1]	 Batch:[690/2792.0]	 Loss Sum:17.0535	forward Loss:5.436;2.7978	 backward Loss:3.4954;4.9644	 Sentiment Loss:0.26	Valence Loss:0.0604	 Arousal Loss:0.4389	
[2025-11-19 17:36:20,528][run_task2&3_trainer_multilingual.py][line:1284][INFO] Epoch:[1/1]	 Batch:[700/2792.0]	 Loss Sum:28.031	forward Loss:5.9343;7.7988	 backward Loss:7.4194;3.2476	 Sentiment Loss:3.0497	Valence Loss:2.7181	 Arousal Loss:0.1878	
[2025-11-19 17:36:24,569][run_task2&3_trainer_multilingual.py][line:1284][INFO] Epoch:[1/1]	 Batch:[710/2792.0]	 Loss Sum:14.0291	forward Loss:2.6344;3.0928	 backward Loss:6.5072;1.0288	 Sentiment Loss:0.6984	Valence Loss:0.118	 Arousal Loss:0.2194	
[2025-11-19 17:36:28,626][run_task2&3_trainer_multilingual.py][line:1284][INFO] Epoch:[1/1]	 Batch:[720/2792.0]	 Loss Sum:34.6592	forward Loss:14.8982;3.3486	 backward Loss:6.5512;7.1605	 Sentiment Loss:2.5552	Valence Loss:0.3787	 Arousal Loss:0.349	
[2025-11-19 17:36:32,682][run_task2&3_trainer_multilingual.py][line:1284][INFO] Epoch:[1/1]	 Batch:[730/2792.0]	 Loss Sum:29.4589	forward Loss:7.4844;4.9824	 backward Loss:7.8035;3.2493	 Sentiment Loss:5.8575	Valence Loss:0.1484	 Arousal Loss:0.2602	
[2025-11-19 17:36:36,725][run_task2&3_trainer_multilingual.py][line:1284][INFO] Epoch:[1/1]	 Batch:[740/2792.0]	 Loss Sum:7.663	forward Loss:0.4862;2.3839	 backward Loss:4.2121;0.2711	 Sentiment Loss:0.0671	Valence Loss:1.1468	 Arousal Loss:0.0659	
[2025-11-19 17:36:40,767][run_task2&3_trainer_multilingual.py][line:1284][INFO] Epoch:[1/1]	 Batch:[750/2792.0]	 Loss Sum:14.2272	forward Loss:1.7657;4.052	 backward Loss:3.6422;1.299	 Sentiment Loss:2.955	Valence Loss:2.4351	 Arousal Loss:0.1314	
[2025-11-19 17:36:44,814][run_task2&3_trainer_multilingual.py][line:1284][INFO] Epoch:[1/1]	 Batch:[760/2792.0]	 Loss Sum:23.6688	forward Loss:2.3717;4.5062	 backward Loss:4.124;1.8572	 Sentiment Loss:10.5133	Valence Loss:0.1121	 Arousal Loss:1.3702	
[2025-11-19 17:36:48,870][run_task2&3_trainer_multilingual.py][line:1284][INFO] Epoch:[1/1]	 Batch:[770/2792.0]	 Loss Sum:38.6861	forward Loss:12.7123;5.566	 backward Loss:8.4889;6.3218	 Sentiment Loss:4.7429	Valence Loss:4.1042	 Arousal Loss:0.1659	
[2025-11-19 17:36:52,914][run_task2&3_trainer_multilingual.py][line:1284][INFO] Epoch:[1/1]	 Batch:[780/2792.0]	 Loss Sum:31.4747	forward Loss:14.9824;4.5919	 backward Loss:4.6011;3.3991	 Sentiment Loss:3.8614	Valence Loss:0.1583	 Arousal Loss:0.0359	
[2025-11-19 17:36:56,953][run_task2&3_trainer_multilingual.py][line:1284][INFO] Epoch:[1/1]	 Batch:[790/2792.0]	 Loss Sum:10.0229	forward Loss:3.9062;0.7286	 backward Loss:1.1162;3.339	 Sentiment Loss:0.0229	Valence Loss:3.8049	 Arousal Loss:0.7457	
[2025-11-19 17:37:01,001][run_task2&3_trainer_multilingual.py][line:1284][INFO] Epoch:[1/1]	 Batch:[800/2792.0]	 Loss Sum:29.8451	forward Loss:5.6844;7.0143	 backward Loss:9.3118;1.9253	 Sentiment Loss:5.8827	Valence Loss:0.0802	 Arousal Loss:0.0533	
[2025-11-19 17:37:05,060][run_task2&3_trainer_multilingual.py][line:1284][INFO] Epoch:[1/1]	 Batch:[810/2792.0]	 Loss Sum:42.1562	forward Loss:4.7016;14.7093	 backward Loss:13.6626;8.8047	 Sentiment Loss:0.1219	Valence Loss:0.667	 Arousal Loss:0.1137	
[2025-11-19 17:37:09,106][run_task2&3_trainer_multilingual.py][line:1284][INFO] Epoch:[1/1]	 Batch:[820/2792.0]	 Loss Sum:50.1991	forward Loss:20.0172;4.1454	 backward Loss:16.5754;6.3622	 Sentiment Loss:1.722	Valence Loss:4.8283	 Arousal Loss:2.0562	
[2025-11-19 17:37:13,432][run_task2&3_trainer_multilingual.py][line:1284][INFO] Epoch:[1/1]	 Batch:[830/2792.0]	 Loss Sum:31.4684	forward Loss:5.821;2.3334	 backward Loss:3.6461;7.2478	 Sentiment Loss:11.932	Valence Loss:2.0875	 Arousal Loss:0.353	
[2025-11-19 17:37:17,480][run_task2&3_trainer_multilingual.py][line:1284][INFO] Epoch:[1/1]	 Batch:[840/2792.0]	 Loss Sum:15.7215	forward Loss:6.6941;1.9233	 backward Loss:1.2024;3.946	 Sentiment Loss:1.6083	Valence Loss:1.4164	 Arousal Loss:0.3207	
[2025-11-19 17:37:21,523][run_task2&3_trainer_multilingual.py][line:1284][INFO] Epoch:[1/1]	 Batch:[850/2792.0]	 Loss Sum:16.2963	forward Loss:3.6223;2.0068	 backward Loss:4.2937;1.2098	 Sentiment Loss:5.1404	Valence Loss:0.0773	 Arousal Loss:0.0388	
[2025-11-19 17:37:25,570][run_task2&3_trainer_multilingual.py][line:1284][INFO] Epoch:[1/1]	 Batch:[860/2792.0]	 Loss Sum:9.0498	forward Loss:2.6622;1.9527	 backward Loss:1.2161;1.4139	 Sentiment Loss:1.5616	Valence Loss:1.0523	 Arousal Loss:0.1643	
[2025-11-19 17:37:29,636][run_task2&3_trainer_multilingual.py][line:1284][INFO] Epoch:[1/1]	 Batch:[870/2792.0]	 Loss Sum:6.7674	forward Loss:0.782;0.6857	 backward Loss:0.6452;0.9128	 Sentiment Loss:3.2457	Valence Loss:1.1157	 Arousal Loss:1.3647	
[2025-11-19 17:37:33,695][run_task2&3_trainer_multilingual.py][line:1284][INFO] Epoch:[1/1]	 Batch:[880/2792.0]	 Loss Sum:10.5867	forward Loss:1.2445;2.309	 backward Loss:1.8627;2.4495	 Sentiment Loss:2.6994	Valence Loss:0.0396	 Arousal Loss:0.068	
[2025-11-19 17:37:37,740][run_task2&3_trainer_multilingual.py][line:1284][INFO] Epoch:[1/1]	 Batch:[890/2792.0]	 Loss Sum:9.4561	forward Loss:1.2974;2.3557	 backward Loss:2.1148;1.4572	 Sentiment Loss:2.1507	Valence Loss:0.123	 Arousal Loss:0.2782	
[2025-11-19 17:37:41,789][run_task2&3_trainer_multilingual.py][line:1284][INFO] Epoch:[1/1]	 Batch:[900/2792.0]	 Loss Sum:19.5492	forward Loss:1.1954;6.5691	 backward Loss:9.5649;0.9568	 Sentiment Loss:0.8532	Valence Loss:1.9901	 Arousal Loss:0.0593	
[2025-11-19 17:37:45,853][run_task2&3_trainer_multilingual.py][line:1284][INFO] Epoch:[1/1]	 Batch:[910/2792.0]	 Loss Sum:32.5481	forward Loss:7.6417;4.7528	 backward Loss:9.0525;9.753	 Sentiment Loss:1.0604	Valence Loss:0.7401	 Arousal Loss:0.6982	
[2025-11-19 17:37:49,902][run_task2&3_trainer_multilingual.py][line:1284][INFO] Epoch:[1/1]	 Batch:[920/2792.0]	 Loss Sum:21.6976	forward Loss:5.3315;2.6466	 backward Loss:2.4681;5.2957	 Sentiment Loss:4.8471	Valence Loss:4.1071	 Arousal Loss:1.4362	
[2025-11-19 17:37:53,944][run_task2&3_trainer_multilingual.py][line:1284][INFO] Epoch:[1/1]	 Batch:[930/2792.0]	 Loss Sum:26.4854	forward Loss:7.9123;2.8352	 backward Loss:7.5445;4.3412	 Sentiment Loss:2.4932	Valence Loss:4.2516	 Arousal Loss:2.543	
[2025-11-19 17:37:57,999][run_task2&3_trainer_multilingual.py][line:1284][INFO] Epoch:[1/1]	 Batch:[940/2792.0]	 Loss Sum:26.3183	forward Loss:5.2533;7.6657	 backward Loss:8.1532;3.4378	 Sentiment Loss:1.566	Valence Loss:0.8529	 Arousal Loss:0.3593	
[2025-11-19 17:38:02,055][run_task2&3_trainer_multilingual.py][line:1284][INFO] Epoch:[1/1]	 Batch:[950/2792.0]	 Loss Sum:44.1302	forward Loss:19.6888;3.7227	 backward Loss:6.3054;10.7192	 Sentiment Loss:3.0756	Valence Loss:2.3277	 Arousal Loss:0.7645	
[2025-11-19 17:38:06,101][run_task2&3_trainer_multilingual.py][line:1284][INFO] Epoch:[1/1]	 Batch:[960/2792.0]	 Loss Sum:12.5711	forward Loss:0.7993;3.6232	 backward Loss:4.5431;1.6633	 Sentiment Loss:1.8892	Valence Loss:0.2001	 Arousal Loss:0.0652	
[2025-11-19 17:38:10,143][run_task2&3_trainer_multilingual.py][line:1284][INFO] Epoch:[1/1]	 Batch:[970/2792.0]	 Loss Sum:13.2148	forward Loss:2.8889;1.7581	 backward Loss:3.4122;1.5031	 Sentiment Loss:3.4848	Valence Loss:0.2167	 Arousal Loss:0.6213	
[2025-11-19 17:38:14,210][run_task2&3_trainer_multilingual.py][line:1284][INFO] Epoch:[1/1]	 Batch:[980/2792.0]	 Loss Sum:6.735	forward Loss:2.0841;0.925	 backward Loss:0.5103;1.6916	 Sentiment Loss:1.24	Valence Loss:0.5578	 Arousal Loss:0.8618	
[2025-11-19 17:38:18,263][run_task2&3_trainer_multilingual.py][line:1284][INFO] Epoch:[1/1]	 Batch:[990/2792.0]	 Loss Sum:16.394	forward Loss:0.8956;3.9896	 backward Loss:3.129;1.9091	 Sentiment Loss:6.1404	Valence Loss:1.5444	 Arousal Loss:0.1071	
[2025-11-19 17:38:22,311][run_task2&3_trainer_multilingual.py][line:1284][INFO] Epoch:[1/1]	 Batch:[1000/2792.0]	 Loss Sum:57.7249	forward Loss:13.6968;3.8279	 backward Loss:13.6014;14.905	 Sentiment Loss:11.4896	Valence Loss:0.9096	 Arousal Loss:0.1108	
[2025-11-19 17:38:26,359][run_task2&3_trainer_multilingual.py][line:1284][INFO] Epoch:[1/1]	 Batch:[1010/2792.0]	 Loss Sum:8.0151	forward Loss:0.51;2.6844	 backward Loss:1.2812;2.8469	 Sentiment Loss:0.2636	Valence Loss:1.8989	 Arousal Loss:0.2465	
[2025-11-19 17:38:30,418][run_task2&3_trainer_multilingual.py][line:1284][INFO] Epoch:[1/1]	 Batch:[1020/2792.0]	 Loss Sum:18.6092	forward Loss:3.8158;3.4816	 backward Loss:5.1157;1.9858	 Sentiment Loss:4.129	Valence Loss:0.3018	 Arousal Loss:0.1057	
[2025-11-19 17:38:34,475][run_task2&3_trainer_multilingual.py][line:1284][INFO] Epoch:[1/1]	 Batch:[1030/2792.0]	 Loss Sum:15.4253	forward Loss:8.2995;1.5421	 backward Loss:1.475;3.5793	 Sentiment Loss:0.1047	Valence Loss:1.7425	 Arousal Loss:0.3813	
[2025-11-19 17:38:38,520][run_task2&3_trainer_multilingual.py][line:1284][INFO] Epoch:[1/1]	 Batch:[1040/2792.0]	 Loss Sum:14.8992	forward Loss:0.7143;5.5095	 backward Loss:3.0552;2.9031	 Sentiment Loss:2.5567	Valence Loss:0.5569	 Arousal Loss:0.2449	
[2025-11-19 17:38:42,574][run_task2&3_trainer_multilingual.py][line:1284][INFO] Epoch:[1/1]	 Batch:[1050/2792.0]	 Loss Sum:23.4008	forward Loss:6.251;4.9896	 backward Loss:4.7363;6.6969	 Sentiment Loss:0.0366	Valence Loss:3.4001	 Arousal Loss:0.0521	
[2025-11-19 17:38:46,640][run_task2&3_trainer_multilingual.py][line:1284][INFO] Epoch:[1/1]	 Batch:[1060/2792.0]	 Loss Sum:22.5759	forward Loss:4.0418;5.977	 backward Loss:4.7908;2.717	 Sentiment Loss:4.9209	Valence Loss:0.4882	 Arousal Loss:0.1539	
[2025-11-19 17:38:50,682][run_task2&3_trainer_multilingual.py][line:1284][INFO] Epoch:[1/1]	 Batch:[1070/2792.0]	 Loss Sum:20.5818	forward Loss:2.1656;1.8597	 backward Loss:13.0508;3.2093	 Sentiment Loss:0.1734	Valence Loss:0.3354	 Arousal Loss:0.2796	
[2025-11-19 17:38:54,725][run_task2&3_trainer_multilingual.py][line:1284][INFO] Epoch:[1/1]	 Batch:[1080/2792.0]	 Loss Sum:7.4569	forward Loss:0.3351;2.5735	 backward Loss:2.3153;1.5403	 Sentiment Loss:0.0435	Valence Loss:2.4612	 Arousal Loss:0.7847	
[2025-11-19 17:38:58,779][run_task2&3_trainer_multilingual.py][line:1284][INFO] Epoch:[1/1]	 Batch:[1090/2792.0]	 Loss Sum:28.3696	forward Loss:5.8227;7.0477	 backward Loss:5.321;4.6564	 Sentiment Loss:4.7901	Valence Loss:2.3056	 Arousal Loss:1.3528	
[2025-11-19 17:39:02,841][run_task2&3_trainer_multilingual.py][line:1284][INFO] Epoch:[1/1]	 Batch:[1100/2792.0]	 Loss Sum:10.9325	forward Loss:0.5767;1.3586	 backward Loss:2.4535;0.4844	 Sentiment Loss:5.5696	Valence Loss:2.1698	 Arousal Loss:0.2795	
[2025-11-19 17:39:06,884][run_task2&3_trainer_multilingual.py][line:1284][INFO] Epoch:[1/1]	 Batch:[1110/2792.0]	 Loss Sum:26.7552	forward Loss:0.6285;11.6781	 backward Loss:9.2841;1.3889	 Sentiment Loss:2.8032	Valence Loss:3.8386	 Arousal Loss:1.0232	
[2025-11-19 17:39:10,928][run_task2&3_trainer_multilingual.py][line:1284][INFO] Epoch:[1/1]	 Batch:[1120/2792.0]	 Loss Sum:20.0712	forward Loss:2.1032;3.495	 backward Loss:11.3818;2.4573	 Sentiment Loss:0.3186	Valence Loss:1.344	 Arousal Loss:0.2331	
[2025-11-19 17:39:14,992][run_task2&3_trainer_multilingual.py][line:1284][INFO] Epoch:[1/1]	 Batch:[1130/2792.0]	 Loss Sum:11.7132	forward Loss:4.733;1.5816	 backward Loss:1.2314;2.7531	 Sentiment Loss:0.7297	Valence Loss:2.6216	 Arousal Loss:0.8006	
[2025-11-19 17:39:19,053][run_task2&3_trainer_multilingual.py][line:1284][INFO] Epoch:[1/1]	 Batch:[1140/2792.0]	 Loss Sum:9.2872	forward Loss:2.3138;2.3283	 backward Loss:2.036;1.997	 Sentiment Loss:0.2075	Valence Loss:0.4579	 Arousal Loss:1.5653	
[2025-11-19 17:39:23,098][run_task2&3_trainer_multilingual.py][line:1284][INFO] Epoch:[1/1]	 Batch:[1150/2792.0]	 Loss Sum:22.4364	forward Loss:3.0297;5.6287	 backward Loss:6.7889;0.9436	 Sentiment Loss:5.1066	Valence Loss:4.2472	 Arousal Loss:0.4469	
[2025-11-19 17:39:27,145][run_task2&3_trainer_multilingual.py][line:1284][INFO] Epoch:[1/1]	 Batch:[1160/2792.0]	 Loss Sum:20.8161	forward Loss:1.4227;7.0008	 backward Loss:7.4223;0.9177	 Sentiment Loss:3.9136	Valence Loss:0.6474	 Arousal Loss:0.047	
[2025-11-19 17:39:31,201][run_task2&3_trainer_multilingual.py][line:1284][INFO] Epoch:[1/1]	 Batch:[1170/2792.0]	 Loss Sum:19.5437	forward Loss:4.8605;4.2405	 backward Loss:5.9649;3.7252	 Sentiment Loss:0.3358	Valence Loss:1.1917	 Arousal Loss:0.8921	
[2025-11-19 17:39:35,262][run_task2&3_trainer_multilingual.py][line:1284][INFO] Epoch:[1/1]	 Batch:[1180/2792.0]	 Loss Sum:53.9743	forward Loss:17.762;7.5319	 backward Loss:14.6522;13.3524	 Sentiment Loss:0.3865	Valence Loss:0.5342	 Arousal Loss:0.9121	
[2025-11-19 17:39:39,308][run_task2&3_trainer_multilingual.py][line:1284][INFO] Epoch:[1/1]	 Batch:[1190/2792.0]	 Loss Sum:6.3346	forward Loss:0.6734;1.8721	 backward Loss:0.9981;0.9244	 Sentiment Loss:1.7823	Valence Loss:0.3795	 Arousal Loss:0.0425	
[2025-11-19 17:39:43,373][run_task2&3_trainer_multilingual.py][line:1284][INFO] Epoch:[1/1]	 Batch:[1200/2792.0]	 Loss Sum:30.5277	forward Loss:7.7456;10.0835	 backward Loss:9.1684;1.5106	 Sentiment Loss:1.3379	Valence Loss:1.8101	 Arousal Loss:1.5983	
[2025-11-19 17:39:47,435][run_task2&3_trainer_multilingual.py][line:1284][INFO] Epoch:[1/1]	 Batch:[1210/2792.0]	 Loss Sum:6.9013	forward Loss:1.5784;0.7656	 backward Loss:2.4018;0.9603	 Sentiment Loss:1.1334	Valence Loss:0.2023	 Arousal Loss:0.1072	
[2025-11-19 17:39:51,476][run_task2&3_trainer_multilingual.py][line:1284][INFO] Epoch:[1/1]	 Batch:[1220/2792.0]	 Loss Sum:7.0741	forward Loss:3.0444;0.4543	 backward Loss:0.8742;2.1707	 Sentiment Loss:0.4291	Valence Loss:0.3952	 Arousal Loss:0.1114	
[2025-11-19 17:39:55,528][run_task2&3_trainer_multilingual.py][line:1284][INFO] Epoch:[1/1]	 Batch:[1230/2792.0]	 Loss Sum:48.0218	forward Loss:10.3405;6.4876	 backward Loss:26.7051;3.8065	 Sentiment Loss:0.3355	Valence Loss:1.6892	 Arousal Loss:0.0433	
[2025-11-19 17:39:59,590][run_task2&3_trainer_multilingual.py][line:1284][INFO] Epoch:[1/1]	 Batch:[1240/2792.0]	 Loss Sum:26.1571	forward Loss:8.6455;3.2766	 backward Loss:4.8481;6.2262	 Sentiment Loss:2.6093	Valence Loss:2.6976	 Arousal Loss:0.0589	
[2025-11-19 17:40:03,643][run_task2&3_trainer_multilingual.py][line:1284][INFO] Epoch:[1/1]	 Batch:[1250/2792.0]	 Loss Sum:9.4388	forward Loss:1.7333;2.3317	 backward Loss:2.2193;2.0156	 Sentiment Loss:0.3935	Valence Loss:3.369	 Arousal Loss:0.3582	
[2025-11-19 17:40:07,680][run_task2&3_trainer_multilingual.py][line:1284][INFO] Epoch:[1/1]	 Batch:[1260/2792.0]	 Loss Sum:12.5653	forward Loss:4.0224;3.0825	 backward Loss:2.198;2.9454	 Sentiment Loss:0.033	Valence Loss:1.314	 Arousal Loss:0.1058	
[2025-11-19 17:40:11,729][run_task2&3_trainer_multilingual.py][line:1284][INFO] Epoch:[1/1]	 Batch:[1270/2792.0]	 Loss Sum:10.4709	forward Loss:3.3753;1.6219	 backward Loss:2.0665;3.0246	 Sentiment Loss:0.2727	Valence Loss:0.3822	 Arousal Loss:0.1672	
[2025-11-19 17:40:15,793][run_task2&3_trainer_multilingual.py][line:1284][INFO] Epoch:[1/1]	 Batch:[1280/2792.0]	 Loss Sum:8.8785	forward Loss:2.5941;1.0341	 backward Loss:3.0417;0.9184	 Sentiment Loss:0.1435	Valence Loss:5.2815	 Arousal Loss:0.4525	
[2025-11-19 17:40:19,841][run_task2&3_trainer_multilingual.py][line:1284][INFO] Epoch:[1/1]	 Batch:[1290/2792.0]	 Loss Sum:10.6455	forward Loss:3.6708;0.6886	 backward Loss:2.024;0.7004	 Sentiment Loss:3.3534	Valence Loss:0.9433	 Arousal Loss:0.0979	
[2025-11-19 17:40:23,884][run_task2&3_trainer_multilingual.py][line:1284][INFO] Epoch:[1/1]	 Batch:[1300/2792.0]	 Loss Sum:21.7494	forward Loss:9.09;2.9212	 backward Loss:5.5973;1.892	 Sentiment Loss:2.0113	Valence Loss:0.8067	 Arousal Loss:0.3811	
[2025-11-19 17:40:27,933][run_task2&3_trainer_multilingual.py][line:1284][INFO] Epoch:[1/1]	 Batch:[1310/2792.0]	 Loss Sum:26.1866	forward Loss:1.7494;7.4008	 backward Loss:9.3322;2.0098	 Sentiment Loss:5.6646	Valence Loss:0.0928	 Arousal Loss:0.0564	
[2025-11-19 17:40:31,992][run_task2&3_trainer_multilingual.py][line:1284][INFO] Epoch:[1/1]	 Batch:[1320/2792.0]	 Loss Sum:30.4221	forward Loss:7.5163;7.1193	 backward Loss:9.2241;4.1213	 Sentiment Loss:1.8788	Valence Loss:1.8223	 Arousal Loss:0.9889	
[2025-11-19 17:40:36,043][run_task2&3_trainer_multilingual.py][line:1284][INFO] Epoch:[1/1]	 Batch:[1330/2792.0]	 Loss Sum:26.2476	forward Loss:6.6232;6.1607	 backward Loss:5.9734;2.9972	 Sentiment Loss:4.4675	Valence Loss:0.0697	 Arousal Loss:0.0581	
[2025-11-19 17:40:40,092][run_task2&3_trainer_multilingual.py][line:1284][INFO] Epoch:[1/1]	 Batch:[1340/2792.0]	 Loss Sum:5.9583	forward Loss:0.4843;1.3952	 backward Loss:2.362;1.0073	 Sentiment Loss:0.4702	Valence Loss:0.0796	 Arousal Loss:1.1165	
[2025-11-19 17:40:44,147][run_task2&3_trainer_multilingual.py][line:1284][INFO] Epoch:[1/1]	 Batch:[1350/2792.0]	 Loss Sum:32.7948	forward Loss:5.8489;2.9882	 backward Loss:16.2775;2.7735	 Sentiment Loss:4.3764	Valence Loss:2.4581	 Arousal Loss:0.1937	
[2025-11-19 17:40:48,208][run_task2&3_trainer_multilingual.py][line:1284][INFO] Epoch:[1/1]	 Batch:[1360/2792.0]	 Loss Sum:9.6007	forward Loss:3.9769;0.7206	 backward Loss:1.8288;1.4569	 Sentiment Loss:0.0095	Valence Loss:5.1629	 Arousal Loss:2.8771	
[2025-11-19 17:40:52,248][run_task2&3_trainer_multilingual.py][line:1284][INFO] Epoch:[1/1]	 Batch:[1370/2792.0]	 Loss Sum:23.8597	forward Loss:1.9202;5.7533	 backward Loss:7.1397;2.3357	 Sentiment Loss:6.0918	Valence Loss:1.2718	 Arousal Loss:1.8233	
[2025-11-19 17:40:56,294][run_task2&3_trainer_multilingual.py][line:1284][INFO] Epoch:[1/1]	 Batch:[1380/2792.0]	 Loss Sum:21.6116	forward Loss:2.4997;4.8037	 backward Loss:12.3777;1.1865	 Sentiment Loss:0.6774	Valence Loss:0.1855	 Arousal Loss:0.1479	
[2025-11-19 17:41:00,356][run_task2&3_trainer_multilingual.py][line:1284][INFO] Epoch:[1/1]	 Batch:[1390/2792.0]	 Loss Sum:28.8453	forward Loss:7.8617;5.4641	 backward Loss:11.909;2.3811	 Sentiment Loss:0.9079	Valence Loss:1.4377	 Arousal Loss:0.1702	
[2025-11-19 17:41:04,415][run_task2&3_trainer_multilingual.py][line:1284][INFO] Epoch:[1/1]	 Batch:[1400/2792.0]	 Loss Sum:7.177	forward Loss:0.9721;2.6002	 backward Loss:2.4771;0.191	 Sentiment Loss:0.873	Valence Loss:0.2697	 Arousal Loss:0.0484	
[2025-11-19 17:41:08,454][run_task2&3_trainer_multilingual.py][line:1284][INFO] Epoch:[1/1]	 Batch:[1410/2792.0]	 Loss Sum:28.853	forward Loss:5.2023;4.293	 backward Loss:14.0245;4.5859	 Sentiment Loss:0.3761	Valence Loss:1.6176	 Arousal Loss:0.2387	
[2025-11-19 17:41:12,501][run_task2&3_trainer_multilingual.py][line:1284][INFO] Epoch:[1/1]	 Batch:[1420/2792.0]	 Loss Sum:13.0568	forward Loss:2.4718;4.613	 backward Loss:2.2874;3.0647	 Sentiment Loss:0.5551	Valence Loss:0.0499	 Arousal Loss:0.2751	
[2025-11-19 17:41:16,558][run_task2&3_trainer_multilingual.py][line:1284][INFO] Epoch:[1/1]	 Batch:[1430/2792.0]	 Loss Sum:19.9793	forward Loss:4.4812;5.3878	 backward Loss:7.5126;2.2314	 Sentiment Loss:0.0471	Valence Loss:0.252	 Arousal Loss:1.3435	
[2025-11-19 17:41:20,617][run_task2&3_trainer_multilingual.py][line:1284][INFO] Epoch:[1/1]	 Batch:[1440/2792.0]	 Loss Sum:16.7398	forward Loss:2.2266;6.0213	 backward Loss:6.9701;1.2468	 Sentiment Loss:0.2206	Valence Loss:0.1199	 Arousal Loss:0.1523	
[2025-11-19 17:41:24,661][run_task2&3_trainer_multilingual.py][line:1284][INFO] Epoch:[1/1]	 Batch:[1450/2792.0]	 Loss Sum:11.4683	forward Loss:2.4967;3.834	 backward Loss:2.673;2.1287	 Sentiment Loss:0.1749	Valence Loss:0.7426	 Arousal Loss:0.062	
[2025-11-19 17:41:28,711][run_task2&3_trainer_multilingual.py][line:1284][INFO] Epoch:[1/1]	 Batch:[1460/2792.0]	 Loss Sum:15.3513	forward Loss:0.7721;5.4049	 backward Loss:7.9957;0.6424	 Sentiment Loss:0.3484	Valence Loss:0.2265	 Arousal Loss:0.7129	
[2025-11-19 17:41:32,778][run_task2&3_trainer_multilingual.py][line:1284][INFO] Epoch:[1/1]	 Batch:[1470/2792.0]	 Loss Sum:15.7634	forward Loss:4.001;3.905	 backward Loss:5.091;2.5445	 Sentiment Loss:0.1837	Valence Loss:0.0924	 Arousal Loss:0.0984	
[2025-11-19 17:41:36,824][run_task2&3_trainer_multilingual.py][line:1284][INFO] Epoch:[1/1]	 Batch:[1480/2792.0]	 Loss Sum:11.8813	forward Loss:2.5316;2.0593	 backward Loss:4.1748;1.4663	 Sentiment Loss:0.776	Valence Loss:4.2072	 Arousal Loss:0.1597	
[2025-11-19 17:41:40,865][run_task2&3_trainer_multilingual.py][line:1284][INFO] Epoch:[1/1]	 Batch:[1490/2792.0]	 Loss Sum:16.1809	forward Loss:2.6201;3.6602	 backward Loss:7.2482;2.2504	 Sentiment Loss:0.2694	Valence Loss:0.6017	 Arousal Loss:0.0606	
[2025-11-19 17:41:44,908][run_task2&3_trainer_multilingual.py][line:1284][INFO] Epoch:[1/1]	 Batch:[1500/2792.0]	 Loss Sum:36.1256	forward Loss:14.4203;2.2991	 backward Loss:3.1373;13.5612	 Sentiment Loss:2.412	Valence Loss:1.2022	 Arousal Loss:0.2764	
[2025-11-19 17:41:48,969][run_task2&3_trainer_multilingual.py][line:1284][INFO] Epoch:[1/1]	 Batch:[1510/2792.0]	 Loss Sum:16.7535	forward Loss:0.7069;4.6742	 backward Loss:4.8211;1.5586	 Sentiment Loss:4.5186	Valence Loss:1.5214	 Arousal Loss:0.8494	
[2025-11-19 17:41:53,019][run_task2&3_trainer_multilingual.py][line:1284][INFO] Epoch:[1/1]	 Batch:[1520/2792.0]	 Loss Sum:5.8254	forward Loss:0.2623;2.1316	 backward Loss:2.5205;0.3629	 Sentiment Loss:0.3327	Valence Loss:0.7076	 Arousal Loss:0.3689	
[2025-11-19 17:41:57,061][run_task2&3_trainer_multilingual.py][line:1284][INFO] Epoch:[1/1]	 Batch:[1530/2792.0]	 Loss Sum:12.2826	forward Loss:2.9838;3.4466	 backward Loss:2.8797;1.4149	 Sentiment Loss:1.4224	Valence Loss:0.4742	 Arousal Loss:0.2018	
[2025-11-19 17:42:01,117][run_task2&3_trainer_multilingual.py][line:1284][INFO] Epoch:[1/1]	 Batch:[1540/2792.0]	 Loss Sum:20.6869	forward Loss:0.7769;6.5578	 backward Loss:9.739;1.2119	 Sentiment Loss:1.8708	Valence Loss:1.2315	 Arousal Loss:1.4212	
[2025-11-19 17:42:05,180][run_task2&3_trainer_multilingual.py][line:1284][INFO] Epoch:[1/1]	 Batch:[1550/2792.0]	 Loss Sum:8.2139	forward Loss:2.1227;1.2277	 backward Loss:3.9479;0.6978	 Sentiment Loss:0.0191	Valence Loss:0.1159	 Arousal Loss:0.8778	
[2025-11-19 17:42:09,226][run_task2&3_trainer_multilingual.py][line:1284][INFO] Epoch:[1/1]	 Batch:[1560/2792.0]	 Loss Sum:31.5662	forward Loss:4.1193;8.8313	 backward Loss:15.0572;3.0564	 Sentiment Loss:0.1842	Valence Loss:0.4592	 Arousal Loss:1.1305	
[2025-11-19 17:42:13,269][run_task2&3_trainer_multilingual.py][line:1284][INFO] Epoch:[1/1]	 Batch:[1570/2792.0]	 Loss Sum:14.5518	forward Loss:6.0223;1.1519	 backward Loss:4.66;1.1534	 Sentiment Loss:1.3834	Valence Loss:0.8465	 Arousal Loss:0.0576	
[2025-11-19 17:42:17,326][run_task2&3_trainer_multilingual.py][line:1284][INFO] Epoch:[1/1]	 Batch:[1580/2792.0]	 Loss Sum:16.8377	forward Loss:4.8283;3.4834	 backward Loss:5.7876;2.0381	 Sentiment Loss:0.0053	Valence Loss:3.3687	 Arousal Loss:0.106	
[2025-11-19 17:42:21,386][run_task2&3_trainer_multilingual.py][line:1284][INFO] Epoch:[1/1]	 Batch:[1590/2792.0]	 Loss Sum:12.584	forward Loss:5.2467;1.0568	 backward Loss:3.3132;1.9171	 Sentiment Loss:0.1042	Valence Loss:2.2763	 Arousal Loss:2.4531	
[2025-11-19 17:42:25,427][run_task2&3_trainer_multilingual.py][line:1284][INFO] Epoch:[1/1]	 Batch:[1600/2792.0]	 Loss Sum:24.1759	forward Loss:1.9966;8.0432	 backward Loss:6.3415;1.784	 Sentiment Loss:5.5438	Valence Loss:0.3638	 Arousal Loss:1.9698	
[2025-11-19 17:42:29,477][run_task2&3_trainer_multilingual.py][line:1284][INFO] Epoch:[1/1]	 Batch:[1610/2792.0]	 Loss Sum:13.3094	forward Loss:2.8209;0.3438	 backward Loss:0.2497;3.7103	 Sentiment Loss:6.11	Valence Loss:0.2152	 Arousal Loss:0.158	
[2025-11-19 17:42:33,534][run_task2&3_trainer_multilingual.py][line:1284][INFO] Epoch:[1/1]	 Batch:[1620/2792.0]	 Loss Sum:16.2513	forward Loss:1.3824;3.1196	 backward Loss:9.3458;0.3731	 Sentiment Loss:1.7411	Valence Loss:0.8981	 Arousal Loss:0.548	
[2025-11-19 17:42:37,593][run_task2&3_trainer_multilingual.py][line:1284][INFO] Epoch:[1/1]	 Batch:[1630/2792.0]	 Loss Sum:3.9475	forward Loss:0.1894;1.1392	 backward Loss:1.2103;0.1678	 Sentiment Loss:1.0593	Valence Loss:0.7056	 Arousal Loss:0.2021	
[2025-11-19 17:42:41,637][run_task2&3_trainer_multilingual.py][line:1284][INFO] Epoch:[1/1]	 Batch:[1640/2792.0]	 Loss Sum:3.0997	forward Loss:0.9466;0.4985	 backward Loss:1.1961;0.3406	 Sentiment Loss:0.0069	Valence Loss:0.3192	 Arousal Loss:0.2353	
[2025-11-19 17:42:45,683][run_task2&3_trainer_multilingual.py][line:1284][INFO] Epoch:[1/1]	 Batch:[1650/2792.0]	 Loss Sum:11.4191	forward Loss:0.729;6.4759	 backward Loss:3.561;0.4954	 Sentiment Loss:0.0146	Valence Loss:0.3459	 Arousal Loss:0.37	
[2025-11-19 17:42:49,754][run_task2&3_trainer_multilingual.py][line:1284][INFO] Epoch:[1/1]	 Batch:[1660/2792.0]	 Loss Sum:24.821	forward Loss:9.1685;0.9335	 backward Loss:1.2588;12.3921	 Sentiment Loss:0.94	Valence Loss:0.2015	 Arousal Loss:0.4385	
[2025-11-19 17:42:53,792][run_task2&3_trainer_multilingual.py][line:1284][INFO] Epoch:[1/1]	 Batch:[1670/2792.0]	 Loss Sum:6.4897	forward Loss:1.119;1.3486	 backward Loss:3.0915;0.6688	 Sentiment Loss:0.1178	Valence Loss:0.6307	 Arousal Loss:0.0893	
[2025-11-19 17:42:57,837][run_task2&3_trainer_multilingual.py][line:1284][INFO] Epoch:[1/1]	 Batch:[1680/2792.0]	 Loss Sum:6.2824	forward Loss:0.4096;2.8232	 backward Loss:2.434;0.344	 Sentiment Loss:0.1282	Valence Loss:0.2211	 Arousal Loss:0.4959	
[2025-11-19 17:43:01,886][run_task2&3_trainer_multilingual.py][line:1284][INFO] Epoch:[1/1]	 Batch:[1690/2792.0]	 Loss Sum:11.526	forward Loss:1.5617;3.2586	 backward Loss:4.9016;0.8846	 Sentiment Loss:0.8501	Valence Loss:0.2385	 Arousal Loss:0.1078	
[2025-11-19 17:43:05,943][run_task2&3_trainer_multilingual.py][line:1284][INFO] Epoch:[1/1]	 Batch:[1700/2792.0]	 Loss Sum:13.5726	forward Loss:6.0808;1.5919	 backward Loss:2.5576;3.0782	 Sentiment Loss:0.1907	Valence Loss:0.2122	 Arousal Loss:0.1544	
[2025-11-19 17:43:09,990][run_task2&3_trainer_multilingual.py][line:1284][INFO] Epoch:[1/1]	 Batch:[1710/2792.0]	 Loss Sum:7.4736	forward Loss:0.3046;3.6515	 backward Loss:3.1089;0.2696	 Sentiment Loss:0.0959	Valence Loss:0.0417	 Arousal Loss:0.1738	
[2025-11-19 17:43:14,033][run_task2&3_trainer_multilingual.py][line:1284][INFO] Epoch:[1/1]	 Batch:[1720/2792.0]	 Loss Sum:20.8978	forward Loss:2.227;6.9269	 backward Loss:7.6167;2.2349	 Sentiment Loss:1.7988	Valence Loss:0.2518	 Arousal Loss:0.2153	
[2025-11-19 17:43:18,086][run_task2&3_trainer_multilingual.py][line:1284][INFO] Epoch:[1/1]	 Batch:[1730/2792.0]	 Loss Sum:24.115	forward Loss:6.3298;3.7882	 backward Loss:10.8506;1.9391	 Sentiment Loss:0.5612	Valence Loss:2.4882	 Arousal Loss:0.7418	
[2025-11-19 17:43:22,145][run_task2&3_trainer_multilingual.py][line:1284][INFO] Epoch:[1/1]	 Batch:[1740/2792.0]	 Loss Sum:13.2949	forward Loss:0.8843;2.81	 backward Loss:2.077;2.0938	 Sentiment Loss:4.8079	Valence Loss:3.0529	 Arousal Loss:0.0565	
[2025-11-19 17:43:26,195][run_task2&3_trainer_multilingual.py][line:1284][INFO] Epoch:[1/1]	 Batch:[1750/2792.0]	 Loss Sum:23.5506	forward Loss:10.949;3.2203	 backward Loss:2.4673;6.5124	 Sentiment Loss:0.3132	Valence Loss:0.1324	 Arousal Loss:0.3093	
[2025-11-19 17:43:30,245][run_task2&3_trainer_multilingual.py][line:1284][INFO] Epoch:[1/1]	 Batch:[1760/2792.0]	 Loss Sum:17.0331	forward Loss:1.8047;2.8059	 backward Loss:6.891;2.4824	 Sentiment Loss:2.8802	Valence Loss:0.2707	 Arousal Loss:0.5738	
[2025-11-19 17:43:34,305][run_task2&3_trainer_multilingual.py][line:1284][INFO] Epoch:[1/1]	 Batch:[1770/2792.0]	 Loss Sum:22.036	forward Loss:9.1587;2.1713	 backward Loss:2.5484;7.6172	 Sentiment Loss:0.5157	Valence Loss:0.0753	 Arousal Loss:0.0484	
[2025-11-19 17:43:38,372][run_task2&3_trainer_multilingual.py][line:1284][INFO] Epoch:[1/1]	 Batch:[1780/2792.0]	 Loss Sum:25.5146	forward Loss:9.8759;0.5607	 backward Loss:1.8313;7.8757	 Sentiment Loss:5.2133	Valence Loss:0.0845	 Arousal Loss:0.7036	
[2025-11-19 17:43:42,417][run_task2&3_trainer_multilingual.py][line:1284][INFO] Epoch:[1/1]	 Batch:[1790/2792.0]	 Loss Sum:11.9657	forward Loss:4.5577;1.9213	 backward Loss:3.2435;1.4427	 Sentiment Loss:0.0354	Valence Loss:1.8882	 Arousal Loss:1.9375	
[2025-11-19 17:43:46,465][run_task2&3_trainer_multilingual.py][line:1284][INFO] Epoch:[1/1]	 Batch:[1800/2792.0]	 Loss Sum:6.8102	forward Loss:0.5931;2.3127	 backward Loss:2.7323;0.8646	 Sentiment Loss:0.0111	Valence Loss:1.3307	 Arousal Loss:0.1513	
[2025-11-19 17:43:50,519][run_task2&3_trainer_multilingual.py][line:1284][INFO] Epoch:[1/1]	 Batch:[1810/2792.0]	 Loss Sum:4.9054	forward Loss:2.4133;0.2844	 backward Loss:0.7099;1.2757	 Sentiment Loss:0.1798	Valence Loss:0.1263	 Arousal Loss:0.0855	
[2025-11-19 17:43:54,566][run_task2&3_trainer_multilingual.py][line:1284][INFO] Epoch:[1/1]	 Batch:[1820/2792.0]	 Loss Sum:7.0307	forward Loss:1.4231;1.4189	 backward Loss:2.2406;1.8497	 Sentiment Loss:0.0241	Valence Loss:0.2186	 Arousal Loss:0.1532	
[2025-11-19 17:43:58,608][run_task2&3_trainer_multilingual.py][line:1284][INFO] Epoch:[1/1]	 Batch:[1830/2792.0]	 Loss Sum:20.1323	forward Loss:2.3599;2.6292	 backward Loss:11.1195;0.7365	 Sentiment Loss:3.1617	Valence Loss:0.5513	 Arousal Loss:0.0767	
[2025-11-19 17:44:02,657][run_task2&3_trainer_multilingual.py][line:1284][INFO] Epoch:[1/1]	 Batch:[1840/2792.0]	 Loss Sum:20.3834	forward Loss:5.5457;3.5918	 backward Loss:6.8981;3.5226	 Sentiment Loss:0.2159	Valence Loss:0.1164	 Arousal Loss:2.93	
[2025-11-19 17:44:06,710][run_task2&3_trainer_multilingual.py][line:1284][INFO] Epoch:[1/1]	 Batch:[1850/2792.0]	 Loss Sum:18.9312	forward Loss:3.9495;2.3214	 backward Loss:2.7395;7.9408	 Sentiment Loss:1.6757	Valence Loss:1.4479	 Arousal Loss:0.0733	
[2025-11-19 17:44:10,763][run_task2&3_trainer_multilingual.py][line:1284][INFO] Epoch:[1/1]	 Batch:[1860/2792.0]	 Loss Sum:14.9996	forward Loss:4.1459;2.8696	 backward Loss:5.1131;2.6952	 Sentiment Loss:0.0081	Valence Loss:0.7643	 Arousal Loss:0.0737	
[2025-11-19 17:44:14,806][run_task2&3_trainer_multilingual.py][line:1284][INFO] Epoch:[1/1]	 Batch:[1870/2792.0]	 Loss Sum:21.8029	forward Loss:4.519;2.9276	 backward Loss:10.4447;2.4024	 Sentiment Loss:1.2293	Valence Loss:0.9877	 Arousal Loss:0.4115	
[2025-11-19 17:44:18,854][run_task2&3_trainer_multilingual.py][line:1284][INFO] Epoch:[1/1]	 Batch:[1880/2792.0]	 Loss Sum:19.2419	forward Loss:2.1539;2.9029	 backward Loss:2.1608;9.0933	 Sentiment Loss:2.8337	Valence Loss:0.1801	 Arousal Loss:0.307	
[2025-11-19 17:44:22,914][run_task2&3_trainer_multilingual.py][line:1284][INFO] Epoch:[1/1]	 Batch:[1890/2792.0]	 Loss Sum:39.5696	forward Loss:11.1249;1.8959	 backward Loss:13.2396;6.1463	 Sentiment Loss:7.1145	Valence Loss:0.0858	 Arousal Loss:0.1561	
[2025-11-19 17:44:26,962][run_task2&3_trainer_multilingual.py][line:1284][INFO] Epoch:[1/1]	 Batch:[1900/2792.0]	 Loss Sum:25.5059	forward Loss:3.7322;6.4157	 backward Loss:10.6642;1.1078	 Sentiment Loss:2.752	Valence Loss:1.6523	 Arousal Loss:2.5177	
[2025-11-19 17:44:31,006][run_task2&3_trainer_multilingual.py][line:1284][INFO] Epoch:[1/1]	 Batch:[1910/2792.0]	 Loss Sum:23.3165	forward Loss:2.7972;4.2441	 backward Loss:13.1659;0.8174	 Sentiment Loss:1.1659	Valence Loss:2.7727	 Arousal Loss:2.8571	
[2025-11-19 17:44:35,057][run_task2&3_trainer_multilingual.py][line:1284][INFO] Epoch:[1/1]	 Batch:[1920/2792.0]	 Loss Sum:7.4087	forward Loss:0.9894;1.4454	 backward Loss:2.7086;2.1392	 Sentiment Loss:0.0268	Valence Loss:0.3297	 Arousal Loss:0.167	
[2025-11-19 17:44:39,121][run_task2&3_trainer_multilingual.py][line:1284][INFO] Epoch:[1/1]	 Batch:[1930/2792.0]	 Loss Sum:17.0683	forward Loss:0.8053;5.8556	 backward Loss:4.0397;0.7085	 Sentiment Loss:5.3656	Valence Loss:1.3568	 Arousal Loss:0.1112	
[2025-11-19 17:44:43,164][run_task2&3_trainer_multilingual.py][line:1284][INFO] Epoch:[1/1]	 Batch:[1940/2792.0]	 Loss Sum:9.5964	forward Loss:5.1273;0.684	 backward Loss:1.028;2.1536	 Sentiment Loss:0.3268	Valence Loss:1.0354	 Arousal Loss:0.3482	
[2025-11-19 17:44:47,217][run_task2&3_trainer_multilingual.py][line:1284][INFO] Epoch:[1/1]	 Batch:[1950/2792.0]	 Loss Sum:30.1546	forward Loss:10.4345;5.4211	 backward Loss:10.3314;3.1602	 Sentiment Loss:0.5083	Valence Loss:0.6903	 Arousal Loss:0.8048	
[2025-11-19 17:44:51,269][run_task2&3_trainer_multilingual.py][line:1284][INFO] Epoch:[1/1]	 Batch:[1960/2792.0]	 Loss Sum:8.4959	forward Loss:0.8424;1.803	 backward Loss:3.0859;0.2796	 Sentiment Loss:2.3829	Valence Loss:0.3351	 Arousal Loss:0.1758	
[2025-11-19 17:44:55,334][run_task2&3_trainer_multilingual.py][line:1284][INFO] Epoch:[1/1]	 Batch:[1970/2792.0]	 Loss Sum:14.0701	forward Loss:3.1512;2.5063	 backward Loss:7.0801;0.4595	 Sentiment Loss:0.0182	Valence Loss:1.588	 Arousal Loss:2.686	
[2025-11-19 17:44:59,375][run_task2&3_trainer_multilingual.py][line:1284][INFO] Epoch:[1/1]	 Batch:[1980/2792.0]	 Loss Sum:32.2394	forward Loss:8.7043;2.3944	 backward Loss:5.3797;11.4111	 Sentiment Loss:3.7666	Valence Loss:1.2367	 Arousal Loss:1.6796	
[2025-11-19 17:45:03,423][run_task2&3_trainer_multilingual.py][line:1284][INFO] Epoch:[1/1]	 Batch:[1990/2792.0]	 Loss Sum:1.9553	forward Loss:0.5939;0.4465	 backward Loss:0.3698;0.1484	 Sentiment Loss:0.0137	Valence Loss:1.761	 Arousal Loss:0.1538	
[2025-11-19 17:45:07,472][run_task2&3_trainer_multilingual.py][line:1284][INFO] Epoch:[1/1]	 Batch:[2000/2792.0]	 Loss Sum:3.8618	forward Loss:1.1767;0.7823	 backward Loss:0.7399;0.7144	 Sentiment Loss:0.1488	Valence Loss:1.2175	 Arousal Loss:0.2806	
[2025-11-19 17:45:11,530][run_task2&3_trainer_multilingual.py][line:1284][INFO] Epoch:[1/1]	 Batch:[2010/2792.0]	 Loss Sum:6.1179	forward Loss:1.7378;0.2437	 backward Loss:2.7411;1.3575	 Sentiment Loss:0.0065	Valence Loss:0.0911	 Arousal Loss:0.0649	
[2025-11-19 17:45:15,574][run_task2&3_trainer_multilingual.py][line:1284][INFO] Epoch:[1/1]	 Batch:[2020/2792.0]	 Loss Sum:11.7847	forward Loss:2.2129;2.0693	 backward Loss:5.2594;1.7724	 Sentiment Loss:0.1884	Valence Loss:0.1046	 Arousal Loss:1.3071	
[2025-11-19 17:45:19,624][run_task2&3_trainer_multilingual.py][line:1284][INFO] Epoch:[1/1]	 Batch:[2030/2792.0]	 Loss Sum:3.1604	forward Loss:0.0539;1.0618	 backward Loss:1.6902;0.2555	 Sentiment Loss:0.0086	Valence Loss:0.192	 Arousal Loss:0.2601	
[2025-11-19 17:45:23,678][run_task2&3_trainer_multilingual.py][line:1284][INFO] Epoch:[1/1]	 Batch:[2040/2792.0]	 Loss Sum:27.2055	forward Loss:12.0263;0.8342	 backward Loss:5.519;8.5092	 Sentiment Loss:0.2106	Valence Loss:0.4238	 Arousal Loss:0.1068	
[2025-11-19 17:45:27,734][run_task2&3_trainer_multilingual.py][line:1284][INFO] Epoch:[1/1]	 Batch:[2050/2792.0]	 Loss Sum:9.9701	forward Loss:2.808;0.7502	 backward Loss:1.1366;5.1716	 Sentiment Loss:0.0164	Valence Loss:0.3178	 Arousal Loss:0.1188	
[2025-11-19 17:45:31,782][run_task2&3_trainer_multilingual.py][line:1284][INFO] Epoch:[1/1]	 Batch:[2060/2792.0]	 Loss Sum:49.1848	forward Loss:16.6951;4.4089	 backward Loss:16.5154;9.1843	 Sentiment Loss:2.1474	Valence Loss:0.9023	 Arousal Loss:0.2665	
[2025-11-19 17:45:35,832][run_task2&3_trainer_multilingual.py][line:1284][INFO] Epoch:[1/1]	 Batch:[2070/2792.0]	 Loss Sum:9.7908	forward Loss:0.5183;2.7657	 backward Loss:3.4024;0.6576	 Sentiment Loss:2.3607	Valence Loss:0.3441	 Arousal Loss:0.0865	
[2025-11-19 17:45:39,889][run_task2&3_trainer_multilingual.py][line:1284][INFO] Epoch:[1/1]	 Batch:[2080/2792.0]	 Loss Sum:13.4841	forward Loss:3.1428;1.6993	 backward Loss:4.2894;2.425	 Sentiment Loss:1.8569	Valence Loss:0.2731	 Arousal Loss:0.0805	
[2025-11-19 17:45:43,942][run_task2&3_trainer_multilingual.py][line:1284][INFO] Epoch:[1/1]	 Batch:[2090/2792.0]	 Loss Sum:4.6238	forward Loss:0.4556;0.7662	 backward Loss:0.8427;0.1358	 Sentiment Loss:2.0474	Valence Loss:0.9859	 Arousal Loss:0.8948	
[2025-11-19 17:45:47,985][run_task2&3_trainer_multilingual.py][line:1284][INFO] Epoch:[1/1]	 Batch:[2100/2792.0]	 Loss Sum:10.9335	forward Loss:3.1191;1.6869	 backward Loss:4.4585;1.4728	 Sentiment Loss:0.0577	Valence Loss:0.0743	 Arousal Loss:0.6182	
[2025-11-19 17:45:52,033][run_task2&3_trainer_multilingual.py][line:1284][INFO] Epoch:[1/1]	 Batch:[2110/2792.0]	 Loss Sum:17.1727	forward Loss:0.9766;6.7698	 backward Loss:4.5608;0.6923	 Sentiment Loss:3.9349	Valence Loss:1.0134	 Arousal Loss:0.1788	
[2025-11-19 17:45:56,091][run_task2&3_trainer_multilingual.py][line:1284][INFO] Epoch:[1/1]	 Batch:[2120/2792.0]	 Loss Sum:15.3923	forward Loss:2.2914;5.2925	 backward Loss:4.3153;2.1271	 Sentiment Loss:1.2653	Valence Loss:0.2007	 Arousal Loss:0.3035	
[2025-11-19 17:46:00,133][run_task2&3_trainer_multilingual.py][line:1284][INFO] Epoch:[1/1]	 Batch:[2130/2792.0]	 Loss Sum:26.5309	forward Loss:4.6761;5.9154	 backward Loss:6.2051;3.4846	 Sentiment Loss:6.1771	Valence Loss:0.2681	 Arousal Loss:0.0948	
[2025-11-19 17:46:04,172][run_task2&3_trainer_multilingual.py][line:1284][INFO] Epoch:[1/1]	 Batch:[2140/2792.0]	 Loss Sum:2.5693	forward Loss:0.6536;0.7818	 backward Loss:0.8037;0.1671	 Sentiment Loss:0.0107	Valence Loss:0.3063	 Arousal Loss:0.4561	
[2025-11-19 17:46:08,226][run_task2&3_trainer_multilingual.py][line:1284][INFO] Epoch:[1/1]	 Batch:[2150/2792.0]	 Loss Sum:5.5971	forward Loss:0.4272;2.3087	 backward Loss:0.9042;1.7325	 Sentiment Loss:0.0973	Valence Loss:0.2831	 Arousal Loss:0.3535	
[2025-11-19 17:46:12,283][run_task2&3_trainer_multilingual.py][line:1284][INFO] Epoch:[1/1]	 Batch:[2160/2792.0]	 Loss Sum:5.3089	forward Loss:0.4123;2.216	 backward Loss:1.9691;0.3884	 Sentiment Loss:0.197	Valence Loss:0.4449	 Arousal Loss:0.1853	
[2025-11-19 17:46:16,333][run_task2&3_trainer_multilingual.py][line:1284][INFO] Epoch:[1/1]	 Batch:[2170/2792.0]	 Loss Sum:23.3422	forward Loss:2.9346;2.7301	 backward Loss:14.0717;0.4426	 Sentiment Loss:3.0545	Valence Loss:0.2809	 Arousal Loss:0.2629	
[2025-11-19 17:46:20,375][run_task2&3_trainer_multilingual.py][line:1284][INFO] Epoch:[1/1]	 Batch:[2180/2792.0]	 Loss Sum:19.7187	forward Loss:3.2487;4.1418	 backward Loss:9.8179;1.8104	 Sentiment Loss:0.0236	Valence Loss:1.2097	 Arousal Loss:2.1717	
[2025-11-19 17:46:24,426][run_task2&3_trainer_multilingual.py][line:1284][INFO] Epoch:[1/1]	 Batch:[2190/2792.0]	 Loss Sum:23.9054	forward Loss:3.4241;8.4371	 backward Loss:6.491;5.1927	 Sentiment Loss:0.2314	Valence Loss:0.568	 Arousal Loss:0.0769	
[2025-11-19 17:46:28,483][run_task2&3_trainer_multilingual.py][line:1284][INFO] Epoch:[1/1]	 Batch:[2200/2792.0]	 Loss Sum:9.1195	forward Loss:1.3213;2.0418	 backward Loss:1.3657;1.6206	 Sentiment Loss:2.71	Valence Loss:0.25	 Arousal Loss:0.0509	
[2025-11-19 17:46:32,529][run_task2&3_trainer_multilingual.py][line:1284][INFO] Epoch:[1/1]	 Batch:[2210/2792.0]	 Loss Sum:11.8595	forward Loss:0.7429;4.3965	 backward Loss:4.1041;2.4326	 Sentiment Loss:0.0477	Valence Loss:0.5386	 Arousal Loss:0.1397	
[2025-11-19 17:46:36,568][run_task2&3_trainer_multilingual.py][line:1284][INFO] Epoch:[1/1]	 Batch:[2220/2792.0]	 Loss Sum:16.9756	forward Loss:2.6891;5.4419	 backward Loss:7.2243;0.2638	 Sentiment Loss:1.2653	Valence Loss:0.2029	 Arousal Loss:0.2528	
[2025-11-19 17:46:40,616][run_task2&3_trainer_multilingual.py][line:1284][INFO] Epoch:[1/1]	 Batch:[2230/2792.0]	 Loss Sum:20.9962	forward Loss:6.2198;3.3158	 backward Loss:7.1613;2.7746	 Sentiment Loss:1.4699	Valence Loss:0.2239	 Arousal Loss:0.0504	
[2025-11-19 17:46:44,675][run_task2&3_trainer_multilingual.py][line:1284][INFO] Epoch:[1/1]	 Batch:[2240/2792.0]	 Loss Sum:12.7695	forward Loss:1.7096;2.5989	 backward Loss:2.5923;2.7271	 Sentiment Loss:2.8083	Valence Loss:0.1261	 Arousal Loss:1.5406	
[2025-11-19 17:46:48,724][run_task2&3_trainer_multilingual.py][line:1284][INFO] Epoch:[1/1]	 Batch:[2250/2792.0]	 Loss Sum:8.4832	forward Loss:0.0682;2.4891	 backward Loss:5.3147;0.1577	 Sentiment Loss:0.3232	Valence Loss:0.3941	 Arousal Loss:0.2576	
[2025-11-19 17:46:52,772][run_task2&3_trainer_multilingual.py][line:1284][INFO] Epoch:[1/1]	 Batch:[2260/2792.0]	 Loss Sum:4.8229	forward Loss:0.5066;1.1264	 backward Loss:2.2363;0.5962	 Sentiment Loss:0.269	Valence Loss:0.1595	 Arousal Loss:0.2826	
[2025-11-19 17:46:56,819][run_task2&3_trainer_multilingual.py][line:1284][INFO] Epoch:[1/1]	 Batch:[2270/2792.0]	 Loss Sum:4.9928	forward Loss:1.1151;1.2157	 backward Loss:0.8593;1.6653	 Sentiment Loss:0.0381	Valence Loss:0.0619	 Arousal Loss:0.4342	
[2025-11-19 17:47:00,877][run_task2&3_trainer_multilingual.py][line:1284][INFO] Epoch:[1/1]	 Batch:[2280/2792.0]	 Loss Sum:22.9937	forward Loss:10.8258;2.6766	 backward Loss:3.0811;5.7764	 Sentiment Loss:0.6036	Valence Loss:0.0815	 Arousal Loss:0.0686	
[2025-11-19 17:47:04,935][run_task2&3_trainer_multilingual.py][line:1284][INFO] Epoch:[1/1]	 Batch:[2290/2792.0]	 Loss Sum:85.7007	forward Loss:21.9487;8.8782	 backward Loss:44.9763;6.9297	 Sentiment Loss:2.7134	Valence Loss:1.158	 Arousal Loss:0.1148	
[2025-11-19 17:47:08,980][run_task2&3_trainer_multilingual.py][line:1284][INFO] Epoch:[1/1]	 Batch:[2300/2792.0]	 Loss Sum:6.6138	forward Loss:0.2615;2.8434	 backward Loss:3.1859;0.254	 Sentiment Loss:0.0067	Valence Loss:0.1814	 Arousal Loss:0.1301	
[2025-11-19 17:47:13,035][run_task2&3_trainer_multilingual.py][line:1284][INFO] Epoch:[1/1]	 Batch:[2310/2792.0]	 Loss Sum:15.5162	forward Loss:2.9368;3.4263	 backward Loss:4.6987;1.5221	 Sentiment Loss:2.9028	Valence Loss:0.0902	 Arousal Loss:0.0569	
[2025-11-19 17:47:17,092][run_task2&3_trainer_multilingual.py][line:1284][INFO] Epoch:[1/1]	 Batch:[2320/2792.0]	 Loss Sum:13.7736	forward Loss:1.3649;5.2111	 backward Loss:4.0911;2.372	 Sentiment Loss:0.2676	Valence Loss:2.2312	 Arousal Loss:0.1031	
[2025-11-19 17:47:21,134][run_task2&3_trainer_multilingual.py][line:1284][INFO] Epoch:[1/1]	 Batch:[2330/2792.0]	 Loss Sum:38.578	forward Loss:2.1787;24.3541	 backward Loss:10.8242;1.1234	 Sentiment Loss:0.0206	Valence Loss:0.1381	 Arousal Loss:0.2469	
[2025-11-19 17:47:25,179][run_task2&3_trainer_multilingual.py][line:1284][INFO] Epoch:[1/1]	 Batch:[2340/2792.0]	 Loss Sum:37.0549	forward Loss:12.4632;4.1067	 backward Loss:11.0094;4.3492	 Sentiment Loss:4.9567	Valence Loss:0.4192	 Arousal Loss:0.4293	
[2025-11-19 17:47:29,233][run_task2&3_trainer_multilingual.py][line:1284][INFO] Epoch:[1/1]	 Batch:[2350/2792.0]	 Loss Sum:4.0072	forward Loss:0.2511;1.6408	 backward Loss:1.5161;0.3531	 Sentiment Loss:0.1742	Valence Loss:0.3065	 Arousal Loss:0.0529	
[2025-11-19 17:47:33,289][run_task2&3_trainer_multilingual.py][line:1284][INFO] Epoch:[1/1]	 Batch:[2360/2792.0]	 Loss Sum:17.8716	forward Loss:0.5232;8.6096	 backward Loss:7.068;0.8784	 Sentiment Loss:0.6196	Valence Loss:0.2979	 Arousal Loss:0.5659	
[2025-11-19 17:47:37,334][run_task2&3_trainer_multilingual.py][line:1284][INFO] Epoch:[1/1]	 Batch:[2370/2792.0]	 Loss Sum:14.689	forward Loss:2.155;2.8738	 backward Loss:3.4994;2.2044	 Sentiment Loss:2.9994	Valence Loss:3.8575	 Arousal Loss:0.9274	
[2025-11-19 17:47:41,383][run_task2&3_trainer_multilingual.py][line:1284][INFO] Epoch:[1/1]	 Batch:[2380/2792.0]	 Loss Sum:2.8388	forward Loss:0.1569;0.7555	 backward Loss:0.6812;0.385	 Sentiment Loss:0.6483	Valence Loss:0.6354	 Arousal Loss:0.4239	
[2025-11-19 17:47:45,440][run_task2&3_trainer_multilingual.py][line:1284][INFO] Epoch:[1/1]	 Batch:[2390/2792.0]	 Loss Sum:14.7733	forward Loss:0.736;2.8558	 backward Loss:5.6658;1.9793	 Sentiment Loss:2.8498	Valence Loss:2.1593	 Arousal Loss:1.2738	
[2025-11-19 17:47:49,498][run_task2&3_trainer_multilingual.py][line:1284][INFO] Epoch:[1/1]	 Batch:[2400/2792.0]	 Loss Sum:10.0118	forward Loss:4.1257;0.9185	 backward Loss:0.6264;1.9414	 Sentiment Loss:2.3055	Valence Loss:0.2826	 Arousal Loss:0.1892	
[2025-11-19 17:47:53,543][run_task2&3_trainer_multilingual.py][line:1284][INFO] Epoch:[1/1]	 Batch:[2410/2792.0]	 Loss Sum:1.7696	forward Loss:0.2451;0.4451	 backward Loss:0.9225;0.0804	 Sentiment Loss:0.0186	Valence Loss:0.2408	 Arousal Loss:0.0487	
[2025-11-19 17:47:57,604][run_task2&3_trainer_multilingual.py][line:1284][INFO] Epoch:[1/1]	 Batch:[2420/2792.0]	 Loss Sum:18.4065	forward Loss:7.4411;4.2512	 backward Loss:4.3342;1.1914	 Sentiment Loss:0.8143	Valence Loss:1.2248	 Arousal Loss:0.6462	
[2025-11-19 17:48:01,667][run_task2&3_trainer_multilingual.py][line:1284][INFO] Epoch:[1/1]	 Batch:[2430/2792.0]	 Loss Sum:13.2203	forward Loss:5.5364;1.5233	 backward Loss:1.8536;3.0717	 Sentiment Loss:1.1423	Valence Loss:0.385	 Arousal Loss:0.0793	
[2025-11-19 17:48:05,712][run_task2&3_trainer_multilingual.py][line:1284][INFO] Epoch:[1/1]	 Batch:[2440/2792.0]	 Loss Sum:23.7161	forward Loss:5.8541;4.5424	 backward Loss:9.833;3.144	 Sentiment Loss:0.2898	Valence Loss:0.0679	 Arousal Loss:0.1962	
[2025-11-19 17:48:09,770][run_task2&3_trainer_multilingual.py][line:1284][INFO] Epoch:[1/1]	 Batch:[2450/2792.0]	 Loss Sum:0.9303	forward Loss:0.1371;0.1935	 backward Loss:0.3083;0.1921	 Sentiment Loss:0.0476	Valence Loss:0.1085	 Arousal Loss:0.1501	
[2025-11-19 17:48:13,831][run_task2&3_trainer_multilingual.py][line:1284][INFO] Epoch:[1/1]	 Batch:[2460/2792.0]	 Loss Sum:13.7622	forward Loss:1.7773;2.7737	 backward Loss:5.3748;1.3359	 Sentiment Loss:1.9939	Valence Loss:1.7773	 Arousal Loss:0.756	
[2025-11-19 17:48:17,881][run_task2&3_trainer_multilingual.py][line:1284][INFO] Epoch:[1/1]	 Batch:[2470/2792.0]	 Loss Sum:22.2472	forward Loss:1.6173;9.0712	 backward Loss:7.0241;4.3063	 Sentiment Loss:0.142	Valence Loss:0.1731	 Arousal Loss:0.2586	
[2025-11-19 17:48:21,924][run_task2&3_trainer_multilingual.py][line:1284][INFO] Epoch:[1/1]	 Batch:[2480/2792.0]	 Loss Sum:12.8454	forward Loss:0.4574;3.1953	 backward Loss:6.5562;0.5344	 Sentiment Loss:2.0438	Valence Loss:0.1822	 Arousal Loss:0.1092	
[2025-11-19 17:48:25,974][run_task2&3_trainer_multilingual.py][line:1284][INFO] Epoch:[1/1]	 Batch:[2490/2792.0]	 Loss Sum:1.9591	forward Loss:0.1532;0.8115	 backward Loss:0.6211;0.2814	 Sentiment Loss:0.0092	Valence Loss:0.2908	 Arousal Loss:0.1223	
[2025-11-19 17:48:30,044][run_task2&3_trainer_multilingual.py][line:1284][INFO] Epoch:[1/1]	 Batch:[2500/2792.0]	 Loss Sum:3.8518	forward Loss:0.4806;0.9	 backward Loss:1.695;0.5731	 Sentiment Loss:0.0269	Valence Loss:0.5624	 Arousal Loss:0.3184	
[2025-11-19 17:48:34,100][run_task2&3_trainer_multilingual.py][line:1284][INFO] Epoch:[1/1]	 Batch:[2510/2792.0]	 Loss Sum:16.1505	forward Loss:1.0774;5.9206	 backward Loss:5.6357;1.2435	 Sentiment Loss:1.8969	Valence Loss:1.5328	 Arousal Loss:0.349	
[2025-11-19 17:48:38,145][run_task2&3_trainer_multilingual.py][line:1284][INFO] Epoch:[1/1]	 Batch:[2520/2792.0]	 Loss Sum:17.5748	forward Loss:3.6114;4.9324	 backward Loss:2.9503;4.9984	 Sentiment Loss:0.9425	Valence Loss:0.1396	 Arousal Loss:0.5594	
[2025-11-19 17:48:42,219][run_task2&3_trainer_multilingual.py][line:1284][INFO] Epoch:[1/1]	 Batch:[2530/2792.0]	 Loss Sum:30.1075	forward Loss:11.1918;2.5463	 backward Loss:8.5243;2.9849	 Sentiment Loss:4.3825	Valence Loss:2.0057	 Arousal Loss:0.383	
[2025-11-19 17:48:46,269][run_task2&3_trainer_multilingual.py][line:1284][INFO] Epoch:[1/1]	 Batch:[2540/2792.0]	 Loss Sum:19.4864	forward Loss:9.4444;1.5148	 backward Loss:4.1807;3.5786	 Sentiment Loss:0.6418	Valence Loss:0.5394	 Arousal Loss:0.0904	
[2025-11-19 17:48:50,328][run_task2&3_trainer_multilingual.py][line:1284][INFO] Epoch:[1/1]	 Batch:[2550/2792.0]	 Loss Sum:55.8038	forward Loss:21.5092;6.4189	 backward Loss:21.523;5.2673	 Sentiment Loss:0.8423	Valence Loss:1.1469	 Arousal Loss:0.0689	
[2025-11-19 17:48:54,378][run_task2&3_trainer_multilingual.py][line:1284][INFO] Epoch:[1/1]	 Batch:[2560/2792.0]	 Loss Sum:12.1132	forward Loss:2.1357;3.2328	 backward Loss:2.7709;3.0597	 Sentiment Loss:0.1491	Valence Loss:2.725	 Arousal Loss:1.1004	
[2025-11-19 17:48:58,448][run_task2&3_trainer_multilingual.py][line:1284][INFO] Epoch:[1/1]	 Batch:[2570/2792.0]	 Loss Sum:13.5824	forward Loss:2.1762;2.8596	 backward Loss:2.5073;2.78	 Sentiment Loss:3.107	Valence Loss:0.0827	 Arousal Loss:0.6789	
[2025-11-19 17:49:02,496][run_task2&3_trainer_multilingual.py][line:1284][INFO] Epoch:[1/1]	 Batch:[2580/2792.0]	 Loss Sum:20.3419	forward Loss:3.7832;5.27	 backward Loss:9.9038;1.3015	 Sentiment Loss:0.0051	Valence Loss:0.1115	 Arousal Loss:0.28	
[2025-11-19 17:49:06,542][run_task2&3_trainer_multilingual.py][line:1284][INFO] Epoch:[1/1]	 Batch:[2590/2792.0]	 Loss Sum:2.3332	forward Loss:0.4558;0.3489	 backward Loss:1.1144;0.2587	 Sentiment Loss:0.0876	Valence Loss:0.1181	 Arousal Loss:0.2211	
[2025-11-19 17:49:10,603][run_task2&3_trainer_multilingual.py][line:1284][INFO] Epoch:[1/1]	 Batch:[2600/2792.0]	 Loss Sum:20.0651	forward Loss:5.5815;4.0757	 backward Loss:5.7734;2.404	 Sentiment Loss:1.8984	Valence Loss:0.5678	 Arousal Loss:1.0926	
[2025-11-19 17:49:14,662][run_task2&3_trainer_multilingual.py][line:1284][INFO] Epoch:[1/1]	 Batch:[2610/2792.0]	 Loss Sum:11.1947	forward Loss:2.0199;2.8731	 backward Loss:4.9015;1.069	 Sentiment Loss:0.2373	Valence Loss:0.1155	 Arousal Loss:0.3539	
[2025-11-19 17:49:18,701][run_task2&3_trainer_multilingual.py][line:1284][INFO] Epoch:[1/1]	 Batch:[2620/2792.0]	 Loss Sum:5.4593	forward Loss:0.7391;0.8857	 backward Loss:2.0094;0.4207	 Sentiment Loss:1.3124	Valence Loss:0.1208	 Arousal Loss:0.3388	
[2025-11-19 17:49:22,755][run_task2&3_trainer_multilingual.py][line:1284][INFO] Epoch:[1/1]	 Batch:[2630/2792.0]	 Loss Sum:4.8401	forward Loss:0.0544;2.2569	 backward Loss:2.2336;0.0588	 Sentiment Loss:0.0081	Valence Loss:0.4272	 Arousal Loss:0.7137	
[2025-11-19 17:49:26,816][run_task2&3_trainer_multilingual.py][line:1284][INFO] Epoch:[1/1]	 Batch:[2640/2792.0]	 Loss Sum:5.5511	forward Loss:2.3574;0.1922	 backward Loss:2.682;0.2509	 Sentiment Loss:0.0191	Valence Loss:0.071	 Arousal Loss:0.1771	
[2025-11-19 17:49:30,868][run_task2&3_trainer_multilingual.py][line:1284][INFO] Epoch:[1/1]	 Batch:[2650/2792.0]	 Loss Sum:4.9787	forward Loss:0.8046;1.2174	 backward Loss:2.5652;0.2288	 Sentiment Loss:0.1104	Valence Loss:0.1996	 Arousal Loss:0.062	
[2025-11-19 17:49:34,908][run_task2&3_trainer_multilingual.py][line:1284][INFO] Epoch:[1/1]	 Batch:[2660/2792.0]	 Loss Sum:29.029	forward Loss:6.8171;2.581	 backward Loss:6.0579;9.3707	 Sentiment Loss:4.1323	Valence Loss:0.2325	 Arousal Loss:0.1174	
[2025-11-19 17:49:38,952][run_task2&3_trainer_multilingual.py][line:1284][INFO] Epoch:[1/1]	 Batch:[2670/2792.0]	 Loss Sum:13.9057	forward Loss:0.9865;3.761	 backward Loss:6.3331;0.7412	 Sentiment Loss:0.8479	Valence Loss:6.136	 Arousal Loss:0.044	
[2025-11-19 17:49:43,011][run_task2&3_trainer_multilingual.py][line:1284][INFO] Epoch:[1/1]	 Batch:[2680/2792.0]	 Loss Sum:13.5534	forward Loss:2.0338;3.0647	 backward Loss:4.4969;3.8386	 Sentiment Loss:0.0836	Valence Loss:0.0857	 Arousal Loss:0.0928	
[2025-11-19 17:49:47,066][run_task2&3_trainer_multilingual.py][line:1284][INFO] Epoch:[1/1]	 Batch:[2690/2792.0]	 Loss Sum:52.6605	forward Loss:5.794;6.5712	 backward Loss:28.3429;4.005	 Sentiment Loss:6.6996	Valence Loss:3.1979	 Arousal Loss:3.0408	
[2025-11-19 17:49:51,110][run_task2&3_trainer_multilingual.py][line:1284][INFO] Epoch:[1/1]	 Batch:[2700/2792.0]	 Loss Sum:4.6395	forward Loss:0.4361;1.4923	 backward Loss:1.7878;0.6367	 Sentiment Loss:0.1934	Valence Loss:0.2225	 Arousal Loss:0.2435	
[2025-11-19 17:49:55,166][run_task2&3_trainer_multilingual.py][line:1284][INFO] Epoch:[1/1]	 Batch:[2710/2792.0]	 Loss Sum:28.7692	forward Loss:5.3941;3.9029	 backward Loss:5.5614;11.3834	 Sentiment Loss:2.3431	Valence Loss:0.8465	 Arousal Loss:0.0749	
[2025-11-19 17:49:59,226][run_task2&3_trainer_multilingual.py][line:1284][INFO] Epoch:[1/1]	 Batch:[2720/2792.0]	 Loss Sum:8.4325	forward Loss:1.513;3.4224	 backward Loss:2.7328;0.5373	 Sentiment Loss:0.0867	Valence Loss:0.1665	 Arousal Loss:0.5354	
[2025-11-19 17:50:03,269][run_task2&3_trainer_multilingual.py][line:1284][INFO] Epoch:[1/1]	 Batch:[2730/2792.0]	 Loss Sum:27.0489	forward Loss:0.3529;9.6166	 backward Loss:15.9723;0.8599	 Sentiment Loss:0.1878	Valence Loss:0.1352	 Arousal Loss:0.1617	
[2025-11-19 17:50:07,310][run_task2&3_trainer_multilingual.py][line:1284][INFO] Epoch:[1/1]	 Batch:[2740/2792.0]	 Loss Sum:15.2749	forward Loss:2.5243;1.4675	 backward Loss:3.8385;6.8909	 Sentiment Loss:0.4679	Valence Loss:0.2458	 Arousal Loss:0.1838	
[2025-11-19 17:50:11,364][run_task2&3_trainer_multilingual.py][line:1284][INFO] Epoch:[1/1]	 Batch:[2750/2792.0]	 Loss Sum:25.3441	forward Loss:5.544;7.91	 backward Loss:5.0296;4.7232	 Sentiment Loss:2.0012	Valence Loss:0.2124	 Arousal Loss:0.4681	
[2025-11-19 17:50:15,421][run_task2&3_trainer_multilingual.py][line:1284][INFO] Epoch:[1/1]	 Batch:[2760/2792.0]	 Loss Sum:6.6018	forward Loss:0.263;1.911	 backward Loss:3.0694;0.1226	 Sentiment Loss:0.2043	Valence Loss:2.5522	 Arousal Loss:2.6048	
[2025-11-19 17:50:19,461][run_task2&3_trainer_multilingual.py][line:1284][INFO] Epoch:[1/1]	 Batch:[2770/2792.0]	 Loss Sum:3.6966	forward Loss:0.6335;1.2611	 backward Loss:1.3805;0.2769	 Sentiment Loss:0.1141	Valence Loss:0.0928	 Arousal Loss:0.0595	
[2025-11-19 17:50:23,502][run_task2&3_trainer_multilingual.py][line:1284][INFO] Epoch:[1/1]	 Batch:[2780/2792.0]	 Loss Sum:13.3345	forward Loss:2.6883;1.6588	 backward Loss:4.853;2.216	 Sentiment Loss:1.8953	Valence Loss:0.0779	 Arousal Loss:0.0376	
[2025-11-19 17:50:27,551][run_task2&3_trainer_multilingual.py][line:1284][INFO] Epoch:[1/1]	 Batch:[2790/2792.0]	 Loss Sum:5.6113	forward Loss:2.5951;0.9005	 backward Loss:1.3416;0.6457	 Sentiment Loss:0.069	Valence Loss:0.259	 Arousal Loss:0.038	
[2025-11-19 17:50:28,343][run_task2&3_trainer_multilingual.py][line:1296][INFO] dev
[2025-11-19 17:50:58,771][run_task2&3_trainer_multilingual.py][line:578][INFO] Triplet - Precision: 0.41819772491846213	Recall: 0.3569828227356364	F1: 0.3851727501894297
[2025-11-19 17:50:58,771][run_task2&3_trainer_multilingual.py][line:583][INFO] Aspect - Precision: 0.7781155007313926	Recall: 0.6719160099108346	F1: 0.7211262625686164
[2025-11-19 17:50:58,771][run_task2&3_trainer_multilingual.py][line:588][INFO] Opinion - Precision: 0.6676829261507288	Recall: 0.5268644743168689	F1: 0.5889730608806664
[2025-11-19 17:50:58,771][run_task2&3_trainer_multilingual.py][line:594][INFO] Aspect-Category - Precision: 0.5624999994673295	Recall: 0.475961538080159	F1: 0.5156245030251092
[2025-11-19 17:50:58,771][run_task2&3_trainer_multilingual.py][line:602][INFO] Aspect-Opinion - Precision: 0.5389326329493153	Recall: 0.4600448092157992	F1: 0.4963733947410986
[2025-11-19 17:50:58,772][run_task2&3_trainer_multilingual.py][line:1302][INFO] Model saved after epoch 1
[2025-11-19 17:50:59,628][run_task2&3_trainer_multilingual.py][line:1313][INFO] loading model......
[2025-11-19 17:51:00,285][run_task2&3_trainer_multilingual.py][line:1316][INFO] inference......
