[2025-11-19 16:43:32,283][_client.py][line:1025][INFO] HTTP Request: HEAD https://huggingface.co/bert-base-multilingual-cased/resolve/main/tokenizer_config.json "HTTP/1.1 200 OK"
[2025-11-19 16:43:32,481][_client.py][line:1025][INFO] HTTP Request: GET https://huggingface.co/api/models/bert-base-multilingual-cased/tree/main/additional_chat_templates?recursive=false&expand=false "HTTP/1.1 307 Temporary Redirect"
[2025-11-19 16:43:32,676][_client.py][line:1025][INFO] HTTP Request: GET https://huggingface.co/api/models/google-bert/bert-base-multilingual-cased/tree/main/additional_chat_templates?recursive=false&expand=false "HTTP/1.1 404 Not Found"
[2025-11-19 16:43:33,236][run_task2&3_trainer_multilingual.py][line:1127][INFO] initial optimizer......
[2025-11-19 16:43:33,237][run_task2&3_trainer_multilingual.py][line:1145][INFO] New model and optimizer from epoch 1
[2025-11-19 16:43:33,237][run_task2&3_trainer_multilingual.py][line:1154][INFO] begin training......
[2025-11-19 16:43:36,593][run_task2&3_trainer_multilingual.py][line:1284][INFO] Epoch:[1/1]	 Batch:[10/800.0]	 Loss Sum:235.5748	forward Loss:42.3206;52.0881	 backward Loss:52.3676;66.5316	 Sentiment Loss:5.7359	Valence Loss:47.9819	 Arousal Loss:34.6733	
[2025-11-19 16:43:39,777][run_task2&3_trainer_multilingual.py][line:1284][INFO] Epoch:[1/1]	 Batch:[20/800.0]	 Loss Sum:91.6427	forward Loss:17.1594;17.7711	 backward Loss:20.0584;14.4523	 Sentiment Loss:5.3082	Valence Loss:47.2831	 Arousal Loss:37.1834	
[2025-11-19 16:43:42,960][run_task2&3_trainer_multilingual.py][line:1284][INFO] Epoch:[1/1]	 Batch:[30/800.0]	 Loss Sum:68.6496	forward Loss:16.4168;11.0519	 backward Loss:16.5709;10.637	 Sentiment Loss:4.5958	Valence Loss:28.591	 Arousal Loss:18.2952	
[2025-11-19 16:43:46,140][run_task2&3_trainer_multilingual.py][line:1284][INFO] Epoch:[1/1]	 Batch:[40/800.0]	 Loss Sum:56.0484	forward Loss:16.8116;10.9024	 backward Loss:9.0155;10.6224	 Sentiment Loss:4.0348	Valence Loss:12.2916	 Arousal Loss:11.0171	
[2025-11-19 16:43:49,329][run_task2&3_trainer_multilingual.py][line:1284][INFO] Epoch:[1/1]	 Batch:[50/800.0]	 Loss Sum:69.8713	forward Loss:14.9681;13.5523	 backward Loss:21.1707;10.4289	 Sentiment Loss:4.4622	Valence Loss:17.6446	 Arousal Loss:8.8009	
[2025-11-19 16:43:52,508][run_task2&3_trainer_multilingual.py][line:1284][INFO] Epoch:[1/1]	 Batch:[60/800.0]	 Loss Sum:155.0758	forward Loss:44.6028;25.2363	 backward Loss:52.1488;24.8264	 Sentiment Loss:3.5271	Valence Loss:14.0803	 Arousal Loss:9.5919	
[2025-11-19 16:43:55,700][run_task2&3_trainer_multilingual.py][line:1284][INFO] Epoch:[1/1]	 Batch:[70/800.0]	 Loss Sum:69.1411	forward Loss:18.6375;14.0631	 backward Loss:19.9295;13.5461	 Sentiment Loss:2.5765	Valence Loss:1.704	 Arousal Loss:0.2381	
[2025-11-19 16:43:58,878][run_task2&3_trainer_multilingual.py][line:1284][INFO] Epoch:[1/1]	 Batch:[80/800.0]	 Loss Sum:39.1161	forward Loss:7.2387;9.3352	 backward Loss:7.088;7.3207	 Sentiment Loss:7.8689	Valence Loss:0.4577	 Arousal Loss:0.8651	
[2025-11-19 16:44:02,060][run_task2&3_trainer_multilingual.py][line:1284][INFO] Epoch:[1/1]	 Batch:[90/800.0]	 Loss Sum:24.831	forward Loss:5.6536;5.7066	 backward Loss:4.9111;6.5567	 Sentiment Loss:1.7334	Valence Loss:0.2657	 Arousal Loss:1.0821	
[2025-11-19 16:44:05,242][run_task2&3_trainer_multilingual.py][line:1284][INFO] Epoch:[1/1]	 Batch:[100/800.0]	 Loss Sum:43.0605	forward Loss:10.1651;8.157	 backward Loss:9.9369;6.9149	 Sentiment Loss:6.8326	Valence Loss:4.8779	 Arousal Loss:0.3918	
[2025-11-19 16:44:08,426][run_task2&3_trainer_multilingual.py][line:1284][INFO] Epoch:[1/1]	 Batch:[110/800.0]	 Loss Sum:35.5418	forward Loss:9.6848;5.8944	 backward Loss:11.4309;6.0578	 Sentiment Loss:2.2874	Valence Loss:0.6392	 Arousal Loss:0.2931	
[2025-11-19 16:44:11,608][run_task2&3_trainer_multilingual.py][line:1284][INFO] Epoch:[1/1]	 Batch:[120/800.0]	 Loss Sum:47.7963	forward Loss:11.7115;8.964	 backward Loss:13.6483;8.4496	 Sentiment Loss:4.8063	Valence Loss:0.6003	 Arousal Loss:0.4833	
[2025-11-19 16:44:14,791][run_task2&3_trainer_multilingual.py][line:1284][INFO] Epoch:[1/1]	 Batch:[130/800.0]	 Loss Sum:36.2537	forward Loss:10.2787;6.1114	 backward Loss:11.153;5.6222	 Sentiment Loss:2.5961	Valence Loss:2.0508	 Arousal Loss:0.4105	
[2025-11-19 16:44:17,965][run_task2&3_trainer_multilingual.py][line:1284][INFO] Epoch:[1/1]	 Batch:[140/800.0]	 Loss Sum:41.4311	forward Loss:9.1966;7.5481	 backward Loss:5.3726;8.538	 Sentiment Loss:10.4825	Valence Loss:1.3823	 Arousal Loss:0.0841	
[2025-11-19 16:44:21,141][run_task2&3_trainer_multilingual.py][line:1284][INFO] Epoch:[1/1]	 Batch:[150/800.0]	 Loss Sum:30.0592	forward Loss:5.1702;6.7992	 backward Loss:10.4443;4.0701	 Sentiment Loss:3.0211	Valence Loss:1.3468	 Arousal Loss:1.4243	
[2025-11-19 16:44:24,323][run_task2&3_trainer_multilingual.py][line:1284][INFO] Epoch:[1/1]	 Batch:[160/800.0]	 Loss Sum:32.3754	forward Loss:8.789;4.3105	 backward Loss:3.6583;10.2547	 Sentiment Loss:4.4141	Valence Loss:4.6558	 Arousal Loss:0.0878	
[2025-11-19 16:44:27,505][run_task2&3_trainer_multilingual.py][line:1284][INFO] Epoch:[1/1]	 Batch:[170/800.0]	 Loss Sum:40.7585	forward Loss:11.253;8.5127	 backward Loss:12.1717;6.0089	 Sentiment Loss:2.3043	Valence Loss:1.6167	 Arousal Loss:0.9223	
[2025-11-19 16:44:30,695][run_task2&3_trainer_multilingual.py][line:1284][INFO] Epoch:[1/1]	 Batch:[180/800.0]	 Loss Sum:54.1673	forward Loss:19.2025;4.9542	 backward Loss:3.4458;21.5353	 Sentiment Loss:4.8676	Valence Loss:0.7545	 Arousal Loss:0.0552	
[2025-11-19 16:44:33,890][run_task2&3_trainer_multilingual.py][line:1284][INFO] Epoch:[1/1]	 Batch:[190/800.0]	 Loss Sum:31.1184	forward Loss:3.0615;9.648	 backward Loss:11.8244;4.3711	 Sentiment Loss:1.7334	Valence Loss:2.1098	 Arousal Loss:0.2905	
[2025-11-19 16:44:37,088][run_task2&3_trainer_multilingual.py][line:1284][INFO] Epoch:[1/1]	 Batch:[200/800.0]	 Loss Sum:27.4107	forward Loss:3.0275;10.2328	 backward Loss:7.7067;2.8567	 Sentiment Loss:2.4287	Valence Loss:5.4424	 Arousal Loss:0.3492	
[2025-11-19 16:44:40,294][run_task2&3_trainer_multilingual.py][line:1284][INFO] Epoch:[1/1]	 Batch:[210/800.0]	 Loss Sum:55.2881	forward Loss:6.1878;9.679	 backward Loss:22.6418;6.3284	 Sentiment Loss:9.6997	Valence Loss:1.4932	 Arousal Loss:2.2637	
[2025-11-19 16:44:43,493][run_task2&3_trainer_multilingual.py][line:1284][INFO] Epoch:[1/1]	 Batch:[220/800.0]	 Loss Sum:35.1498	forward Loss:3.7156;6.5116	 backward Loss:12.434;3.4943	 Sentiment Loss:8.5839	Valence Loss:1.7914	 Arousal Loss:0.261	
[2025-11-19 16:44:46,689][run_task2&3_trainer_multilingual.py][line:1284][INFO] Epoch:[1/1]	 Batch:[230/800.0]	 Loss Sum:15.5241	forward Loss:3.0019;2.1347	 backward Loss:2.2538;3.9482	 Sentiment Loss:4.1034	Valence Loss:0.2942	 Arousal Loss:0.1162	
[2025-11-19 16:44:49,908][run_task2&3_trainer_multilingual.py][line:1284][INFO] Epoch:[1/1]	 Batch:[240/800.0]	 Loss Sum:34.4608	forward Loss:7.4537;6.6195	 backward Loss:11.9087;6.3771	 Sentiment Loss:1.9549	Valence Loss:0.1855	 Arousal Loss:0.5492	
[2025-11-19 16:44:53,108][run_task2&3_trainer_multilingual.py][line:1284][INFO] Epoch:[1/1]	 Batch:[250/800.0]	 Loss Sum:23.9973	forward Loss:6.7272;3.413	 backward Loss:3.674;7.3298	 Sentiment Loss:2.7517	Valence Loss:0.217	 Arousal Loss:0.2909	
[2025-11-19 16:44:56,308][run_task2&3_trainer_multilingual.py][line:1284][INFO] Epoch:[1/1]	 Batch:[260/800.0]	 Loss Sum:20.5051	forward Loss:4.866;2.6664	 backward Loss:3.563;2.4074	 Sentiment Loss:6.7509	Valence Loss:1.0657	 Arousal Loss:0.1914	
[2025-11-19 16:44:59,514][run_task2&3_trainer_multilingual.py][line:1284][INFO] Epoch:[1/1]	 Batch:[270/800.0]	 Loss Sum:48.7539	forward Loss:4.5964;7.9787	 backward Loss:18.7798;3.3975	 Sentiment Loss:10.2788	Valence Loss:16.5516	 Arousal Loss:2.0619	
[2025-11-19 16:45:02,705][run_task2&3_trainer_multilingual.py][line:1284][INFO] Epoch:[1/1]	 Batch:[280/800.0]	 Loss Sum:20.903	forward Loss:6.7971;3.082	 backward Loss:5.1645;4.4225	 Sentiment Loss:1.2717	Valence Loss:0.5838	 Arousal Loss:0.2426	
[2025-11-19 16:45:05,903][run_task2&3_trainer_multilingual.py][line:1284][INFO] Epoch:[1/1]	 Batch:[290/800.0]	 Loss Sum:18.8658	forward Loss:2.7824;3.6695	 backward Loss:3.8291;4.5957	 Sentiment Loss:3.6759	Valence Loss:1.1637	 Arousal Loss:0.4026	
[2025-11-19 16:45:09,099][run_task2&3_trainer_multilingual.py][line:1284][INFO] Epoch:[1/1]	 Batch:[300/800.0]	 Loss Sum:21.2991	forward Loss:5.0295;4.3826	 backward Loss:5.3904;3.4073	 Sentiment Loss:3.0273	Valence Loss:0.2062	 Arousal Loss:0.1048	
[2025-11-19 16:45:12,303][run_task2&3_trainer_multilingual.py][line:1284][INFO] Epoch:[1/1]	 Batch:[310/800.0]	 Loss Sum:59.466	forward Loss:9.543;13.4197	 backward Loss:19.5798;8.6255	 Sentiment Loss:8.2148	Valence Loss:0.3102	 Arousal Loss:0.1057	
[2025-11-19 16:45:15,497][run_task2&3_trainer_multilingual.py][line:1284][INFO] Epoch:[1/1]	 Batch:[320/800.0]	 Loss Sum:17.8393	forward Loss:0.6305;4.8075	 backward Loss:8.6906;1.3538	 Sentiment Loss:2.2074	Valence Loss:0.2946	 Arousal Loss:0.453	
[2025-11-19 16:45:18,697][run_task2&3_trainer_multilingual.py][line:1284][INFO] Epoch:[1/1]	 Batch:[330/800.0]	 Loss Sum:25.8327	forward Loss:9.6287;5.0374	 backward Loss:3.3306;5.7495	 Sentiment Loss:1.6491	Valence Loss:1.2366	 Arousal Loss:0.9505	
[2025-11-19 16:45:21,896][run_task2&3_trainer_multilingual.py][line:1284][INFO] Epoch:[1/1]	 Batch:[340/800.0]	 Loss Sum:29.5955	forward Loss:3.3682;7.4707	 backward Loss:6.2811;3.289	 Sentiment Loss:7.7285	Valence Loss:4.5273	 Arousal Loss:2.7631	
[2025-11-19 16:45:25,097][run_task2&3_trainer_multilingual.py][line:1284][INFO] Epoch:[1/1]	 Batch:[350/800.0]	 Loss Sum:12.2237	forward Loss:2.4851;2.5984	 backward Loss:2.5451;1.8251	 Sentiment Loss:1.3059	Valence Loss:3.7598	 Arousal Loss:3.5611	
[2025-11-19 16:45:28,298][run_task2&3_trainer_multilingual.py][line:1284][INFO] Epoch:[1/1]	 Batch:[360/800.0]	 Loss Sum:41.1695	forward Loss:5.6136;8.0274	 backward Loss:19.5206;5.4468	 Sentiment Loss:2.4616	Valence Loss:0.2616	 Arousal Loss:0.2359	
[2025-11-19 16:45:31,490][run_task2&3_trainer_multilingual.py][line:1284][INFO] Epoch:[1/1]	 Batch:[370/800.0]	 Loss Sum:23.7784	forward Loss:5.1553;4.7709	 backward Loss:8.032;3.8575	 Sentiment Loss:1.9235	Valence Loss:0.0714	 Arousal Loss:0.1248	
[2025-11-19 16:45:34,694][run_task2&3_trainer_multilingual.py][line:1284][INFO] Epoch:[1/1]	 Batch:[380/800.0]	 Loss Sum:30.8285	forward Loss:5.826;4.413	 backward Loss:5.6075;4.0691	 Sentiment Loss:10.7525	Valence Loss:0.0635	 Arousal Loss:0.7389	
[2025-11-19 16:45:37,894][run_task2&3_trainer_multilingual.py][line:1284][INFO] Epoch:[1/1]	 Batch:[390/800.0]	 Loss Sum:36.9236	forward Loss:4.0412;13.2285	 backward Loss:12.7668;4.0624	 Sentiment Loss:2.5961	Valence Loss:0.664	 Arousal Loss:0.4789	
[2025-11-19 16:45:41,094][run_task2&3_trainer_multilingual.py][line:1284][INFO] Epoch:[1/1]	 Batch:[400/800.0]	 Loss Sum:36.564	forward Loss:11.5351;5.509	 backward Loss:10.8331;3.3002	 Sentiment Loss:4.9491	Valence Loss:1.6978	 Arousal Loss:0.4903	
[2025-11-19 16:45:44,290][run_task2&3_trainer_multilingual.py][line:1284][INFO] Epoch:[1/1]	 Batch:[410/800.0]	 Loss Sum:17.8504	forward Loss:3.6991;3.4027	 backward Loss:6.0998;2.6305	 Sentiment Loss:1.7377	Valence Loss:0.3047	 Arousal Loss:1.099	
[2025-11-19 16:45:47,489][run_task2&3_trainer_multilingual.py][line:1284][INFO] Epoch:[1/1]	 Batch:[420/800.0]	 Loss Sum:19.007	forward Loss:2.706;3.684	 backward Loss:7.4281;2.6246	 Sentiment Loss:2.0258	Valence Loss:2.2357	 Arousal Loss:0.4572	
[2025-11-19 16:45:50,690][run_task2&3_trainer_multilingual.py][line:1284][INFO] Epoch:[1/1]	 Batch:[430/800.0]	 Loss Sum:18.0708	forward Loss:4.6567;3.1209	 backward Loss:2.6958;5.4052	 Sentiment Loss:1.8879	Valence Loss:0.9424	 Arousal Loss:0.5791	
[2025-11-19 16:45:53,887][run_task2&3_trainer_multilingual.py][line:1284][INFO] Epoch:[1/1]	 Batch:[440/800.0]	 Loss Sum:35.9092	forward Loss:8.0591;7.1086	 backward Loss:11.1688;6.2515	 Sentiment Loss:2.9521	Valence Loss:0.4788	 Arousal Loss:1.3665	
[2025-11-19 16:45:57,088][run_task2&3_trainer_multilingual.py][line:1284][INFO] Epoch:[1/1]	 Batch:[450/800.0]	 Loss Sum:19.0851	forward Loss:2.2483;6.4665	 backward Loss:4.5833;2.7635	 Sentiment Loss:2.8214	Valence Loss:0.0584	 Arousal Loss:0.952	
[2025-11-19 16:46:00,281][run_task2&3_trainer_multilingual.py][line:1284][INFO] Epoch:[1/1]	 Batch:[460/800.0]	 Loss Sum:24.6425	forward Loss:1.5725;9.6757	 backward Loss:7.4526;3.1594	 Sentiment Loss:2.1648	Valence Loss:3.0184	 Arousal Loss:0.0694	
[2025-11-19 16:46:03,481][run_task2&3_trainer_multilingual.py][line:1284][INFO] Epoch:[1/1]	 Batch:[470/800.0]	 Loss Sum:28.7903	forward Loss:2.4541;6.7958	 backward Loss:11.6688;2.7437	 Sentiment Loss:4.9811	Valence Loss:0.0806	 Arousal Loss:0.6531	
[2025-11-19 16:46:06,676][run_task2&3_trainer_multilingual.py][line:1284][INFO] Epoch:[1/1]	 Batch:[480/800.0]	 Loss Sum:42.8279	forward Loss:12.0059;8.5702	 backward Loss:10.0906;8.3275	 Sentiment Loss:3.5466	Valence Loss:0.8607	 Arousal Loss:0.575	
[2025-11-19 16:46:09,884][run_task2&3_trainer_multilingual.py][line:1284][INFO] Epoch:[1/1]	 Batch:[490/800.0]	 Loss Sum:30.1306	forward Loss:13.1091;4.4024	 backward Loss:3.079;5.7237	 Sentiment Loss:2.249	Valence Loss:3.8797	 Arousal Loss:3.9567	
[2025-11-19 16:46:13,079][run_task2&3_trainer_multilingual.py][line:1284][INFO] Epoch:[1/1]	 Batch:[500/800.0]	 Loss Sum:35.9874	forward Loss:5.4776;6.4557	 backward Loss:17.3961;3.7276	 Sentiment Loss:2.8572	Valence Loss:0.2544	 Arousal Loss:0.1113	
[2025-11-19 16:46:16,281][run_task2&3_trainer_multilingual.py][line:1284][INFO] Epoch:[1/1]	 Batch:[510/800.0]	 Loss Sum:25.2289	forward Loss:8.4234;2.9315	 backward Loss:4.434;5.0039	 Sentiment Loss:4.3607	Valence Loss:0.1104	 Arousal Loss:0.2669	
[2025-11-19 16:46:19,481][run_task2&3_trainer_multilingual.py][line:1284][INFO] Epoch:[1/1]	 Batch:[520/800.0]	 Loss Sum:26.0807	forward Loss:2.3458;6.159	 backward Loss:8.957;2.1943	 Sentiment Loss:4.7339	Valence Loss:8.2047	 Arousal Loss:0.2493	
[2025-11-19 16:46:22,678][run_task2&3_trainer_multilingual.py][line:1284][INFO] Epoch:[1/1]	 Batch:[530/800.0]	 Loss Sum:9.4038	forward Loss:1.4485;1.649	 backward Loss:0.9412;2.1725	 Sentiment Loss:2.411	Valence Loss:1.9086	 Arousal Loss:1.9994	
[2025-11-19 16:46:26,014][run_task2&3_trainer_multilingual.py][line:1284][INFO] Epoch:[1/1]	 Batch:[540/800.0]	 Loss Sum:30.197	forward Loss:4.1032;7.764	 backward Loss:13.8227;2.841	 Sentiment Loss:1.5216	Valence Loss:0.2763	 Arousal Loss:0.4461	
[2025-11-19 16:46:29,213][run_task2&3_trainer_multilingual.py][line:1284][INFO] Epoch:[1/1]	 Batch:[550/800.0]	 Loss Sum:37.9289	forward Loss:8.7708;6.567	 backward Loss:13.4429;2.979	 Sentiment Loss:4.9107	Valence Loss:6.104	 Arousal Loss:0.1886	
[2025-11-19 16:46:32,405][run_task2&3_trainer_multilingual.py][line:1284][INFO] Epoch:[1/1]	 Batch:[560/800.0]	 Loss Sum:14.0439	forward Loss:4.1596;1.3768	 backward Loss:1.9534;4.3954	 Sentiment Loss:1.9474	Valence Loss:0.1619	 Arousal Loss:0.8943	
[2025-11-19 16:46:35,594][run_task2&3_trainer_multilingual.py][line:1284][INFO] Epoch:[1/1]	 Batch:[570/800.0]	 Loss Sum:32.449	forward Loss:1.983;11.0583	 backward Loss:11.4763;2.8143	 Sentiment Loss:4.9777	Valence Loss:0.2416	 Arousal Loss:0.4552	
[2025-11-19 16:46:38,795][run_task2&3_trainer_multilingual.py][line:1284][INFO] Epoch:[1/1]	 Batch:[580/800.0]	 Loss Sum:28.4467	forward Loss:4.9055;3.6506	 backward Loss:5.1249;3.5713	 Sentiment Loss:10.9326	Valence Loss:1.2418	 Arousal Loss:0.0671	
[2025-11-19 16:46:41,994][run_task2&3_trainer_multilingual.py][line:1284][INFO] Epoch:[1/1]	 Batch:[590/800.0]	 Loss Sum:35.8901	forward Loss:7.9009;10.62	 backward Loss:9.5938;3.4019	 Sentiment Loss:4.2578	Valence Loss:0.0325	 Arousal Loss:0.5462	
[2025-11-19 16:46:45,187][run_task2&3_trainer_multilingual.py][line:1284][INFO] Epoch:[1/1]	 Batch:[600/800.0]	 Loss Sum:13.9917	forward Loss:4.0195;2.9671	 backward Loss:2.4172;2.1685	 Sentiment Loss:1.5598	Valence Loss:2.8365	 Arousal Loss:1.4616	
[2025-11-19 16:46:48,373][run_task2&3_trainer_multilingual.py][line:1284][INFO] Epoch:[1/1]	 Batch:[610/800.0]	 Loss Sum:21.235	forward Loss:4.1694;6.1959	 backward Loss:5.6485;2.3504	 Sentiment Loss:2.7434	Valence Loss:0.5942	 Arousal Loss:0.0421	
[2025-11-19 16:46:51,568][run_task2&3_trainer_multilingual.py][line:1284][INFO] Epoch:[1/1]	 Batch:[620/800.0]	 Loss Sum:27.7683	forward Loss:6.3289;6.8704	 backward Loss:8.298;3.059	 Sentiment Loss:2.6889	Valence Loss:2.542	 Arousal Loss:0.0736	
[2025-11-19 16:46:54,771][run_task2&3_trainer_multilingual.py][line:1284][INFO] Epoch:[1/1]	 Batch:[630/800.0]	 Loss Sum:50.3596	forward Loss:12.6574;9.8259	 backward Loss:20.8927;4.526	 Sentiment Loss:2.2389	Valence Loss:0.8623	 Arousal Loss:0.2306	
[2025-11-19 16:46:57,974][run_task2&3_trainer_multilingual.py][line:1284][INFO] Epoch:[1/1]	 Batch:[640/800.0]	 Loss Sum:40.6313	forward Loss:4.5957;11.5983	 backward Loss:9.6123;6.1686	 Sentiment Loss:8.5708	Valence Loss:0.0857	 Arousal Loss:0.3421	
[2025-11-19 16:47:01,167][run_task2&3_trainer_multilingual.py][line:1284][INFO] Epoch:[1/1]	 Batch:[650/800.0]	 Loss Sum:16.3681	forward Loss:2.1283;2.6827	 backward Loss:6.7271;2.1888	 Sentiment Loss:2.5404	Valence Loss:0.3501	 Arousal Loss:0.1543	
[2025-11-19 16:47:04,365][run_task2&3_trainer_multilingual.py][line:1284][INFO] Epoch:[1/1]	 Batch:[660/800.0]	 Loss Sum:14.5355	forward Loss:2.9121;2.5349	 backward Loss:3.8816;2.1176	 Sentiment Loss:2.5787	Valence Loss:2.3604	 Arousal Loss:0.1925	
[2025-11-19 16:47:07,562][run_task2&3_trainer_multilingual.py][line:1284][INFO] Epoch:[1/1]	 Batch:[670/800.0]	 Loss Sum:29.5908	forward Loss:4.4402;4.1136	 backward Loss:13.6416;4.5563	 Sentiment Loss:2.1242	Valence Loss:2.2041	 Arousal Loss:1.371	
[2025-11-19 16:47:10,765][run_task2&3_trainer_multilingual.py][line:1284][INFO] Epoch:[1/1]	 Batch:[680/800.0]	 Loss Sum:24.8627	forward Loss:8.1902;4.4376	 backward Loss:4.2576;5.7118	 Sentiment Loss:1.7902	Valence Loss:0.2507	 Arousal Loss:2.1262	
[2025-11-19 16:47:13,966][run_task2&3_trainer_multilingual.py][line:1284][INFO] Epoch:[1/1]	 Batch:[690/800.0]	 Loss Sum:12.6632	forward Loss:1.6343;3.4376	 backward Loss:4.1212;1.2613	 Sentiment Loss:2.1191	Valence Loss:0.128	 Arousal Loss:0.3204	
[2025-11-19 16:47:17,163][run_task2&3_trainer_multilingual.py][line:1284][INFO] Epoch:[1/1]	 Batch:[700/800.0]	 Loss Sum:24.5074	forward Loss:6.5435;2.2558	 backward Loss:2.9236;7.0651	 Sentiment Loss:5.3327	Valence Loss:0.9374	 Arousal Loss:0.9956	
[2025-11-19 16:47:20,360][run_task2&3_trainer_multilingual.py][line:1284][INFO] Epoch:[1/1]	 Batch:[710/800.0]	 Loss Sum:13.7811	forward Loss:2.1582;1.7075	 backward Loss:2.0227;6.0469	 Sentiment Loss:1.5987	Valence Loss:1.0064	 Arousal Loss:0.2299	
[2025-11-19 16:47:23,560][run_task2&3_trainer_multilingual.py][line:1284][INFO] Epoch:[1/1]	 Batch:[720/800.0]	 Loss Sum:23.8995	forward Loss:2.4983;9.3996	 backward Loss:5.7182;2.4861	 Sentiment Loss:2.3108	Valence Loss:3.4467	 Arousal Loss:3.9855	
[2025-11-19 16:47:26,758][run_task2&3_trainer_multilingual.py][line:1284][INFO] Epoch:[1/1]	 Batch:[730/800.0]	 Loss Sum:8.4386	forward Loss:1.2076;1.622	 backward Loss:2.1724;1.0815	 Sentiment Loss:2.2332	Valence Loss:0.09	 Arousal Loss:0.5187	
[2025-11-19 16:47:29,955][run_task2&3_trainer_multilingual.py][line:1284][INFO] Epoch:[1/1]	 Batch:[740/800.0]	 Loss Sum:27.8447	forward Loss:5.8318;4.7637	 backward Loss:10.9894;3.8478	 Sentiment Loss:2.2555	Valence Loss:0.7318	 Arousal Loss:0.0507	
[2025-11-19 16:47:33,162][run_task2&3_trainer_multilingual.py][line:1284][INFO] Epoch:[1/1]	 Batch:[750/800.0]	 Loss Sum:21.3154	forward Loss:4.1738;3.3257	 backward Loss:2.6889;8.2317	 Sentiment Loss:2.7188	Valence Loss:0.7636	 Arousal Loss:0.1192	
[2025-11-19 16:47:36,355][run_task2&3_trainer_multilingual.py][line:1284][INFO] Epoch:[1/1]	 Batch:[760/800.0]	 Loss Sum:43.1034	forward Loss:12.4076;6.1682	 backward Loss:12.9553;6.8865	 Sentiment Loss:4.0917	Valence Loss:2.3059	 Arousal Loss:0.6648	
[2025-11-19 16:47:39,556][run_task2&3_trainer_multilingual.py][line:1284][INFO] Epoch:[1/1]	 Batch:[770/800.0]	 Loss Sum:11.9556	forward Loss:2.6083;1.8482	 backward Loss:2.1985;1.9421	 Sentiment Loss:3.3406	Valence Loss:0.0692	 Arousal Loss:0.02	
[2025-11-19 16:47:42,753][run_task2&3_trainer_multilingual.py][line:1284][INFO] Epoch:[1/1]	 Batch:[780/800.0]	 Loss Sum:85.9483	forward Loss:30.9279;11.7626	 backward Loss:27.7238;11.7714	 Sentiment Loss:3.1508	Valence Loss:2.2406	 Arousal Loss:0.8182	
[2025-11-19 16:47:45,957][run_task2&3_trainer_multilingual.py][line:1284][INFO] Epoch:[1/1]	 Batch:[790/800.0]	 Loss Sum:10.7174	forward Loss:1.9023;2.8442	 backward Loss:1.9163;2.5371	 Sentiment Loss:1.4815	Valence Loss:0.0683	 Arousal Loss:0.1113	
[2025-11-19 16:47:49,151][run_task2&3_trainer_multilingual.py][line:1284][INFO] Epoch:[1/1]	 Batch:[800/800.0]	 Loss Sum:40.0884	forward Loss:9.6281;6.9856	 backward Loss:13.7946;4.5348	 Sentiment Loss:4.9659	Valence Loss:0.8088	 Arousal Loss:0.0879	
[2025-11-19 16:47:49,151][run_task2&3_trainer_multilingual.py][line:1296][INFO] dev
[2025-11-19 16:47:57,354][run_task2&3_trainer_multilingual.py][line:578][INFO] Triplet - Precision: 0.08119658084958727	Recall: 0.053521126609799644	F1: 0.06451564991808853
[2025-11-19 16:47:57,355][run_task2&3_trainer_multilingual.py][line:583][INFO] Aspect - Precision: 0.6403940855153001	Recall: 0.40498442241437876	F1: 0.4961827295689522
[2025-11-19 16:47:57,355][run_task2&3_trainer_multilingual.py][line:588][INFO] Opinion - Precision: 0.6306818145983988	Recall: 0.32743362735270315	F1: 0.4310675095791288
[2025-11-19 16:47:57,355][run_task2&3_trainer_multilingual.py][line:594][INFO] Aspect-Category - Precision: 0.1414634139440809	Recall: 0.08630952355265023	F1: 0.10720840138104198
[2025-11-19 16:47:57,355][run_task2&3_trainer_multilingual.py][line:602][INFO] Aspect-Opinion - Precision: 0.41452991275841916	Recall: 0.27323943585002974	F1: 0.3293713366220019
[2025-11-19 16:47:57,356][run_task2&3_trainer_multilingual.py][line:1302][INFO] Model saved after epoch 1
[2025-11-19 16:47:59,185][run_task2&3_trainer_multilingual.py][line:1313][INFO] loading model......
[2025-11-19 16:48:00,527][run_task2&3_trainer_multilingual.py][line:1316][INFO] inference......
